2025-07-30 13:04:07,127 - INFO - ------------------------------------Gradient Period 25-------------------------------------------
2025-07-30 13:04:07,127 - INFO - [Gradient Period 25 Run 1] Starting
2025-07-30 13:04:09,101 - INFO - Training on device: cuda
2025-07-30 13:04:09,278 - INFO - Epoch 01: Loss = 31.3228, Accuracy = 1.60%
2025-07-30 13:04:09,293 - INFO - Epoch 02: Loss = 31.2630, Accuracy = 1.60%
2025-07-30 13:04:09,307 - INFO - Epoch 03: Loss = 31.2065, Accuracy = 1.60%
2025-07-30 13:04:09,321 - INFO - Epoch 04: Loss = 31.1489, Accuracy = 2.00%
2025-07-30 13:04:09,334 - INFO - Epoch 05: Loss = 31.0976, Accuracy = 2.80%
2025-07-30 13:04:09,348 - INFO - Epoch 06: Loss = 31.0385, Accuracy = 4.40%
2025-07-30 13:04:09,362 - INFO - Epoch 07: Loss = 30.9797, Accuracy = 4.40%
2025-07-30 13:04:09,376 - INFO - Epoch 08: Loss = 30.9219, Accuracy = 5.20%
2025-07-30 13:04:09,389 - INFO - Epoch 09: Loss = 30.8640, Accuracy = 6.40%
2025-07-30 13:04:09,403 - INFO - Epoch 10: Loss = 30.8067, Accuracy = 8.00%
2025-07-30 13:04:09,417 - INFO - Epoch 11: Loss = 30.7402, Accuracy = 9.20%
2025-07-30 13:04:09,430 - INFO - Epoch 12: Loss = 30.6801, Accuracy = 10.40%
2025-07-30 13:04:09,444 - INFO - Epoch 13: Loss = 30.6157, Accuracy = 12.40%
2025-07-30 13:04:09,458 - INFO - Epoch 14: Loss = 30.5302, Accuracy = 13.20%
2025-07-30 13:04:09,471 - INFO - Epoch 15: Loss = 30.4589, Accuracy = 13.60%
2025-07-30 13:04:09,485 - INFO - Epoch 16: Loss = 30.3835, Accuracy = 14.00%
2025-07-30 13:04:09,499 - INFO - Epoch 17: Loss = 30.2976, Accuracy = 14.40%
2025-07-30 13:04:09,513 - INFO - Epoch 18: Loss = 30.2196, Accuracy = 14.00%
2025-07-30 13:04:09,526 - INFO - Epoch 19: Loss = 30.1308, Accuracy = 14.80%
2025-07-30 13:04:09,540 - INFO - Epoch 20: Loss = 30.0345, Accuracy = 14.40%
2025-07-30 13:04:09,554 - INFO - Epoch 21: Loss = 29.9216, Accuracy = 14.40%
2025-07-30 13:04:09,567 - INFO - Epoch 22: Loss = 29.8098, Accuracy = 14.40%
2025-07-30 13:04:09,581 - INFO - Epoch 23: Loss = 29.6874, Accuracy = 14.40%
2025-07-30 13:04:09,595 - INFO - Epoch 24: Loss = 29.5511, Accuracy = 14.80%
2025-07-30 13:04:09,608 - INFO - Epoch 25: Loss = 29.4336, Accuracy = 14.40%
2025-07-30 13:04:09,622 - INFO - Epoch 26: Loss = 29.2711, Accuracy = 14.40%
2025-07-30 13:04:09,636 - INFO - Epoch 27: Loss = 29.0875, Accuracy = 14.00%
2025-07-30 13:04:09,649 - INFO - Epoch 28: Loss = 28.9130, Accuracy = 14.00%
2025-07-30 13:04:09,663 - INFO - Epoch 29: Loss = 28.7600, Accuracy = 14.00%
2025-07-30 13:04:09,677 - INFO - Epoch 30: Loss = 28.5709, Accuracy = 15.60%
2025-07-30 13:04:09,690 - INFO - Epoch 31: Loss = 28.3015, Accuracy = 15.60%
2025-07-30 13:04:09,704 - INFO - Epoch 32: Loss = 28.0982, Accuracy = 16.40%
2025-07-30 13:04:09,718 - INFO - Epoch 33: Loss = 27.8713, Accuracy = 17.20%
2025-07-30 13:04:09,731 - INFO - Epoch 34: Loss = 27.6414, Accuracy = 17.20%
2025-07-30 13:04:09,745 - INFO - Epoch 35: Loss = 27.4117, Accuracy = 18.00%
2025-07-30 13:04:09,759 - INFO - Epoch 36: Loss = 27.1590, Accuracy = 18.40%
2025-07-30 13:04:09,772 - INFO - Epoch 37: Loss = 26.9165, Accuracy = 18.40%
2025-07-30 13:04:09,786 - INFO - Epoch 38: Loss = 26.6724, Accuracy = 18.80%
2025-07-30 13:04:09,800 - INFO - Epoch 39: Loss = 26.4043, Accuracy = 19.20%
2025-07-30 13:04:09,813 - INFO - Epoch 40: Loss = 26.2051, Accuracy = 18.80%
2025-07-30 13:04:09,827 - INFO - Epoch 41: Loss = 25.9352, Accuracy = 19.20%
2025-07-30 13:04:09,841 - INFO - Epoch 42: Loss = 25.6006, Accuracy = 19.60%
2025-07-30 13:04:09,854 - INFO - Epoch 43: Loss = 25.3623, Accuracy = 19.60%
2025-07-30 13:04:09,868 - INFO - Epoch 44: Loss = 25.1140, Accuracy = 20.00%
2025-07-30 13:04:09,882 - INFO - Epoch 45: Loss = 24.8904, Accuracy = 21.60%
2025-07-30 13:04:09,895 - INFO - Epoch 46: Loss = 24.6348, Accuracy = 22.00%
2025-07-30 13:04:09,909 - INFO - Epoch 47: Loss = 24.4088, Accuracy = 22.40%
2025-07-30 13:04:09,922 - INFO - Epoch 48: Loss = 24.2322, Accuracy = 23.20%
2025-07-30 13:04:09,936 - INFO - Epoch 49: Loss = 24.0036, Accuracy = 23.60%
2025-07-30 13:04:09,950 - INFO - Epoch 50: Loss = 23.7695, Accuracy = 22.40%
2025-07-30 13:04:09,963 - INFO - Epoch 51: Loss = 23.6382, Accuracy = 23.60%
2025-07-30 13:04:09,977 - INFO - Epoch 52: Loss = 23.4696, Accuracy = 22.40%
2025-07-30 13:04:09,991 - INFO - Epoch 53: Loss = 23.2159, Accuracy = 22.40%
2025-07-30 13:04:10,004 - INFO - Epoch 54: Loss = 23.1089, Accuracy = 22.80%
2025-07-30 13:04:10,018 - INFO - Epoch 55: Loss = 22.9595, Accuracy = 22.40%
2025-07-30 13:04:10,032 - INFO - Epoch 56: Loss = 22.7256, Accuracy = 23.20%
2025-07-30 13:04:10,045 - INFO - Epoch 57: Loss = 22.5955, Accuracy = 23.20%
2025-07-30 13:04:10,059 - INFO - Epoch 58: Loss = 22.4203, Accuracy = 22.80%
2025-07-30 13:04:10,073 - INFO - Epoch 59: Loss = 22.2312, Accuracy = 24.40%
2025-07-30 13:04:10,086 - INFO - Epoch 60: Loss = 22.1158, Accuracy = 24.40%
2025-07-30 13:04:10,100 - INFO - Epoch 61: Loss = 21.8950, Accuracy = 24.80%
2025-07-30 13:04:10,114 - INFO - Epoch 62: Loss = 21.7867, Accuracy = 26.40%
2025-07-30 13:04:10,127 - INFO - Epoch 63: Loss = 21.6128, Accuracy = 26.40%
2025-07-30 13:04:10,141 - INFO - Epoch 64: Loss = 21.4848, Accuracy = 26.00%
2025-07-30 13:04:10,155 - INFO - Epoch 65: Loss = 21.3196, Accuracy = 27.20%
2025-07-30 13:04:10,168 - INFO - Epoch 66: Loss = 21.1377, Accuracy = 28.40%
2025-07-30 13:04:10,182 - INFO - Epoch 67: Loss = 20.9896, Accuracy = 29.20%
2025-07-30 13:04:10,196 - INFO - Epoch 68: Loss = 20.8845, Accuracy = 29.20%
2025-07-30 13:04:10,209 - INFO - Epoch 69: Loss = 20.8108, Accuracy = 28.80%
2025-07-30 13:04:10,223 - INFO - Epoch 70: Loss = 20.6968, Accuracy = 29.20%
2025-07-30 13:04:10,237 - INFO - Epoch 71: Loss = 20.5390, Accuracy = 30.00%
2025-07-30 13:04:10,250 - INFO - Epoch 72: Loss = 20.3594, Accuracy = 31.20%
2025-07-30 13:04:10,264 - INFO - Epoch 73: Loss = 20.2838, Accuracy = 31.20%
2025-07-30 13:04:10,277 - INFO - Epoch 74: Loss = 20.1655, Accuracy = 32.40%
2025-07-30 13:04:10,291 - INFO - Epoch 75: Loss = 20.0010, Accuracy = 32.40%
2025-07-30 13:04:10,305 - INFO - Epoch 76: Loss = 19.8731, Accuracy = 34.00%
2025-07-30 13:04:10,318 - INFO - Epoch 77: Loss = 19.7702, Accuracy = 35.20%
2025-07-30 13:04:10,332 - INFO - Epoch 78: Loss = 19.6734, Accuracy = 34.00%
2025-07-30 13:04:10,346 - INFO - Epoch 79: Loss = 19.5218, Accuracy = 35.60%
2025-07-30 13:04:10,359 - INFO - Epoch 80: Loss = 19.4081, Accuracy = 35.60%
2025-07-30 13:04:10,373 - INFO - Epoch 81: Loss = 19.2674, Accuracy = 37.60%
2025-07-30 13:04:10,387 - INFO - Epoch 82: Loss = 19.2199, Accuracy = 36.80%
2025-07-30 13:04:10,400 - INFO - Epoch 83: Loss = 19.1200, Accuracy = 38.80%
2025-07-30 13:04:10,414 - INFO - Epoch 84: Loss = 18.9944, Accuracy = 39.20%
2025-07-30 13:04:10,428 - INFO - Epoch 85: Loss = 18.9132, Accuracy = 39.20%
2025-07-30 13:04:10,441 - INFO - Epoch 86: Loss = 18.8484, Accuracy = 40.40%
2025-07-30 13:04:10,455 - INFO - Epoch 87: Loss = 18.7188, Accuracy = 41.20%
2025-07-30 13:04:10,469 - INFO - Epoch 88: Loss = 18.5888, Accuracy = 41.60%
2025-07-30 13:04:10,482 - INFO - Epoch 89: Loss = 18.4924, Accuracy = 41.60%
2025-07-30 13:04:10,496 - INFO - Epoch 90: Loss = 18.3926, Accuracy = 41.60%
2025-07-30 13:04:10,510 - INFO - Epoch 91: Loss = 18.2977, Accuracy = 41.60%
2025-07-30 13:04:10,523 - INFO - Epoch 92: Loss = 18.2566, Accuracy = 42.00%
2025-07-30 13:04:10,537 - INFO - Epoch 93: Loss = 18.2133, Accuracy = 42.80%
2025-07-30 13:04:10,550 - INFO - Epoch 94: Loss = 18.1074, Accuracy = 42.00%
2025-07-30 13:04:10,564 - INFO - Epoch 95: Loss = 18.0229, Accuracy = 41.60%
2025-07-30 13:04:10,578 - INFO - Epoch 96: Loss = 17.9012, Accuracy = 42.80%
2025-07-30 13:04:10,591 - INFO - Epoch 97: Loss = 17.7988, Accuracy = 42.40%
2025-07-30 13:04:10,605 - INFO - Epoch 98: Loss = 17.7155, Accuracy = 43.20%
2025-07-30 13:04:10,619 - INFO - Epoch 99: Loss = 17.6474, Accuracy = 43.60%
2025-07-30 13:04:10,632 - INFO - Epoch 100: Loss = 17.5448, Accuracy = 44.00%
2025-07-30 13:04:10,646 - INFO - Epoch 101: Loss = 17.3968, Accuracy = 45.20%
2025-07-30 13:04:10,660 - INFO - Epoch 102: Loss = 17.3651, Accuracy = 45.60%
2025-07-30 13:04:10,673 - INFO - Epoch 103: Loss = 17.2029, Accuracy = 46.00%
2025-07-30 13:04:10,687 - INFO - Epoch 104: Loss = 17.1552, Accuracy = 45.20%
2025-07-30 13:04:10,701 - INFO - Epoch 105: Loss = 17.0318, Accuracy = 46.80%
2025-07-30 13:04:10,714 - INFO - Epoch 106: Loss = 16.9539, Accuracy = 46.80%
2025-07-30 13:04:10,728 - INFO - Epoch 107: Loss = 16.8688, Accuracy = 46.80%
2025-07-30 13:04:10,741 - INFO - Epoch 108: Loss = 16.8440, Accuracy = 46.80%
2025-07-30 13:04:10,755 - INFO - Epoch 109: Loss = 16.6959, Accuracy = 47.60%
2025-07-30 13:04:10,769 - INFO - Epoch 110: Loss = 16.6616, Accuracy = 48.00%
2025-07-30 13:04:10,783 - INFO - Epoch 111: Loss = 16.5730, Accuracy = 48.40%
2025-07-30 13:04:10,796 - INFO - Epoch 112: Loss = 16.4937, Accuracy = 48.00%
2025-07-30 13:04:10,810 - INFO - Epoch 113: Loss = 16.3964, Accuracy = 47.20%
2025-07-30 13:04:10,823 - INFO - Epoch 114: Loss = 16.2832, Accuracy = 49.60%
2025-07-30 13:04:10,837 - INFO - Epoch 115: Loss = 16.2679, Accuracy = 50.00%
2025-07-30 13:04:10,851 - INFO - Epoch 116: Loss = 16.1743, Accuracy = 50.40%
2025-07-30 13:04:10,864 - INFO - Epoch 117: Loss = 16.1185, Accuracy = 50.00%
2025-07-30 13:04:10,878 - INFO - Epoch 118: Loss = 15.9890, Accuracy = 50.40%
2025-07-30 13:04:10,892 - INFO - Epoch 119: Loss = 15.9286, Accuracy = 51.60%
2025-07-30 13:04:10,905 - INFO - Epoch 120: Loss = 15.8689, Accuracy = 50.80%
2025-07-30 13:04:10,919 - INFO - Epoch 121: Loss = 15.7653, Accuracy = 51.20%
2025-07-30 13:04:10,932 - INFO - Epoch 122: Loss = 15.7119, Accuracy = 51.20%
2025-07-30 13:04:10,946 - INFO - Epoch 123: Loss = 15.6981, Accuracy = 50.80%
2025-07-30 13:04:10,960 - INFO - Epoch 124: Loss = 15.5809, Accuracy = 52.80%
2025-07-30 13:04:10,973 - INFO - Epoch 125: Loss = 15.4620, Accuracy = 53.20%
2025-07-30 13:04:10,987 - INFO - Epoch 126: Loss = 15.4183, Accuracy = 53.20%
2025-07-30 13:04:11,000 - INFO - Epoch 127: Loss = 15.3211, Accuracy = 53.20%
2025-07-30 13:04:11,014 - INFO - Epoch 128: Loss = 15.3011, Accuracy = 54.00%
2025-07-30 13:04:11,028 - INFO - Epoch 129: Loss = 15.2263, Accuracy = 55.60%
2025-07-30 13:04:11,041 - INFO - Epoch 130: Loss = 15.1594, Accuracy = 55.20%
2025-07-30 13:04:11,055 - INFO - Epoch 131: Loss = 15.0826, Accuracy = 56.00%
2025-07-30 13:04:11,069 - INFO - Epoch 132: Loss = 14.9887, Accuracy = 56.40%
2025-07-30 13:04:11,082 - INFO - Epoch 133: Loss = 14.9328, Accuracy = 56.00%
2025-07-30 13:04:11,096 - INFO - Epoch 134: Loss = 14.8174, Accuracy = 57.60%
2025-07-30 13:04:11,109 - INFO - Epoch 135: Loss = 14.7729, Accuracy = 58.00%
2025-07-30 13:04:11,123 - INFO - Epoch 136: Loss = 14.6618, Accuracy = 57.60%
2025-07-30 13:04:11,137 - INFO - Epoch 137: Loss = 14.6605, Accuracy = 57.20%
2025-07-30 13:04:11,150 - INFO - Epoch 138: Loss = 14.5134, Accuracy = 59.60%
2025-07-30 13:04:11,164 - INFO - Epoch 139: Loss = 14.4456, Accuracy = 59.60%
2025-07-30 13:04:11,178 - INFO - Epoch 140: Loss = 14.4142, Accuracy = 60.00%
2025-07-30 13:04:11,191 - INFO - Epoch 141: Loss = 14.3420, Accuracy = 59.60%
2025-07-30 13:04:11,205 - INFO - Epoch 142: Loss = 14.2944, Accuracy = 60.00%
2025-07-30 13:04:11,218 - INFO - Epoch 143: Loss = 14.1891, Accuracy = 61.20%
2025-07-30 13:04:11,232 - INFO - Epoch 144: Loss = 14.0957, Accuracy = 61.60%
2025-07-30 13:04:11,246 - INFO - Epoch 145: Loss = 14.0632, Accuracy = 60.40%
2025-07-30 13:04:11,259 - INFO - Epoch 146: Loss = 13.9678, Accuracy = 61.20%
2025-07-30 13:04:11,273 - INFO - Epoch 147: Loss = 13.9171, Accuracy = 61.20%
2025-07-30 13:04:11,287 - INFO - Epoch 148: Loss = 13.8154, Accuracy = 62.80%
2025-07-30 13:04:11,300 - INFO - Epoch 149: Loss = 13.7435, Accuracy = 62.40%
2025-07-30 13:04:11,314 - INFO - Epoch 150: Loss = 13.6848, Accuracy = 62.00%
2025-07-30 13:04:11,328 - INFO - Epoch 151: Loss = 13.6235, Accuracy = 62.80%
2025-07-30 13:04:11,341 - INFO - Epoch 152: Loss = 13.5528, Accuracy = 62.80%
2025-07-30 13:04:11,355 - INFO - Epoch 153: Loss = 13.4499, Accuracy = 64.00%
2025-07-30 13:04:11,368 - INFO - Epoch 154: Loss = 13.4904, Accuracy = 64.40%
2025-07-30 13:04:11,382 - INFO - Epoch 155: Loss = 13.3827, Accuracy = 64.00%
2025-07-30 13:04:11,396 - INFO - Epoch 156: Loss = 13.3139, Accuracy = 64.40%
2025-07-30 13:04:11,409 - INFO - Epoch 157: Loss = 13.2214, Accuracy = 65.20%
2025-07-30 13:04:11,423 - INFO - Epoch 158: Loss = 13.1655, Accuracy = 65.60%
2025-07-30 13:04:11,436 - INFO - Epoch 159: Loss = 13.0904, Accuracy = 64.80%
2025-07-30 13:04:11,450 - INFO - Epoch 160: Loss = 13.0444, Accuracy = 65.20%
2025-07-30 13:04:11,464 - INFO - Epoch 161: Loss = 12.9706, Accuracy = 66.40%
2025-07-30 13:04:11,477 - INFO - Epoch 162: Loss = 12.9327, Accuracy = 65.20%
2025-07-30 13:04:11,491 - INFO - Epoch 163: Loss = 12.8474, Accuracy = 65.60%
2025-07-30 13:04:11,505 - INFO - Epoch 164: Loss = 12.8167, Accuracy = 65.60%
2025-07-30 13:04:11,518 - INFO - Epoch 165: Loss = 12.7671, Accuracy = 66.00%
2025-07-30 13:04:11,532 - INFO - Epoch 166: Loss = 12.6712, Accuracy = 67.20%
2025-07-30 13:04:11,545 - INFO - Epoch 167: Loss = 12.6106, Accuracy = 67.20%
2025-07-30 13:04:11,559 - INFO - Epoch 168: Loss = 12.5952, Accuracy = 64.80%
2025-07-30 13:04:11,573 - INFO - Epoch 169: Loss = 12.5566, Accuracy = 66.00%
2025-07-30 13:04:11,586 - INFO - Epoch 170: Loss = 12.5015, Accuracy = 66.80%
2025-07-30 13:04:11,600 - INFO - Epoch 171: Loss = 12.4078, Accuracy = 67.60%
2025-07-30 13:04:11,614 - INFO - Epoch 172: Loss = 12.3245, Accuracy = 68.00%
2025-07-30 13:04:11,627 - INFO - Epoch 173: Loss = 12.2589, Accuracy = 68.80%
2025-07-30 13:04:11,641 - INFO - Epoch 174: Loss = 12.2429, Accuracy = 67.60%
2025-07-30 13:04:11,654 - INFO - Epoch 175: Loss = 12.2237, Accuracy = 68.40%
2025-07-30 13:04:11,668 - INFO - Epoch 176: Loss = 12.0819, Accuracy = 68.40%
2025-07-30 13:04:11,682 - INFO - Epoch 177: Loss = 12.0358, Accuracy = 67.60%
2025-07-30 13:04:11,695 - INFO - Epoch 178: Loss = 12.0404, Accuracy = 67.20%
2025-07-30 13:04:11,709 - INFO - Epoch 179: Loss = 11.9992, Accuracy = 69.20%
2025-07-30 13:04:11,723 - INFO - Epoch 180: Loss = 11.9321, Accuracy = 67.60%
2025-07-30 13:04:11,736 - INFO - Epoch 181: Loss = 11.8754, Accuracy = 68.80%
2025-07-30 13:04:11,750 - INFO - Epoch 182: Loss = 11.8413, Accuracy = 68.80%
2025-07-30 13:04:11,764 - INFO - Epoch 183: Loss = 11.7278, Accuracy = 69.60%
2025-07-30 13:04:11,777 - INFO - Epoch 184: Loss = 11.7430, Accuracy = 68.80%
2025-07-30 13:04:11,791 - INFO - Epoch 185: Loss = 11.6579, Accuracy = 70.40%
2025-07-30 13:04:11,804 - INFO - Epoch 186: Loss = 11.5774, Accuracy = 71.20%
2025-07-30 13:04:11,818 - INFO - Epoch 187: Loss = 11.5213, Accuracy = 70.40%
2025-07-30 13:04:11,832 - INFO - Epoch 188: Loss = 11.4403, Accuracy = 70.40%
2025-07-30 13:04:11,847 - INFO - Epoch 189: Loss = 11.4083, Accuracy = 71.60%
2025-07-30 13:04:11,861 - INFO - Epoch 190: Loss = 11.3501, Accuracy = 72.00%
2025-07-30 13:04:11,875 - INFO - Epoch 191: Loss = 11.3362, Accuracy = 71.20%
2025-07-30 13:04:11,888 - INFO - Epoch 192: Loss = 11.2821, Accuracy = 73.20%
2025-07-30 13:04:11,902 - INFO - Epoch 193: Loss = 11.2339, Accuracy = 74.00%
2025-07-30 13:04:11,916 - INFO - Epoch 194: Loss = 11.1413, Accuracy = 74.00%
2025-07-30 13:04:11,929 - INFO - Epoch 195: Loss = 11.1361, Accuracy = 74.00%
2025-07-30 13:04:11,943 - INFO - Epoch 196: Loss = 11.0521, Accuracy = 73.60%
2025-07-30 13:04:11,957 - INFO - Epoch 197: Loss = 10.9472, Accuracy = 74.80%
2025-07-30 13:04:11,970 - INFO - Epoch 198: Loss = 10.9215, Accuracy = 75.20%
2025-07-30 13:04:11,984 - INFO - Epoch 199: Loss = 10.8076, Accuracy = 75.20%
2025-07-30 13:04:11,997 - INFO - Epoch 200: Loss = 10.7737, Accuracy = 74.40%
2025-07-30 13:04:12,011 - INFO - Epoch 201: Loss = 10.7286, Accuracy = 74.40%
2025-07-30 13:04:12,025 - INFO - Epoch 202: Loss = 10.7042, Accuracy = 74.80%
2025-07-30 13:04:12,038 - INFO - Epoch 203: Loss = 10.6463, Accuracy = 75.20%
2025-07-30 13:04:12,052 - INFO - Epoch 204: Loss = 10.6033, Accuracy = 76.00%
2025-07-30 13:04:12,066 - INFO - Epoch 205: Loss = 10.5688, Accuracy = 75.20%
2025-07-30 13:04:12,079 - INFO - Epoch 206: Loss = 10.5018, Accuracy = 74.80%
2025-07-30 13:04:12,093 - INFO - Epoch 207: Loss = 10.4675, Accuracy = 74.80%
2025-07-30 13:04:12,106 - INFO - Epoch 208: Loss = 10.4106, Accuracy = 75.20%
2025-07-30 13:04:12,120 - INFO - Epoch 209: Loss = 10.3642, Accuracy = 75.60%
2025-07-30 13:04:12,134 - INFO - Epoch 210: Loss = 10.3767, Accuracy = 75.60%
2025-07-30 13:04:12,147 - INFO - Epoch 211: Loss = 10.2393, Accuracy = 75.60%
2025-07-30 13:04:12,161 - INFO - Epoch 212: Loss = 10.1982, Accuracy = 76.40%
2025-07-30 13:04:12,174 - INFO - Epoch 213: Loss = 10.1862, Accuracy = 75.60%
2025-07-30 13:04:12,188 - INFO - Epoch 214: Loss = 10.1350, Accuracy = 74.80%
2025-07-30 13:04:12,202 - INFO - Epoch 215: Loss = 10.0159, Accuracy = 74.80%
2025-07-30 13:04:12,215 - INFO - Epoch 216: Loss = 10.0237, Accuracy = 74.40%
2025-07-30 13:04:12,229 - INFO - Epoch 217: Loss = 9.9530, Accuracy = 75.60%
2025-07-30 13:04:12,242 - INFO - Epoch 218: Loss = 9.9623, Accuracy = 76.80%
2025-07-30 13:04:12,256 - INFO - Epoch 219: Loss = 9.8458, Accuracy = 78.40%
2025-07-30 13:04:12,270 - INFO - Epoch 220: Loss = 9.7902, Accuracy = 77.60%
2025-07-30 13:04:12,283 - INFO - Epoch 221: Loss = 9.7821, Accuracy = 77.60%
2025-07-30 13:04:12,297 - INFO - Epoch 222: Loss = 9.7027, Accuracy = 78.00%
2025-07-30 13:04:12,310 - INFO - Epoch 223: Loss = 9.6512, Accuracy = 78.00%
2025-07-30 13:04:12,324 - INFO - Epoch 224: Loss = 9.6280, Accuracy = 76.80%
2025-07-30 13:04:12,338 - INFO - Epoch 225: Loss = 9.5398, Accuracy = 78.00%
2025-07-30 13:04:12,351 - INFO - Epoch 226: Loss = 9.5389, Accuracy = 78.00%
2025-07-30 13:04:12,365 - INFO - Epoch 227: Loss = 9.4973, Accuracy = 78.40%
2025-07-30 13:04:12,379 - INFO - Epoch 228: Loss = 9.4460, Accuracy = 78.40%
2025-07-30 13:04:12,392 - INFO - Epoch 229: Loss = 9.4053, Accuracy = 77.20%
2025-07-30 13:04:12,406 - INFO - Epoch 230: Loss = 9.3510, Accuracy = 77.20%
2025-07-30 13:04:12,419 - INFO - Epoch 231: Loss = 9.3031, Accuracy = 78.00%
2025-07-30 13:04:12,433 - INFO - Epoch 232: Loss = 9.2643, Accuracy = 79.20%
2025-07-30 13:04:12,447 - INFO - Epoch 233: Loss = 9.1787, Accuracy = 80.40%
2025-07-30 13:04:12,460 - INFO - Epoch 234: Loss = 9.1319, Accuracy = 80.00%
2025-07-30 13:04:12,474 - INFO - Epoch 235: Loss = 9.1134, Accuracy = 80.80%
2025-07-30 13:04:12,493 - INFO - Epoch 236: Loss = 9.0383, Accuracy = 80.00%
2025-07-30 13:04:12,507 - INFO - Epoch 237: Loss = 9.0000, Accuracy = 80.00%
2025-07-30 13:04:12,521 - INFO - Epoch 238: Loss = 8.9538, Accuracy = 79.60%
2025-07-30 13:04:12,535 - INFO - Epoch 239: Loss = 8.9983, Accuracy = 79.60%
2025-07-30 13:04:12,548 - INFO - Epoch 240: Loss = 8.8667, Accuracy = 80.80%
2025-07-30 13:04:12,562 - INFO - Epoch 241: Loss = 8.8345, Accuracy = 80.40%
2025-07-30 13:04:12,576 - INFO - Epoch 242: Loss = 8.8832, Accuracy = 80.80%
2025-07-30 13:04:12,590 - INFO - Epoch 243: Loss = 8.8381, Accuracy = 80.80%
2025-07-30 13:04:12,604 - INFO - Epoch 244: Loss = 8.7547, Accuracy = 80.80%
2025-07-30 13:04:12,618 - INFO - Epoch 245: Loss = 8.6795, Accuracy = 81.60%
2025-07-30 13:04:12,632 - INFO - Epoch 246: Loss = 8.6352, Accuracy = 81.20%
2025-07-30 13:04:12,646 - INFO - Epoch 247: Loss = 8.5800, Accuracy = 82.00%
2025-07-30 13:04:12,660 - INFO - Epoch 248: Loss = 8.5213, Accuracy = 82.00%
2025-07-30 13:04:12,674 - INFO - Epoch 249: Loss = 8.5078, Accuracy = 81.20%
2025-07-30 13:04:12,687 - INFO - Epoch 250: Loss = 8.4467, Accuracy = 82.40%
2025-07-30 13:04:12,701 - INFO - Epoch 251: Loss = 8.4359, Accuracy = 82.00%
2025-07-30 13:04:12,715 - INFO - Epoch 252: Loss = 8.3771, Accuracy = 81.60%
2025-07-30 13:04:12,729 - INFO - Epoch 253: Loss = 8.2994, Accuracy = 82.00%
2025-07-30 13:04:12,743 - INFO - Epoch 254: Loss = 8.3245, Accuracy = 81.60%
2025-07-30 13:04:12,757 - INFO - Epoch 255: Loss = 8.2447, Accuracy = 82.00%
2025-07-30 13:04:12,770 - INFO - Epoch 256: Loss = 8.1719, Accuracy = 82.40%
2025-07-30 13:04:12,772 - INFO - [Gradient Period 25 Run 1] Training time: 5.64s
2025-07-30 13:04:13,230 - INFO - ✅ Regular Evaluation Accuracy: 32.00%
2025-07-30 13:04:13,258 - INFO - ✅ Regular Evaluation Top-5 Accuracy: 74.00%
2025-07-30 13:04:13,260 - INFO - Online testing for spice
2025-07-30 13:04:13,266 - INFO - ✅ Regular Evaluation Accuracy: 7.69%
2025-07-30 13:04:13,270 - INFO - ✅ Regular Evaluation Top-5 Accuracy: 61.54%
2025-07-30 13:04:13,665 - INFO - Online testing for nuts
2025-07-30 13:04:13,669 - INFO - ✅ Regular Evaluation Accuracy: 10.00%
2025-07-30 13:04:13,673 - INFO - ✅ Regular Evaluation Top-5 Accuracy: 20.00%
2025-07-30 13:04:13,673 - INFO - Nuts
2025-07-30 13:04:14,022 - INFO - ✅ Regular Evaluation Accuracy: 30.00%
2025-07-30 13:04:14,026 - INFO - ✅ Regular Evaluation Top-5 Accuracy: 60.00%
2025-07-30 13:04:14,026 - INFO - Spices
2025-07-30 13:04:14,374 - INFO - ✅ Regular Evaluation Accuracy: 30.00%
2025-07-30 13:04:14,377 - INFO - ✅ Regular Evaluation Top-5 Accuracy: 90.00%
2025-07-30 13:04:14,378 - INFO - Herbs
2025-07-30 13:04:14,727 - INFO - ✅ Regular Evaluation Accuracy: 30.00%
2025-07-30 13:04:14,731 - INFO - ✅ Regular Evaluation Top-5 Accuracy: 70.00%
2025-07-30 13:04:14,731 - INFO - Fruits
2025-07-30 13:04:15,077 - INFO - ✅ Regular Evaluation Accuracy: 40.00%
2025-07-30 13:04:15,081 - INFO - ✅ Regular Evaluation Top-5 Accuracy: 70.00%
2025-07-30 13:04:15,081 - INFO - Vegetables
2025-07-30 13:04:15,423 - INFO - ✅ Regular Evaluation Accuracy: 30.00%
2025-07-30 13:04:15,426 - INFO - ✅ Regular Evaluation Top-5 Accuracy: 80.00%
