2025-07-30 16:57:39,211 - INFO - ------------------------------------Gradient Period 25-------------------------------------------
2025-07-30 16:57:39,211 - INFO - [Gradient Period 25 Run 1] Starting
2025-07-30 16:57:39,832 - INFO - Training on device: cuda
2025-07-30 16:58:24,321 - INFO - [Gradient Period 25 Run 1] Training time: 45.11s
2025-07-30 16:58:24,910 - INFO - ------------------Test Statistics---------------------
2025-07-30 16:58:24,910 - INFO - Top-1 Accuracy: 60.50%
2025-07-30 16:58:24,910 - INFO - Top-5 Accuracy: 88.15%
2025-07-30 16:58:24,929 - INFO - Online testing for spice
2025-07-30 16:58:24,947 - INFO - ------------------Test Statistics---------------------
2025-07-30 16:58:24,947 - INFO - Top-1 Accuracy: 33.85%
2025-07-30 16:58:24,947 - INFO - Top-5 Accuracy: 62.31%
2025-07-30 16:58:25,371 - INFO - Online testing for nuts
2025-07-30 16:58:25,386 - INFO - ------------------Test Statistics---------------------
2025-07-30 16:58:25,386 - INFO - Top-1 Accuracy: 7.84%
2025-07-30 16:58:25,386 - INFO - Top-5 Accuracy: 32.35%
2025-07-30 16:58:25,386 - INFO - Nuts
2025-07-30 16:58:25,756 - INFO - ------------------Test Statistics---------------------
2025-07-30 16:58:25,756 - INFO - Top-1 Accuracy: 60.19%
2025-07-30 16:58:25,756 - INFO - Top-5 Accuracy: 90.29%
2025-07-30 16:58:25,756 - INFO - Spices
2025-07-30 16:58:26,119 - INFO - ------------------Test Statistics---------------------
2025-07-30 16:58:26,119 - INFO - Top-1 Accuracy: 64.21%
2025-07-30 16:58:26,119 - INFO - Top-5 Accuracy: 93.68%
2025-07-30 16:58:26,119 - INFO - Herbs
2025-07-30 16:58:26,489 - INFO - ------------------Test Statistics---------------------
2025-07-30 16:58:26,489 - INFO - Top-1 Accuracy: 51.55%
2025-07-30 16:58:26,489 - INFO - Top-5 Accuracy: 80.41%
2025-07-30 16:58:26,489 - INFO - Fruits
2025-07-30 16:58:26,850 - INFO - ------------------Test Statistics---------------------
2025-07-30 16:58:26,850 - INFO - Top-1 Accuracy: 71.28%
2025-07-30 16:58:26,850 - INFO - Top-5 Accuracy: 90.43%
2025-07-30 16:58:26,850 - INFO - Vegetables
2025-07-30 16:58:27,206 - INFO - ------------------Test Statistics---------------------
2025-07-30 16:58:27,206 - INFO - Top-1 Accuracy: 55.43%
2025-07-30 16:58:27,206 - INFO - Top-5 Accuracy: 85.87%
