2025-07-30 13:56:06,620 - INFO - ------------------------------------Gradient Period 25-------------------------------------------
2025-07-30 13:56:06,620 - INFO - [Gradient Period 25 Run 1] Starting
2025-07-30 13:56:09,016 - INFO - Training on device: cuda
2025-07-30 13:56:10,067 - INFO - Epoch 01: Loss = 614.7021, Accuracy = 6.07%
2025-07-30 13:56:10,835 - INFO - Epoch 02: Loss = 572.0047, Accuracy = 12.29%
2025-07-30 13:56:11,599 - INFO - Epoch 03: Loss = 534.9628, Accuracy = 17.78%
2025-07-30 13:56:12,367 - INFO - Epoch 04: Loss = 501.1332, Accuracy = 21.78%
2025-07-30 13:56:13,134 - INFO - Epoch 05: Loss = 467.5641, Accuracy = 26.35%
2025-07-30 13:56:13,901 - INFO - Epoch 06: Loss = 438.0862, Accuracy = 29.55%
2025-07-30 13:56:14,666 - INFO - Epoch 07: Loss = 410.6241, Accuracy = 33.63%
2025-07-30 13:56:15,432 - INFO - Epoch 08: Loss = 385.9003, Accuracy = 35.90%
2025-07-30 13:56:16,197 - INFO - Epoch 09: Loss = 361.4890, Accuracy = 39.77%
2025-07-30 13:56:16,963 - INFO - Epoch 10: Loss = 342.6350, Accuracy = 41.43%
2025-07-30 13:56:17,729 - INFO - Epoch 11: Loss = 324.8576, Accuracy = 44.53%
2025-07-30 13:56:18,495 - INFO - Epoch 12: Loss = 307.2405, Accuracy = 47.32%
2025-07-30 13:56:19,260 - INFO - Epoch 13: Loss = 291.8972, Accuracy = 48.83%
2025-07-30 13:56:20,025 - INFO - Epoch 14: Loss = 277.2513, Accuracy = 50.77%
2025-07-30 13:56:20,791 - INFO - Epoch 15: Loss = 265.3190, Accuracy = 52.83%
2025-07-30 13:56:21,556 - INFO - Epoch 16: Loss = 254.7869, Accuracy = 55.32%
2025-07-30 13:56:22,323 - INFO - Epoch 17: Loss = 242.8559, Accuracy = 55.89%
2025-07-30 13:56:23,088 - INFO - Epoch 18: Loss = 232.7663, Accuracy = 58.07%
2025-07-30 13:56:23,854 - INFO - Epoch 19: Loss = 224.1528, Accuracy = 59.28%
2025-07-30 13:56:24,618 - INFO - Epoch 20: Loss = 210.2659, Accuracy = 61.23%
2025-07-30 13:56:25,384 - INFO - Epoch 21: Loss = 204.4034, Accuracy = 62.11%
2025-07-30 13:56:26,149 - INFO - Epoch 22: Loss = 196.5601, Accuracy = 63.64%
2025-07-30 13:56:26,913 - INFO - Epoch 23: Loss = 190.8193, Accuracy = 63.87%
2025-07-30 13:56:27,680 - INFO - Epoch 24: Loss = 184.0072, Accuracy = 65.12%
2025-07-30 13:56:28,444 - INFO - Epoch 25: Loss = 174.1868, Accuracy = 67.24%
2025-07-30 13:56:29,209 - INFO - Epoch 26: Loss = 170.3684, Accuracy = 68.05%
2025-07-30 13:56:29,974 - INFO - Epoch 27: Loss = 163.2249, Accuracy = 68.61%
2025-07-30 13:56:30,738 - INFO - Epoch 28: Loss = 157.1139, Accuracy = 70.15%
2025-07-30 13:56:31,504 - INFO - Epoch 29: Loss = 153.5024, Accuracy = 69.88%
2025-07-30 13:56:32,269 - INFO - Epoch 30: Loss = 146.8205, Accuracy = 71.73%
2025-07-30 13:56:33,033 - INFO - Epoch 31: Loss = 143.0037, Accuracy = 72.67%
2025-07-30 13:56:33,799 - INFO - Epoch 32: Loss = 138.3669, Accuracy = 72.94%
2025-07-30 13:56:34,564 - INFO - Epoch 33: Loss = 132.1650, Accuracy = 74.40%
2025-07-30 13:56:35,330 - INFO - Epoch 34: Loss = 129.4023, Accuracy = 74.50%
2025-07-30 13:56:36,094 - INFO - Epoch 35: Loss = 124.8443, Accuracy = 75.85%
2025-07-30 13:56:36,859 - INFO - Epoch 36: Loss = 120.0414, Accuracy = 77.00%
2025-07-30 13:56:37,624 - INFO - Epoch 37: Loss = 117.3494, Accuracy = 76.89%
2025-07-30 13:56:38,388 - INFO - Epoch 38: Loss = 115.8333, Accuracy = 76.89%
2025-07-30 13:56:39,153 - INFO - Epoch 39: Loss = 110.3620, Accuracy = 78.79%
2025-07-30 13:56:39,918 - INFO - Epoch 40: Loss = 108.0203, Accuracy = 78.87%
2025-07-30 13:56:40,684 - INFO - Epoch 41: Loss = 104.0618, Accuracy = 80.22%
2025-07-30 13:56:41,449 - INFO - Epoch 42: Loss = 102.0240, Accuracy = 79.97%
2025-07-30 13:56:42,213 - INFO - Epoch 43: Loss = 95.4049, Accuracy = 81.05%
2025-07-30 13:56:42,979 - INFO - Epoch 44: Loss = 92.7824, Accuracy = 82.18%
2025-07-30 13:56:43,744 - INFO - Epoch 45: Loss = 94.7245, Accuracy = 81.12%
2025-07-30 13:56:44,508 - INFO - Epoch 46: Loss = 87.6683, Accuracy = 83.17%
2025-07-30 13:56:45,273 - INFO - Epoch 47: Loss = 84.9332, Accuracy = 83.80%
2025-07-30 13:56:46,037 - INFO - Epoch 48: Loss = 82.9078, Accuracy = 83.72%
2025-07-30 13:56:46,802 - INFO - Epoch 49: Loss = 83.8926, Accuracy = 83.67%
2025-07-30 13:56:47,567 - INFO - Epoch 50: Loss = 80.6193, Accuracy = 84.19%
2025-07-30 13:56:48,331 - INFO - Epoch 51: Loss = 76.0921, Accuracy = 85.54%
2025-07-30 13:56:49,097 - INFO - Epoch 52: Loss = 72.5216, Accuracy = 85.81%
2025-07-30 13:56:49,862 - INFO - Epoch 53: Loss = 73.2553, Accuracy = 85.46%
2025-07-30 13:56:50,626 - INFO - Epoch 54: Loss = 69.4091, Accuracy = 86.58%
2025-07-30 13:56:51,389 - INFO - Epoch 55: Loss = 69.9845, Accuracy = 86.40%
2025-07-30 13:56:52,153 - INFO - Epoch 56: Loss = 67.9231, Accuracy = 86.38%
2025-07-30 13:56:52,917 - INFO - Epoch 57: Loss = 64.0438, Accuracy = 87.42%
2025-07-30 13:56:53,682 - INFO - Epoch 58: Loss = 60.7892, Accuracy = 87.83%
2025-07-30 13:56:54,446 - INFO - Epoch 59: Loss = 61.5407, Accuracy = 88.14%
2025-07-30 13:56:55,210 - INFO - Epoch 60: Loss = 59.8763, Accuracy = 87.96%
2025-07-30 13:56:55,974 - INFO - Epoch 61: Loss = 57.0022, Accuracy = 89.10%
2025-07-30 13:56:56,740 - INFO - Epoch 62: Loss = 55.7046, Accuracy = 89.10%
2025-07-30 13:56:57,504 - INFO - Epoch 63: Loss = 55.8354, Accuracy = 89.02%
2025-07-30 13:56:58,269 - INFO - Epoch 64: Loss = 50.5929, Accuracy = 90.47%
2025-07-30 13:56:59,033 - INFO - Epoch 65: Loss = 52.7320, Accuracy = 89.58%
2025-07-30 13:56:59,797 - INFO - Epoch 66: Loss = 49.1210, Accuracy = 90.43%
2025-07-30 13:57:00,561 - INFO - Epoch 67: Loss = 49.2161, Accuracy = 90.62%
2025-07-30 13:57:01,327 - INFO - Epoch 68: Loss = 47.0456, Accuracy = 90.62%
2025-07-30 13:57:02,091 - INFO - Epoch 69: Loss = 46.6835, Accuracy = 90.83%
2025-07-30 13:57:02,855 - INFO - Epoch 70: Loss = 45.7349, Accuracy = 91.12%
2025-07-30 13:57:03,619 - INFO - Epoch 71: Loss = 42.8380, Accuracy = 91.58%
2025-07-30 13:57:04,384 - INFO - Epoch 72: Loss = 40.3324, Accuracy = 92.18%
2025-07-30 13:57:05,149 - INFO - Epoch 73: Loss = 40.7036, Accuracy = 91.74%
2025-07-30 13:57:05,912 - INFO - Epoch 74: Loss = 38.5060, Accuracy = 92.24%
2025-07-30 13:57:06,675 - INFO - Epoch 75: Loss = 37.7186, Accuracy = 92.60%
2025-07-30 13:57:07,439 - INFO - Epoch 76: Loss = 34.8399, Accuracy = 93.47%
2025-07-30 13:57:08,203 - INFO - Epoch 77: Loss = 36.5527, Accuracy = 92.95%
2025-07-30 13:57:08,966 - INFO - Epoch 78: Loss = 36.0928, Accuracy = 93.03%
2025-07-30 13:57:09,732 - INFO - Epoch 79: Loss = 32.0357, Accuracy = 93.86%
2025-07-30 13:57:10,496 - INFO - Epoch 80: Loss = 34.1104, Accuracy = 93.24%
2025-07-30 13:57:11,260 - INFO - Epoch 81: Loss = 33.1210, Accuracy = 93.57%
2025-07-30 13:57:12,024 - INFO - Epoch 82: Loss = 29.5197, Accuracy = 94.40%
2025-07-30 13:57:12,789 - INFO - Epoch 83: Loss = 29.5520, Accuracy = 94.24%
2025-07-30 13:57:13,553 - INFO - Epoch 84: Loss = 30.4681, Accuracy = 94.14%
2025-07-30 13:57:14,317 - INFO - Epoch 85: Loss = 27.6548, Accuracy = 94.49%
2025-07-30 13:57:15,082 - INFO - Epoch 86: Loss = 29.0884, Accuracy = 94.84%
2025-07-30 13:57:15,844 - INFO - Epoch 87: Loss = 25.3495, Accuracy = 95.28%
2025-07-30 13:57:16,607 - INFO - Epoch 88: Loss = 24.1308, Accuracy = 95.17%
2025-07-30 13:57:17,370 - INFO - Epoch 89: Loss = 25.0723, Accuracy = 94.92%
2025-07-30 13:57:18,132 - INFO - Epoch 90: Loss = 25.5613, Accuracy = 95.24%
2025-07-30 13:57:18,894 - INFO - Epoch 91: Loss = 25.1748, Accuracy = 95.13%
2025-07-30 13:57:19,656 - INFO - Epoch 92: Loss = 23.1441, Accuracy = 95.78%
2025-07-30 13:57:20,418 - INFO - Epoch 93: Loss = 23.6833, Accuracy = 95.61%
2025-07-30 13:57:21,181 - INFO - Epoch 94: Loss = 21.6969, Accuracy = 96.13%
2025-07-30 13:57:21,943 - INFO - Epoch 95: Loss = 22.4794, Accuracy = 95.69%
2025-07-30 13:57:22,707 - INFO - Epoch 96: Loss = 21.5894, Accuracy = 95.74%
2025-07-30 13:57:23,469 - INFO - Epoch 97: Loss = 19.7435, Accuracy = 95.99%
2025-07-30 13:57:24,232 - INFO - Epoch 98: Loss = 19.9781, Accuracy = 95.88%
2025-07-30 13:57:24,995 - INFO - Epoch 99: Loss = 20.7263, Accuracy = 95.96%
2025-07-30 13:57:25,757 - INFO - Epoch 100: Loss = 18.8211, Accuracy = 96.48%
2025-07-30 13:57:26,519 - INFO - Epoch 101: Loss = 18.0122, Accuracy = 96.38%
2025-07-30 13:57:27,281 - INFO - Epoch 102: Loss = 19.0715, Accuracy = 96.22%
2025-07-30 13:57:28,045 - INFO - Epoch 103: Loss = 19.2468, Accuracy = 96.32%
2025-07-30 13:57:28,808 - INFO - Epoch 104: Loss = 18.0097, Accuracy = 96.13%
2025-07-30 13:57:29,570 - INFO - Epoch 105: Loss = 17.0021, Accuracy = 96.51%
2025-07-30 13:57:30,332 - INFO - Epoch 106: Loss = 17.6151, Accuracy = 96.67%
2025-07-30 13:57:31,094 - INFO - Epoch 107: Loss = 14.2227, Accuracy = 97.53%
2025-07-30 13:57:31,856 - INFO - Epoch 108: Loss = 17.1263, Accuracy = 96.78%
2025-07-30 13:57:32,619 - INFO - Epoch 109: Loss = 16.2335, Accuracy = 96.69%
2025-07-30 13:57:33,382 - INFO - Epoch 110: Loss = 14.6880, Accuracy = 97.09%
2025-07-30 13:57:34,144 - INFO - Epoch 111: Loss = 15.4492, Accuracy = 97.38%
2025-07-30 13:57:34,906 - INFO - Epoch 112: Loss = 14.9366, Accuracy = 97.07%
2025-07-30 13:57:35,670 - INFO - Epoch 113: Loss = 15.2414, Accuracy = 97.11%
2025-07-30 13:57:36,431 - INFO - Epoch 114: Loss = 13.5332, Accuracy = 97.44%
2025-07-30 13:57:37,195 - INFO - Epoch 115: Loss = 14.7119, Accuracy = 97.21%
2025-07-30 13:57:37,957 - INFO - Epoch 116: Loss = 15.7947, Accuracy = 97.07%
2025-07-30 13:57:38,720 - INFO - Epoch 117: Loss = 14.5080, Accuracy = 97.19%
2025-07-30 13:57:39,482 - INFO - Epoch 118: Loss = 12.9869, Accuracy = 97.65%
2025-07-30 13:57:40,244 - INFO - Epoch 119: Loss = 13.0283, Accuracy = 97.63%
2025-07-30 13:57:41,005 - INFO - Epoch 120: Loss = 13.7673, Accuracy = 97.01%
2025-07-30 13:57:41,768 - INFO - Epoch 121: Loss = 10.8520, Accuracy = 97.77%
2025-07-30 13:57:42,530 - INFO - Epoch 122: Loss = 13.2674, Accuracy = 97.38%
2025-07-30 13:57:43,292 - INFO - Epoch 123: Loss = 15.1017, Accuracy = 97.27%
2025-07-30 13:57:44,054 - INFO - Epoch 124: Loss = 10.7532, Accuracy = 98.02%
2025-07-30 13:57:44,818 - INFO - Epoch 125: Loss = 11.7518, Accuracy = 97.67%
2025-07-30 13:57:45,583 - INFO - Epoch 126: Loss = 9.6708, Accuracy = 98.00%
2025-07-30 13:57:46,344 - INFO - Epoch 127: Loss = 13.1062, Accuracy = 97.65%
2025-07-30 13:57:47,104 - INFO - Epoch 128: Loss = 11.1801, Accuracy = 97.90%
2025-07-30 13:57:47,110 - INFO - [Gradient Period 25 Run 1] Training time: 100.49s
2025-07-30 13:57:47,879 - INFO - ✅ Regular Evaluation Accuracy: 59.90%
2025-07-30 13:57:48,088 - INFO - ✅ Regular Evaluation Top-5 Accuracy: 90.58%
2025-07-30 13:57:48,107 - INFO - Online testing for spice
2025-07-30 13:57:48,153 - INFO - ✅ Regular Evaluation Accuracy: 24.55%
2025-07-30 13:57:48,206 - INFO - ✅ Regular Evaluation Top-5 Accuracy: 65.70%
2025-07-30 13:57:48,604 - INFO - Online testing for nuts
2025-07-30 13:57:48,640 - INFO - ✅ Regular Evaluation Accuracy: 16.59%
2025-07-30 13:57:48,682 - INFO - ✅ Regular Evaluation Top-5 Accuracy: 37.79%
2025-07-30 13:57:48,682 - INFO - Nuts
2025-07-30 13:57:49,065 - INFO - ✅ Regular Evaluation Accuracy: 51.83%
2025-07-30 13:57:49,107 - INFO - ✅ Regular Evaluation Top-5 Accuracy: 84.86%
2025-07-30 13:57:49,107 - INFO - Spices
2025-07-30 13:57:49,495 - INFO - ✅ Regular Evaluation Accuracy: 59.11%
2025-07-30 13:57:49,535 - INFO - ✅ Regular Evaluation Top-5 Accuracy: 92.61%
2025-07-30 13:57:49,535 - INFO - Herbs
2025-07-30 13:57:49,919 - INFO - ✅ Regular Evaluation Accuracy: 62.93%
2025-07-30 13:57:49,959 - INFO - ✅ Regular Evaluation Top-5 Accuracy: 88.78%
2025-07-30 13:57:49,959 - INFO - Fruits
2025-07-30 13:57:50,338 - INFO - ✅ Regular Evaluation Accuracy: 65.35%
2025-07-30 13:57:50,377 - INFO - ✅ Regular Evaluation Top-5 Accuracy: 95.54%
2025-07-30 13:57:50,377 - INFO - Vegetables
2025-07-30 13:57:50,758 - INFO - ✅ Regular Evaluation Accuracy: 60.89%
2025-07-30 13:57:50,797 - INFO - ✅ Regular Evaluation Top-5 Accuracy: 91.58%
