2025-07-30 14:01:26,598 - INFO - ------------------------------------Gradient Period 25-------------------------------------------
2025-07-30 14:01:26,598 - INFO - [Gradient Period 25 Run 1] Starting
2025-07-30 14:01:28,905 - INFO - Training on device: cuda
2025-07-30 14:01:29,519 - INFO - Epoch 01: Loss = 290.9736, Accuracy = 4.30%
2025-07-30 14:01:29,959 - INFO - Epoch 02: Loss = 275.8638, Accuracy = 9.27%
2025-07-30 14:01:30,399 - INFO - Epoch 03: Loss = 266.8985, Accuracy = 13.87%
2025-07-30 14:01:30,839 - INFO - Epoch 04: Loss = 257.9160, Accuracy = 16.51%
2025-07-30 14:01:31,278 - INFO - Epoch 05: Loss = 250.7018, Accuracy = 19.00%
2025-07-30 14:01:31,718 - INFO - Epoch 06: Loss = 241.7272, Accuracy = 21.77%
2025-07-30 14:01:32,157 - INFO - Epoch 07: Loss = 233.8664, Accuracy = 23.43%
2025-07-30 14:01:32,595 - INFO - Epoch 08: Loss = 226.7534, Accuracy = 25.87%
2025-07-30 14:01:33,036 - INFO - Epoch 09: Loss = 219.6851, Accuracy = 28.15%
2025-07-30 14:01:33,477 - INFO - Epoch 10: Loss = 211.4018, Accuracy = 31.04%
2025-07-30 14:01:33,915 - INFO - Epoch 11: Loss = 203.3922, Accuracy = 32.70%
2025-07-30 14:01:34,354 - INFO - Epoch 12: Loss = 197.1919, Accuracy = 34.93%
2025-07-30 14:01:34,792 - INFO - Epoch 13: Loss = 189.6520, Accuracy = 37.42%
2025-07-30 14:01:35,231 - INFO - Epoch 14: Loss = 183.1380, Accuracy = 39.74%
2025-07-30 14:01:35,669 - INFO - Epoch 15: Loss = 177.7409, Accuracy = 38.20%
2025-07-30 14:01:36,108 - INFO - Epoch 16: Loss = 171.0125, Accuracy = 43.21%
2025-07-30 14:01:36,547 - INFO - Epoch 17: Loss = 166.4689, Accuracy = 43.34%
2025-07-30 14:01:36,985 - INFO - Epoch 18: Loss = 160.2227, Accuracy = 44.04%
2025-07-30 14:01:37,424 - INFO - Epoch 19: Loss = 153.9135, Accuracy = 46.77%
2025-07-30 14:01:37,862 - INFO - Epoch 20: Loss = 149.6818, Accuracy = 47.68%
2025-07-30 14:01:38,301 - INFO - Epoch 21: Loss = 144.9856, Accuracy = 48.92%
2025-07-30 14:01:38,740 - INFO - Epoch 22: Loss = 138.7833, Accuracy = 51.95%
2025-07-30 14:01:39,178 - INFO - Epoch 23: Loss = 135.3070, Accuracy = 52.24%
2025-07-30 14:01:39,616 - INFO - Epoch 24: Loss = 131.1504, Accuracy = 53.23%
2025-07-30 14:01:40,056 - INFO - Epoch 25: Loss = 127.0727, Accuracy = 54.26%
2025-07-30 14:01:40,494 - INFO - Epoch 26: Loss = 123.9877, Accuracy = 55.30%
2025-07-30 14:01:40,933 - INFO - Epoch 27: Loss = 120.8465, Accuracy = 56.75%
2025-07-30 14:01:41,372 - INFO - Epoch 28: Loss = 115.2052, Accuracy = 59.48%
2025-07-30 14:01:41,811 - INFO - Epoch 29: Loss = 110.0510, Accuracy = 60.47%
2025-07-30 14:01:42,250 - INFO - Epoch 30: Loss = 107.9168, Accuracy = 61.42%
2025-07-30 14:01:42,688 - INFO - Epoch 31: Loss = 104.0946, Accuracy = 63.53%
2025-07-30 14:01:43,127 - INFO - Epoch 32: Loss = 100.4697, Accuracy = 63.95%
2025-07-30 14:01:43,565 - INFO - Epoch 33: Loss = 98.8648, Accuracy = 64.61%
2025-07-30 14:01:44,003 - INFO - Epoch 34: Loss = 95.0292, Accuracy = 66.76%
2025-07-30 14:01:44,443 - INFO - Epoch 35: Loss = 91.7903, Accuracy = 66.02%
2025-07-30 14:01:44,881 - INFO - Epoch 36: Loss = 88.3122, Accuracy = 68.54%
2025-07-30 14:01:45,319 - INFO - Epoch 37: Loss = 85.0558, Accuracy = 68.96%
2025-07-30 14:01:45,757 - INFO - Epoch 38: Loss = 82.5014, Accuracy = 71.15%
2025-07-30 14:01:46,196 - INFO - Epoch 39: Loss = 80.4826, Accuracy = 71.15%
2025-07-30 14:01:46,635 - INFO - Epoch 40: Loss = 77.0777, Accuracy = 72.72%
2025-07-30 14:01:47,073 - INFO - Epoch 41: Loss = 73.9852, Accuracy = 73.26%
2025-07-30 14:01:47,511 - INFO - Epoch 42: Loss = 72.0796, Accuracy = 74.21%
2025-07-30 14:01:47,949 - INFO - Epoch 43: Loss = 70.2448, Accuracy = 74.50%
2025-07-30 14:01:48,388 - INFO - Epoch 44: Loss = 68.6523, Accuracy = 74.67%
2025-07-30 14:01:48,826 - INFO - Epoch 45: Loss = 66.2648, Accuracy = 75.41%
2025-07-30 14:01:49,265 - INFO - Epoch 46: Loss = 63.0432, Accuracy = 76.99%
2025-07-30 14:01:49,703 - INFO - Epoch 47: Loss = 62.4330, Accuracy = 77.77%
2025-07-30 14:01:50,142 - INFO - Epoch 48: Loss = 58.9397, Accuracy = 78.56%
2025-07-30 14:01:50,581 - INFO - Epoch 49: Loss = 55.2982, Accuracy = 80.63%
2025-07-30 14:01:51,019 - INFO - Epoch 50: Loss = 55.4465, Accuracy = 81.08%
2025-07-30 14:01:51,460 - INFO - Epoch 51: Loss = 55.1800, Accuracy = 79.55%
2025-07-30 14:01:51,897 - INFO - Epoch 52: Loss = 52.5673, Accuracy = 80.01%
2025-07-30 14:01:52,334 - INFO - Epoch 53: Loss = 51.0795, Accuracy = 80.96%
2025-07-30 14:01:52,773 - INFO - Epoch 54: Loss = 48.2273, Accuracy = 82.49%
2025-07-30 14:01:53,210 - INFO - Epoch 55: Loss = 47.1663, Accuracy = 82.78%
2025-07-30 14:01:53,647 - INFO - Epoch 56: Loss = 44.8246, Accuracy = 84.31%
2025-07-30 14:01:54,084 - INFO - Epoch 57: Loss = 43.4040, Accuracy = 84.98%
2025-07-30 14:01:54,522 - INFO - Epoch 58: Loss = 42.1091, Accuracy = 84.73%
2025-07-30 14:01:54,960 - INFO - Epoch 59: Loss = 41.1316, Accuracy = 84.98%
2025-07-30 14:01:55,397 - INFO - Epoch 60: Loss = 39.6621, Accuracy = 85.76%
2025-07-30 14:01:55,834 - INFO - Epoch 61: Loss = 38.7818, Accuracy = 86.34%
2025-07-30 14:01:56,271 - INFO - Epoch 62: Loss = 36.6423, Accuracy = 87.83%
2025-07-30 14:01:56,708 - INFO - Epoch 63: Loss = 35.7781, Accuracy = 87.67%
2025-07-30 14:01:57,145 - INFO - Epoch 64: Loss = 33.7819, Accuracy = 88.12%
2025-07-30 14:01:57,584 - INFO - Epoch 65: Loss = 35.2077, Accuracy = 86.75%
2025-07-30 14:01:58,021 - INFO - Epoch 66: Loss = 30.4413, Accuracy = 89.61%
2025-07-30 14:01:58,458 - INFO - Epoch 67: Loss = 31.0560, Accuracy = 88.33%
2025-07-30 14:01:58,896 - INFO - Epoch 68: Loss = 29.8498, Accuracy = 89.61%
2025-07-30 14:01:59,333 - INFO - Epoch 69: Loss = 28.5279, Accuracy = 90.19%
2025-07-30 14:01:59,770 - INFO - Epoch 70: Loss = 26.9541, Accuracy = 90.85%
2025-07-30 14:02:00,207 - INFO - Epoch 71: Loss = 25.4936, Accuracy = 91.72%
2025-07-30 14:02:00,644 - INFO - Epoch 72: Loss = 26.4179, Accuracy = 91.31%
2025-07-30 14:02:01,082 - INFO - Epoch 73: Loss = 25.4012, Accuracy = 91.23%
2025-07-30 14:02:01,520 - INFO - Epoch 74: Loss = 23.0660, Accuracy = 92.26%
2025-07-30 14:02:01,958 - INFO - Epoch 75: Loss = 23.3557, Accuracy = 91.68%
2025-07-30 14:02:02,395 - INFO - Epoch 76: Loss = 23.7574, Accuracy = 91.76%
2025-07-30 14:02:02,832 - INFO - Epoch 77: Loss = 22.5726, Accuracy = 91.80%
2025-07-30 14:02:03,269 - INFO - Epoch 78: Loss = 20.2424, Accuracy = 93.34%
2025-07-30 14:02:03,706 - INFO - Epoch 79: Loss = 20.7053, Accuracy = 92.84%
2025-07-30 14:02:04,144 - INFO - Epoch 80: Loss = 19.8398, Accuracy = 93.63%
2025-07-30 14:02:04,582 - INFO - Epoch 81: Loss = 18.2200, Accuracy = 94.08%
2025-07-30 14:02:05,019 - INFO - Epoch 82: Loss = 18.2659, Accuracy = 93.96%
2025-07-30 14:02:05,457 - INFO - Epoch 83: Loss = 17.3553, Accuracy = 94.33%
2025-07-30 14:02:05,894 - INFO - Epoch 84: Loss = 17.3966, Accuracy = 94.37%
2025-07-30 14:02:06,331 - INFO - Epoch 85: Loss = 17.0100, Accuracy = 94.66%
2025-07-30 14:02:06,769 - INFO - Epoch 86: Loss = 16.0530, Accuracy = 95.16%
2025-07-30 14:02:07,206 - INFO - Epoch 87: Loss = 14.9292, Accuracy = 94.91%
2025-07-30 14:02:07,643 - INFO - Epoch 88: Loss = 15.1705, Accuracy = 95.20%
2025-07-30 14:02:08,082 - INFO - Epoch 89: Loss = 13.5839, Accuracy = 95.74%
2025-07-30 14:02:08,520 - INFO - Epoch 90: Loss = 16.3107, Accuracy = 94.04%
2025-07-30 14:02:08,959 - INFO - Epoch 91: Loss = 13.7633, Accuracy = 95.57%
2025-07-30 14:02:09,397 - INFO - Epoch 92: Loss = 13.8319, Accuracy = 95.28%
2025-07-30 14:02:09,835 - INFO - Epoch 93: Loss = 12.7442, Accuracy = 95.65%
2025-07-30 14:02:10,273 - INFO - Epoch 94: Loss = 12.2336, Accuracy = 95.99%
2025-07-30 14:02:10,711 - INFO - Epoch 95: Loss = 12.7053, Accuracy = 95.53%
2025-07-30 14:02:11,149 - INFO - Epoch 96: Loss = 11.0916, Accuracy = 96.44%
2025-07-30 14:02:11,587 - INFO - Epoch 97: Loss = 10.4809, Accuracy = 96.90%
2025-07-30 14:02:12,026 - INFO - Epoch 98: Loss = 9.8766, Accuracy = 96.94%
2025-07-30 14:02:12,464 - INFO - Epoch 99: Loss = 10.3289, Accuracy = 96.44%
2025-07-30 14:02:12,902 - INFO - Epoch 100: Loss = 10.2634, Accuracy = 96.61%
2025-07-30 14:02:13,340 - INFO - Epoch 101: Loss = 9.9977, Accuracy = 97.14%
2025-07-30 14:02:13,778 - INFO - Epoch 102: Loss = 9.1769, Accuracy = 97.06%
2025-07-30 14:02:14,217 - INFO - Epoch 103: Loss = 9.4161, Accuracy = 96.81%
2025-07-30 14:02:14,655 - INFO - Epoch 104: Loss = 8.1255, Accuracy = 97.72%
2025-07-30 14:02:15,093 - INFO - Epoch 105: Loss = 9.6451, Accuracy = 96.44%
2025-07-30 14:02:15,530 - INFO - Epoch 106: Loss = 8.1535, Accuracy = 97.27%
2025-07-30 14:02:15,968 - INFO - Epoch 107: Loss = 8.2030, Accuracy = 97.68%
2025-07-30 14:02:16,406 - INFO - Epoch 108: Loss = 8.2698, Accuracy = 97.23%
2025-07-30 14:02:16,844 - INFO - Epoch 109: Loss = 7.3053, Accuracy = 97.81%
2025-07-30 14:02:17,281 - INFO - Epoch 110: Loss = 8.3307, Accuracy = 96.94%
2025-07-30 14:02:17,719 - INFO - Epoch 111: Loss = 6.9944, Accuracy = 97.72%
2025-07-30 14:02:18,157 - INFO - Epoch 112: Loss = 7.0600, Accuracy = 97.81%
2025-07-30 14:02:18,594 - INFO - Epoch 113: Loss = 7.2229, Accuracy = 97.60%
2025-07-30 14:02:19,033 - INFO - Epoch 114: Loss = 7.9361, Accuracy = 97.14%
2025-07-30 14:02:19,472 - INFO - Epoch 115: Loss = 6.7181, Accuracy = 97.72%
2025-07-30 14:02:19,910 - INFO - Epoch 116: Loss = 6.3591, Accuracy = 97.76%
2025-07-30 14:02:20,347 - INFO - Epoch 117: Loss = 5.6482, Accuracy = 98.18%
2025-07-30 14:02:20,785 - INFO - Epoch 118: Loss = 5.2580, Accuracy = 98.68%
2025-07-30 14:02:21,223 - INFO - Epoch 119: Loss = 5.2489, Accuracy = 98.26%
2025-07-30 14:02:21,661 - INFO - Epoch 120: Loss = 5.6578, Accuracy = 98.10%
2025-07-30 14:02:22,101 - INFO - Epoch 121: Loss = 4.7241, Accuracy = 98.80%
2025-07-30 14:02:22,539 - INFO - Epoch 122: Loss = 6.1081, Accuracy = 98.14%
2025-07-30 14:02:22,976 - INFO - Epoch 123: Loss = 4.6451, Accuracy = 98.88%
2025-07-30 14:02:23,414 - INFO - Epoch 124: Loss = 5.5245, Accuracy = 98.14%
2025-07-30 14:02:23,851 - INFO - Epoch 125: Loss = 4.7067, Accuracy = 98.47%
2025-07-30 14:02:24,289 - INFO - Epoch 126: Loss = 5.3818, Accuracy = 98.18%
2025-07-30 14:02:24,727 - INFO - Epoch 127: Loss = 5.7846, Accuracy = 97.72%
2025-07-30 14:02:25,164 - INFO - Epoch 128: Loss = 5.0148, Accuracy = 98.22%
2025-07-30 14:02:25,169 - INFO - [Gradient Period 25 Run 1] Training time: 58.57s
2025-07-30 14:02:25,882 - INFO - ✅ Regular Evaluation Accuracy: 61.33%
2025-07-30 14:02:26,069 - INFO - ✅ Regular Evaluation Top-5 Accuracy: 90.64%
2025-07-30 14:02:26,087 - INFO - Online testing for spice
2025-07-30 14:02:26,132 - INFO - ✅ Regular Evaluation Accuracy: 26.15%
2025-07-30 14:02:26,180 - INFO - ✅ Regular Evaluation Top-5 Accuracy: 70.00%
2025-07-30 14:02:26,584 - INFO - Online testing for nuts
2025-07-30 14:02:26,620 - INFO - ✅ Regular Evaluation Accuracy: 5.88%
2025-07-30 14:02:26,658 - INFO - ✅ Regular Evaluation Top-5 Accuracy: 32.35%
2025-07-30 14:02:26,658 - INFO - Nuts
2025-07-30 14:02:27,054 - INFO - ✅ Regular Evaluation Accuracy: 68.93%
2025-07-30 14:02:27,092 - INFO - ✅ Regular Evaluation Top-5 Accuracy: 87.38%
2025-07-30 14:02:27,092 - INFO - Spices
2025-07-30 14:02:27,483 - INFO - ✅ Regular Evaluation Accuracy: 58.95%
2025-07-30 14:02:27,518 - INFO - ✅ Regular Evaluation Top-5 Accuracy: 94.74%
2025-07-30 14:02:27,518 - INFO - Herbs
2025-07-30 14:02:27,909 - INFO - ✅ Regular Evaluation Accuracy: 52.58%
2025-07-30 14:02:27,945 - INFO - ✅ Regular Evaluation Top-5 Accuracy: 90.72%
2025-07-30 14:02:27,945 - INFO - Fruits
2025-07-30 14:02:28,330 - INFO - ✅ Regular Evaluation Accuracy: 69.15%
2025-07-30 14:02:28,364 - INFO - ✅ Regular Evaluation Top-5 Accuracy: 90.43%
2025-07-30 14:02:28,364 - INFO - Vegetables
2025-07-30 14:02:28,747 - INFO - ✅ Regular Evaluation Accuracy: 56.52%
2025-07-30 14:02:28,780 - INFO - ✅ Regular Evaluation Top-5 Accuracy: 90.22%
