2025-07-28 17:45:46,321 - INFO - ------------------------------------Gradient Period 25-------------------------------------------
2025-07-28 17:45:46,321 - INFO - [Gradient Period 25 Run 1] Starting
2025-07-28 17:45:47,252 - INFO - Training on device: cuda
2025-07-28 17:46:07,497 - INFO - [Gradient Period 25 Run 1] Training time: 21.18s
2025-07-28 17:46:08,114 - INFO - ------------------Test Statistics---------------------
2025-07-28 17:46:08,114 - INFO - Top-1 Accuracy: 11.17%
2025-07-28 17:46:08,114 - INFO - Top-5 Accuracy: 35.46%
2025-07-28 17:46:08,117 - INFO - ------------------Test Statistics---------------------
2025-07-28 17:46:08,117 - INFO - Top-1 Accuracy: 6.39%
2025-07-28 17:46:08,117 - INFO - Top-5 Accuracy: 26.04%
2025-07-28 17:46:08,614 - INFO - ------------------Test Statistics---------------------
2025-07-28 17:46:08,614 - INFO - Top-1 Accuracy: 3.45%
2025-07-28 17:46:08,614 - INFO - Top-5 Accuracy: 23.01%
2025-07-28 17:46:08,614 - INFO - Nuts
2025-07-28 17:46:09,028 - INFO - ------------------Test Statistics---------------------
2025-07-28 17:46:09,028 - INFO - Top-1 Accuracy: 23.02%
2025-07-28 17:46:09,028 - INFO - Top-5 Accuracy: 60.45%
2025-07-28 17:46:09,028 - INFO - Spices
2025-07-28 17:46:09,456 - INFO - ------------------Test Statistics---------------------
2025-07-28 17:46:09,456 - INFO - Top-1 Accuracy: 10.65%
2025-07-28 17:46:09,456 - INFO - Top-5 Accuracy: 30.03%
2025-07-28 17:46:09,456 - INFO - Herbs
2025-07-28 17:46:09,980 - INFO - ------------------Test Statistics---------------------
2025-07-28 17:46:09,980 - INFO - Top-1 Accuracy: 7.62%
2025-07-28 17:46:09,980 - INFO - Top-5 Accuracy: 21.80%
2025-07-28 17:46:09,980 - INFO - Fruits
2025-07-28 17:46:10,394 - INFO - ------------------Test Statistics---------------------
2025-07-28 17:46:10,394 - INFO - Top-1 Accuracy: 7.97%
2025-07-28 17:46:10,394 - INFO - Top-5 Accuracy: 32.42%
2025-07-28 17:46:10,394 - INFO - Vegetables
2025-07-28 17:46:10,816 - INFO - ------------------Test Statistics---------------------
2025-07-28 17:46:10,816 - INFO - Top-1 Accuracy: 5.79%
2025-07-28 17:46:10,816 - INFO - Top-5 Accuracy: 30.96%
2025-07-28 17:46:10,817 - INFO - ------------------------------------Gradient Period 50-------------------------------------------
2025-07-28 17:46:10,817 - INFO - [Gradient Period 50 Run 1] Starting
2025-07-28 17:46:11,515 - INFO - Training on device: cuda
2025-07-28 17:46:23,905 - INFO - [Gradient Period 50 Run 1] Training time: 13.09s
2025-07-28 17:46:24,425 - INFO - ------------------Test Statistics---------------------
2025-07-28 17:46:24,425 - INFO - Top-1 Accuracy: 9.50%
2025-07-28 17:46:24,425 - INFO - Top-5 Accuracy: 30.95%
2025-07-28 17:46:24,427 - INFO - ------------------Test Statistics---------------------
2025-07-28 17:46:24,427 - INFO - Top-1 Accuracy: 1.97%
2025-07-28 17:46:24,427 - INFO - Top-5 Accuracy: 13.43%
2025-07-28 17:46:24,890 - INFO - ------------------Test Statistics---------------------
2025-07-28 17:46:24,891 - INFO - Top-1 Accuracy: 2.09%
2025-07-28 17:46:24,891 - INFO - Top-5 Accuracy: 22.24%
2025-07-28 17:46:24,891 - INFO - Nuts
2025-07-28 17:46:25,309 - INFO - ------------------Test Statistics---------------------
2025-07-28 17:46:25,309 - INFO - Top-1 Accuracy: 20.71%
2025-07-28 17:46:25,309 - INFO - Top-5 Accuracy: 47.08%
2025-07-28 17:46:25,309 - INFO - Spices
2025-07-28 17:46:25,725 - INFO - ------------------Test Statistics---------------------
2025-07-28 17:46:25,725 - INFO - Top-1 Accuracy: 4.92%
2025-07-28 17:46:25,725 - INFO - Top-5 Accuracy: 29.99%
2025-07-28 17:46:25,725 - INFO - Herbs
2025-07-28 17:46:26,136 - INFO - ------------------Test Statistics---------------------
2025-07-28 17:46:26,136 - INFO - Top-1 Accuracy: 9.56%
2025-07-28 17:46:26,136 - INFO - Top-5 Accuracy: 28.33%
2025-07-28 17:46:26,137 - INFO - Fruits
2025-07-28 17:46:26,547 - INFO - ------------------Test Statistics---------------------
2025-07-28 17:46:26,548 - INFO - Top-1 Accuracy: 6.12%
2025-07-28 17:46:26,548 - INFO - Top-5 Accuracy: 21.57%
2025-07-28 17:46:26,548 - INFO - Vegetables
2025-07-28 17:46:26,968 - INFO - ------------------Test Statistics---------------------
2025-07-28 17:46:26,968 - INFO - Top-1 Accuracy: 5.32%
2025-07-28 17:46:26,968 - INFO - Top-5 Accuracy: 26.62%
