2025-07-28 17:45:02,475 - INFO - ------------------------------------Gradient Period 25-------------------------------------------
2025-07-28 17:45:02,475 - INFO - [Gradient Period 25 Run 1] Starting
2025-07-28 17:45:04,224 - INFO - Training on device: cuda
2025-07-28 17:45:24,848 - INFO - [Gradient Period 25 Run 1] Training time: 22.37s
2025-07-28 17:45:25,490 - INFO - ------------------Test Statistics---------------------
2025-07-28 17:45:25,490 - INFO - Top-1 Accuracy: 10.63%
2025-07-28 17:45:25,490 - INFO - Top-5 Accuracy: 36.03%
2025-07-28 17:45:25,493 - INFO - ------------------Test Statistics---------------------
2025-07-28 17:45:25,493 - INFO - Top-1 Accuracy: 5.05%
2025-07-28 17:45:25,493 - INFO - Top-5 Accuracy: 28.64%
2025-07-28 17:45:25,953 - INFO - ------------------Test Statistics---------------------
2025-07-28 17:45:25,954 - INFO - Top-1 Accuracy: 5.52%
2025-07-28 17:45:25,954 - INFO - Top-5 Accuracy: 25.53%
2025-07-28 17:45:25,954 - INFO - Nuts
2025-07-28 17:45:26,367 - INFO - ------------------Test Statistics---------------------
2025-07-28 17:45:26,367 - INFO - Top-1 Accuracy: 21.46%
2025-07-28 17:45:26,367 - INFO - Top-5 Accuracy: 56.72%
2025-07-28 17:45:26,367 - INFO - Spices
2025-07-28 17:45:26,773 - INFO - ------------------Test Statistics---------------------
2025-07-28 17:45:26,773 - INFO - Top-1 Accuracy: 9.41%
2025-07-28 17:45:26,774 - INFO - Top-5 Accuracy: 27.75%
2025-07-28 17:45:26,774 - INFO - Herbs
2025-07-28 17:45:27,286 - INFO - ------------------Test Statistics---------------------
2025-07-28 17:45:27,286 - INFO - Top-1 Accuracy: 6.24%
2025-07-28 17:45:27,286 - INFO - Top-5 Accuracy: 21.57%
2025-07-28 17:45:27,287 - INFO - Fruits
2025-07-28 17:45:27,700 - INFO - ------------------Test Statistics---------------------
2025-07-28 17:45:27,700 - INFO - Top-1 Accuracy: 7.73%
2025-07-28 17:45:27,700 - INFO - Top-5 Accuracy: 44.74%
2025-07-28 17:45:27,700 - INFO - Vegetables
2025-07-28 17:45:28,114 - INFO - ------------------Test Statistics---------------------
2025-07-28 17:45:28,114 - INFO - Top-1 Accuracy: 7.58%
2025-07-28 17:45:28,114 - INFO - Top-5 Accuracy: 28.09%
2025-07-28 17:45:28,115 - INFO - [Gradient Period 25 Run 2] Starting
2025-07-28 17:45:28,830 - INFO - Training on device: cuda
