2025-07-28 20:22:52,603 - INFO - ------------------------------------Gradient Period 25-------------------------------------------
2025-07-28 20:22:52,603 - INFO - [Gradient Period 25 Run 1] Starting
2025-07-28 20:22:53,545 - INFO - Training on device: cuda
2025-07-28 20:23:13,854 - INFO - [Gradient Period 25 Run 1] Training time: 21.25s
2025-07-28 20:23:14,388 - INFO - ------------------Test Statistics---------------------
2025-07-28 20:23:14,388 - INFO - Top-1 Accuracy: 17.21%
2025-07-28 20:23:14,388 - INFO - Top-5 Accuracy: 55.69%
2025-07-28 20:23:14,391 - INFO - ------------------Test Statistics---------------------
2025-07-28 20:23:14,391 - INFO - Top-1 Accuracy: 3.21%
2025-07-28 20:23:14,391 - INFO - Top-5 Accuracy: 20.21%
2025-07-28 20:23:14,849 - INFO - ------------------Test Statistics---------------------
2025-07-28 20:23:14,849 - INFO - Top-1 Accuracy: 19.69%
2025-07-28 20:23:14,849 - INFO - Top-5 Accuracy: 47.40%
2025-07-28 20:23:14,849 - INFO - Nuts
2025-07-28 20:23:15,263 - INFO - ------------------Test Statistics---------------------
2025-07-28 20:23:15,263 - INFO - Top-1 Accuracy: 14.30%
2025-07-28 20:23:15,263 - INFO - Top-5 Accuracy: 54.97%
2025-07-28 20:23:15,263 - INFO - Spices
2025-07-28 20:23:15,662 - INFO - ------------------Test Statistics---------------------
2025-07-28 20:23:15,662 - INFO - Top-1 Accuracy: 21.44%
2025-07-28 20:23:15,662 - INFO - Top-5 Accuracy: 64.94%
2025-07-28 20:23:15,662 - INFO - Herbs
2025-07-28 20:23:16,177 - INFO - ------------------Test Statistics---------------------
2025-07-28 20:23:16,177 - INFO - Top-1 Accuracy: 10.37%
2025-07-28 20:23:16,177 - INFO - Top-5 Accuracy: 37.15%
2025-07-28 20:23:16,177 - INFO - Fruits
2025-07-28 20:23:16,576 - INFO - ------------------Test Statistics---------------------
2025-07-28 20:23:16,577 - INFO - Top-1 Accuracy: 22.16%
2025-07-28 20:23:16,577 - INFO - Top-5 Accuracy: 61.44%
2025-07-28 20:23:16,577 - INFO - Vegetables
2025-07-28 20:23:16,976 - INFO - ------------------Test Statistics---------------------
2025-07-28 20:23:16,976 - INFO - Top-1 Accuracy: 18.06%
2025-07-28 20:23:16,976 - INFO - Top-5 Accuracy: 60.25%
2025-07-28 20:23:16,977 - INFO - ------------------------------------Gradient Period 50-------------------------------------------
2025-07-28 20:23:16,977 - INFO - [Gradient Period 50 Run 1] Starting
2025-07-28 20:23:17,662 - INFO - Training on device: cuda
2025-07-28 20:23:31,022 - INFO - [Gradient Period 50 Run 1] Training time: 14.05s
2025-07-28 20:23:31,543 - INFO - ------------------Test Statistics---------------------
2025-07-28 20:23:31,543 - INFO - Top-1 Accuracy: 16.71%
2025-07-28 20:23:31,543 - INFO - Top-5 Accuracy: 52.84%
2025-07-28 20:23:31,545 - INFO - ------------------Test Statistics---------------------
2025-07-28 20:23:31,545 - INFO - Top-1 Accuracy: 1.09%
2025-07-28 20:23:31,545 - INFO - Top-5 Accuracy: 10.06%
2025-07-28 20:23:32,019 - INFO - ------------------Test Statistics---------------------
2025-07-28 20:23:32,019 - INFO - Top-1 Accuracy: 9.36%
2025-07-28 20:23:32,019 - INFO - Top-5 Accuracy: 39.75%
2025-07-28 20:23:32,019 - INFO - Nuts
2025-07-28 20:23:32,419 - INFO - ------------------Test Statistics---------------------
2025-07-28 20:23:32,420 - INFO - Top-1 Accuracy: 16.91%
2025-07-28 20:23:32,420 - INFO - Top-5 Accuracy: 49.87%
2025-07-28 20:23:32,420 - INFO - Spices
2025-07-28 20:23:32,814 - INFO - ------------------Test Statistics---------------------
2025-07-28 20:23:32,814 - INFO - Top-1 Accuracy: 18.73%
2025-07-28 20:23:32,814 - INFO - Top-5 Accuracy: 50.35%
2025-07-28 20:23:32,814 - INFO - Herbs
2025-07-28 20:23:33,213 - INFO - ------------------Test Statistics---------------------
2025-07-28 20:23:33,214 - INFO - Top-1 Accuracy: 4.23%
2025-07-28 20:23:33,214 - INFO - Top-5 Accuracy: 43.51%
2025-07-28 20:23:33,214 - INFO - Fruits
2025-07-28 20:23:33,613 - INFO - ------------------Test Statistics---------------------
2025-07-28 20:23:33,613 - INFO - Top-1 Accuracy: 23.97%
2025-07-28 20:23:33,613 - INFO - Top-5 Accuracy: 59.52%
2025-07-28 20:23:33,613 - INFO - Vegetables
2025-07-28 20:23:34,025 - INFO - ------------------Test Statistics---------------------
2025-07-28 20:23:34,025 - INFO - Top-1 Accuracy: 19.82%
2025-07-28 20:23:34,025 - INFO - Top-5 Accuracy: 61.26%
