2025-07-28 17:47:35,714 - INFO - ------------------------------------Gradient Period 25-------------------------------------------
2025-07-28 17:47:35,715 - INFO - [Gradient Period 25 Run 1] Starting
2025-07-28 17:47:36,821 - INFO - Training on device: cuda
2025-07-28 17:52:53,737 - INFO - [Gradient Period 25 Run 1] Training time: 318.02s
2025-07-28 17:52:54,398 - INFO - ------------------Test Statistics---------------------
2025-07-28 17:52:54,398 - INFO - Top-1 Accuracy: 34.52%
2025-07-28 17:52:54,398 - INFO - Top-5 Accuracy: 78.96%
2025-07-28 17:52:54,401 - INFO - ------------------Test Statistics---------------------
2025-07-28 17:52:54,401 - INFO - Top-1 Accuracy: 6.35%
2025-07-28 17:52:54,401 - INFO - Top-5 Accuracy: 29.82%
2025-07-28 17:52:54,861 - INFO - ------------------Test Statistics---------------------
2025-07-28 17:52:54,861 - INFO - Top-1 Accuracy: 18.55%
2025-07-28 17:52:54,861 - INFO - Top-5 Accuracy: 55.31%
2025-07-28 17:52:54,861 - INFO - Nuts
2025-07-28 17:52:55,269 - INFO - ------------------Test Statistics---------------------
2025-07-28 17:52:55,269 - INFO - Top-1 Accuracy: 33.04%
2025-07-28 17:52:55,269 - INFO - Top-5 Accuracy: 75.70%
2025-07-28 17:52:55,269 - INFO - Spices
2025-07-28 17:52:55,677 - INFO - ------------------Test Statistics---------------------
2025-07-28 17:52:55,677 - INFO - Top-1 Accuracy: 42.19%
2025-07-28 17:52:55,677 - INFO - Top-5 Accuracy: 77.39%
2025-07-28 17:52:55,677 - INFO - Herbs
2025-07-28 17:52:56,096 - INFO - ------------------Test Statistics---------------------
2025-07-28 17:52:56,096 - INFO - Top-1 Accuracy: 34.17%
2025-07-28 17:52:56,096 - INFO - Top-5 Accuracy: 79.09%
2025-07-28 17:52:56,096 - INFO - Fruits
2025-07-28 17:52:56,508 - INFO - ------------------Test Statistics---------------------
2025-07-28 17:52:56,508 - INFO - Top-1 Accuracy: 36.79%
2025-07-28 17:52:56,508 - INFO - Top-5 Accuracy: 84.68%
2025-07-28 17:52:56,508 - INFO - Vegetables
2025-07-28 17:52:56,917 - INFO - ------------------Test Statistics---------------------
2025-07-28 17:52:56,917 - INFO - Top-1 Accuracy: 26.55%
2025-07-28 17:52:56,918 - INFO - Top-5 Accuracy: 78.16%
2025-07-28 17:52:56,918 - INFO - ------------------------------------Gradient Period 50-------------------------------------------
2025-07-28 17:52:56,919 - INFO - [Gradient Period 50 Run 1] Starting
2025-07-28 17:52:57,770 - INFO - Training on device: cuda
2025-07-28 17:57:41,993 - INFO - [Gradient Period 50 Run 1] Training time: 285.07s
2025-07-28 17:57:42,528 - INFO - ------------------Test Statistics---------------------
2025-07-28 17:57:42,529 - INFO - Top-1 Accuracy: 36.42%
2025-07-28 17:57:42,529 - INFO - Top-5 Accuracy: 79.67%
2025-07-28 17:57:42,531 - INFO - ------------------Test Statistics---------------------
2025-07-28 17:57:42,531 - INFO - Top-1 Accuracy: 8.41%
2025-07-28 17:57:42,531 - INFO - Top-5 Accuracy: 29.88%
2025-07-28 17:57:43,001 - INFO - ------------------Test Statistics---------------------
2025-07-28 17:57:43,001 - INFO - Top-1 Accuracy: 24.22%
2025-07-28 17:57:43,001 - INFO - Top-5 Accuracy: 60.20%
2025-07-28 17:57:43,001 - INFO - Nuts
2025-07-28 17:57:43,413 - INFO - ------------------Test Statistics---------------------
2025-07-28 17:57:43,413 - INFO - Top-1 Accuracy: 38.39%
2025-07-28 17:57:43,413 - INFO - Top-5 Accuracy: 81.21%
2025-07-28 17:57:43,413 - INFO - Spices
2025-07-28 17:57:43,930 - INFO - ------------------Test Statistics---------------------
2025-07-28 17:57:43,930 - INFO - Top-1 Accuracy: 40.79%
2025-07-28 17:57:43,930 - INFO - Top-5 Accuracy: 74.33%
2025-07-28 17:57:43,930 - INFO - Herbs
2025-07-28 17:57:44,344 - INFO - ------------------Test Statistics---------------------
2025-07-28 17:57:44,344 - INFO - Top-1 Accuracy: 34.24%
2025-07-28 17:57:44,344 - INFO - Top-5 Accuracy: 77.23%
2025-07-28 17:57:44,345 - INFO - Fruits
2025-07-28 17:57:44,748 - INFO - ------------------Test Statistics---------------------
2025-07-28 17:57:44,748 - INFO - Top-1 Accuracy: 35.47%
2025-07-28 17:57:44,748 - INFO - Top-5 Accuracy: 85.18%
2025-07-28 17:57:44,748 - INFO - Vegetables
2025-07-28 17:57:45,160 - INFO - ------------------Test Statistics---------------------
2025-07-28 17:57:45,160 - INFO - Top-1 Accuracy: 33.10%
2025-07-28 17:57:45,160 - INFO - Top-5 Accuracy: 80.27%
