2025-07-29 16:26:17,477 - INFO - ------------------------------------Gradient Period 25-------------------------------------------
2025-07-29 16:26:17,477 - INFO - [Gradient Period 25 Run 1] Starting
2025-07-29 16:26:18,447 - INFO - Training on device: cuda
2025-07-29 16:34:44,088 - INFO - [Gradient Period 25 Run 1] Training time: 506.61s
2025-07-29 16:34:44,665 - INFO - ------------------Test Statistics---------------------
2025-07-29 16:34:44,665 - INFO - Top-1 Accuracy: 19.56%
2025-07-29 16:34:44,665 - INFO - Top-5 Accuracy: 55.78%
2025-07-29 16:34:44,667 - INFO - ------------------Test Statistics---------------------
2025-07-29 16:34:44,667 - INFO - Top-1 Accuracy: 5.58%
2025-07-29 16:34:44,667 - INFO - Top-5 Accuracy: 31.45%
2025-07-29 16:34:45,143 - INFO - ------------------Test Statistics---------------------
2025-07-29 16:34:45,143 - INFO - Top-1 Accuracy: 13.81%
2025-07-29 16:34:45,143 - INFO - Top-5 Accuracy: 55.26%
2025-07-29 16:34:45,143 - INFO - Nuts
2025-07-29 16:34:45,557 - INFO - ------------------Test Statistics---------------------
2025-07-29 16:34:45,558 - INFO - Top-1 Accuracy: 18.41%
2025-07-29 16:34:45,558 - INFO - Top-5 Accuracy: 52.79%
2025-07-29 16:34:45,558 - INFO - Spices
2025-07-29 16:34:45,967 - INFO - ------------------Test Statistics---------------------
2025-07-29 16:34:45,967 - INFO - Top-1 Accuracy: 27.90%
2025-07-29 16:34:45,967 - INFO - Top-5 Accuracy: 70.22%
2025-07-29 16:34:45,967 - INFO - Herbs
2025-07-29 16:34:46,382 - INFO - ------------------Test Statistics---------------------
2025-07-29 16:34:46,383 - INFO - Top-1 Accuracy: 20.70%
2025-07-29 16:34:46,383 - INFO - Top-5 Accuracy: 57.86%
2025-07-29 16:34:46,383 - INFO - Fruits
2025-07-29 16:34:46,795 - INFO - ------------------Test Statistics---------------------
2025-07-29 16:34:46,795 - INFO - Top-1 Accuracy: 21.17%
2025-07-29 16:34:46,795 - INFO - Top-5 Accuracy: 54.25%
2025-07-29 16:34:46,795 - INFO - Vegetables
2025-07-29 16:34:47,220 - INFO - ------------------Test Statistics---------------------
2025-07-29 16:34:47,220 - INFO - Top-1 Accuracy: 9.65%
2025-07-29 16:34:47,220 - INFO - Top-5 Accuracy: 43.97%
2025-07-29 16:34:47,220 - INFO - ------------------------------------Gradient Period 50-------------------------------------------
2025-07-29 16:34:47,220 - INFO - [Gradient Period 50 Run 1] Starting
2025-07-29 16:34:48,150 - INFO - Training on device: cuda
2025-07-29 16:42:54,561 - INFO - [Gradient Period 50 Run 1] Training time: 487.34s
2025-07-29 16:42:55,103 - INFO - ------------------Test Statistics---------------------
2025-07-29 16:42:55,103 - INFO - Top-1 Accuracy: 23.58%
2025-07-29 16:42:55,103 - INFO - Top-5 Accuracy: 61.45%
2025-07-29 16:42:55,104 - INFO - ------------------Test Statistics---------------------
2025-07-29 16:42:55,105 - INFO - Top-1 Accuracy: 11.48%
2025-07-29 16:42:55,105 - INFO - Top-5 Accuracy: 36.12%
2025-07-29 16:42:55,576 - INFO - ------------------Test Statistics---------------------
2025-07-29 16:42:55,576 - INFO - Top-1 Accuracy: 15.59%
2025-07-29 16:42:55,576 - INFO - Top-5 Accuracy: 58.28%
2025-07-29 16:42:55,576 - INFO - Nuts
2025-07-29 16:42:55,986 - INFO - ------------------Test Statistics---------------------
2025-07-29 16:42:55,986 - INFO - Top-1 Accuracy: 26.22%
2025-07-29 16:42:55,986 - INFO - Top-5 Accuracy: 62.01%
2025-07-29 16:42:55,987 - INFO - Spices
2025-07-29 16:42:56,510 - INFO - ------------------Test Statistics---------------------
2025-07-29 16:42:56,510 - INFO - Top-1 Accuracy: 27.45%
2025-07-29 16:42:56,510 - INFO - Top-5 Accuracy: 68.41%
2025-07-29 16:42:56,510 - INFO - Herbs
2025-07-29 16:42:56,927 - INFO - ------------------Test Statistics---------------------
2025-07-29 16:42:56,927 - INFO - Top-1 Accuracy: 27.06%
2025-07-29 16:42:56,927 - INFO - Top-5 Accuracy: 66.71%
2025-07-29 16:42:56,927 - INFO - Fruits
2025-07-29 16:42:57,336 - INFO - ------------------Test Statistics---------------------
2025-07-29 16:42:57,336 - INFO - Top-1 Accuracy: 20.37%
2025-07-29 16:42:57,336 - INFO - Top-5 Accuracy: 56.24%
2025-07-29 16:42:57,337 - INFO - Vegetables
2025-07-29 16:42:57,750 - INFO - ------------------Test Statistics---------------------
2025-07-29 16:42:57,750 - INFO - Top-1 Accuracy: 16.62%
2025-07-29 16:42:57,750 - INFO - Top-5 Accuracy: 53.77%
