2025-07-28 20:24:40,211 - INFO - ------------------------------------Gradient Period 25-------------------------------------------
2025-07-28 20:24:40,211 - INFO - [Gradient Period 25 Run 1] Starting
2025-07-28 20:24:41,217 - INFO - Training on device: cuda
2025-07-28 20:26:15,924 - INFO - [Gradient Period 25 Run 1] Training time: 95.71s
2025-07-28 20:26:16,467 - INFO - ------------------Test Statistics---------------------
2025-07-28 20:26:16,468 - INFO - Top-1 Accuracy: 28.71%
2025-07-28 20:26:16,468 - INFO - Top-5 Accuracy: 69.99%
2025-07-28 20:26:16,471 - INFO - ------------------Test Statistics---------------------
2025-07-28 20:26:16,471 - INFO - Top-1 Accuracy: 7.95%
2025-07-28 20:26:16,471 - INFO - Top-5 Accuracy: 32.69%
2025-07-28 20:26:16,917 - INFO - ------------------Test Statistics---------------------
2025-07-28 20:26:16,917 - INFO - Top-1 Accuracy: 19.20%
2025-07-28 20:26:16,917 - INFO - Top-5 Accuracy: 56.67%
2025-07-28 20:26:16,917 - INFO - Nuts
2025-07-28 20:26:17,320 - INFO - ------------------Test Statistics---------------------
2025-07-28 20:26:17,320 - INFO - Top-1 Accuracy: 22.59%
2025-07-28 20:26:17,321 - INFO - Top-5 Accuracy: 61.99%
2025-07-28 20:26:17,321 - INFO - Spices
2025-07-28 20:26:17,720 - INFO - ------------------Test Statistics---------------------
2025-07-28 20:26:17,720 - INFO - Top-1 Accuracy: 37.73%
2025-07-28 20:26:17,720 - INFO - Top-5 Accuracy: 80.07%
2025-07-28 20:26:17,720 - INFO - Herbs
2025-07-28 20:26:18,240 - INFO - ------------------Test Statistics---------------------
2025-07-28 20:26:18,240 - INFO - Top-1 Accuracy: 21.99%
2025-07-28 20:26:18,240 - INFO - Top-5 Accuracy: 61.92%
2025-07-28 20:26:18,240 - INFO - Fruits
2025-07-28 20:26:18,642 - INFO - ------------------Test Statistics---------------------
2025-07-28 20:26:18,642 - INFO - Top-1 Accuracy: 37.84%
2025-07-28 20:26:18,642 - INFO - Top-5 Accuracy: 78.41%
2025-07-28 20:26:18,642 - INFO - Vegetables
2025-07-28 20:26:19,043 - INFO - ------------------Test Statistics---------------------
2025-07-28 20:26:19,043 - INFO - Top-1 Accuracy: 23.95%
2025-07-28 20:26:19,043 - INFO - Top-5 Accuracy: 68.27%
2025-07-28 20:26:19,044 - INFO - ------------------------------------Gradient Period 50-------------------------------------------
2025-07-28 20:26:19,044 - INFO - [Gradient Period 50 Run 1] Starting
2025-07-28 20:26:19,770 - INFO - Training on device: cuda
2025-07-28 20:27:21,215 - INFO - [Gradient Period 50 Run 1] Training time: 62.17s
2025-07-28 20:27:21,747 - INFO - ------------------Test Statistics---------------------
2025-07-28 20:27:21,748 - INFO - Top-1 Accuracy: 23.77%
2025-07-28 20:27:21,748 - INFO - Top-5 Accuracy: 66.18%
2025-07-28 20:27:21,750 - INFO - ------------------Test Statistics---------------------
2025-07-28 20:27:21,750 - INFO - Top-1 Accuracy: 8.77%
2025-07-28 20:27:21,750 - INFO - Top-5 Accuracy: 26.83%
2025-07-28 20:27:22,209 - INFO - ------------------Test Statistics---------------------
2025-07-28 20:27:22,209 - INFO - Top-1 Accuracy: 12.21%
2025-07-28 20:27:22,209 - INFO - Top-5 Accuracy: 55.08%
2025-07-28 20:27:22,209 - INFO - Nuts
2025-07-28 20:27:22,622 - INFO - ------------------Test Statistics---------------------
2025-07-28 20:27:22,623 - INFO - Top-1 Accuracy: 19.35%
2025-07-28 20:27:22,623 - INFO - Top-5 Accuracy: 53.26%
2025-07-28 20:27:22,623 - INFO - Spices
2025-07-28 20:27:23,018 - INFO - ------------------Test Statistics---------------------
2025-07-28 20:27:23,018 - INFO - Top-1 Accuracy: 30.55%
2025-07-28 20:27:23,018 - INFO - Top-5 Accuracy: 71.34%
2025-07-28 20:27:23,018 - INFO - Herbs
2025-07-28 20:27:23,419 - INFO - ------------------Test Statistics---------------------
2025-07-28 20:27:23,419 - INFO - Top-1 Accuracy: 11.43%
2025-07-28 20:27:23,419 - INFO - Top-5 Accuracy: 60.66%
2025-07-28 20:27:23,420 - INFO - Fruits
2025-07-28 20:27:23,818 - INFO - ------------------Test Statistics---------------------
2025-07-28 20:27:23,818 - INFO - Top-1 Accuracy: 38.02%
2025-07-28 20:27:23,818 - INFO - Top-5 Accuracy: 82.69%
2025-07-28 20:27:23,818 - INFO - Vegetables
2025-07-28 20:27:24,247 - INFO - ------------------Test Statistics---------------------
2025-07-28 20:27:24,247 - INFO - Top-1 Accuracy: 19.92%
2025-07-28 20:27:24,247 - INFO - Top-5 Accuracy: 63.98%
