2025-08-04 13:34:46,022 - INFO - ------------------------------------Gradient-------------------------------------------
2025-08-04 13:34:46,022 - INFO - [Gradient Run 1] Starting
2025-08-04 13:34:48,061 - INFO - Training on device: cuda
2025-08-04 13:34:48,443 - INFO - Epoch 01: KLDiv Loss = 2.2248 | L1 Error = 0.1462 | Cosine Sim = 0.3031
2025-08-04 13:34:48,573 - INFO - Epoch 02: KLDiv Loss = 2.1299 | L1 Error = 0.1445 | Cosine Sim = 0.3327
2025-08-04 13:34:48,703 - INFO - Epoch 03: KLDiv Loss = 2.0592 | L1 Error = 0.1430 | Cosine Sim = 0.3574
2025-08-04 13:34:48,836 - INFO - Epoch 04: KLDiv Loss = 1.9856 | L1 Error = 0.1413 | Cosine Sim = 0.3804
2025-08-04 13:34:48,966 - INFO - Epoch 05: KLDiv Loss = 1.9261 | L1 Error = 0.1398 | Cosine Sim = 0.4028
2025-08-04 13:34:49,095 - INFO - Epoch 06: KLDiv Loss = 1.8704 | L1 Error = 0.1383 | Cosine Sim = 0.4247
2025-08-04 13:34:49,225 - INFO - Epoch 07: KLDiv Loss = 1.8147 | L1 Error = 0.1366 | Cosine Sim = 0.4414
2025-08-04 13:34:49,354 - INFO - Epoch 08: KLDiv Loss = 1.7650 | L1 Error = 0.1350 | Cosine Sim = 0.4629
2025-08-04 13:34:49,484 - INFO - Epoch 09: KLDiv Loss = 1.7083 | L1 Error = 0.1330 | Cosine Sim = 0.4843
2025-08-04 13:34:49,613 - INFO - Epoch 10: KLDiv Loss = 1.6610 | L1 Error = 0.1311 | Cosine Sim = 0.5015
2025-08-04 13:34:49,742 - INFO - Epoch 11: KLDiv Loss = 1.6111 | L1 Error = 0.1291 | Cosine Sim = 0.5199
2025-08-04 13:34:49,872 - INFO - Epoch 12: KLDiv Loss = 1.5636 | L1 Error = 0.1269 | Cosine Sim = 0.5365
2025-08-04 13:34:50,001 - INFO - Epoch 13: KLDiv Loss = 1.5153 | L1 Error = 0.1247 | Cosine Sim = 0.5544
2025-08-04 13:34:50,130 - INFO - Epoch 14: KLDiv Loss = 1.4767 | L1 Error = 0.1226 | Cosine Sim = 0.5671
2025-08-04 13:34:50,260 - INFO - Epoch 15: KLDiv Loss = 1.4394 | L1 Error = 0.1207 | Cosine Sim = 0.5769
2025-08-04 13:34:50,389 - INFO - Epoch 16: KLDiv Loss = 1.4069 | L1 Error = 0.1188 | Cosine Sim = 0.5873
2025-08-04 13:34:50,518 - INFO - Epoch 17: KLDiv Loss = 1.3661 | L1 Error = 0.1164 | Cosine Sim = 0.5991
2025-08-04 13:34:50,647 - INFO - Epoch 18: KLDiv Loss = 1.3348 | L1 Error = 0.1147 | Cosine Sim = 0.6068
2025-08-04 13:34:50,776 - INFO - Epoch 19: KLDiv Loss = 1.3040 | L1 Error = 0.1130 | Cosine Sim = 0.6126
2025-08-04 13:34:50,906 - INFO - Epoch 20: KLDiv Loss = 1.2697 | L1 Error = 0.1112 | Cosine Sim = 0.6215
2025-08-04 13:34:51,035 - INFO - Epoch 21: KLDiv Loss = 1.2458 | L1 Error = 0.1095 | Cosine Sim = 0.6280
2025-08-04 13:34:51,164 - INFO - Epoch 22: KLDiv Loss = 1.2184 | L1 Error = 0.1080 | Cosine Sim = 0.6348
2025-08-04 13:34:51,293 - INFO - Epoch 23: KLDiv Loss = 1.1967 | L1 Error = 0.1065 | Cosine Sim = 0.6391
2025-08-04 13:34:51,425 - INFO - Epoch 24: KLDiv Loss = 1.1704 | L1 Error = 0.1049 | Cosine Sim = 0.6470
2025-08-04 13:34:51,554 - INFO - Epoch 25: KLDiv Loss = 1.1401 | L1 Error = 0.1030 | Cosine Sim = 0.6544
2025-08-04 13:34:51,683 - INFO - Epoch 26: KLDiv Loss = 1.1216 | L1 Error = 0.1018 | Cosine Sim = 0.6579
2025-08-04 13:34:51,812 - INFO - Epoch 27: KLDiv Loss = 1.0957 | L1 Error = 0.1002 | Cosine Sim = 0.6645
2025-08-04 13:34:51,942 - INFO - Epoch 28: KLDiv Loss = 1.0733 | L1 Error = 0.0988 | Cosine Sim = 0.6691
2025-08-04 13:34:52,071 - INFO - Epoch 29: KLDiv Loss = 1.0519 | L1 Error = 0.0973 | Cosine Sim = 0.6738
2025-08-04 13:34:52,200 - INFO - Epoch 30: KLDiv Loss = 1.0335 | L1 Error = 0.0963 | Cosine Sim = 0.6795
2025-08-04 13:34:52,329 - INFO - Epoch 31: KLDiv Loss = 1.0142 | L1 Error = 0.0949 | Cosine Sim = 0.6829
2025-08-04 13:34:52,458 - INFO - Epoch 32: KLDiv Loss = 0.9987 | L1 Error = 0.0941 | Cosine Sim = 0.6874
2025-08-04 13:34:52,588 - INFO - Epoch 33: KLDiv Loss = 0.9854 | L1 Error = 0.0930 | Cosine Sim = 0.6896
2025-08-04 13:34:52,717 - INFO - Epoch 34: KLDiv Loss = 0.9636 | L1 Error = 0.0915 | Cosine Sim = 0.6966
2025-08-04 13:34:52,846 - INFO - Epoch 35: KLDiv Loss = 0.9449 | L1 Error = 0.0905 | Cosine Sim = 0.7011
2025-08-04 13:34:52,975 - INFO - Epoch 36: KLDiv Loss = 0.9355 | L1 Error = 0.0896 | Cosine Sim = 0.7019
2025-08-04 13:34:53,104 - INFO - Epoch 37: KLDiv Loss = 0.9181 | L1 Error = 0.0885 | Cosine Sim = 0.7097
2025-08-04 13:34:53,233 - INFO - Epoch 38: KLDiv Loss = 0.9061 | L1 Error = 0.0876 | Cosine Sim = 0.7114
2025-08-04 13:34:53,363 - INFO - Epoch 39: KLDiv Loss = 0.8916 | L1 Error = 0.0868 | Cosine Sim = 0.7160
2025-08-04 13:34:53,492 - INFO - Epoch 40: KLDiv Loss = 0.8756 | L1 Error = 0.0856 | Cosine Sim = 0.7200
2025-08-04 13:34:53,622 - INFO - Epoch 41: KLDiv Loss = 0.8603 | L1 Error = 0.0847 | Cosine Sim = 0.7251
2025-08-04 13:34:53,751 - INFO - Epoch 42: KLDiv Loss = 0.8421 | L1 Error = 0.0835 | Cosine Sim = 0.7295
2025-08-04 13:34:53,880 - INFO - Epoch 43: KLDiv Loss = 0.8326 | L1 Error = 0.0829 | Cosine Sim = 0.7323
2025-08-04 13:34:54,009 - INFO - Epoch 44: KLDiv Loss = 0.8166 | L1 Error = 0.0816 | Cosine Sim = 0.7371
2025-08-04 13:34:54,141 - INFO - Epoch 45: KLDiv Loss = 0.8046 | L1 Error = 0.0808 | Cosine Sim = 0.7408
2025-08-04 13:34:54,271 - INFO - Epoch 46: KLDiv Loss = 0.7926 | L1 Error = 0.0799 | Cosine Sim = 0.7423
2025-08-04 13:34:54,400 - INFO - Epoch 47: KLDiv Loss = 0.7822 | L1 Error = 0.0791 | Cosine Sim = 0.7476
2025-08-04 13:34:54,529 - INFO - Epoch 48: KLDiv Loss = 0.7678 | L1 Error = 0.0782 | Cosine Sim = 0.7515
2025-08-04 13:34:54,659 - INFO - Epoch 49: KLDiv Loss = 0.7507 | L1 Error = 0.0771 | Cosine Sim = 0.7570
2025-08-04 13:34:54,788 - INFO - Epoch 50: KLDiv Loss = 0.7441 | L1 Error = 0.0764 | Cosine Sim = 0.7581
2025-08-04 13:34:54,917 - INFO - Epoch 51: KLDiv Loss = 0.7285 | L1 Error = 0.0754 | Cosine Sim = 0.7616
2025-08-04 13:34:55,046 - INFO - Epoch 52: KLDiv Loss = 0.7189 | L1 Error = 0.0747 | Cosine Sim = 0.7649
2025-08-04 13:34:55,176 - INFO - Epoch 53: KLDiv Loss = 0.7050 | L1 Error = 0.0736 | Cosine Sim = 0.7681
2025-08-04 13:34:55,305 - INFO - Epoch 54: KLDiv Loss = 0.6941 | L1 Error = 0.0730 | Cosine Sim = 0.7723
2025-08-04 13:34:55,434 - INFO - Epoch 55: KLDiv Loss = 0.6804 | L1 Error = 0.0717 | Cosine Sim = 0.7765
2025-08-04 13:34:55,563 - INFO - Epoch 56: KLDiv Loss = 0.6750 | L1 Error = 0.0711 | Cosine Sim = 0.7796
2025-08-04 13:34:55,692 - INFO - Epoch 57: KLDiv Loss = 0.6617 | L1 Error = 0.0704 | Cosine Sim = 0.7833
2025-08-04 13:34:55,821 - INFO - Epoch 58: KLDiv Loss = 0.6523 | L1 Error = 0.0695 | Cosine Sim = 0.7849
2025-08-04 13:34:55,951 - INFO - Epoch 59: KLDiv Loss = 0.6421 | L1 Error = 0.0690 | Cosine Sim = 0.7879
2025-08-04 13:34:56,080 - INFO - Epoch 60: KLDiv Loss = 0.6374 | L1 Error = 0.0681 | Cosine Sim = 0.7900
2025-08-04 13:34:56,209 - INFO - Epoch 61: KLDiv Loss = 0.6219 | L1 Error = 0.0674 | Cosine Sim = 0.7933
2025-08-04 13:34:56,340 - INFO - Epoch 62: KLDiv Loss = 0.6162 | L1 Error = 0.0668 | Cosine Sim = 0.7957
2025-08-04 13:34:56,469 - INFO - Epoch 63: KLDiv Loss = 0.6043 | L1 Error = 0.0659 | Cosine Sim = 0.8001
2025-08-04 13:34:56,599 - INFO - Epoch 64: KLDiv Loss = 0.5959 | L1 Error = 0.0651 | Cosine Sim = 0.8022
2025-08-04 13:34:56,728 - INFO - Epoch 65: KLDiv Loss = 0.5859 | L1 Error = 0.0643 | Cosine Sim = 0.8040
2025-08-04 13:34:56,857 - INFO - Epoch 66: KLDiv Loss = 0.5757 | L1 Error = 0.0637 | Cosine Sim = 0.8060
2025-08-04 13:34:56,986 - INFO - Epoch 67: KLDiv Loss = 0.5708 | L1 Error = 0.0632 | Cosine Sim = 0.8087
2025-08-04 13:34:57,115 - INFO - Epoch 68: KLDiv Loss = 0.5607 | L1 Error = 0.0622 | Cosine Sim = 0.8125
2025-08-04 13:34:57,245 - INFO - Epoch 69: KLDiv Loss = 0.5517 | L1 Error = 0.0618 | Cosine Sim = 0.8145
2025-08-04 13:34:57,375 - INFO - Epoch 70: KLDiv Loss = 0.5438 | L1 Error = 0.0610 | Cosine Sim = 0.8168
2025-08-04 13:34:57,505 - INFO - Epoch 71: KLDiv Loss = 0.5316 | L1 Error = 0.0599 | Cosine Sim = 0.8207
2025-08-04 13:34:57,634 - INFO - Epoch 72: KLDiv Loss = 0.5235 | L1 Error = 0.0593 | Cosine Sim = 0.8224
2025-08-04 13:34:57,763 - INFO - Epoch 73: KLDiv Loss = 0.5253 | L1 Error = 0.0590 | Cosine Sim = 0.8220
2025-08-04 13:34:57,892 - INFO - Epoch 74: KLDiv Loss = 0.5158 | L1 Error = 0.0583 | Cosine Sim = 0.8248
2025-08-04 13:34:58,021 - INFO - Epoch 75: KLDiv Loss = 0.5069 | L1 Error = 0.0580 | Cosine Sim = 0.8263
2025-08-04 13:34:58,151 - INFO - Epoch 76: KLDiv Loss = 0.5006 | L1 Error = 0.0570 | Cosine Sim = 0.8277
2025-08-04 13:34:58,280 - INFO - Epoch 77: KLDiv Loss = 0.4906 | L1 Error = 0.0563 | Cosine Sim = 0.8310
2025-08-04 13:34:58,409 - INFO - Epoch 78: KLDiv Loss = 0.4933 | L1 Error = 0.0562 | Cosine Sim = 0.8299
2025-08-04 13:34:58,540 - INFO - Epoch 79: KLDiv Loss = 0.4835 | L1 Error = 0.0557 | Cosine Sim = 0.8318
2025-08-04 13:34:58,669 - INFO - Epoch 80: KLDiv Loss = 0.4738 | L1 Error = 0.0551 | Cosine Sim = 0.8328
2025-08-04 13:34:58,798 - INFO - Epoch 81: KLDiv Loss = 0.4703 | L1 Error = 0.0544 | Cosine Sim = 0.8349
2025-08-04 13:34:58,927 - INFO - Epoch 82: KLDiv Loss = 0.4627 | L1 Error = 0.0535 | Cosine Sim = 0.8365
2025-08-04 13:34:59,057 - INFO - Epoch 83: KLDiv Loss = 0.4568 | L1 Error = 0.0531 | Cosine Sim = 0.8373
2025-08-04 13:34:59,186 - INFO - Epoch 84: KLDiv Loss = 0.4540 | L1 Error = 0.0530 | Cosine Sim = 0.8381
2025-08-04 13:34:59,315 - INFO - Epoch 85: KLDiv Loss = 0.4479 | L1 Error = 0.0524 | Cosine Sim = 0.8400
2025-08-04 13:34:59,444 - INFO - Epoch 86: KLDiv Loss = 0.4362 | L1 Error = 0.0515 | Cosine Sim = 0.8431
2025-08-04 13:34:59,573 - INFO - Epoch 87: KLDiv Loss = 0.4403 | L1 Error = 0.0516 | Cosine Sim = 0.8407
2025-08-04 13:34:59,703 - INFO - Epoch 88: KLDiv Loss = 0.4283 | L1 Error = 0.0510 | Cosine Sim = 0.8429
2025-08-04 13:34:59,832 - INFO - Epoch 89: KLDiv Loss = 0.4305 | L1 Error = 0.0506 | Cosine Sim = 0.8446
2025-08-04 13:34:59,961 - INFO - Epoch 90: KLDiv Loss = 0.4202 | L1 Error = 0.0498 | Cosine Sim = 0.8463
2025-08-04 13:35:00,090 - INFO - Epoch 91: KLDiv Loss = 0.4174 | L1 Error = 0.0496 | Cosine Sim = 0.8468
2025-08-04 13:35:00,221 - INFO - Epoch 92: KLDiv Loss = 0.4111 | L1 Error = 0.0491 | Cosine Sim = 0.8485
2025-08-04 13:35:00,351 - INFO - Epoch 93: KLDiv Loss = 0.4023 | L1 Error = 0.0481 | Cosine Sim = 0.8505
2025-08-04 13:35:00,480 - INFO - Epoch 94: KLDiv Loss = 0.4003 | L1 Error = 0.0477 | Cosine Sim = 0.8506
2025-08-04 13:35:00,609 - INFO - Epoch 95: KLDiv Loss = 0.3959 | L1 Error = 0.0476 | Cosine Sim = 0.8516
2025-08-04 13:35:00,739 - INFO - Epoch 96: KLDiv Loss = 0.3902 | L1 Error = 0.0470 | Cosine Sim = 0.8542
2025-08-04 13:35:00,868 - INFO - Epoch 97: KLDiv Loss = 0.3872 | L1 Error = 0.0466 | Cosine Sim = 0.8539
2025-08-04 13:35:00,997 - INFO - Epoch 98: KLDiv Loss = 0.3784 | L1 Error = 0.0460 | Cosine Sim = 0.8550
2025-08-04 13:35:01,126 - INFO - Epoch 99: KLDiv Loss = 0.3788 | L1 Error = 0.0460 | Cosine Sim = 0.8531
2025-08-04 13:35:01,255 - INFO - Epoch 100: KLDiv Loss = 0.3732 | L1 Error = 0.0456 | Cosine Sim = 0.8549
2025-08-04 13:35:01,384 - INFO - Epoch 101: KLDiv Loss = 0.3684 | L1 Error = 0.0450 | Cosine Sim = 0.8577
2025-08-04 13:35:01,515 - INFO - Epoch 102: KLDiv Loss = 0.3662 | L1 Error = 0.0448 | Cosine Sim = 0.8581
2025-08-04 13:35:01,644 - INFO - Epoch 103: KLDiv Loss = 0.3658 | L1 Error = 0.0446 | Cosine Sim = 0.8569
2025-08-04 13:35:01,774 - INFO - Epoch 104: KLDiv Loss = 0.3570 | L1 Error = 0.0436 | Cosine Sim = 0.8618
2025-08-04 13:35:01,903 - INFO - Epoch 105: KLDiv Loss = 0.3493 | L1 Error = 0.0431 | Cosine Sim = 0.8624
2025-08-04 13:35:02,032 - INFO - Epoch 106: KLDiv Loss = 0.3546 | L1 Error = 0.0434 | Cosine Sim = 0.8603
2025-08-04 13:35:02,161 - INFO - Epoch 107: KLDiv Loss = 0.3472 | L1 Error = 0.0428 | Cosine Sim = 0.8605
2025-08-04 13:35:02,291 - INFO - Epoch 108: KLDiv Loss = 0.3416 | L1 Error = 0.0423 | Cosine Sim = 0.8648
2025-08-04 13:35:02,420 - INFO - Epoch 109: KLDiv Loss = 0.3368 | L1 Error = 0.0417 | Cosine Sim = 0.8650
2025-08-04 13:35:02,549 - INFO - Epoch 110: KLDiv Loss = 0.3322 | L1 Error = 0.0414 | Cosine Sim = 0.8659
2025-08-04 13:35:02,678 - INFO - Epoch 111: KLDiv Loss = 0.3348 | L1 Error = 0.0416 | Cosine Sim = 0.8650
2025-08-04 13:35:02,807 - INFO - Epoch 112: KLDiv Loss = 0.3256 | L1 Error = 0.0410 | Cosine Sim = 0.8663
2025-08-04 13:35:02,938 - INFO - Epoch 113: KLDiv Loss = 0.3290 | L1 Error = 0.0411 | Cosine Sim = 0.8672
2025-08-04 13:35:03,067 - INFO - Epoch 114: KLDiv Loss = 0.3211 | L1 Error = 0.0403 | Cosine Sim = 0.8692
2025-08-04 13:35:03,196 - INFO - Epoch 115: KLDiv Loss = 0.3149 | L1 Error = 0.0401 | Cosine Sim = 0.8706
2025-08-04 13:35:03,325 - INFO - Epoch 116: KLDiv Loss = 0.3168 | L1 Error = 0.0401 | Cosine Sim = 0.8687
2025-08-04 13:35:03,455 - INFO - Epoch 117: KLDiv Loss = 0.3076 | L1 Error = 0.0394 | Cosine Sim = 0.8733
2025-08-04 13:35:03,584 - INFO - Epoch 118: KLDiv Loss = 0.3047 | L1 Error = 0.0389 | Cosine Sim = 0.8747
2025-08-04 13:35:03,713 - INFO - Epoch 119: KLDiv Loss = 0.3236 | L1 Error = 0.0401 | Cosine Sim = 0.8643
2025-08-04 13:35:03,842 - INFO - Epoch 120: KLDiv Loss = 0.3060 | L1 Error = 0.0387 | Cosine Sim = 0.8735
2025-08-04 13:35:03,971 - INFO - Epoch 121: KLDiv Loss = 0.2982 | L1 Error = 0.0382 | Cosine Sim = 0.8760
2025-08-04 13:35:04,100 - INFO - Epoch 122: KLDiv Loss = 0.2917 | L1 Error = 0.0377 | Cosine Sim = 0.8766
2025-08-04 13:35:04,230 - INFO - Epoch 123: KLDiv Loss = 0.2928 | L1 Error = 0.0374 | Cosine Sim = 0.8770
2025-08-04 13:35:04,359 - INFO - Epoch 124: KLDiv Loss = 0.2917 | L1 Error = 0.0373 | Cosine Sim = 0.8754
2025-08-04 13:35:04,490 - INFO - Epoch 125: KLDiv Loss = 0.2895 | L1 Error = 0.0375 | Cosine Sim = 0.8767
2025-08-04 13:35:04,619 - INFO - Epoch 126: KLDiv Loss = 0.2878 | L1 Error = 0.0371 | Cosine Sim = 0.8771
2025-08-04 13:35:04,749 - INFO - Epoch 127: KLDiv Loss = 0.2847 | L1 Error = 0.0368 | Cosine Sim = 0.8782
2025-08-04 13:35:04,878 - INFO - Epoch 128: KLDiv Loss = 0.2785 | L1 Error = 0.0362 | Cosine Sim = 0.8807
2025-08-04 13:35:05,007 - INFO - Epoch 129: KLDiv Loss = 0.2769 | L1 Error = 0.0360 | Cosine Sim = 0.8796
2025-08-04 13:35:05,136 - INFO - Epoch 130: KLDiv Loss = 0.2682 | L1 Error = 0.0353 | Cosine Sim = 0.8830
2025-08-04 13:35:05,266 - INFO - Epoch 131: KLDiv Loss = 0.2662 | L1 Error = 0.0348 | Cosine Sim = 0.8834
2025-08-04 13:35:05,395 - INFO - Epoch 132: KLDiv Loss = 0.2699 | L1 Error = 0.0350 | Cosine Sim = 0.8805
2025-08-04 13:35:05,524 - INFO - Epoch 133: KLDiv Loss = 0.2559 | L1 Error = 0.0342 | Cosine Sim = 0.8868
2025-08-04 13:35:05,653 - INFO - Epoch 134: KLDiv Loss = 0.2573 | L1 Error = 0.0341 | Cosine Sim = 0.8848
2025-08-04 13:35:05,782 - INFO - Epoch 135: KLDiv Loss = 0.2531 | L1 Error = 0.0339 | Cosine Sim = 0.8864
2025-08-04 13:35:05,911 - INFO - Epoch 136: KLDiv Loss = 0.2496 | L1 Error = 0.0331 | Cosine Sim = 0.8873
2025-08-04 13:35:06,040 - INFO - Epoch 137: KLDiv Loss = 0.2483 | L1 Error = 0.0333 | Cosine Sim = 0.8876
2025-08-04 13:35:06,170 - INFO - Epoch 138: KLDiv Loss = 0.2441 | L1 Error = 0.0331 | Cosine Sim = 0.8879
2025-08-04 13:35:06,299 - INFO - Epoch 139: KLDiv Loss = 0.2423 | L1 Error = 0.0327 | Cosine Sim = 0.8900
2025-08-04 13:35:06,428 - INFO - Epoch 140: KLDiv Loss = 0.2400 | L1 Error = 0.0324 | Cosine Sim = 0.8898
2025-08-04 13:35:06,557 - INFO - Epoch 141: KLDiv Loss = 0.2406 | L1 Error = 0.0327 | Cosine Sim = 0.8901
2025-08-04 13:35:06,686 - INFO - Epoch 142: KLDiv Loss = 0.2388 | L1 Error = 0.0326 | Cosine Sim = 0.8906
2025-08-04 13:35:06,815 - INFO - Epoch 143: KLDiv Loss = 0.2380 | L1 Error = 0.0324 | Cosine Sim = 0.8907
2025-08-04 13:35:06,945 - INFO - Epoch 144: KLDiv Loss = 0.2310 | L1 Error = 0.0315 | Cosine Sim = 0.8916
2025-08-04 13:35:07,074 - INFO - Epoch 145: KLDiv Loss = 0.2298 | L1 Error = 0.0316 | Cosine Sim = 0.8924
2025-08-04 13:35:07,203 - INFO - Epoch 146: KLDiv Loss = 0.2244 | L1 Error = 0.0309 | Cosine Sim = 0.8937
2025-08-04 13:35:07,332 - INFO - Epoch 147: KLDiv Loss = 0.2220 | L1 Error = 0.0308 | Cosine Sim = 0.8949
2025-08-04 13:35:07,462 - INFO - Epoch 148: KLDiv Loss = 0.2175 | L1 Error = 0.0302 | Cosine Sim = 0.8962
2025-08-04 13:35:07,592 - INFO - Epoch 149: KLDiv Loss = 0.2163 | L1 Error = 0.0304 | Cosine Sim = 0.8973
2025-08-04 13:35:07,721 - INFO - Epoch 150: KLDiv Loss = 0.2163 | L1 Error = 0.0301 | Cosine Sim = 0.8955
2025-08-04 13:35:07,850 - INFO - Epoch 151: KLDiv Loss = 0.2175 | L1 Error = 0.0300 | Cosine Sim = 0.8945
2025-08-04 13:35:07,979 - INFO - Epoch 152: KLDiv Loss = 0.2137 | L1 Error = 0.0295 | Cosine Sim = 0.8961
2025-08-04 13:35:08,109 - INFO - Epoch 153: KLDiv Loss = 0.2061 | L1 Error = 0.0292 | Cosine Sim = 0.8995
2025-08-04 13:35:08,238 - INFO - Epoch 154: KLDiv Loss = 0.2056 | L1 Error = 0.0287 | Cosine Sim = 0.9008
2025-08-04 13:35:08,367 - INFO - Epoch 155: KLDiv Loss = 0.2076 | L1 Error = 0.0291 | Cosine Sim = 0.8986
2025-08-04 13:35:08,496 - INFO - Epoch 156: KLDiv Loss = 0.2109 | L1 Error = 0.0294 | Cosine Sim = 0.8956
2025-08-04 13:35:08,626 - INFO - Epoch 157: KLDiv Loss = 0.1958 | L1 Error = 0.0279 | Cosine Sim = 0.9034
2025-08-04 13:35:08,755 - INFO - Epoch 158: KLDiv Loss = 0.1946 | L1 Error = 0.0277 | Cosine Sim = 0.9023
2025-08-04 13:35:08,884 - INFO - Epoch 159: KLDiv Loss = 0.2008 | L1 Error = 0.0281 | Cosine Sim = 0.9001
2025-08-04 13:35:09,014 - INFO - Epoch 160: KLDiv Loss = 0.2010 | L1 Error = 0.0282 | Cosine Sim = 0.9000
2025-08-04 13:35:09,144 - INFO - Epoch 161: KLDiv Loss = 0.1911 | L1 Error = 0.0275 | Cosine Sim = 0.9027
2025-08-04 13:35:09,273 - INFO - Epoch 162: KLDiv Loss = 0.1896 | L1 Error = 0.0273 | Cosine Sim = 0.9040
2025-08-04 13:35:09,402 - INFO - Epoch 163: KLDiv Loss = 0.1887 | L1 Error = 0.0274 | Cosine Sim = 0.9038
2025-08-04 13:35:09,532 - INFO - Epoch 164: KLDiv Loss = 0.1805 | L1 Error = 0.0262 | Cosine Sim = 0.9071
2025-08-04 13:35:09,661 - INFO - Epoch 165: KLDiv Loss = 0.1834 | L1 Error = 0.0262 | Cosine Sim = 0.9049
2025-08-04 13:35:09,790 - INFO - Epoch 166: KLDiv Loss = 0.1788 | L1 Error = 0.0264 | Cosine Sim = 0.9076
2025-08-04 13:35:09,919 - INFO - Epoch 167: KLDiv Loss = 0.1805 | L1 Error = 0.0263 | Cosine Sim = 0.9058
2025-08-04 13:35:10,048 - INFO - Epoch 168: KLDiv Loss = 0.1900 | L1 Error = 0.0270 | Cosine Sim = 0.9009
2025-08-04 13:35:10,178 - INFO - Epoch 169: KLDiv Loss = 0.1946 | L1 Error = 0.0269 | Cosine Sim = 0.8977
2025-08-04 13:35:10,307 - INFO - Epoch 170: KLDiv Loss = 0.1701 | L1 Error = 0.0253 | Cosine Sim = 0.9097
2025-08-04 13:35:10,436 - INFO - Epoch 171: KLDiv Loss = 0.1719 | L1 Error = 0.0252 | Cosine Sim = 0.9094
2025-08-04 13:35:10,565 - INFO - Epoch 172: KLDiv Loss = 0.1738 | L1 Error = 0.0251 | Cosine Sim = 0.9066
2025-08-04 13:35:10,695 - INFO - Epoch 173: KLDiv Loss = 0.1702 | L1 Error = 0.0247 | Cosine Sim = 0.9075
2025-08-04 13:35:10,825 - INFO - Epoch 174: KLDiv Loss = 0.1678 | L1 Error = 0.0249 | Cosine Sim = 0.9096
2025-08-04 13:35:10,955 - INFO - Epoch 175: KLDiv Loss = 0.1642 | L1 Error = 0.0243 | Cosine Sim = 0.9112
2025-08-04 13:35:11,084 - INFO - Epoch 176: KLDiv Loss = 0.1593 | L1 Error = 0.0242 | Cosine Sim = 0.9117
2025-08-04 13:35:11,213 - INFO - Epoch 177: KLDiv Loss = 0.1597 | L1 Error = 0.0240 | Cosine Sim = 0.9118
2025-08-04 13:35:11,342 - INFO - Epoch 178: KLDiv Loss = 0.1644 | L1 Error = 0.0241 | Cosine Sim = 0.9094
2025-08-04 13:35:11,472 - INFO - Epoch 179: KLDiv Loss = 0.1613 | L1 Error = 0.0237 | Cosine Sim = 0.9104
2025-08-04 13:35:11,601 - INFO - Epoch 180: KLDiv Loss = 0.1619 | L1 Error = 0.0238 | Cosine Sim = 0.9097
2025-08-04 13:35:11,730 - INFO - Epoch 181: KLDiv Loss = 0.1579 | L1 Error = 0.0234 | Cosine Sim = 0.9113
2025-08-04 13:35:11,859 - INFO - Epoch 182: KLDiv Loss = 0.1619 | L1 Error = 0.0237 | Cosine Sim = 0.9094
2025-08-04 13:35:11,989 - INFO - Epoch 183: KLDiv Loss = 0.1620 | L1 Error = 0.0239 | Cosine Sim = 0.9091
2025-08-04 13:35:12,119 - INFO - Epoch 184: KLDiv Loss = 0.1597 | L1 Error = 0.0235 | Cosine Sim = 0.9112
2025-08-04 13:35:12,248 - INFO - Epoch 185: KLDiv Loss = 0.1468 | L1 Error = 0.0226 | Cosine Sim = 0.9133
2025-08-04 13:35:12,377 - INFO - Epoch 186: KLDiv Loss = 0.1511 | L1 Error = 0.0229 | Cosine Sim = 0.9103
2025-08-04 13:35:12,507 - INFO - Epoch 187: KLDiv Loss = 0.1459 | L1 Error = 0.0224 | Cosine Sim = 0.9161
2025-08-04 13:35:12,636 - INFO - Epoch 188: KLDiv Loss = 0.1495 | L1 Error = 0.0221 | Cosine Sim = 0.9140
2025-08-04 13:35:12,765 - INFO - Epoch 189: KLDiv Loss = 0.1350 | L1 Error = 0.0212 | Cosine Sim = 0.9183
2025-08-04 13:35:12,894 - INFO - Epoch 190: KLDiv Loss = 0.1370 | L1 Error = 0.0211 | Cosine Sim = 0.9165
2025-08-04 13:35:13,023 - INFO - Epoch 191: KLDiv Loss = 0.1401 | L1 Error = 0.0216 | Cosine Sim = 0.9162
2025-08-04 13:35:13,152 - INFO - Epoch 192: KLDiv Loss = 0.1386 | L1 Error = 0.0212 | Cosine Sim = 0.9170
2025-08-04 13:35:13,282 - INFO - Epoch 193: KLDiv Loss = 0.1339 | L1 Error = 0.0211 | Cosine Sim = 0.9178
2025-08-04 13:35:13,411 - INFO - Epoch 194: KLDiv Loss = 0.1307 | L1 Error = 0.0207 | Cosine Sim = 0.9179
2025-08-04 13:35:13,540 - INFO - Epoch 195: KLDiv Loss = 0.1495 | L1 Error = 0.0221 | Cosine Sim = 0.9112
2025-08-04 13:35:13,669 - INFO - Epoch 196: KLDiv Loss = 0.1326 | L1 Error = 0.0206 | Cosine Sim = 0.9175
2025-08-04 13:35:13,799 - INFO - Epoch 197: KLDiv Loss = 0.1449 | L1 Error = 0.0215 | Cosine Sim = 0.9115
2025-08-04 13:35:13,928 - INFO - Epoch 198: KLDiv Loss = 0.1291 | L1 Error = 0.0201 | Cosine Sim = 0.9184
2025-08-04 13:35:14,057 - INFO - Epoch 199: KLDiv Loss = 0.1348 | L1 Error = 0.0203 | Cosine Sim = 0.9172
2025-08-04 13:35:14,186 - INFO - Epoch 200: KLDiv Loss = 0.1290 | L1 Error = 0.0203 | Cosine Sim = 0.9188
2025-08-04 13:35:14,315 - INFO - Epoch 201: KLDiv Loss = 0.1370 | L1 Error = 0.0211 | Cosine Sim = 0.9151
2025-08-04 13:35:14,445 - INFO - Epoch 202: KLDiv Loss = 0.1245 | L1 Error = 0.0200 | Cosine Sim = 0.9216
2025-08-04 13:35:14,574 - INFO - Epoch 203: KLDiv Loss = 0.1254 | L1 Error = 0.0196 | Cosine Sim = 0.9192
2025-08-04 13:35:14,703 - INFO - Epoch 204: KLDiv Loss = 0.1306 | L1 Error = 0.0202 | Cosine Sim = 0.9159
2025-08-04 13:35:14,832 - INFO - Epoch 205: KLDiv Loss = 0.1380 | L1 Error = 0.0203 | Cosine Sim = 0.9138
2025-08-04 13:35:14,961 - INFO - Epoch 206: KLDiv Loss = 0.1218 | L1 Error = 0.0194 | Cosine Sim = 0.9216
2025-08-04 13:35:15,090 - INFO - Epoch 207: KLDiv Loss = 0.1252 | L1 Error = 0.0195 | Cosine Sim = 0.9171
2025-08-04 13:35:15,220 - INFO - Epoch 208: KLDiv Loss = 0.1289 | L1 Error = 0.0197 | Cosine Sim = 0.9172
2025-08-04 13:35:15,349 - INFO - Epoch 209: KLDiv Loss = 0.1208 | L1 Error = 0.0193 | Cosine Sim = 0.9208
2025-08-04 13:35:15,478 - INFO - Epoch 210: KLDiv Loss = 0.1414 | L1 Error = 0.0206 | Cosine Sim = 0.9113
2025-08-04 13:35:15,607 - INFO - Epoch 211: KLDiv Loss = 0.1195 | L1 Error = 0.0192 | Cosine Sim = 0.9204
2025-08-04 13:35:15,736 - INFO - Epoch 212: KLDiv Loss = 0.1155 | L1 Error = 0.0188 | Cosine Sim = 0.9223
2025-08-04 13:35:15,865 - INFO - Epoch 213: KLDiv Loss = 0.1139 | L1 Error = 0.0184 | Cosine Sim = 0.9214
2025-08-04 13:35:15,994 - INFO - Epoch 214: KLDiv Loss = 0.1169 | L1 Error = 0.0187 | Cosine Sim = 0.9211
2025-08-04 13:35:16,123 - INFO - Epoch 215: KLDiv Loss = 0.1142 | L1 Error = 0.0184 | Cosine Sim = 0.9218
2025-08-04 13:35:16,254 - INFO - Epoch 216: KLDiv Loss = 0.1139 | L1 Error = 0.0186 | Cosine Sim = 0.9216
2025-08-04 13:35:16,383 - INFO - Epoch 217: KLDiv Loss = 0.1154 | L1 Error = 0.0185 | Cosine Sim = 0.9211
2025-08-04 13:35:16,512 - INFO - Epoch 218: KLDiv Loss = 0.1248 | L1 Error = 0.0188 | Cosine Sim = 0.9186
2025-08-04 13:35:16,641 - INFO - Epoch 219: KLDiv Loss = 0.1114 | L1 Error = 0.0180 | Cosine Sim = 0.9234
2025-08-04 13:35:16,771 - INFO - Epoch 220: KLDiv Loss = 0.1114 | L1 Error = 0.0181 | Cosine Sim = 0.9219
2025-08-04 13:35:16,900 - INFO - Epoch 221: KLDiv Loss = 0.1162 | L1 Error = 0.0183 | Cosine Sim = 0.9192
2025-08-04 13:35:17,029 - INFO - Epoch 222: KLDiv Loss = 0.1089 | L1 Error = 0.0180 | Cosine Sim = 0.9207
2025-08-04 13:35:17,158 - INFO - Epoch 223: KLDiv Loss = 0.1136 | L1 Error = 0.0183 | Cosine Sim = 0.9198
2025-08-04 13:35:17,287 - INFO - Epoch 224: KLDiv Loss = 0.1048 | L1 Error = 0.0176 | Cosine Sim = 0.9238
2025-08-04 13:35:17,416 - INFO - Epoch 225: KLDiv Loss = 0.1012 | L1 Error = 0.0170 | Cosine Sim = 0.9251
2025-08-04 13:35:17,545 - INFO - Epoch 226: KLDiv Loss = 0.1077 | L1 Error = 0.0177 | Cosine Sim = 0.9202
2025-08-04 13:35:17,674 - INFO - Epoch 227: KLDiv Loss = 0.1081 | L1 Error = 0.0178 | Cosine Sim = 0.9208
2025-08-04 13:35:17,803 - INFO - Epoch 228: KLDiv Loss = 0.1035 | L1 Error = 0.0173 | Cosine Sim = 0.9221
2025-08-04 13:35:17,932 - INFO - Epoch 229: KLDiv Loss = 0.0991 | L1 Error = 0.0167 | Cosine Sim = 0.9256
2025-08-04 13:35:18,061 - INFO - Epoch 230: KLDiv Loss = 0.1095 | L1 Error = 0.0176 | Cosine Sim = 0.9220
2025-08-04 13:35:18,190 - INFO - Epoch 231: KLDiv Loss = 0.1052 | L1 Error = 0.0174 | Cosine Sim = 0.9225
2025-08-04 13:35:18,320 - INFO - Epoch 232: KLDiv Loss = 0.1019 | L1 Error = 0.0167 | Cosine Sim = 0.9233
2025-08-04 13:35:18,451 - INFO - Epoch 233: KLDiv Loss = 0.1031 | L1 Error = 0.0167 | Cosine Sim = 0.9242
2025-08-04 13:35:18,580 - INFO - Epoch 234: KLDiv Loss = 0.0961 | L1 Error = 0.0164 | Cosine Sim = 0.9257
2025-08-04 13:35:18,709 - INFO - Epoch 235: KLDiv Loss = 0.1076 | L1 Error = 0.0172 | Cosine Sim = 0.9214
2025-08-04 13:35:18,839 - INFO - Epoch 236: KLDiv Loss = 0.1031 | L1 Error = 0.0171 | Cosine Sim = 0.9235
2025-08-04 13:35:18,968 - INFO - Epoch 237: KLDiv Loss = 0.1028 | L1 Error = 0.0167 | Cosine Sim = 0.9248
2025-08-04 13:35:19,097 - INFO - Epoch 238: KLDiv Loss = 0.0978 | L1 Error = 0.0168 | Cosine Sim = 0.9238
2025-08-04 13:35:19,226 - INFO - Epoch 239: KLDiv Loss = 0.0964 | L1 Error = 0.0163 | Cosine Sim = 0.9254
2025-08-04 13:35:19,356 - INFO - Epoch 240: KLDiv Loss = 0.1004 | L1 Error = 0.0167 | Cosine Sim = 0.9238
2025-08-04 13:35:19,485 - INFO - Epoch 241: KLDiv Loss = 0.0913 | L1 Error = 0.0159 | Cosine Sim = 0.9254
2025-08-04 13:35:19,614 - INFO - Epoch 242: KLDiv Loss = 0.1022 | L1 Error = 0.0164 | Cosine Sim = 0.9231
2025-08-04 13:35:19,743 - INFO - Epoch 243: KLDiv Loss = 0.0881 | L1 Error = 0.0157 | Cosine Sim = 0.9275
2025-08-04 13:35:19,872 - INFO - Epoch 244: KLDiv Loss = 0.1021 | L1 Error = 0.0166 | Cosine Sim = 0.9222
2025-08-04 13:35:20,002 - INFO - Epoch 245: KLDiv Loss = 0.0978 | L1 Error = 0.0162 | Cosine Sim = 0.9239
2025-08-04 13:35:20,131 - INFO - Epoch 246: KLDiv Loss = 0.0975 | L1 Error = 0.0157 | Cosine Sim = 0.9245
2025-08-04 13:35:20,260 - INFO - Epoch 247: KLDiv Loss = 0.0856 | L1 Error = 0.0152 | Cosine Sim = 0.9281
2025-08-04 13:35:20,389 - INFO - Epoch 248: KLDiv Loss = 0.0840 | L1 Error = 0.0152 | Cosine Sim = 0.9284
2025-08-04 13:35:20,518 - INFO - Epoch 249: KLDiv Loss = 0.0962 | L1 Error = 0.0159 | Cosine Sim = 0.9244
2025-08-04 13:35:20,649 - INFO - Epoch 250: KLDiv Loss = 0.0953 | L1 Error = 0.0161 | Cosine Sim = 0.9245
2025-08-04 13:35:20,778 - INFO - Epoch 251: KLDiv Loss = 0.0892 | L1 Error = 0.0153 | Cosine Sim = 0.9266
2025-08-04 13:35:20,907 - INFO - Epoch 252: KLDiv Loss = 0.0832 | L1 Error = 0.0152 | Cosine Sim = 0.9293
2025-08-04 13:35:21,036 - INFO - Epoch 253: KLDiv Loss = 0.0812 | L1 Error = 0.0146 | Cosine Sim = 0.9289
2025-08-04 13:35:21,166 - INFO - Epoch 254: KLDiv Loss = 0.0814 | L1 Error = 0.0148 | Cosine Sim = 0.9292
2025-08-04 13:35:21,295 - INFO - Epoch 255: KLDiv Loss = 0.1053 | L1 Error = 0.0168 | Cosine Sim = 0.9179
2025-08-04 13:35:21,424 - INFO - Epoch 256: KLDiv Loss = 0.0951 | L1 Error = 0.0155 | Cosine Sim = 0.9222
2025-08-04 13:35:21,668 - INFO - Test: Loss = 0.6914, Quant Error = 0.2741
2025-08-04 13:35:21,675 - INFO - [Gradient Run 1] Training time: 35.65s
