2025-08-05 13:38:37,824 - INFO - ------------------------------------Gradient-------------------------------------------
2025-08-05 13:38:37,824 - INFO - [Gradient Run 1] Starting
2025-08-05 13:38:39,560 - INFO - Training on device: cuda
2025-08-05 13:38:39,812 - INFO - Epoch 01: KLDiv Loss = 2.2958 | L1 Error = 0.1478 | Cosine Sim = 0.3300
2025-08-05 13:38:39,904 - INFO - Epoch 02: KLDiv Loss = 2.2186 | L1 Error = 0.1463 | Cosine Sim = 0.3559
2025-08-05 13:38:39,997 - INFO - Epoch 03: KLDiv Loss = 2.1525 | L1 Error = 0.1447 | Cosine Sim = 0.3803
2025-08-05 13:38:40,089 - INFO - Epoch 04: KLDiv Loss = 2.0959 | L1 Error = 0.1432 | Cosine Sim = 0.4008
2025-08-05 13:38:40,180 - INFO - Epoch 05: KLDiv Loss = 2.0449 | L1 Error = 0.1417 | Cosine Sim = 0.4191
2025-08-05 13:38:40,271 - INFO - Epoch 06: KLDiv Loss = 1.9991 | L1 Error = 0.1403 | Cosine Sim = 0.4352
2025-08-05 13:38:40,362 - INFO - Epoch 07: KLDiv Loss = 1.9500 | L1 Error = 0.1386 | Cosine Sim = 0.4519
2025-08-05 13:38:40,453 - INFO - Epoch 08: KLDiv Loss = 1.9003 | L1 Error = 0.1367 | Cosine Sim = 0.4689
2025-08-05 13:38:40,544 - INFO - Epoch 09: KLDiv Loss = 1.8598 | L1 Error = 0.1351 | Cosine Sim = 0.4820
2025-08-05 13:38:40,634 - INFO - Epoch 10: KLDiv Loss = 1.8207 | L1 Error = 0.1336 | Cosine Sim = 0.4942
2025-08-05 13:38:40,725 - INFO - Epoch 11: KLDiv Loss = 1.7823 | L1 Error = 0.1321 | Cosine Sim = 0.5072
2025-08-05 13:38:40,816 - INFO - Epoch 12: KLDiv Loss = 1.7486 | L1 Error = 0.1307 | Cosine Sim = 0.5174
2025-08-05 13:38:40,907 - INFO - Epoch 13: KLDiv Loss = 1.7186 | L1 Error = 0.1293 | Cosine Sim = 0.5275
2025-08-05 13:38:40,998 - INFO - Epoch 14: KLDiv Loss = 1.6788 | L1 Error = 0.1277 | Cosine Sim = 0.5401
2025-08-05 13:38:41,089 - INFO - Epoch 15: KLDiv Loss = 1.6463 | L1 Error = 0.1265 | Cosine Sim = 0.5503
2025-08-05 13:38:41,180 - INFO - Epoch 16: KLDiv Loss = 1.6200 | L1 Error = 0.1252 | Cosine Sim = 0.5579
2025-08-05 13:38:41,270 - INFO - Epoch 17: KLDiv Loss = 1.5913 | L1 Error = 0.1240 | Cosine Sim = 0.5665
2025-08-05 13:38:41,362 - INFO - Epoch 18: KLDiv Loss = 1.5656 | L1 Error = 0.1228 | Cosine Sim = 0.5749
2025-08-05 13:38:41,452 - INFO - Epoch 19: KLDiv Loss = 1.5437 | L1 Error = 0.1218 | Cosine Sim = 0.5818
2025-08-05 13:38:41,543 - INFO - Epoch 20: KLDiv Loss = 1.5175 | L1 Error = 0.1204 | Cosine Sim = 0.5894
2025-08-05 13:38:41,634 - INFO - Epoch 21: KLDiv Loss = 1.4966 | L1 Error = 0.1195 | Cosine Sim = 0.5962
2025-08-05 13:38:41,725 - INFO - Epoch 22: KLDiv Loss = 1.4765 | L1 Error = 0.1186 | Cosine Sim = 0.6023
2025-08-05 13:38:41,816 - INFO - Epoch 23: KLDiv Loss = 1.4559 | L1 Error = 0.1177 | Cosine Sim = 0.6092
2025-08-05 13:38:41,907 - INFO - Epoch 24: KLDiv Loss = 1.4304 | L1 Error = 0.1164 | Cosine Sim = 0.6172
2025-08-05 13:38:41,998 - INFO - Epoch 25: KLDiv Loss = 1.4141 | L1 Error = 0.1154 | Cosine Sim = 0.6224
2025-08-05 13:38:42,088 - INFO - Epoch 26: KLDiv Loss = 1.3919 | L1 Error = 0.1144 | Cosine Sim = 0.6300
2025-08-05 13:38:42,179 - INFO - Epoch 27: KLDiv Loss = 1.3733 | L1 Error = 0.1133 | Cosine Sim = 0.6352
2025-08-05 13:38:42,270 - INFO - Epoch 28: KLDiv Loss = 1.3558 | L1 Error = 0.1124 | Cosine Sim = 0.6406
2025-08-05 13:38:42,361 - INFO - Epoch 29: KLDiv Loss = 1.3375 | L1 Error = 0.1113 | Cosine Sim = 0.6461
2025-08-05 13:38:42,452 - INFO - Epoch 30: KLDiv Loss = 1.3206 | L1 Error = 0.1105 | Cosine Sim = 0.6515
2025-08-05 13:38:42,543 - INFO - Epoch 31: KLDiv Loss = 1.3030 | L1 Error = 0.1094 | Cosine Sim = 0.6569
2025-08-05 13:38:42,634 - INFO - Epoch 32: KLDiv Loss = 1.2837 | L1 Error = 0.1085 | Cosine Sim = 0.6640
2025-08-05 13:38:42,726 - INFO - Epoch 33: KLDiv Loss = 1.2691 | L1 Error = 0.1077 | Cosine Sim = 0.6682
2025-08-05 13:38:42,817 - INFO - Epoch 34: KLDiv Loss = 1.2519 | L1 Error = 0.1066 | Cosine Sim = 0.6733
2025-08-05 13:38:42,908 - INFO - Epoch 35: KLDiv Loss = 1.2351 | L1 Error = 0.1057 | Cosine Sim = 0.6785
2025-08-05 13:38:42,999 - INFO - Epoch 36: KLDiv Loss = 1.2204 | L1 Error = 0.1047 | Cosine Sim = 0.6832
2025-08-05 13:38:43,090 - INFO - Epoch 37: KLDiv Loss = 1.2048 | L1 Error = 0.1038 | Cosine Sim = 0.6880
2025-08-05 13:38:43,180 - INFO - Epoch 38: KLDiv Loss = 1.1932 | L1 Error = 0.1031 | Cosine Sim = 0.6900
2025-08-05 13:38:43,271 - INFO - Epoch 39: KLDiv Loss = 1.1805 | L1 Error = 0.1022 | Cosine Sim = 0.6928
2025-08-05 13:38:43,362 - INFO - Epoch 40: KLDiv Loss = 1.1632 | L1 Error = 0.1013 | Cosine Sim = 0.6990
2025-08-05 13:38:43,453 - INFO - Epoch 41: KLDiv Loss = 1.1482 | L1 Error = 0.1004 | Cosine Sim = 0.7032
2025-08-05 13:38:43,544 - INFO - Epoch 42: KLDiv Loss = 1.1336 | L1 Error = 0.0996 | Cosine Sim = 0.7070
2025-08-05 13:38:43,636 - INFO - Epoch 43: KLDiv Loss = 1.1193 | L1 Error = 0.0986 | Cosine Sim = 0.7118
2025-08-05 13:38:43,728 - INFO - Epoch 44: KLDiv Loss = 1.1029 | L1 Error = 0.0977 | Cosine Sim = 0.7165
2025-08-05 13:38:43,818 - INFO - Epoch 45: KLDiv Loss = 1.0935 | L1 Error = 0.0970 | Cosine Sim = 0.7193
2025-08-05 13:38:43,909 - INFO - Epoch 46: KLDiv Loss = 1.0761 | L1 Error = 0.0960 | Cosine Sim = 0.7251
2025-08-05 13:38:44,000 - INFO - Epoch 47: KLDiv Loss = 1.0588 | L1 Error = 0.0949 | Cosine Sim = 0.7288
2025-08-05 13:38:44,091 - INFO - Epoch 48: KLDiv Loss = 1.0464 | L1 Error = 0.0939 | Cosine Sim = 0.7327
2025-08-05 13:38:44,182 - INFO - Epoch 49: KLDiv Loss = 1.0335 | L1 Error = 0.0931 | Cosine Sim = 0.7357
2025-08-05 13:38:44,272 - INFO - Epoch 50: KLDiv Loss = 1.0213 | L1 Error = 0.0925 | Cosine Sim = 0.7399
2025-08-05 13:38:44,363 - INFO - Epoch 51: KLDiv Loss = 1.0100 | L1 Error = 0.0917 | Cosine Sim = 0.7425
2025-08-05 13:38:44,454 - INFO - Epoch 52: KLDiv Loss = 0.9982 | L1 Error = 0.0907 | Cosine Sim = 0.7449
2025-08-05 13:38:44,545 - INFO - Epoch 53: KLDiv Loss = 0.9858 | L1 Error = 0.0900 | Cosine Sim = 0.7485
2025-08-05 13:38:44,637 - INFO - Epoch 54: KLDiv Loss = 0.9741 | L1 Error = 0.0892 | Cosine Sim = 0.7523
2025-08-05 13:38:44,728 - INFO - Epoch 55: KLDiv Loss = 0.9615 | L1 Error = 0.0885 | Cosine Sim = 0.7560
2025-08-05 13:38:44,819 - INFO - Epoch 56: KLDiv Loss = 0.9540 | L1 Error = 0.0880 | Cosine Sim = 0.7570
2025-08-05 13:38:44,909 - INFO - Epoch 57: KLDiv Loss = 0.9437 | L1 Error = 0.0875 | Cosine Sim = 0.7598
2025-08-05 13:38:45,000 - INFO - Epoch 58: KLDiv Loss = 0.9294 | L1 Error = 0.0863 | Cosine Sim = 0.7645
2025-08-05 13:38:45,091 - INFO - Epoch 59: KLDiv Loss = 0.9205 | L1 Error = 0.0858 | Cosine Sim = 0.7668
2025-08-05 13:38:45,182 - INFO - Epoch 60: KLDiv Loss = 0.9139 | L1 Error = 0.0851 | Cosine Sim = 0.7687
2025-08-05 13:38:45,272 - INFO - Epoch 61: KLDiv Loss = 0.9040 | L1 Error = 0.0846 | Cosine Sim = 0.7711
2025-08-05 13:38:45,363 - INFO - Epoch 62: KLDiv Loss = 0.8901 | L1 Error = 0.0835 | Cosine Sim = 0.7746
2025-08-05 13:38:45,454 - INFO - Epoch 63: KLDiv Loss = 0.8810 | L1 Error = 0.0829 | Cosine Sim = 0.7782
2025-08-05 13:38:45,546 - INFO - Epoch 64: KLDiv Loss = 0.8697 | L1 Error = 0.0822 | Cosine Sim = 0.7820
2025-08-05 13:38:45,636 - INFO - Epoch 65: KLDiv Loss = 0.8601 | L1 Error = 0.0815 | Cosine Sim = 0.7830
2025-08-05 13:38:45,727 - INFO - Epoch 66: KLDiv Loss = 0.8542 | L1 Error = 0.0809 | Cosine Sim = 0.7843
2025-08-05 13:38:45,818 - INFO - Epoch 67: KLDiv Loss = 0.8421 | L1 Error = 0.0803 | Cosine Sim = 0.7878
2025-08-05 13:38:45,909 - INFO - Epoch 68: KLDiv Loss = 0.8305 | L1 Error = 0.0793 | Cosine Sim = 0.7921
2025-08-05 13:38:46,000 - INFO - Epoch 69: KLDiv Loss = 0.8201 | L1 Error = 0.0787 | Cosine Sim = 0.7945
2025-08-05 13:38:46,090 - INFO - Epoch 70: KLDiv Loss = 0.8086 | L1 Error = 0.0780 | Cosine Sim = 0.7988
2025-08-05 13:38:46,181 - INFO - Epoch 71: KLDiv Loss = 0.8018 | L1 Error = 0.0772 | Cosine Sim = 0.7989
2025-08-05 13:38:46,272 - INFO - Epoch 72: KLDiv Loss = 0.7900 | L1 Error = 0.0767 | Cosine Sim = 0.8036
2025-08-05 13:38:46,363 - INFO - Epoch 73: KLDiv Loss = 0.7767 | L1 Error = 0.0757 | Cosine Sim = 0.8074
2025-08-05 13:38:46,455 - INFO - Epoch 74: KLDiv Loss = 0.7662 | L1 Error = 0.0748 | Cosine Sim = 0.8095
2025-08-05 13:38:46,546 - INFO - Epoch 75: KLDiv Loss = 0.7612 | L1 Error = 0.0741 | Cosine Sim = 0.8100
2025-08-05 13:38:46,637 - INFO - Epoch 76: KLDiv Loss = 0.7456 | L1 Error = 0.0733 | Cosine Sim = 0.8159
2025-08-05 13:38:46,728 - INFO - Epoch 77: KLDiv Loss = 0.7403 | L1 Error = 0.0728 | Cosine Sim = 0.8157
2025-08-05 13:38:46,819 - INFO - Epoch 78: KLDiv Loss = 0.7319 | L1 Error = 0.0722 | Cosine Sim = 0.8196
2025-08-05 13:38:46,910 - INFO - Epoch 79: KLDiv Loss = 0.7241 | L1 Error = 0.0715 | Cosine Sim = 0.8212
2025-08-05 13:38:47,001 - INFO - Epoch 80: KLDiv Loss = 0.7119 | L1 Error = 0.0708 | Cosine Sim = 0.8237
2025-08-05 13:38:47,092 - INFO - Epoch 81: KLDiv Loss = 0.7055 | L1 Error = 0.0701 | Cosine Sim = 0.8258
2025-08-05 13:38:47,182 - INFO - Epoch 82: KLDiv Loss = 0.6886 | L1 Error = 0.0692 | Cosine Sim = 0.8312
2025-08-05 13:38:47,273 - INFO - Epoch 83: KLDiv Loss = 0.6815 | L1 Error = 0.0686 | Cosine Sim = 0.8327
2025-08-05 13:38:47,364 - INFO - Epoch 84: KLDiv Loss = 0.6796 | L1 Error = 0.0683 | Cosine Sim = 0.8310
2025-08-05 13:38:47,455 - INFO - Epoch 85: KLDiv Loss = 0.6666 | L1 Error = 0.0673 | Cosine Sim = 0.8357
2025-08-05 13:38:47,546 - INFO - Epoch 86: KLDiv Loss = 0.6579 | L1 Error = 0.0667 | Cosine Sim = 0.8376
2025-08-05 13:38:47,637 - INFO - Epoch 87: KLDiv Loss = 0.6502 | L1 Error = 0.0662 | Cosine Sim = 0.8405
2025-08-05 13:38:47,728 - INFO - Epoch 88: KLDiv Loss = 0.6460 | L1 Error = 0.0654 | Cosine Sim = 0.8428
2025-08-05 13:38:47,819 - INFO - Epoch 89: KLDiv Loss = 0.6327 | L1 Error = 0.0646 | Cosine Sim = 0.8449
2025-08-05 13:38:47,910 - INFO - Epoch 90: KLDiv Loss = 0.6205 | L1 Error = 0.0642 | Cosine Sim = 0.8488
2025-08-05 13:38:48,001 - INFO - Epoch 91: KLDiv Loss = 0.6170 | L1 Error = 0.0635 | Cosine Sim = 0.8487
2025-08-05 13:38:48,092 - INFO - Epoch 92: KLDiv Loss = 0.6081 | L1 Error = 0.0631 | Cosine Sim = 0.8531
2025-08-05 13:38:48,183 - INFO - Epoch 93: KLDiv Loss = 0.6045 | L1 Error = 0.0622 | Cosine Sim = 0.8530
2025-08-05 13:38:48,274 - INFO - Epoch 94: KLDiv Loss = 0.5951 | L1 Error = 0.0615 | Cosine Sim = 0.8549
2025-08-05 13:38:48,365 - INFO - Epoch 95: KLDiv Loss = 0.5805 | L1 Error = 0.0606 | Cosine Sim = 0.8596
2025-08-05 13:38:48,456 - INFO - Epoch 96: KLDiv Loss = 0.5785 | L1 Error = 0.0600 | Cosine Sim = 0.8598
2025-08-05 13:38:48,547 - INFO - Epoch 97: KLDiv Loss = 0.5695 | L1 Error = 0.0595 | Cosine Sim = 0.8620
2025-08-05 13:38:48,637 - INFO - Epoch 98: KLDiv Loss = 0.5669 | L1 Error = 0.0594 | Cosine Sim = 0.8633
2025-08-05 13:38:48,729 - INFO - Epoch 99: KLDiv Loss = 0.5520 | L1 Error = 0.0582 | Cosine Sim = 0.8686
2025-08-05 13:38:48,820 - INFO - Epoch 100: KLDiv Loss = 0.5459 | L1 Error = 0.0578 | Cosine Sim = 0.8687
2025-08-05 13:38:48,911 - INFO - Epoch 101: KLDiv Loss = 0.5464 | L1 Error = 0.0577 | Cosine Sim = 0.8676
2025-08-05 13:38:49,002 - INFO - Epoch 102: KLDiv Loss = 0.5397 | L1 Error = 0.0573 | Cosine Sim = 0.8699
2025-08-05 13:38:49,093 - INFO - Epoch 103: KLDiv Loss = 0.5237 | L1 Error = 0.0560 | Cosine Sim = 0.8754
2025-08-05 13:38:49,184 - INFO - Epoch 104: KLDiv Loss = 0.5266 | L1 Error = 0.0561 | Cosine Sim = 0.8729
2025-08-05 13:38:49,274 - INFO - Epoch 105: KLDiv Loss = 0.5135 | L1 Error = 0.0550 | Cosine Sim = 0.8772
2025-08-05 13:38:49,365 - INFO - Epoch 106: KLDiv Loss = 0.5009 | L1 Error = 0.0542 | Cosine Sim = 0.8813
2025-08-05 13:38:49,456 - INFO - Epoch 107: KLDiv Loss = 0.4981 | L1 Error = 0.0536 | Cosine Sim = 0.8822
2025-08-05 13:38:49,547 - INFO - Epoch 108: KLDiv Loss = 0.4845 | L1 Error = 0.0525 | Cosine Sim = 0.8864
2025-08-05 13:38:49,638 - INFO - Epoch 109: KLDiv Loss = 0.4810 | L1 Error = 0.0522 | Cosine Sim = 0.8872
2025-08-05 13:38:49,729 - INFO - Epoch 110: KLDiv Loss = 0.4818 | L1 Error = 0.0523 | Cosine Sim = 0.8864
2025-08-05 13:38:49,819 - INFO - Epoch 111: KLDiv Loss = 0.4812 | L1 Error = 0.0518 | Cosine Sim = 0.8856
2025-08-05 13:38:49,910 - INFO - Epoch 112: KLDiv Loss = 0.4674 | L1 Error = 0.0511 | Cosine Sim = 0.8900
2025-08-05 13:38:50,001 - INFO - Epoch 113: KLDiv Loss = 0.4641 | L1 Error = 0.0510 | Cosine Sim = 0.8897
2025-08-05 13:38:50,093 - INFO - Epoch 114: KLDiv Loss = 0.4559 | L1 Error = 0.0502 | Cosine Sim = 0.8927
2025-08-05 13:38:50,184 - INFO - Epoch 115: KLDiv Loss = 0.4505 | L1 Error = 0.0495 | Cosine Sim = 0.8948
2025-08-05 13:38:50,275 - INFO - Epoch 116: KLDiv Loss = 0.4432 | L1 Error = 0.0493 | Cosine Sim = 0.8965
2025-08-05 13:38:50,366 - INFO - Epoch 117: KLDiv Loss = 0.4431 | L1 Error = 0.0490 | Cosine Sim = 0.8955
2025-08-05 13:38:50,457 - INFO - Epoch 118: KLDiv Loss = 0.4335 | L1 Error = 0.0480 | Cosine Sim = 0.8996
2025-08-05 13:38:50,548 - INFO - Epoch 119: KLDiv Loss = 0.4246 | L1 Error = 0.0472 | Cosine Sim = 0.9010
2025-08-05 13:38:50,639 - INFO - Epoch 120: KLDiv Loss = 0.4260 | L1 Error = 0.0472 | Cosine Sim = 0.9000
2025-08-05 13:38:50,730 - INFO - Epoch 121: KLDiv Loss = 0.4088 | L1 Error = 0.0458 | Cosine Sim = 0.9061
2025-08-05 13:38:50,821 - INFO - Epoch 122: KLDiv Loss = 0.4045 | L1 Error = 0.0454 | Cosine Sim = 0.9069
2025-08-05 13:38:50,912 - INFO - Epoch 123: KLDiv Loss = 0.4202 | L1 Error = 0.0463 | Cosine Sim = 0.9015
2025-08-05 13:38:51,002 - INFO - Epoch 124: KLDiv Loss = 0.4026 | L1 Error = 0.0453 | Cosine Sim = 0.9071
2025-08-05 13:38:51,093 - INFO - Epoch 125: KLDiv Loss = 0.4009 | L1 Error = 0.0449 | Cosine Sim = 0.9068
2025-08-05 13:38:51,185 - INFO - Epoch 126: KLDiv Loss = 0.3955 | L1 Error = 0.0445 | Cosine Sim = 0.9073
2025-08-05 13:38:51,276 - INFO - Epoch 127: KLDiv Loss = 0.3846 | L1 Error = 0.0437 | Cosine Sim = 0.9120
2025-08-05 13:38:51,367 - INFO - Epoch 128: KLDiv Loss = 0.3749 | L1 Error = 0.0428 | Cosine Sim = 0.9156
2025-08-05 13:38:51,458 - INFO - Epoch 129: KLDiv Loss = 0.3724 | L1 Error = 0.0422 | Cosine Sim = 0.9142
2025-08-05 13:38:51,549 - INFO - Epoch 130: KLDiv Loss = 0.3746 | L1 Error = 0.0425 | Cosine Sim = 0.9133
2025-08-05 13:38:51,640 - INFO - Epoch 131: KLDiv Loss = 0.3687 | L1 Error = 0.0416 | Cosine Sim = 0.9159
2025-08-05 13:38:51,731 - INFO - Epoch 132: KLDiv Loss = 0.3659 | L1 Error = 0.0411 | Cosine Sim = 0.9150
2025-08-05 13:38:51,822 - INFO - Epoch 133: KLDiv Loss = 0.3639 | L1 Error = 0.0414 | Cosine Sim = 0.9165
2025-08-05 13:38:51,912 - INFO - Epoch 134: KLDiv Loss = 0.3583 | L1 Error = 0.0408 | Cosine Sim = 0.9171
2025-08-05 13:38:52,003 - INFO - Epoch 135: KLDiv Loss = 0.3496 | L1 Error = 0.0400 | Cosine Sim = 0.9203
2025-08-05 13:38:52,094 - INFO - Epoch 136: KLDiv Loss = 0.3504 | L1 Error = 0.0398 | Cosine Sim = 0.9188
2025-08-05 13:38:52,185 - INFO - Epoch 137: KLDiv Loss = 0.3400 | L1 Error = 0.0391 | Cosine Sim = 0.9220
2025-08-05 13:38:52,276 - INFO - Epoch 138: KLDiv Loss = 0.3399 | L1 Error = 0.0392 | Cosine Sim = 0.9212
2025-08-05 13:38:52,367 - INFO - Epoch 139: KLDiv Loss = 0.3313 | L1 Error = 0.0386 | Cosine Sim = 0.9252
2025-08-05 13:38:52,458 - INFO - Epoch 140: KLDiv Loss = 0.3385 | L1 Error = 0.0387 | Cosine Sim = 0.9214
2025-08-05 13:38:52,549 - INFO - Epoch 141: KLDiv Loss = 0.3299 | L1 Error = 0.0381 | Cosine Sim = 0.9247
2025-08-05 13:38:52,640 - INFO - Epoch 142: KLDiv Loss = 0.3162 | L1 Error = 0.0369 | Cosine Sim = 0.9292
2025-08-05 13:38:52,733 - INFO - Epoch 143: KLDiv Loss = 0.3243 | L1 Error = 0.0373 | Cosine Sim = 0.9259
2025-08-05 13:38:52,823 - INFO - Epoch 144: KLDiv Loss = 0.3120 | L1 Error = 0.0365 | Cosine Sim = 0.9294
2025-08-05 13:38:52,914 - INFO - Epoch 145: KLDiv Loss = 0.3104 | L1 Error = 0.0365 | Cosine Sim = 0.9296
2025-08-05 13:38:53,005 - INFO - Epoch 146: KLDiv Loss = 0.3077 | L1 Error = 0.0356 | Cosine Sim = 0.9305
2025-08-05 13:38:53,095 - INFO - Epoch 147: KLDiv Loss = 0.3128 | L1 Error = 0.0359 | Cosine Sim = 0.9264
2025-08-05 13:38:53,186 - INFO - Epoch 148: KLDiv Loss = 0.3049 | L1 Error = 0.0355 | Cosine Sim = 0.9312
2025-08-05 13:38:53,277 - INFO - Epoch 149: KLDiv Loss = 0.2953 | L1 Error = 0.0348 | Cosine Sim = 0.9340
2025-08-05 13:38:53,367 - INFO - Epoch 150: KLDiv Loss = 0.2946 | L1 Error = 0.0340 | Cosine Sim = 0.9344
2025-08-05 13:38:53,458 - INFO - Epoch 151: KLDiv Loss = 0.2953 | L1 Error = 0.0346 | Cosine Sim = 0.9315
2025-08-05 13:38:53,549 - INFO - Epoch 152: KLDiv Loss = 0.3025 | L1 Error = 0.0345 | Cosine Sim = 0.9303
2025-08-05 13:38:53,639 - INFO - Epoch 153: KLDiv Loss = 0.2876 | L1 Error = 0.0338 | Cosine Sim = 0.9343
2025-08-05 13:38:53,730 - INFO - Epoch 154: KLDiv Loss = 0.2735 | L1 Error = 0.0328 | Cosine Sim = 0.9411
2025-08-05 13:38:53,821 - INFO - Epoch 155: KLDiv Loss = 0.2844 | L1 Error = 0.0336 | Cosine Sim = 0.9349
2025-08-05 13:38:53,912 - INFO - Epoch 156: KLDiv Loss = 0.2764 | L1 Error = 0.0326 | Cosine Sim = 0.9378
2025-08-05 13:38:54,003 - INFO - Epoch 157: KLDiv Loss = 0.2803 | L1 Error = 0.0329 | Cosine Sim = 0.9364
2025-08-05 13:38:54,094 - INFO - Epoch 158: KLDiv Loss = 0.2680 | L1 Error = 0.0316 | Cosine Sim = 0.9399
2025-08-05 13:38:54,184 - INFO - Epoch 159: KLDiv Loss = 0.2760 | L1 Error = 0.0322 | Cosine Sim = 0.9358
2025-08-05 13:38:54,275 - INFO - Epoch 160: KLDiv Loss = 0.2608 | L1 Error = 0.0316 | Cosine Sim = 0.9414
2025-08-05 13:38:54,366 - INFO - Epoch 161: KLDiv Loss = 0.2683 | L1 Error = 0.0316 | Cosine Sim = 0.9390
2025-08-05 13:38:54,456 - INFO - Epoch 162: KLDiv Loss = 0.2627 | L1 Error = 0.0307 | Cosine Sim = 0.9396
2025-08-05 13:38:54,547 - INFO - Epoch 163: KLDiv Loss = 0.2492 | L1 Error = 0.0299 | Cosine Sim = 0.9438
2025-08-05 13:38:54,638 - INFO - Epoch 164: KLDiv Loss = 0.2546 | L1 Error = 0.0302 | Cosine Sim = 0.9420
2025-08-05 13:38:54,728 - INFO - Epoch 165: KLDiv Loss = 0.2433 | L1 Error = 0.0288 | Cosine Sim = 0.9452
2025-08-05 13:38:54,819 - INFO - Epoch 166: KLDiv Loss = 0.2605 | L1 Error = 0.0293 | Cosine Sim = 0.9397
2025-08-05 13:38:54,909 - INFO - Epoch 167: KLDiv Loss = 0.2412 | L1 Error = 0.0285 | Cosine Sim = 0.9448
2025-08-05 13:38:55,000 - INFO - Epoch 168: KLDiv Loss = 0.2321 | L1 Error = 0.0279 | Cosine Sim = 0.9488
2025-08-05 13:38:55,091 - INFO - Epoch 169: KLDiv Loss = 0.2275 | L1 Error = 0.0272 | Cosine Sim = 0.9486
2025-08-05 13:38:55,181 - INFO - Epoch 170: KLDiv Loss = 0.2303 | L1 Error = 0.0271 | Cosine Sim = 0.9471
2025-08-05 13:38:55,272 - INFO - Epoch 171: KLDiv Loss = 0.2255 | L1 Error = 0.0268 | Cosine Sim = 0.9483
2025-08-05 13:38:55,363 - INFO - Epoch 172: KLDiv Loss = 0.2363 | L1 Error = 0.0274 | Cosine Sim = 0.9449
2025-08-05 13:38:55,454 - INFO - Epoch 173: KLDiv Loss = 0.2294 | L1 Error = 0.0268 | Cosine Sim = 0.9457
2025-08-05 13:38:55,545 - INFO - Epoch 174: KLDiv Loss = 0.2169 | L1 Error = 0.0262 | Cosine Sim = 0.9504
2025-08-05 13:38:55,636 - INFO - Epoch 175: KLDiv Loss = 0.2175 | L1 Error = 0.0260 | Cosine Sim = 0.9497
2025-08-05 13:38:55,727 - INFO - Epoch 176: KLDiv Loss = 0.2160 | L1 Error = 0.0253 | Cosine Sim = 0.9512
2025-08-05 13:38:55,817 - INFO - Epoch 177: KLDiv Loss = 0.2204 | L1 Error = 0.0258 | Cosine Sim = 0.9473
2025-08-05 13:38:55,908 - INFO - Epoch 178: KLDiv Loss = 0.2140 | L1 Error = 0.0254 | Cosine Sim = 0.9502
2025-08-05 13:38:55,999 - INFO - Epoch 179: KLDiv Loss = 0.2117 | L1 Error = 0.0255 | Cosine Sim = 0.9513
2025-08-05 13:38:56,089 - INFO - Epoch 180: KLDiv Loss = 0.2043 | L1 Error = 0.0247 | Cosine Sim = 0.9538
2025-08-05 13:38:56,180 - INFO - Epoch 181: KLDiv Loss = 0.2022 | L1 Error = 0.0243 | Cosine Sim = 0.9525
2025-08-05 13:38:56,271 - INFO - Epoch 182: KLDiv Loss = 0.2151 | L1 Error = 0.0248 | Cosine Sim = 0.9475
2025-08-05 13:38:56,361 - INFO - Epoch 183: KLDiv Loss = 0.2098 | L1 Error = 0.0245 | Cosine Sim = 0.9487
2025-08-05 13:38:56,452 - INFO - Epoch 184: KLDiv Loss = 0.1963 | L1 Error = 0.0234 | Cosine Sim = 0.9544
2025-08-05 13:38:56,543 - INFO - Epoch 185: KLDiv Loss = 0.2191 | L1 Error = 0.0249 | Cosine Sim = 0.9467
2025-08-05 13:38:56,633 - INFO - Epoch 186: KLDiv Loss = 0.2013 | L1 Error = 0.0237 | Cosine Sim = 0.9512
2025-08-05 13:38:56,724 - INFO - Epoch 187: KLDiv Loss = 0.1912 | L1 Error = 0.0231 | Cosine Sim = 0.9558
2025-08-05 13:38:56,815 - INFO - Epoch 188: KLDiv Loss = 0.1960 | L1 Error = 0.0227 | Cosine Sim = 0.9526
2025-08-05 13:38:56,906 - INFO - Epoch 189: KLDiv Loss = 0.1929 | L1 Error = 0.0228 | Cosine Sim = 0.9533
2025-08-05 13:38:56,997 - INFO - Epoch 190: KLDiv Loss = 0.1989 | L1 Error = 0.0231 | Cosine Sim = 0.9538
2025-08-05 13:38:57,088 - INFO - Epoch 191: KLDiv Loss = 0.1835 | L1 Error = 0.0222 | Cosine Sim = 0.9560
2025-08-05 13:38:57,178 - INFO - Epoch 192: KLDiv Loss = 0.1760 | L1 Error = 0.0217 | Cosine Sim = 0.9582
2025-08-05 13:38:57,269 - INFO - Epoch 193: KLDiv Loss = 0.1845 | L1 Error = 0.0220 | Cosine Sim = 0.9554
2025-08-05 13:38:57,360 - INFO - Epoch 194: KLDiv Loss = 0.1905 | L1 Error = 0.0224 | Cosine Sim = 0.9543
2025-08-05 13:38:57,451 - INFO - Epoch 195: KLDiv Loss = 0.1840 | L1 Error = 0.0218 | Cosine Sim = 0.9549
2025-08-05 13:38:57,541 - INFO - Epoch 196: KLDiv Loss = 0.1715 | L1 Error = 0.0205 | Cosine Sim = 0.9592
2025-08-05 13:38:57,632 - INFO - Epoch 197: KLDiv Loss = 0.1746 | L1 Error = 0.0209 | Cosine Sim = 0.9572
2025-08-05 13:38:57,723 - INFO - Epoch 198: KLDiv Loss = 0.1680 | L1 Error = 0.0203 | Cosine Sim = 0.9596
2025-08-05 13:38:57,813 - INFO - Epoch 199: KLDiv Loss = 0.1703 | L1 Error = 0.0207 | Cosine Sim = 0.9589
2025-08-05 13:38:57,904 - INFO - Epoch 200: KLDiv Loss = 0.1842 | L1 Error = 0.0207 | Cosine Sim = 0.9547
2025-08-05 13:38:57,995 - INFO - Epoch 201: KLDiv Loss = 0.1683 | L1 Error = 0.0196 | Cosine Sim = 0.9593
2025-08-05 13:38:58,085 - INFO - Epoch 202: KLDiv Loss = 0.1623 | L1 Error = 0.0197 | Cosine Sim = 0.9610
2025-08-05 13:38:58,176 - INFO - Epoch 203: KLDiv Loss = 0.1714 | L1 Error = 0.0198 | Cosine Sim = 0.9565
2025-08-05 13:38:58,267 - INFO - Epoch 204: KLDiv Loss = 0.1727 | L1 Error = 0.0200 | Cosine Sim = 0.9552
2025-08-05 13:38:58,357 - INFO - Epoch 205: KLDiv Loss = 0.1629 | L1 Error = 0.0192 | Cosine Sim = 0.9593
2025-08-05 13:38:58,448 - INFO - Epoch 206: KLDiv Loss = 0.1587 | L1 Error = 0.0187 | Cosine Sim = 0.9611
2025-08-05 13:38:58,539 - INFO - Epoch 207: KLDiv Loss = 0.1703 | L1 Error = 0.0193 | Cosine Sim = 0.9561
2025-08-05 13:38:58,630 - INFO - Epoch 208: KLDiv Loss = 0.1641 | L1 Error = 0.0190 | Cosine Sim = 0.9595
2025-08-05 13:38:58,721 - INFO - Epoch 209: KLDiv Loss = 0.1627 | L1 Error = 0.0191 | Cosine Sim = 0.9571
2025-08-05 13:38:58,811 - INFO - Epoch 210: KLDiv Loss = 0.1560 | L1 Error = 0.0180 | Cosine Sim = 0.9611
2025-08-05 13:38:58,902 - INFO - Epoch 211: KLDiv Loss = 0.1621 | L1 Error = 0.0186 | Cosine Sim = 0.9590
2025-08-05 13:38:58,993 - INFO - Epoch 212: KLDiv Loss = 0.1601 | L1 Error = 0.0185 | Cosine Sim = 0.9589
2025-08-05 13:38:59,083 - INFO - Epoch 213: KLDiv Loss = 0.1499 | L1 Error = 0.0176 | Cosine Sim = 0.9628
2025-08-05 13:38:59,174 - INFO - Epoch 214: KLDiv Loss = 0.1447 | L1 Error = 0.0172 | Cosine Sim = 0.9638
2025-08-05 13:38:59,265 - INFO - Epoch 215: KLDiv Loss = 0.1654 | L1 Error = 0.0193 | Cosine Sim = 0.9569
2025-08-05 13:38:59,355 - INFO - Epoch 216: KLDiv Loss = 0.1499 | L1 Error = 0.0174 | Cosine Sim = 0.9624
2025-08-05 13:38:59,446 - INFO - Epoch 217: KLDiv Loss = 0.1673 | L1 Error = 0.0193 | Cosine Sim = 0.9547
2025-08-05 13:38:59,537 - INFO - Epoch 218: KLDiv Loss = 0.1572 | L1 Error = 0.0180 | Cosine Sim = 0.9580
2025-08-05 13:38:59,628 - INFO - Epoch 219: KLDiv Loss = 0.1481 | L1 Error = 0.0177 | Cosine Sim = 0.9615
2025-08-05 13:38:59,718 - INFO - Epoch 220: KLDiv Loss = 0.1484 | L1 Error = 0.0175 | Cosine Sim = 0.9623
2025-08-05 13:38:59,809 - INFO - Epoch 221: KLDiv Loss = 0.1647 | L1 Error = 0.0179 | Cosine Sim = 0.9577
2025-08-05 13:38:59,900 - INFO - Epoch 222: KLDiv Loss = 0.1569 | L1 Error = 0.0176 | Cosine Sim = 0.9593
2025-08-05 13:38:59,990 - INFO - Epoch 223: KLDiv Loss = 0.1646 | L1 Error = 0.0183 | Cosine Sim = 0.9570
2025-08-05 13:39:00,081 - INFO - Epoch 224: KLDiv Loss = 0.1423 | L1 Error = 0.0169 | Cosine Sim = 0.9639
2025-08-05 13:39:00,171 - INFO - Epoch 225: KLDiv Loss = 0.1499 | L1 Error = 0.0173 | Cosine Sim = 0.9601
2025-08-05 13:39:00,262 - INFO - Epoch 226: KLDiv Loss = 0.1425 | L1 Error = 0.0170 | Cosine Sim = 0.9620
2025-08-05 13:39:00,353 - INFO - Epoch 227: KLDiv Loss = 0.1616 | L1 Error = 0.0175 | Cosine Sim = 0.9569
2025-08-05 13:39:00,444 - INFO - Epoch 228: KLDiv Loss = 0.1400 | L1 Error = 0.0169 | Cosine Sim = 0.9632
2025-08-05 13:39:00,535 - INFO - Epoch 229: KLDiv Loss = 0.1416 | L1 Error = 0.0163 | Cosine Sim = 0.9631
2025-08-05 13:39:00,626 - INFO - Epoch 230: KLDiv Loss = 0.1304 | L1 Error = 0.0157 | Cosine Sim = 0.9666
2025-08-05 13:39:00,717 - INFO - Epoch 231: KLDiv Loss = 0.1431 | L1 Error = 0.0166 | Cosine Sim = 0.9618
2025-08-05 13:39:00,808 - INFO - Epoch 232: KLDiv Loss = 0.1400 | L1 Error = 0.0161 | Cosine Sim = 0.9625
2025-08-05 13:39:00,898 - INFO - Epoch 233: KLDiv Loss = 0.1490 | L1 Error = 0.0168 | Cosine Sim = 0.9603
2025-08-05 13:39:00,989 - INFO - Epoch 234: KLDiv Loss = 0.1359 | L1 Error = 0.0160 | Cosine Sim = 0.9646
2025-08-05 13:39:01,080 - INFO - Epoch 235: KLDiv Loss = 0.1257 | L1 Error = 0.0151 | Cosine Sim = 0.9673
2025-08-05 13:39:01,170 - INFO - Epoch 236: KLDiv Loss = 0.1418 | L1 Error = 0.0160 | Cosine Sim = 0.9610
2025-08-05 13:39:01,261 - INFO - Epoch 237: KLDiv Loss = 0.1384 | L1 Error = 0.0162 | Cosine Sim = 0.9618
2025-08-05 13:39:01,352 - INFO - Epoch 238: KLDiv Loss = 0.1292 | L1 Error = 0.0153 | Cosine Sim = 0.9642
2025-08-05 13:39:01,442 - INFO - Epoch 239: KLDiv Loss = 0.1315 | L1 Error = 0.0154 | Cosine Sim = 0.9644
2025-08-05 13:39:01,533 - INFO - Epoch 240: KLDiv Loss = 0.1339 | L1 Error = 0.0158 | Cosine Sim = 0.9645
2025-08-05 13:39:01,624 - INFO - Epoch 241: KLDiv Loss = 0.1473 | L1 Error = 0.0156 | Cosine Sim = 0.9617
2025-08-05 13:39:01,715 - INFO - Epoch 242: KLDiv Loss = 0.1555 | L1 Error = 0.0171 | Cosine Sim = 0.9562
2025-08-05 13:39:01,805 - INFO - Epoch 243: KLDiv Loss = 0.1309 | L1 Error = 0.0147 | Cosine Sim = 0.9664
2025-08-05 13:39:01,896 - INFO - Epoch 244: KLDiv Loss = 0.1357 | L1 Error = 0.0155 | Cosine Sim = 0.9637
2025-08-05 13:39:01,987 - INFO - Epoch 245: KLDiv Loss = 0.1246 | L1 Error = 0.0144 | Cosine Sim = 0.9672
2025-08-05 13:39:02,077 - INFO - Epoch 246: KLDiv Loss = 0.1301 | L1 Error = 0.0148 | Cosine Sim = 0.9656
2025-08-05 13:39:02,168 - INFO - Epoch 247: KLDiv Loss = 0.1311 | L1 Error = 0.0153 | Cosine Sim = 0.9643
2025-08-05 13:39:02,259 - INFO - Epoch 248: KLDiv Loss = 0.1305 | L1 Error = 0.0150 | Cosine Sim = 0.9640
2025-08-05 13:39:02,350 - INFO - Epoch 249: KLDiv Loss = 0.1454 | L1 Error = 0.0160 | Cosine Sim = 0.9603
2025-08-05 13:39:02,441 - INFO - Epoch 250: KLDiv Loss = 0.1276 | L1 Error = 0.0150 | Cosine Sim = 0.9640
2025-08-05 13:39:02,532 - INFO - Epoch 251: KLDiv Loss = 0.1340 | L1 Error = 0.0151 | Cosine Sim = 0.9626
2025-08-05 13:39:02,623 - INFO - Epoch 252: KLDiv Loss = 0.1154 | L1 Error = 0.0141 | Cosine Sim = 0.9697
2025-08-05 13:39:02,713 - INFO - Epoch 253: KLDiv Loss = 0.1397 | L1 Error = 0.0153 | Cosine Sim = 0.9626
2025-08-05 13:39:02,804 - INFO - Epoch 254: KLDiv Loss = 0.1258 | L1 Error = 0.0142 | Cosine Sim = 0.9667
2025-08-05 13:39:02,895 - INFO - Epoch 255: KLDiv Loss = 0.1230 | L1 Error = 0.0141 | Cosine Sim = 0.9676
2025-08-05 13:39:02,986 - INFO - Epoch 256: KLDiv Loss = 0.1139 | L1 Error = 0.0132 | Cosine Sim = 0.9698
2025-08-05 13:39:03,494 - INFO - Test: Loss = 0.8643, Quant Error = 0.3871
2025-08-05 13:39:03,494 - INFO - Dynamic Top-K Accuracy (per sample): 86.04%
2025-08-05 13:39:03,502 - INFO - [Gradient Run 1] Training time: 25.68s
