2025-08-05 13:59:10,459 - INFO - ------------------------------------Gradient-------------------------------------------
2025-08-05 13:59:10,459 - INFO - [Gradient Run 1] Starting
2025-08-05 13:59:12,213 - INFO - Training on device: cuda
2025-08-05 13:59:12,482 - INFO - Epoch 01: KLDiv Loss = 2.3368 | L1 Error = 0.1493 | Cosine Sim = 0.3233
2025-08-05 13:59:12,592 - INFO - Epoch 02: KLDiv Loss = 2.2153 | L1 Error = 0.1470 | Cosine Sim = 0.3624
2025-08-05 13:59:12,699 - INFO - Epoch 03: KLDiv Loss = 2.1348 | L1 Error = 0.1451 | Cosine Sim = 0.3890
2025-08-05 13:59:12,805 - INFO - Epoch 04: KLDiv Loss = 2.0668 | L1 Error = 0.1431 | Cosine Sim = 0.4116
2025-08-05 13:59:12,911 - INFO - Epoch 05: KLDiv Loss = 2.0060 | L1 Error = 0.1413 | Cosine Sim = 0.4319
2025-08-05 13:59:13,018 - INFO - Epoch 06: KLDiv Loss = 1.9527 | L1 Error = 0.1396 | Cosine Sim = 0.4487
2025-08-05 13:59:13,124 - INFO - Epoch 07: KLDiv Loss = 1.9003 | L1 Error = 0.1377 | Cosine Sim = 0.4662
2025-08-05 13:59:13,230 - INFO - Epoch 08: KLDiv Loss = 1.8483 | L1 Error = 0.1357 | Cosine Sim = 0.4835
2025-08-05 13:59:13,336 - INFO - Epoch 09: KLDiv Loss = 1.7967 | L1 Error = 0.1337 | Cosine Sim = 0.5002
2025-08-05 13:59:13,442 - INFO - Epoch 10: KLDiv Loss = 1.7467 | L1 Error = 0.1316 | Cosine Sim = 0.5150
2025-08-05 13:59:13,548 - INFO - Epoch 11: KLDiv Loss = 1.7036 | L1 Error = 0.1299 | Cosine Sim = 0.5289
2025-08-05 13:59:13,655 - INFO - Epoch 12: KLDiv Loss = 1.6620 | L1 Error = 0.1279 | Cosine Sim = 0.5414
2025-08-05 13:59:13,761 - INFO - Epoch 13: KLDiv Loss = 1.6218 | L1 Error = 0.1261 | Cosine Sim = 0.5542
2025-08-05 13:59:13,867 - INFO - Epoch 14: KLDiv Loss = 1.5840 | L1 Error = 0.1243 | Cosine Sim = 0.5655
2025-08-05 13:59:13,973 - INFO - Epoch 15: KLDiv Loss = 1.5506 | L1 Error = 0.1227 | Cosine Sim = 0.5758
2025-08-05 13:59:14,079 - INFO - Epoch 16: KLDiv Loss = 1.5157 | L1 Error = 0.1211 | Cosine Sim = 0.5865
2025-08-05 13:59:14,185 - INFO - Epoch 17: KLDiv Loss = 1.4849 | L1 Error = 0.1196 | Cosine Sim = 0.5955
2025-08-05 13:59:14,291 - INFO - Epoch 18: KLDiv Loss = 1.4530 | L1 Error = 0.1181 | Cosine Sim = 0.6058
2025-08-05 13:59:14,397 - INFO - Epoch 19: KLDiv Loss = 1.4224 | L1 Error = 0.1164 | Cosine Sim = 0.6142
2025-08-05 13:59:14,503 - INFO - Epoch 20: KLDiv Loss = 1.3934 | L1 Error = 0.1148 | Cosine Sim = 0.6233
2025-08-05 13:59:14,609 - INFO - Epoch 21: KLDiv Loss = 1.3625 | L1 Error = 0.1132 | Cosine Sim = 0.6328
2025-08-05 13:59:14,715 - INFO - Epoch 22: KLDiv Loss = 1.3360 | L1 Error = 0.1117 | Cosine Sim = 0.6403
2025-08-05 13:59:14,821 - INFO - Epoch 23: KLDiv Loss = 1.3087 | L1 Error = 0.1102 | Cosine Sim = 0.6488
2025-08-05 13:59:14,927 - INFO - Epoch 24: KLDiv Loss = 1.2824 | L1 Error = 0.1088 | Cosine Sim = 0.6567
2025-08-05 13:59:15,033 - INFO - Epoch 25: KLDiv Loss = 1.2586 | L1 Error = 0.1074 | Cosine Sim = 0.6637
2025-08-05 13:59:15,140 - INFO - Epoch 26: KLDiv Loss = 1.2348 | L1 Error = 0.1060 | Cosine Sim = 0.6702
2025-08-05 13:59:15,245 - INFO - Epoch 27: KLDiv Loss = 1.2137 | L1 Error = 0.1048 | Cosine Sim = 0.6759
2025-08-05 13:59:15,353 - INFO - Epoch 28: KLDiv Loss = 1.1951 | L1 Error = 0.1036 | Cosine Sim = 0.6811
2025-08-05 13:59:15,459 - INFO - Epoch 29: KLDiv Loss = 1.1712 | L1 Error = 0.1022 | Cosine Sim = 0.6890
2025-08-05 13:59:15,565 - INFO - Epoch 30: KLDiv Loss = 1.1513 | L1 Error = 0.1008 | Cosine Sim = 0.6936
2025-08-05 13:59:15,671 - INFO - Epoch 31: KLDiv Loss = 1.1296 | L1 Error = 0.0996 | Cosine Sim = 0.7001
2025-08-05 13:59:15,777 - INFO - Epoch 32: KLDiv Loss = 1.1099 | L1 Error = 0.0983 | Cosine Sim = 0.7046
2025-08-05 13:59:15,883 - INFO - Epoch 33: KLDiv Loss = 1.0914 | L1 Error = 0.0971 | Cosine Sim = 0.7104
2025-08-05 13:59:15,989 - INFO - Epoch 34: KLDiv Loss = 1.0728 | L1 Error = 0.0959 | Cosine Sim = 0.7145
2025-08-05 13:59:16,095 - INFO - Epoch 35: KLDiv Loss = 1.0537 | L1 Error = 0.0946 | Cosine Sim = 0.7195
2025-08-05 13:59:16,201 - INFO - Epoch 36: KLDiv Loss = 1.0359 | L1 Error = 0.0935 | Cosine Sim = 0.7242
2025-08-05 13:59:16,309 - INFO - Epoch 37: KLDiv Loss = 1.0217 | L1 Error = 0.0925 | Cosine Sim = 0.7280
2025-08-05 13:59:16,415 - INFO - Epoch 38: KLDiv Loss = 1.0061 | L1 Error = 0.0913 | Cosine Sim = 0.7311
2025-08-05 13:59:16,521 - INFO - Epoch 39: KLDiv Loss = 0.9906 | L1 Error = 0.0904 | Cosine Sim = 0.7360
2025-08-05 13:59:16,627 - INFO - Epoch 40: KLDiv Loss = 0.9755 | L1 Error = 0.0892 | Cosine Sim = 0.7391
2025-08-05 13:59:16,733 - INFO - Epoch 41: KLDiv Loss = 0.9626 | L1 Error = 0.0886 | Cosine Sim = 0.7427
2025-08-05 13:59:16,839 - INFO - Epoch 42: KLDiv Loss = 0.9453 | L1 Error = 0.0875 | Cosine Sim = 0.7480
2025-08-05 13:59:16,945 - INFO - Epoch 43: KLDiv Loss = 0.9300 | L1 Error = 0.0862 | Cosine Sim = 0.7512
2025-08-05 13:59:17,051 - INFO - Epoch 44: KLDiv Loss = 0.9192 | L1 Error = 0.0853 | Cosine Sim = 0.7540
2025-08-05 13:59:17,157 - INFO - Epoch 45: KLDiv Loss = 0.9038 | L1 Error = 0.0846 | Cosine Sim = 0.7594
2025-08-05 13:59:17,264 - INFO - Epoch 46: KLDiv Loss = 0.8917 | L1 Error = 0.0835 | Cosine Sim = 0.7622
2025-08-05 13:59:17,371 - INFO - Epoch 47: KLDiv Loss = 0.8767 | L1 Error = 0.0825 | Cosine Sim = 0.7670
2025-08-05 13:59:17,476 - INFO - Epoch 48: KLDiv Loss = 0.8579 | L1 Error = 0.0813 | Cosine Sim = 0.7730
2025-08-05 13:59:17,582 - INFO - Epoch 49: KLDiv Loss = 0.8502 | L1 Error = 0.0805 | Cosine Sim = 0.7749
2025-08-05 13:59:17,688 - INFO - Epoch 50: KLDiv Loss = 0.8345 | L1 Error = 0.0796 | Cosine Sim = 0.7791
2025-08-05 13:59:17,794 - INFO - Epoch 51: KLDiv Loss = 0.8209 | L1 Error = 0.0787 | Cosine Sim = 0.7826
2025-08-05 13:59:17,900 - INFO - Epoch 52: KLDiv Loss = 0.8081 | L1 Error = 0.0778 | Cosine Sim = 0.7860
2025-08-05 13:59:18,006 - INFO - Epoch 53: KLDiv Loss = 0.7938 | L1 Error = 0.0767 | Cosine Sim = 0.7907
2025-08-05 13:59:18,112 - INFO - Epoch 54: KLDiv Loss = 0.7836 | L1 Error = 0.0761 | Cosine Sim = 0.7945
2025-08-05 13:59:18,219 - INFO - Epoch 55: KLDiv Loss = 0.7732 | L1 Error = 0.0751 | Cosine Sim = 0.7957
2025-08-05 13:59:18,325 - INFO - Epoch 56: KLDiv Loss = 0.7620 | L1 Error = 0.0743 | Cosine Sim = 0.7999
2025-08-05 13:59:18,431 - INFO - Epoch 57: KLDiv Loss = 0.7516 | L1 Error = 0.0737 | Cosine Sim = 0.8039
2025-08-05 13:59:18,536 - INFO - Epoch 58: KLDiv Loss = 0.7416 | L1 Error = 0.0728 | Cosine Sim = 0.8066
2025-08-05 13:59:18,642 - INFO - Epoch 59: KLDiv Loss = 0.7355 | L1 Error = 0.0723 | Cosine Sim = 0.8073
2025-08-05 13:59:18,748 - INFO - Epoch 60: KLDiv Loss = 0.7217 | L1 Error = 0.0714 | Cosine Sim = 0.8122
2025-08-05 13:59:18,854 - INFO - Epoch 61: KLDiv Loss = 0.7124 | L1 Error = 0.0706 | Cosine Sim = 0.8138
2025-08-05 13:59:18,960 - INFO - Epoch 62: KLDiv Loss = 0.7051 | L1 Error = 0.0700 | Cosine Sim = 0.8155
2025-08-05 13:59:19,068 - INFO - Epoch 63: KLDiv Loss = 0.6982 | L1 Error = 0.0695 | Cosine Sim = 0.8167
2025-08-05 13:59:19,174 - INFO - Epoch 64: KLDiv Loss = 0.6835 | L1 Error = 0.0685 | Cosine Sim = 0.8231
2025-08-05 13:59:19,280 - INFO - Epoch 65: KLDiv Loss = 0.6775 | L1 Error = 0.0681 | Cosine Sim = 0.8240
2025-08-05 13:59:19,386 - INFO - Epoch 66: KLDiv Loss = 0.6707 | L1 Error = 0.0672 | Cosine Sim = 0.8271
2025-08-05 13:59:19,492 - INFO - Epoch 67: KLDiv Loss = 0.6610 | L1 Error = 0.0665 | Cosine Sim = 0.8304
2025-08-05 13:59:19,598 - INFO - Epoch 68: KLDiv Loss = 0.6485 | L1 Error = 0.0655 | Cosine Sim = 0.8319
2025-08-05 13:59:19,704 - INFO - Epoch 69: KLDiv Loss = 0.6396 | L1 Error = 0.0649 | Cosine Sim = 0.8365
2025-08-05 13:59:19,810 - INFO - Epoch 70: KLDiv Loss = 0.6356 | L1 Error = 0.0646 | Cosine Sim = 0.8359
2025-08-05 13:59:19,917 - INFO - Epoch 71: KLDiv Loss = 0.6268 | L1 Error = 0.0639 | Cosine Sim = 0.8401
2025-08-05 13:59:20,023 - INFO - Epoch 72: KLDiv Loss = 0.6164 | L1 Error = 0.0633 | Cosine Sim = 0.8436
2025-08-05 13:59:20,129 - INFO - Epoch 73: KLDiv Loss = 0.6053 | L1 Error = 0.0624 | Cosine Sim = 0.8476
2025-08-05 13:59:20,235 - INFO - Epoch 74: KLDiv Loss = 0.5983 | L1 Error = 0.0620 | Cosine Sim = 0.8501
2025-08-05 13:59:20,342 - INFO - Epoch 75: KLDiv Loss = 0.5880 | L1 Error = 0.0611 | Cosine Sim = 0.8512
2025-08-05 13:59:20,448 - INFO - Epoch 76: KLDiv Loss = 0.5827 | L1 Error = 0.0606 | Cosine Sim = 0.8524
2025-08-05 13:59:20,554 - INFO - Epoch 77: KLDiv Loss = 0.5760 | L1 Error = 0.0602 | Cosine Sim = 0.8563
2025-08-05 13:59:20,661 - INFO - Epoch 78: KLDiv Loss = 0.5677 | L1 Error = 0.0592 | Cosine Sim = 0.8576
2025-08-05 13:59:20,767 - INFO - Epoch 79: KLDiv Loss = 0.5557 | L1 Error = 0.0585 | Cosine Sim = 0.8621
2025-08-05 13:59:20,873 - INFO - Epoch 80: KLDiv Loss = 0.5472 | L1 Error = 0.0579 | Cosine Sim = 0.8646
2025-08-05 13:59:20,979 - INFO - Epoch 81: KLDiv Loss = 0.5452 | L1 Error = 0.0576 | Cosine Sim = 0.8647
2025-08-05 13:59:21,085 - INFO - Epoch 82: KLDiv Loss = 0.5310 | L1 Error = 0.0563 | Cosine Sim = 0.8699
2025-08-05 13:59:21,191 - INFO - Epoch 83: KLDiv Loss = 0.5250 | L1 Error = 0.0559 | Cosine Sim = 0.8709
2025-08-05 13:59:21,297 - INFO - Epoch 84: KLDiv Loss = 0.5175 | L1 Error = 0.0552 | Cosine Sim = 0.8738
2025-08-05 13:59:21,404 - INFO - Epoch 85: KLDiv Loss = 0.5114 | L1 Error = 0.0544 | Cosine Sim = 0.8743
2025-08-05 13:59:21,510 - INFO - Epoch 86: KLDiv Loss = 0.5010 | L1 Error = 0.0537 | Cosine Sim = 0.8781
2025-08-05 13:59:21,616 - INFO - Epoch 87: KLDiv Loss = 0.4919 | L1 Error = 0.0529 | Cosine Sim = 0.8810
2025-08-05 13:59:21,722 - INFO - Epoch 88: KLDiv Loss = 0.4865 | L1 Error = 0.0524 | Cosine Sim = 0.8821
2025-08-05 13:59:21,828 - INFO - Epoch 89: KLDiv Loss = 0.4797 | L1 Error = 0.0520 | Cosine Sim = 0.8853
2025-08-05 13:59:21,934 - INFO - Epoch 90: KLDiv Loss = 0.4716 | L1 Error = 0.0511 | Cosine Sim = 0.8869
2025-08-05 13:59:22,040 - INFO - Epoch 91: KLDiv Loss = 0.4648 | L1 Error = 0.0502 | Cosine Sim = 0.8880
2025-08-05 13:59:22,146 - INFO - Epoch 92: KLDiv Loss = 0.4533 | L1 Error = 0.0494 | Cosine Sim = 0.8922
2025-08-05 13:59:22,252 - INFO - Epoch 93: KLDiv Loss = 0.4442 | L1 Error = 0.0487 | Cosine Sim = 0.8960
2025-08-05 13:59:22,358 - INFO - Epoch 94: KLDiv Loss = 0.4386 | L1 Error = 0.0482 | Cosine Sim = 0.8956
2025-08-05 13:59:22,464 - INFO - Epoch 95: KLDiv Loss = 0.4408 | L1 Error = 0.0480 | Cosine Sim = 0.8950
2025-08-05 13:59:22,570 - INFO - Epoch 96: KLDiv Loss = 0.4268 | L1 Error = 0.0469 | Cosine Sim = 0.9004
2025-08-05 13:59:22,678 - INFO - Epoch 97: KLDiv Loss = 0.4199 | L1 Error = 0.0462 | Cosine Sim = 0.9019
2025-08-05 13:59:22,784 - INFO - Epoch 98: KLDiv Loss = 0.4170 | L1 Error = 0.0459 | Cosine Sim = 0.9013
2025-08-05 13:59:22,890 - INFO - Epoch 99: KLDiv Loss = 0.4078 | L1 Error = 0.0451 | Cosine Sim = 0.9051
2025-08-05 13:59:22,996 - INFO - Epoch 100: KLDiv Loss = 0.4002 | L1 Error = 0.0445 | Cosine Sim = 0.9075
2025-08-05 13:59:23,102 - INFO - Epoch 101: KLDiv Loss = 0.3985 | L1 Error = 0.0439 | Cosine Sim = 0.9068
2025-08-05 13:59:23,208 - INFO - Epoch 102: KLDiv Loss = 0.3892 | L1 Error = 0.0434 | Cosine Sim = 0.9103
2025-08-05 13:59:23,314 - INFO - Epoch 103: KLDiv Loss = 0.3865 | L1 Error = 0.0429 | Cosine Sim = 0.9110
2025-08-05 13:59:23,421 - INFO - Epoch 104: KLDiv Loss = 0.3874 | L1 Error = 0.0426 | Cosine Sim = 0.9092
2025-08-05 13:59:23,527 - INFO - Epoch 105: KLDiv Loss = 0.3756 | L1 Error = 0.0417 | Cosine Sim = 0.9136
2025-08-05 13:59:23,633 - INFO - Epoch 106: KLDiv Loss = 0.3671 | L1 Error = 0.0409 | Cosine Sim = 0.9161
2025-08-05 13:59:23,739 - INFO - Epoch 107: KLDiv Loss = 0.3676 | L1 Error = 0.0408 | Cosine Sim = 0.9154
2025-08-05 13:59:23,846 - INFO - Epoch 108: KLDiv Loss = 0.3611 | L1 Error = 0.0406 | Cosine Sim = 0.9187
2025-08-05 13:59:23,952 - INFO - Epoch 109: KLDiv Loss = 0.3566 | L1 Error = 0.0401 | Cosine Sim = 0.9193
2025-08-05 13:59:24,058 - INFO - Epoch 110: KLDiv Loss = 0.3520 | L1 Error = 0.0400 | Cosine Sim = 0.9199
2025-08-05 13:59:24,164 - INFO - Epoch 111: KLDiv Loss = 0.3461 | L1 Error = 0.0387 | Cosine Sim = 0.9210
2025-08-05 13:59:24,270 - INFO - Epoch 112: KLDiv Loss = 0.3419 | L1 Error = 0.0385 | Cosine Sim = 0.9215
2025-08-05 13:59:24,376 - INFO - Epoch 113: KLDiv Loss = 0.3392 | L1 Error = 0.0378 | Cosine Sim = 0.9221
2025-08-05 13:59:24,483 - INFO - Epoch 114: KLDiv Loss = 0.3327 | L1 Error = 0.0374 | Cosine Sim = 0.9233
2025-08-05 13:59:24,589 - INFO - Epoch 115: KLDiv Loss = 0.3240 | L1 Error = 0.0366 | Cosine Sim = 0.9274
2025-08-05 13:59:24,695 - INFO - Epoch 116: KLDiv Loss = 0.3213 | L1 Error = 0.0359 | Cosine Sim = 0.9279
2025-08-05 13:59:24,801 - INFO - Epoch 117: KLDiv Loss = 0.3224 | L1 Error = 0.0364 | Cosine Sim = 0.9265
2025-08-05 13:59:24,907 - INFO - Epoch 118: KLDiv Loss = 0.3161 | L1 Error = 0.0355 | Cosine Sim = 0.9287
2025-08-05 13:59:25,013 - INFO - Epoch 119: KLDiv Loss = 0.3118 | L1 Error = 0.0351 | Cosine Sim = 0.9291
2025-08-05 13:59:25,119 - INFO - Epoch 120: KLDiv Loss = 0.3063 | L1 Error = 0.0344 | Cosine Sim = 0.9314
2025-08-05 13:59:25,225 - INFO - Epoch 121: KLDiv Loss = 0.2972 | L1 Error = 0.0340 | Cosine Sim = 0.9333
2025-08-05 13:59:25,331 - INFO - Epoch 122: KLDiv Loss = 0.2938 | L1 Error = 0.0332 | Cosine Sim = 0.9345
2025-08-05 13:59:25,437 - INFO - Epoch 123: KLDiv Loss = 0.2972 | L1 Error = 0.0334 | Cosine Sim = 0.9329
2025-08-05 13:59:25,543 - INFO - Epoch 124: KLDiv Loss = 0.2930 | L1 Error = 0.0330 | Cosine Sim = 0.9334
2025-08-05 13:59:25,649 - INFO - Epoch 125: KLDiv Loss = 0.2810 | L1 Error = 0.0320 | Cosine Sim = 0.9360
2025-08-05 13:59:25,755 - INFO - Epoch 126: KLDiv Loss = 0.2804 | L1 Error = 0.0317 | Cosine Sim = 0.9374
2025-08-05 13:59:25,861 - INFO - Epoch 127: KLDiv Loss = 0.2798 | L1 Error = 0.0315 | Cosine Sim = 0.9372
2025-08-05 13:59:25,967 - INFO - Epoch 128: KLDiv Loss = 0.2707 | L1 Error = 0.0305 | Cosine Sim = 0.9389
2025-08-05 13:59:26,073 - INFO - Epoch 129: KLDiv Loss = 0.2696 | L1 Error = 0.0305 | Cosine Sim = 0.9402
2025-08-05 13:59:26,179 - INFO - Epoch 130: KLDiv Loss = 0.2625 | L1 Error = 0.0300 | Cosine Sim = 0.9426
2025-08-05 13:59:26,285 - INFO - Epoch 131: KLDiv Loss = 0.2626 | L1 Error = 0.0299 | Cosine Sim = 0.9401
2025-08-05 13:59:26,391 - INFO - Epoch 132: KLDiv Loss = 0.2569 | L1 Error = 0.0294 | Cosine Sim = 0.9427
2025-08-05 13:59:26,497 - INFO - Epoch 133: KLDiv Loss = 0.2592 | L1 Error = 0.0293 | Cosine Sim = 0.9414
2025-08-05 13:59:26,604 - INFO - Epoch 134: KLDiv Loss = 0.2500 | L1 Error = 0.0285 | Cosine Sim = 0.9447
2025-08-05 13:59:26,710 - INFO - Epoch 135: KLDiv Loss = 0.2519 | L1 Error = 0.0284 | Cosine Sim = 0.9430
2025-08-05 13:59:26,816 - INFO - Epoch 136: KLDiv Loss = 0.2557 | L1 Error = 0.0288 | Cosine Sim = 0.9397
2025-08-05 13:59:26,922 - INFO - Epoch 137: KLDiv Loss = 0.2486 | L1 Error = 0.0281 | Cosine Sim = 0.9427
2025-08-05 13:59:27,028 - INFO - Epoch 138: KLDiv Loss = 0.2323 | L1 Error = 0.0270 | Cosine Sim = 0.9484
2025-08-05 13:59:27,134 - INFO - Epoch 139: KLDiv Loss = 0.2417 | L1 Error = 0.0268 | Cosine Sim = 0.9447
2025-08-05 13:59:27,240 - INFO - Epoch 140: KLDiv Loss = 0.2334 | L1 Error = 0.0264 | Cosine Sim = 0.9475
2025-08-05 13:59:27,346 - INFO - Epoch 141: KLDiv Loss = 0.2284 | L1 Error = 0.0260 | Cosine Sim = 0.9480
2025-08-05 13:59:27,452 - INFO - Epoch 142: KLDiv Loss = 0.2273 | L1 Error = 0.0256 | Cosine Sim = 0.9476
2025-08-05 13:59:27,558 - INFO - Epoch 143: KLDiv Loss = 0.2248 | L1 Error = 0.0252 | Cosine Sim = 0.9500
2025-08-05 13:59:27,664 - INFO - Epoch 144: KLDiv Loss = 0.2231 | L1 Error = 0.0250 | Cosine Sim = 0.9488
2025-08-05 13:59:27,770 - INFO - Epoch 145: KLDiv Loss = 0.2188 | L1 Error = 0.0248 | Cosine Sim = 0.9493
2025-08-05 13:59:27,876 - INFO - Epoch 146: KLDiv Loss = 0.2161 | L1 Error = 0.0246 | Cosine Sim = 0.9497
2025-08-05 13:59:27,982 - INFO - Epoch 147: KLDiv Loss = 0.2140 | L1 Error = 0.0243 | Cosine Sim = 0.9509
2025-08-05 13:59:28,089 - INFO - Epoch 148: KLDiv Loss = 0.2150 | L1 Error = 0.0241 | Cosine Sim = 0.9495
2025-08-05 13:59:28,195 - INFO - Epoch 149: KLDiv Loss = 0.2132 | L1 Error = 0.0240 | Cosine Sim = 0.9508
2025-08-05 13:59:28,301 - INFO - Epoch 150: KLDiv Loss = 0.2088 | L1 Error = 0.0230 | Cosine Sim = 0.9530
2025-08-05 13:59:28,407 - INFO - Epoch 151: KLDiv Loss = 0.2036 | L1 Error = 0.0227 | Cosine Sim = 0.9537
2025-08-05 13:59:28,513 - INFO - Epoch 152: KLDiv Loss = 0.2026 | L1 Error = 0.0227 | Cosine Sim = 0.9531
2025-08-05 13:59:28,619 - INFO - Epoch 153: KLDiv Loss = 0.1935 | L1 Error = 0.0219 | Cosine Sim = 0.9561
2025-08-05 13:59:28,725 - INFO - Epoch 154: KLDiv Loss = 0.1989 | L1 Error = 0.0222 | Cosine Sim = 0.9541
2025-08-05 13:59:28,831 - INFO - Epoch 155: KLDiv Loss = 0.2006 | L1 Error = 0.0221 | Cosine Sim = 0.9518
2025-08-05 13:59:28,937 - INFO - Epoch 156: KLDiv Loss = 0.1945 | L1 Error = 0.0218 | Cosine Sim = 0.9544
2025-08-05 13:59:29,043 - INFO - Epoch 157: KLDiv Loss = 0.2001 | L1 Error = 0.0223 | Cosine Sim = 0.9517
2025-08-05 13:59:29,149 - INFO - Epoch 158: KLDiv Loss = 0.1933 | L1 Error = 0.0216 | Cosine Sim = 0.9540
2025-08-05 13:59:29,255 - INFO - Epoch 159: KLDiv Loss = 0.1901 | L1 Error = 0.0212 | Cosine Sim = 0.9558
2025-08-05 13:59:29,361 - INFO - Epoch 160: KLDiv Loss = 0.1868 | L1 Error = 0.0210 | Cosine Sim = 0.9557
2025-08-05 13:59:29,467 - INFO - Epoch 161: KLDiv Loss = 0.1851 | L1 Error = 0.0207 | Cosine Sim = 0.9557
2025-08-05 13:59:29,573 - INFO - Epoch 162: KLDiv Loss = 0.1811 | L1 Error = 0.0204 | Cosine Sim = 0.9573
2025-08-05 13:59:29,680 - INFO - Epoch 163: KLDiv Loss = 0.1766 | L1 Error = 0.0196 | Cosine Sim = 0.9586
2025-08-05 13:59:29,787 - INFO - Epoch 164: KLDiv Loss = 0.1798 | L1 Error = 0.0199 | Cosine Sim = 0.9585
2025-08-05 13:59:29,893 - INFO - Epoch 165: KLDiv Loss = 0.1745 | L1 Error = 0.0197 | Cosine Sim = 0.9587
2025-08-05 13:59:29,999 - INFO - Epoch 166: KLDiv Loss = 0.1797 | L1 Error = 0.0198 | Cosine Sim = 0.9575
2025-08-05 13:59:30,105 - INFO - Epoch 167: KLDiv Loss = 0.1708 | L1 Error = 0.0192 | Cosine Sim = 0.9590
2025-08-05 13:59:30,210 - INFO - Epoch 168: KLDiv Loss = 0.1737 | L1 Error = 0.0192 | Cosine Sim = 0.9579
2025-08-05 13:59:30,316 - INFO - Epoch 169: KLDiv Loss = 0.1717 | L1 Error = 0.0188 | Cosine Sim = 0.9577
2025-08-05 13:59:30,422 - INFO - Epoch 170: KLDiv Loss = 0.1761 | L1 Error = 0.0191 | Cosine Sim = 0.9562
2025-08-05 13:59:30,528 - INFO - Epoch 171: KLDiv Loss = 0.1692 | L1 Error = 0.0185 | Cosine Sim = 0.9589
2025-08-05 13:59:30,634 - INFO - Epoch 172: KLDiv Loss = 0.1588 | L1 Error = 0.0176 | Cosine Sim = 0.9627
2025-08-05 13:59:30,740 - INFO - Epoch 173: KLDiv Loss = 0.1609 | L1 Error = 0.0175 | Cosine Sim = 0.9621
2025-08-05 13:59:30,846 - INFO - Epoch 174: KLDiv Loss = 0.1624 | L1 Error = 0.0182 | Cosine Sim = 0.9601
2025-08-05 13:59:30,952 - INFO - Epoch 175: KLDiv Loss = 0.1721 | L1 Error = 0.0185 | Cosine Sim = 0.9561
2025-08-05 13:59:31,058 - INFO - Epoch 176: KLDiv Loss = 0.1565 | L1 Error = 0.0177 | Cosine Sim = 0.9624
2025-08-05 13:59:31,164 - INFO - Epoch 177: KLDiv Loss = 0.1585 | L1 Error = 0.0175 | Cosine Sim = 0.9604
2025-08-05 13:59:31,271 - INFO - Epoch 178: KLDiv Loss = 0.1644 | L1 Error = 0.0179 | Cosine Sim = 0.9586
2025-08-05 13:59:31,377 - INFO - Epoch 179: KLDiv Loss = 0.1771 | L1 Error = 0.0190 | Cosine Sim = 0.9546
2025-08-05 13:59:31,483 - INFO - Epoch 180: KLDiv Loss = 0.1540 | L1 Error = 0.0170 | Cosine Sim = 0.9625
2025-08-05 13:59:31,589 - INFO - Epoch 181: KLDiv Loss = 0.1539 | L1 Error = 0.0170 | Cosine Sim = 0.9628
2025-08-05 13:59:31,695 - INFO - Epoch 182: KLDiv Loss = 0.1604 | L1 Error = 0.0176 | Cosine Sim = 0.9589
2025-08-05 13:59:31,801 - INFO - Epoch 183: KLDiv Loss = 0.1572 | L1 Error = 0.0174 | Cosine Sim = 0.9612
2025-08-05 13:59:31,907 - INFO - Epoch 184: KLDiv Loss = 0.1463 | L1 Error = 0.0162 | Cosine Sim = 0.9647
2025-08-05 13:59:32,013 - INFO - Epoch 185: KLDiv Loss = 0.1513 | L1 Error = 0.0165 | Cosine Sim = 0.9619
2025-08-05 13:59:32,119 - INFO - Epoch 186: KLDiv Loss = 0.1441 | L1 Error = 0.0159 | Cosine Sim = 0.9645
2025-08-05 13:59:32,225 - INFO - Epoch 187: KLDiv Loss = 0.1386 | L1 Error = 0.0156 | Cosine Sim = 0.9664
2025-08-05 13:59:32,331 - INFO - Epoch 188: KLDiv Loss = 0.1479 | L1 Error = 0.0159 | Cosine Sim = 0.9616
2025-08-05 13:59:32,437 - INFO - Epoch 189: KLDiv Loss = 0.1348 | L1 Error = 0.0152 | Cosine Sim = 0.9665
2025-08-05 13:59:32,543 - INFO - Epoch 190: KLDiv Loss = 0.1431 | L1 Error = 0.0158 | Cosine Sim = 0.9643
2025-08-05 13:59:32,649 - INFO - Epoch 191: KLDiv Loss = 0.1438 | L1 Error = 0.0157 | Cosine Sim = 0.9649
2025-08-05 13:59:32,755 - INFO - Epoch 192: KLDiv Loss = 0.1375 | L1 Error = 0.0151 | Cosine Sim = 0.9653
2025-08-05 13:59:32,861 - INFO - Epoch 193: KLDiv Loss = 0.1318 | L1 Error = 0.0149 | Cosine Sim = 0.9681
2025-08-05 13:59:32,967 - INFO - Epoch 194: KLDiv Loss = 0.1353 | L1 Error = 0.0147 | Cosine Sim = 0.9677
2025-08-05 13:59:33,074 - INFO - Epoch 195: KLDiv Loss = 0.1257 | L1 Error = 0.0144 | Cosine Sim = 0.9706
2025-08-05 13:59:33,180 - INFO - Epoch 196: KLDiv Loss = 0.1250 | L1 Error = 0.0142 | Cosine Sim = 0.9700
2025-08-05 13:59:33,286 - INFO - Epoch 197: KLDiv Loss = 0.1308 | L1 Error = 0.0143 | Cosine Sim = 0.9668
2025-08-05 13:59:33,392 - INFO - Epoch 198: KLDiv Loss = 0.1348 | L1 Error = 0.0146 | Cosine Sim = 0.9663
2025-08-05 13:59:33,498 - INFO - Epoch 199: KLDiv Loss = 0.1275 | L1 Error = 0.0146 | Cosine Sim = 0.9693
2025-08-05 13:59:33,604 - INFO - Epoch 200: KLDiv Loss = 0.1324 | L1 Error = 0.0146 | Cosine Sim = 0.9676
2025-08-05 13:59:33,710 - INFO - Epoch 201: KLDiv Loss = 0.1229 | L1 Error = 0.0139 | Cosine Sim = 0.9706
2025-08-05 13:59:33,816 - INFO - Epoch 202: KLDiv Loss = 0.1307 | L1 Error = 0.0140 | Cosine Sim = 0.9673
2025-08-05 13:59:33,922 - INFO - Epoch 203: KLDiv Loss = 0.1238 | L1 Error = 0.0134 | Cosine Sim = 0.9700
2025-08-05 13:59:34,028 - INFO - Epoch 204: KLDiv Loss = 0.1234 | L1 Error = 0.0136 | Cosine Sim = 0.9682
2025-08-05 13:59:34,134 - INFO - Epoch 205: KLDiv Loss = 0.1222 | L1 Error = 0.0134 | Cosine Sim = 0.9705
2025-08-05 13:59:34,240 - INFO - Epoch 206: KLDiv Loss = 0.1162 | L1 Error = 0.0129 | Cosine Sim = 0.9714
2025-08-05 13:59:34,346 - INFO - Epoch 207: KLDiv Loss = 0.1159 | L1 Error = 0.0125 | Cosine Sim = 0.9718
2025-08-05 13:59:34,452 - INFO - Epoch 208: KLDiv Loss = 0.1226 | L1 Error = 0.0133 | Cosine Sim = 0.9686
2025-08-05 13:59:34,558 - INFO - Epoch 209: KLDiv Loss = 0.1183 | L1 Error = 0.0131 | Cosine Sim = 0.9696
2025-08-05 13:59:34,664 - INFO - Epoch 210: KLDiv Loss = 0.1176 | L1 Error = 0.0132 | Cosine Sim = 0.9714
2025-08-05 13:59:34,770 - INFO - Epoch 211: KLDiv Loss = 0.1260 | L1 Error = 0.0130 | Cosine Sim = 0.9675
2025-08-05 13:59:34,876 - INFO - Epoch 212: KLDiv Loss = 0.1189 | L1 Error = 0.0127 | Cosine Sim = 0.9693
2025-08-05 13:59:34,983 - INFO - Epoch 213: KLDiv Loss = 0.1116 | L1 Error = 0.0121 | Cosine Sim = 0.9738
2025-08-05 13:59:35,089 - INFO - Epoch 214: KLDiv Loss = 0.1102 | L1 Error = 0.0120 | Cosine Sim = 0.9731
2025-08-05 13:59:35,195 - INFO - Epoch 215: KLDiv Loss = 0.1097 | L1 Error = 0.0119 | Cosine Sim = 0.9726
2025-08-05 13:59:35,301 - INFO - Epoch 216: KLDiv Loss = 0.1263 | L1 Error = 0.0123 | Cosine Sim = 0.9683
2025-08-05 13:59:35,407 - INFO - Epoch 217: KLDiv Loss = 0.1136 | L1 Error = 0.0119 | Cosine Sim = 0.9712
2025-08-05 13:59:35,512 - INFO - Epoch 218: KLDiv Loss = 0.1056 | L1 Error = 0.0112 | Cosine Sim = 0.9749
2025-08-05 13:59:35,618 - INFO - Epoch 219: KLDiv Loss = 0.1075 | L1 Error = 0.0115 | Cosine Sim = 0.9730
2025-08-05 13:59:35,725 - INFO - Epoch 220: KLDiv Loss = 0.1096 | L1 Error = 0.0113 | Cosine Sim = 0.9729
2025-08-05 13:59:35,830 - INFO - Epoch 221: KLDiv Loss = 0.1023 | L1 Error = 0.0111 | Cosine Sim = 0.9745
2025-08-05 13:59:35,936 - INFO - Epoch 222: KLDiv Loss = 0.0979 | L1 Error = 0.0103 | Cosine Sim = 0.9780
2025-08-05 13:59:36,042 - INFO - Epoch 223: KLDiv Loss = 0.1041 | L1 Error = 0.0109 | Cosine Sim = 0.9727
2025-08-05 13:59:36,148 - INFO - Epoch 224: KLDiv Loss = 0.1023 | L1 Error = 0.0111 | Cosine Sim = 0.9742
2025-08-05 13:59:36,254 - INFO - Epoch 225: KLDiv Loss = 0.1033 | L1 Error = 0.0107 | Cosine Sim = 0.9725
2025-08-05 13:59:36,360 - INFO - Epoch 226: KLDiv Loss = 0.0979 | L1 Error = 0.0108 | Cosine Sim = 0.9743
2025-08-05 13:59:36,466 - INFO - Epoch 227: KLDiv Loss = 0.1068 | L1 Error = 0.0112 | Cosine Sim = 0.9722
2025-08-05 13:59:36,572 - INFO - Epoch 228: KLDiv Loss = 0.0997 | L1 Error = 0.0105 | Cosine Sim = 0.9754
2025-08-05 13:59:36,678 - INFO - Epoch 229: KLDiv Loss = 0.1012 | L1 Error = 0.0106 | Cosine Sim = 0.9752
2025-08-05 13:59:36,785 - INFO - Epoch 230: KLDiv Loss = 0.0942 | L1 Error = 0.0104 | Cosine Sim = 0.9768
2025-08-05 13:59:36,891 - INFO - Epoch 231: KLDiv Loss = 0.0955 | L1 Error = 0.0104 | Cosine Sim = 0.9759
2025-08-05 13:59:36,997 - INFO - Epoch 232: KLDiv Loss = 0.0844 | L1 Error = 0.0094 | Cosine Sim = 0.9799
2025-08-05 13:59:37,103 - INFO - Epoch 233: KLDiv Loss = 0.0939 | L1 Error = 0.0098 | Cosine Sim = 0.9768
2025-08-05 13:59:37,209 - INFO - Epoch 234: KLDiv Loss = 0.0980 | L1 Error = 0.0100 | Cosine Sim = 0.9768
2025-08-05 13:59:37,315 - INFO - Epoch 235: KLDiv Loss = 0.0906 | L1 Error = 0.0098 | Cosine Sim = 0.9780
2025-08-05 13:59:37,421 - INFO - Epoch 236: KLDiv Loss = 0.0949 | L1 Error = 0.0101 | Cosine Sim = 0.9762
2025-08-05 13:59:37,527 - INFO - Epoch 237: KLDiv Loss = 0.0980 | L1 Error = 0.0097 | Cosine Sim = 0.9757
2025-08-05 13:59:37,633 - INFO - Epoch 238: KLDiv Loss = 0.1097 | L1 Error = 0.0109 | Cosine Sim = 0.9709
2025-08-05 13:59:37,739 - INFO - Epoch 239: KLDiv Loss = 0.1013 | L1 Error = 0.0103 | Cosine Sim = 0.9746
2025-08-05 13:59:37,845 - INFO - Epoch 240: KLDiv Loss = 0.0862 | L1 Error = 0.0094 | Cosine Sim = 0.9785
2025-08-05 13:59:37,951 - INFO - Epoch 241: KLDiv Loss = 0.0923 | L1 Error = 0.0095 | Cosine Sim = 0.9773
2025-08-05 13:59:38,057 - INFO - Epoch 242: KLDiv Loss = 0.0898 | L1 Error = 0.0093 | Cosine Sim = 0.9776
2025-08-05 13:59:38,164 - INFO - Epoch 243: KLDiv Loss = 0.0884 | L1 Error = 0.0092 | Cosine Sim = 0.9785
2025-08-05 13:59:38,270 - INFO - Epoch 244: KLDiv Loss = 0.0962 | L1 Error = 0.0099 | Cosine Sim = 0.9741
2025-08-05 13:59:38,376 - INFO - Epoch 245: KLDiv Loss = 0.0811 | L1 Error = 0.0085 | Cosine Sim = 0.9801
2025-08-05 13:59:38,483 - INFO - Epoch 246: KLDiv Loss = 0.1009 | L1 Error = 0.0098 | Cosine Sim = 0.9743
2025-08-05 13:59:38,589 - INFO - Epoch 247: KLDiv Loss = 0.0803 | L1 Error = 0.0089 | Cosine Sim = 0.9795
2025-08-05 13:59:38,695 - INFO - Epoch 248: KLDiv Loss = 0.0929 | L1 Error = 0.0093 | Cosine Sim = 0.9772
2025-08-05 13:59:38,801 - INFO - Epoch 249: KLDiv Loss = 0.0926 | L1 Error = 0.0093 | Cosine Sim = 0.9756
2025-08-05 13:59:38,907 - INFO - Epoch 250: KLDiv Loss = 0.0885 | L1 Error = 0.0092 | Cosine Sim = 0.9780
2025-08-05 13:59:39,013 - INFO - Epoch 251: KLDiv Loss = 0.0900 | L1 Error = 0.0091 | Cosine Sim = 0.9770
2025-08-05 13:59:39,118 - INFO - Epoch 252: KLDiv Loss = 0.0821 | L1 Error = 0.0084 | Cosine Sim = 0.9795
2025-08-05 13:59:39,225 - INFO - Epoch 253: KLDiv Loss = 0.0865 | L1 Error = 0.0086 | Cosine Sim = 0.9791
2025-08-05 13:59:39,330 - INFO - Epoch 254: KLDiv Loss = 0.0866 | L1 Error = 0.0085 | Cosine Sim = 0.9780
2025-08-05 13:59:39,437 - INFO - Epoch 255: KLDiv Loss = 0.0819 | L1 Error = 0.0084 | Cosine Sim = 0.9806
2025-08-05 13:59:39,543 - INFO - Epoch 256: KLDiv Loss = 0.0904 | L1 Error = 0.0088 | Cosine Sim = 0.9753
2025-08-05 13:59:39,730 - INFO - Test: Loss = 5.3131, Quant Error = 1.0432
2025-08-05 13:59:39,730 - INFO - Dynamic Top-K Accuracy (per sample): 57.76%
2025-08-05 13:59:39,737 - INFO - [Gradient Run 1] Training time: 29.28s
