2025-08-04 13:21:13,626 - INFO - ------------------------------------Gradient-------------------------------------------
2025-08-04 13:21:13,626 - INFO - [Gradient Run 1] Starting
2025-08-04 13:21:16,548 - INFO - Training on device: cuda
2025-08-04 13:21:16,950 - INFO - Epoch 01: Loss = 2.2155
2025-08-04 13:21:17,064 - INFO - Epoch 02: Loss = 2.1287
2025-08-04 13:21:17,178 - INFO - Epoch 03: Loss = 2.0553
2025-08-04 13:21:17,291 - INFO - Epoch 04: Loss = 2.0028
2025-08-04 13:21:17,404 - INFO - Epoch 05: Loss = 1.9521
2025-08-04 13:21:17,521 - INFO - Epoch 06: Loss = 1.8960
2025-08-04 13:21:17,635 - INFO - Epoch 07: Loss = 1.8447
2025-08-04 13:21:17,748 - INFO - Epoch 08: Loss = 1.7987
2025-08-04 13:21:17,861 - INFO - Epoch 09: Loss = 1.7573
2025-08-04 13:21:17,974 - INFO - Epoch 10: Loss = 1.7215
2025-08-04 13:21:18,088 - INFO - Epoch 11: Loss = 1.6838
2025-08-04 13:21:18,201 - INFO - Epoch 12: Loss = 1.6475
2025-08-04 13:21:18,314 - INFO - Epoch 13: Loss = 1.6080
2025-08-04 13:21:18,427 - INFO - Epoch 14: Loss = 1.5800
2025-08-04 13:21:18,542 - INFO - Epoch 15: Loss = 1.5409
2025-08-04 13:21:18,655 - INFO - Epoch 16: Loss = 1.5111
2025-08-04 13:21:18,768 - INFO - Epoch 17: Loss = 1.4762
2025-08-04 13:21:18,881 - INFO - Epoch 18: Loss = 1.4495
2025-08-04 13:21:18,994 - INFO - Epoch 19: Loss = 1.4164
2025-08-04 13:21:19,107 - INFO - Epoch 20: Loss = 1.3904
2025-08-04 13:21:19,221 - INFO - Epoch 21: Loss = 1.3609
2025-08-04 13:21:19,334 - INFO - Epoch 22: Loss = 1.3354
2025-08-04 13:21:19,448 - INFO - Epoch 23: Loss = 1.3096
2025-08-04 13:21:19,561 - INFO - Epoch 24: Loss = 1.2844
2025-08-04 13:21:19,674 - INFO - Epoch 25: Loss = 1.2626
2025-08-04 13:21:19,787 - INFO - Epoch 26: Loss = 1.2424
2025-08-04 13:21:19,900 - INFO - Epoch 27: Loss = 1.2142
2025-08-04 13:21:20,013 - INFO - Epoch 28: Loss = 1.1937
2025-08-04 13:21:20,126 - INFO - Epoch 29: Loss = 1.1754
2025-08-04 13:21:20,239 - INFO - Epoch 30: Loss = 1.1562
2025-08-04 13:21:20,354 - INFO - Epoch 31: Loss = 1.1352
2025-08-04 13:21:20,467 - INFO - Epoch 32: Loss = 1.1217
2025-08-04 13:21:20,580 - INFO - Epoch 33: Loss = 1.0982
2025-08-04 13:21:20,693 - INFO - Epoch 34: Loss = 1.0755
2025-08-04 13:21:20,806 - INFO - Epoch 35: Loss = 1.0554
2025-08-04 13:21:20,919 - INFO - Epoch 36: Loss = 1.0389
2025-08-04 13:21:21,032 - INFO - Epoch 37: Loss = 1.0163
2025-08-04 13:21:21,145 - INFO - Epoch 38: Loss = 1.0006
2025-08-04 13:21:21,258 - INFO - Epoch 39: Loss = 0.9810
2025-08-04 13:21:21,372 - INFO - Epoch 40: Loss = 0.9632
2025-08-04 13:21:21,485 - INFO - Epoch 41: Loss = 0.9470
2025-08-04 13:21:21,598 - INFO - Epoch 42: Loss = 0.9316
2025-08-04 13:21:21,711 - INFO - Epoch 43: Loss = 0.9192
2025-08-04 13:21:21,823 - INFO - Epoch 44: Loss = 0.9014
2025-08-04 13:21:21,936 - INFO - Epoch 45: Loss = 0.8793
2025-08-04 13:21:22,049 - INFO - Epoch 46: Loss = 0.8706
2025-08-04 13:21:22,162 - INFO - Epoch 47: Loss = 0.8486
2025-08-04 13:21:22,275 - INFO - Epoch 48: Loss = 0.8402
2025-08-04 13:21:22,389 - INFO - Epoch 49: Loss = 0.8180
2025-08-04 13:21:22,503 - INFO - Epoch 50: Loss = 0.8124
2025-08-04 13:21:22,616 - INFO - Epoch 51: Loss = 0.7959
2025-08-04 13:21:22,730 - INFO - Epoch 52: Loss = 0.7795
2025-08-04 13:21:22,842 - INFO - Epoch 53: Loss = 0.7649
2025-08-04 13:21:22,955 - INFO - Epoch 54: Loss = 0.7557
2025-08-04 13:21:23,068 - INFO - Epoch 55: Loss = 0.7411
2025-08-04 13:21:23,182 - INFO - Epoch 56: Loss = 0.7225
2025-08-04 13:21:23,296 - INFO - Epoch 57: Loss = 0.7143
2025-08-04 13:21:23,409 - INFO - Epoch 58: Loss = 0.7012
2025-08-04 13:21:23,522 - INFO - Epoch 59: Loss = 0.6870
2025-08-04 13:21:23,635 - INFO - Epoch 60: Loss = 0.6728
2025-08-04 13:21:23,748 - INFO - Epoch 61: Loss = 0.6654
2025-08-04 13:21:23,861 - INFO - Epoch 62: Loss = 0.6527
2025-08-04 13:21:23,974 - INFO - Epoch 63: Loss = 0.6396
2025-08-04 13:21:24,087 - INFO - Epoch 64: Loss = 0.6311
2025-08-04 13:21:24,200 - INFO - Epoch 65: Loss = 0.6240
2025-08-04 13:21:24,313 - INFO - Epoch 66: Loss = 0.6119
2025-08-04 13:21:24,426 - INFO - Epoch 67: Loss = 0.6016
2025-08-04 13:21:24,539 - INFO - Epoch 68: Loss = 0.5970
2025-08-04 13:21:24,653 - INFO - Epoch 69: Loss = 0.5899
2025-08-04 13:21:24,767 - INFO - Epoch 70: Loss = 0.5704
2025-08-04 13:21:24,880 - INFO - Epoch 71: Loss = 0.5590
2025-08-04 13:21:24,993 - INFO - Epoch 72: Loss = 0.5532
2025-08-04 13:21:25,106 - INFO - Epoch 73: Loss = 0.5358
2025-08-04 13:21:25,219 - INFO - Epoch 74: Loss = 0.5362
2025-08-04 13:21:25,332 - INFO - Epoch 75: Loss = 0.5162
2025-08-04 13:21:25,445 - INFO - Epoch 76: Loss = 0.5076
2025-08-04 13:21:25,558 - INFO - Epoch 77: Loss = 0.4943
2025-08-04 13:21:25,671 - INFO - Epoch 78: Loss = 0.4850
2025-08-04 13:21:25,784 - INFO - Epoch 79: Loss = 0.4837
2025-08-04 13:21:25,897 - INFO - Epoch 80: Loss = 0.4699
2025-08-04 13:21:26,012 - INFO - Epoch 81: Loss = 0.4663
2025-08-04 13:21:26,125 - INFO - Epoch 82: Loss = 0.4518
2025-08-04 13:21:26,238 - INFO - Epoch 83: Loss = 0.4525
2025-08-04 13:21:26,351 - INFO - Epoch 84: Loss = 0.4380
2025-08-04 13:21:26,464 - INFO - Epoch 85: Loss = 0.4334
2025-08-04 13:21:26,577 - INFO - Epoch 86: Loss = 0.4314
2025-08-04 13:21:26,690 - INFO - Epoch 87: Loss = 0.4194
2025-08-04 13:21:26,803 - INFO - Epoch 88: Loss = 0.4075
2025-08-04 13:21:26,916 - INFO - Epoch 89: Loss = 0.4017
2025-08-04 13:21:27,029 - INFO - Epoch 90: Loss = 0.3924
2025-08-04 13:21:27,142 - INFO - Epoch 91: Loss = 0.3923
2025-08-04 13:21:27,257 - INFO - Epoch 92: Loss = 0.3876
2025-08-04 13:21:27,370 - INFO - Epoch 93: Loss = 0.3731
2025-08-04 13:21:27,483 - INFO - Epoch 94: Loss = 0.3704
2025-08-04 13:21:27,596 - INFO - Epoch 95: Loss = 0.3605
2025-08-04 13:21:27,709 - INFO - Epoch 96: Loss = 0.3599
2025-08-04 13:21:27,822 - INFO - Epoch 97: Loss = 0.3487
2025-08-04 13:21:27,935 - INFO - Epoch 98: Loss = 0.3468
2025-08-04 13:21:28,048 - INFO - Epoch 99: Loss = 0.3342
2025-08-04 13:21:28,161 - INFO - Epoch 100: Loss = 0.3324
2025-08-04 13:21:28,274 - INFO - Epoch 101: Loss = 0.3213
2025-08-04 13:21:28,387 - INFO - Epoch 102: Loss = 0.3146
2025-08-04 13:21:28,500 - INFO - Epoch 103: Loss = 0.3096
2025-08-04 13:21:28,615 - INFO - Epoch 104: Loss = 0.3051
2025-08-04 13:21:28,728 - INFO - Epoch 105: Loss = 0.2987
2025-08-04 13:21:28,841 - INFO - Epoch 106: Loss = 0.2874
2025-08-04 13:21:28,954 - INFO - Epoch 107: Loss = 0.2848
2025-08-04 13:21:29,067 - INFO - Epoch 108: Loss = 0.2773
2025-08-04 13:21:29,181 - INFO - Epoch 109: Loss = 0.2763
2025-08-04 13:21:29,294 - INFO - Epoch 110: Loss = 0.2693
2025-08-04 13:21:29,407 - INFO - Epoch 111: Loss = 0.2632
2025-08-04 13:21:29,520 - INFO - Epoch 112: Loss = 0.2562
2025-08-04 13:21:29,633 - INFO - Epoch 113: Loss = 0.2560
2025-08-04 13:21:29,746 - INFO - Epoch 114: Loss = 0.2466
2025-08-04 13:21:29,859 - INFO - Epoch 115: Loss = 0.2428
2025-08-04 13:21:29,972 - INFO - Epoch 116: Loss = 0.2476
2025-08-04 13:21:30,085 - INFO - Epoch 117: Loss = 0.2394
2025-08-04 13:21:30,200 - INFO - Epoch 118: Loss = 0.2269
2025-08-04 13:21:30,313 - INFO - Epoch 119: Loss = 0.2273
2025-08-04 13:21:30,427 - INFO - Epoch 120: Loss = 0.2214
2025-08-04 13:21:30,540 - INFO - Epoch 121: Loss = 0.2197
2025-08-04 13:21:30,653 - INFO - Epoch 122: Loss = 0.2172
2025-08-04 13:21:30,766 - INFO - Epoch 123: Loss = 0.2069
2025-08-04 13:21:30,879 - INFO - Epoch 124: Loss = 0.2065
2025-08-04 13:21:30,992 - INFO - Epoch 125: Loss = 0.1946
2025-08-04 13:21:31,105 - INFO - Epoch 126: Loss = 0.1944
2025-08-04 13:21:31,218 - INFO - Epoch 127: Loss = 0.1907
2025-08-04 13:21:31,332 - INFO - Epoch 128: Loss = 0.1844
2025-08-04 13:21:31,445 - INFO - Epoch 129: Loss = 0.1836
2025-08-04 13:21:31,558 - INFO - Epoch 130: Loss = 0.1837
2025-08-04 13:21:31,671 - INFO - Epoch 131: Loss = 0.1810
2025-08-04 13:21:31,785 - INFO - Epoch 132: Loss = 0.1738
2025-08-04 13:21:31,898 - INFO - Epoch 133: Loss = 0.1733
2025-08-04 13:21:32,012 - INFO - Epoch 134: Loss = 0.1729
2025-08-04 13:21:32,125 - INFO - Epoch 135: Loss = 0.1671
2025-08-04 13:21:32,238 - INFO - Epoch 136: Loss = 0.1593
2025-08-04 13:21:32,351 - INFO - Epoch 137: Loss = 0.1618
2025-08-04 13:21:32,464 - INFO - Epoch 138: Loss = 0.1578
2025-08-04 13:21:32,577 - INFO - Epoch 139: Loss = 0.1623
2025-08-04 13:21:32,690 - INFO - Epoch 140: Loss = 0.1498
2025-08-04 13:21:32,803 - INFO - Epoch 141: Loss = 0.1519
2025-08-04 13:21:32,916 - INFO - Epoch 142: Loss = 0.1440
2025-08-04 13:21:33,030 - INFO - Epoch 143: Loss = 0.1482
2025-08-04 13:21:33,143 - INFO - Epoch 144: Loss = 0.1534
2025-08-04 13:21:33,256 - INFO - Epoch 145: Loss = 0.1435
2025-08-04 13:21:33,370 - INFO - Epoch 146: Loss = 0.1406
2025-08-04 13:21:33,483 - INFO - Epoch 147: Loss = 0.1391
2025-08-04 13:21:33,597 - INFO - Epoch 148: Loss = 0.1407
2025-08-04 13:21:33,710 - INFO - Epoch 149: Loss = 0.1345
2025-08-04 13:21:33,823 - INFO - Epoch 150: Loss = 0.1341
2025-08-04 13:21:33,936 - INFO - Epoch 151: Loss = 0.1307
2025-08-04 13:21:34,049 - INFO - Epoch 152: Loss = 0.1467
2025-08-04 13:21:34,162 - INFO - Epoch 153: Loss = 0.1358
2025-08-04 13:21:34,275 - INFO - Epoch 154: Loss = 0.1237
2025-08-04 13:21:34,388 - INFO - Epoch 155: Loss = 0.1290
2025-08-04 13:21:34,501 - INFO - Epoch 156: Loss = 0.1294
2025-08-04 13:21:34,614 - INFO - Epoch 157: Loss = 0.1286
2025-08-04 13:21:34,727 - INFO - Epoch 158: Loss = 0.1262
2025-08-04 13:21:34,840 - INFO - Epoch 159: Loss = 0.1268
2025-08-04 13:21:34,953 - INFO - Epoch 160: Loss = 0.1211
2025-08-04 13:21:35,067 - INFO - Epoch 161: Loss = 0.1194
2025-08-04 13:21:35,180 - INFO - Epoch 162: Loss = 0.1304
2025-08-04 13:21:35,294 - INFO - Epoch 163: Loss = 0.1164
2025-08-04 13:21:35,408 - INFO - Epoch 164: Loss = 0.1204
2025-08-04 13:21:35,521 - INFO - Epoch 165: Loss = 0.1172
2025-08-04 13:21:35,634 - INFO - Epoch 166: Loss = 0.1177
2025-08-04 13:21:35,747 - INFO - Epoch 167: Loss = 0.1107
2025-08-04 13:21:35,860 - INFO - Epoch 168: Loss = 0.1124
2025-08-04 13:21:35,973 - INFO - Epoch 169: Loss = 0.1092
2025-08-04 13:21:36,086 - INFO - Epoch 170: Loss = 0.1148
2025-08-04 13:21:36,199 - INFO - Epoch 171: Loss = 0.1037
2025-08-04 13:21:36,313 - INFO - Epoch 172: Loss = 0.1079
2025-08-04 13:21:36,426 - INFO - Epoch 173: Loss = 0.0998
2025-08-04 13:21:36,539 - INFO - Epoch 174: Loss = 0.0993
2025-08-04 13:21:36,652 - INFO - Epoch 175: Loss = 0.0984
2025-08-04 13:21:36,765 - INFO - Epoch 176: Loss = 0.0998
2025-08-04 13:21:36,878 - INFO - Epoch 177: Loss = 0.1044
2025-08-04 13:21:36,991 - INFO - Epoch 178: Loss = 0.1018
2025-08-04 13:21:37,105 - INFO - Epoch 179: Loss = 0.0969
2025-08-04 13:21:37,218 - INFO - Epoch 180: Loss = 0.0906
2025-08-04 13:21:37,331 - INFO - Epoch 181: Loss = 0.0955
2025-08-04 13:21:37,445 - INFO - Epoch 182: Loss = 0.1004
2025-08-04 13:21:37,558 - INFO - Epoch 183: Loss = 0.0969
2025-08-04 13:21:37,671 - INFO - Epoch 184: Loss = 0.0911
2025-08-04 13:21:37,784 - INFO - Epoch 185: Loss = 0.0926
2025-08-04 13:21:37,897 - INFO - Epoch 186: Loss = 0.0929
2025-08-04 13:21:38,010 - INFO - Epoch 187: Loss = 0.0937
2025-08-04 13:21:38,124 - INFO - Epoch 188: Loss = 0.0930
2025-08-04 13:21:38,237 - INFO - Epoch 189: Loss = 0.0905
2025-08-04 13:21:38,349 - INFO - Epoch 190: Loss = 0.1056
2025-08-04 13:21:38,463 - INFO - Epoch 191: Loss = 0.0900
2025-08-04 13:21:38,576 - INFO - Epoch 192: Loss = 0.0931
2025-08-04 13:21:38,690 - INFO - Epoch 193: Loss = 0.0925
2025-08-04 13:21:38,803 - INFO - Epoch 194: Loss = 0.0841
2025-08-04 13:21:38,916 - INFO - Epoch 195: Loss = 0.0764
2025-08-04 13:21:39,029 - INFO - Epoch 196: Loss = 0.0862
2025-08-04 13:21:39,143 - INFO - Epoch 197: Loss = 0.0807
2025-08-04 13:21:39,256 - INFO - Epoch 198: Loss = 0.0912
2025-08-04 13:21:39,369 - INFO - Epoch 199: Loss = 0.0901
2025-08-04 13:21:39,482 - INFO - Epoch 200: Loss = 0.0830
2025-08-04 13:21:39,595 - INFO - Epoch 201: Loss = 0.0881
2025-08-04 13:21:39,708 - INFO - Epoch 202: Loss = 0.0755
2025-08-04 13:21:39,822 - INFO - Epoch 203: Loss = 0.0779
2025-08-04 13:21:39,935 - INFO - Epoch 204: Loss = 0.0813
2025-08-04 13:21:40,048 - INFO - Epoch 205: Loss = 0.0749
2025-08-04 13:21:40,161 - INFO - Epoch 206: Loss = 0.0740
2025-08-04 13:21:40,274 - INFO - Epoch 207: Loss = 0.0800
2025-08-04 13:21:40,387 - INFO - Epoch 208: Loss = 0.0788
2025-08-04 13:21:40,500 - INFO - Epoch 209: Loss = 0.0784
2025-08-04 13:21:40,614 - INFO - Epoch 210: Loss = 0.0746
2025-08-04 13:21:40,727 - INFO - Epoch 211: Loss = 0.0744
2025-08-04 13:21:40,840 - INFO - Epoch 212: Loss = 0.0740
2025-08-04 13:21:40,953 - INFO - Epoch 213: Loss = 0.0835
2025-08-04 13:21:41,066 - INFO - Epoch 214: Loss = 0.0826
2025-08-04 13:21:41,180 - INFO - Epoch 215: Loss = 0.0698
2025-08-04 13:21:41,294 - INFO - Epoch 216: Loss = 0.0779
2025-08-04 13:21:41,408 - INFO - Epoch 217: Loss = 0.0786
2025-08-04 13:21:41,521 - INFO - Epoch 218: Loss = 0.0726
2025-08-04 13:21:41,634 - INFO - Epoch 219: Loss = 0.0715
2025-08-04 13:21:41,748 - INFO - Epoch 220: Loss = 0.0803
2025-08-04 13:21:41,861 - INFO - Epoch 221: Loss = 0.0696
2025-08-04 13:21:41,974 - INFO - Epoch 222: Loss = 0.0754
2025-08-04 13:21:42,087 - INFO - Epoch 223: Loss = 0.0817
2025-08-04 13:21:42,200 - INFO - Epoch 224: Loss = 0.0751
2025-08-04 13:21:42,314 - INFO - Epoch 225: Loss = 0.0670
2025-08-04 13:21:42,427 - INFO - Epoch 226: Loss = 0.0626
2025-08-04 13:21:42,540 - INFO - Epoch 227: Loss = 0.0703
2025-08-04 13:21:42,653 - INFO - Epoch 228: Loss = 0.0638
2025-08-04 13:21:42,766 - INFO - Epoch 229: Loss = 0.0663
2025-08-04 13:21:42,879 - INFO - Epoch 230: Loss = 0.0795
2025-08-04 13:21:42,992 - INFO - Epoch 231: Loss = 0.0619
2025-08-04 13:21:43,105 - INFO - Epoch 232: Loss = 0.0733
2025-08-04 13:21:43,219 - INFO - Epoch 233: Loss = 0.0725
2025-08-04 13:21:43,332 - INFO - Epoch 234: Loss = 0.0604
2025-08-04 13:21:43,446 - INFO - Epoch 235: Loss = 0.0724
2025-08-04 13:21:43,559 - INFO - Epoch 236: Loss = 0.0645
2025-08-04 13:21:43,673 - INFO - Epoch 237: Loss = 0.0675
2025-08-04 13:21:43,786 - INFO - Epoch 238: Loss = 0.0611
2025-08-04 13:21:43,899 - INFO - Epoch 239: Loss = 0.0579
2025-08-04 13:21:44,012 - INFO - Epoch 240: Loss = 0.0585
2025-08-04 13:21:44,125 - INFO - Epoch 241: Loss = 0.0646
2025-08-04 13:21:44,238 - INFO - Epoch 242: Loss = 0.0586
2025-08-04 13:21:44,352 - INFO - Epoch 243: Loss = 0.0696
2025-08-04 13:21:44,465 - INFO - Epoch 244: Loss = 0.0776
2025-08-04 13:21:44,578 - INFO - Epoch 245: Loss = 0.0682
2025-08-04 13:21:44,691 - INFO - Epoch 246: Loss = 0.0613
2025-08-04 13:21:44,804 - INFO - Epoch 247: Loss = 0.0621
2025-08-04 13:21:44,918 - INFO - Epoch 248: Loss = 0.0678
2025-08-04 13:21:45,031 - INFO - Epoch 249: Loss = 0.0641
2025-08-04 13:21:45,144 - INFO - Epoch 250: Loss = 0.0603
2025-08-04 13:21:45,257 - INFO - Epoch 251: Loss = 0.0579
2025-08-04 13:21:45,370 - INFO - Epoch 252: Loss = 0.0632
2025-08-04 13:21:45,484 - INFO - Epoch 253: Loss = 0.0572
2025-08-04 13:21:45,598 - INFO - Epoch 254: Loss = 0.0698
2025-08-04 13:21:45,711 - INFO - Epoch 255: Loss = 0.0568
2025-08-04 13:21:45,824 - INFO - Epoch 256: Loss = 0.0591
2025-08-04 13:21:46,210 - INFO - Test: Loss = 0.6771, Accuracy = 85.56%, Quant Error = 0.0243
2025-08-04 13:21:46,221 - INFO - [Gradient Run 1] Training time: 32.60s
