2025-08-05 14:21:52,999 - INFO - ------------------------------------Gradient-------------------------------------------
2025-08-05 14:21:52,999 - INFO - [Gradient Run 1] Starting
2025-08-05 14:21:54,754 - INFO - Training on device: cuda
2025-08-05 14:21:55,015 - INFO - Epoch 01: KLDiv Loss = 2.2802 | L1 Error = 0.1479 | Cosine Sim = 0.3346
2025-08-05 14:21:55,113 - INFO - Epoch 02: KLDiv Loss = 2.1993 | L1 Error = 0.1461 | Cosine Sim = 0.3622
2025-08-05 14:21:55,212 - INFO - Epoch 03: KLDiv Loss = 2.1366 | L1 Error = 0.1447 | Cosine Sim = 0.3846
2025-08-05 14:21:55,309 - INFO - Epoch 04: KLDiv Loss = 2.0703 | L1 Error = 0.1430 | Cosine Sim = 0.4070
2025-08-05 14:21:55,406 - INFO - Epoch 05: KLDiv Loss = 2.0125 | L1 Error = 0.1413 | Cosine Sim = 0.4293
2025-08-05 14:21:55,502 - INFO - Epoch 06: KLDiv Loss = 1.9597 | L1 Error = 0.1396 | Cosine Sim = 0.4483
2025-08-05 14:21:55,599 - INFO - Epoch 07: KLDiv Loss = 1.8991 | L1 Error = 0.1375 | Cosine Sim = 0.4694
2025-08-05 14:21:55,695 - INFO - Epoch 08: KLDiv Loss = 1.8499 | L1 Error = 0.1356 | Cosine Sim = 0.4877
2025-08-05 14:21:55,792 - INFO - Epoch 09: KLDiv Loss = 1.8029 | L1 Error = 0.1337 | Cosine Sim = 0.5037
2025-08-05 14:21:55,888 - INFO - Epoch 10: KLDiv Loss = 1.7845 | L1 Error = 0.1327 | Cosine Sim = 0.5092
2025-08-05 14:21:55,985 - INFO - Epoch 11: KLDiv Loss = 1.7303 | L1 Error = 0.1306 | Cosine Sim = 0.5269
2025-08-05 14:21:56,081 - INFO - Epoch 12: KLDiv Loss = 1.6951 | L1 Error = 0.1289 | Cosine Sim = 0.5371
2025-08-05 14:21:56,178 - INFO - Epoch 13: KLDiv Loss = 1.6699 | L1 Error = 0.1275 | Cosine Sim = 0.5446
2025-08-05 14:21:56,274 - INFO - Epoch 14: KLDiv Loss = 1.6250 | L1 Error = 0.1253 | Cosine Sim = 0.5596
2025-08-05 14:21:56,371 - INFO - Epoch 15: KLDiv Loss = 1.5850 | L1 Error = 0.1235 | Cosine Sim = 0.5713
2025-08-05 14:21:56,467 - INFO - Epoch 16: KLDiv Loss = 1.5551 | L1 Error = 0.1221 | Cosine Sim = 0.5811
2025-08-05 14:21:56,564 - INFO - Epoch 17: KLDiv Loss = 1.5246 | L1 Error = 0.1200 | Cosine Sim = 0.5918
2025-08-05 14:21:56,660 - INFO - Epoch 18: KLDiv Loss = 1.4819 | L1 Error = 0.1179 | Cosine Sim = 0.6041
2025-08-05 14:21:56,757 - INFO - Epoch 19: KLDiv Loss = 1.4581 | L1 Error = 0.1168 | Cosine Sim = 0.6112
2025-08-05 14:21:56,853 - INFO - Epoch 20: KLDiv Loss = 1.4272 | L1 Error = 0.1153 | Cosine Sim = 0.6207
2025-08-05 14:21:56,950 - INFO - Epoch 21: KLDiv Loss = 1.4110 | L1 Error = 0.1140 | Cosine Sim = 0.6239
2025-08-05 14:21:57,046 - INFO - Epoch 22: KLDiv Loss = 1.3852 | L1 Error = 0.1132 | Cosine Sim = 0.6318
2025-08-05 14:21:57,143 - INFO - Epoch 23: KLDiv Loss = 1.3518 | L1 Error = 0.1113 | Cosine Sim = 0.6421
2025-08-05 14:21:57,239 - INFO - Epoch 24: KLDiv Loss = 1.3259 | L1 Error = 0.1098 | Cosine Sim = 0.6508
2025-08-05 14:21:57,336 - INFO - Epoch 25: KLDiv Loss = 1.3119 | L1 Error = 0.1090 | Cosine Sim = 0.6538
2025-08-05 14:21:57,432 - INFO - Epoch 26: KLDiv Loss = 1.3131 | L1 Error = 0.1091 | Cosine Sim = 0.6520
2025-08-05 14:21:57,529 - INFO - Epoch 27: KLDiv Loss = 1.2965 | L1 Error = 0.1081 | Cosine Sim = 0.6559
2025-08-05 14:21:57,625 - INFO - Epoch 28: KLDiv Loss = 1.2615 | L1 Error = 0.1062 | Cosine Sim = 0.6665
2025-08-05 14:21:57,721 - INFO - Epoch 29: KLDiv Loss = 1.2550 | L1 Error = 0.1059 | Cosine Sim = 0.6694
2025-08-05 14:21:57,818 - INFO - Epoch 30: KLDiv Loss = 1.2186 | L1 Error = 0.1037 | Cosine Sim = 0.6803
2025-08-05 14:21:57,915 - INFO - Epoch 31: KLDiv Loss = 1.2207 | L1 Error = 0.1037 | Cosine Sim = 0.6770
2025-08-05 14:21:58,012 - INFO - Epoch 32: KLDiv Loss = 1.2166 | L1 Error = 0.1034 | Cosine Sim = 0.6786
2025-08-05 14:21:58,108 - INFO - Epoch 33: KLDiv Loss = 1.1804 | L1 Error = 0.1017 | Cosine Sim = 0.6921
2025-08-05 14:21:58,205 - INFO - Epoch 34: KLDiv Loss = 1.1532 | L1 Error = 0.0998 | Cosine Sim = 0.6992
2025-08-05 14:21:58,301 - INFO - Epoch 35: KLDiv Loss = 1.1751 | L1 Error = 0.1007 | Cosine Sim = 0.6906
2025-08-05 14:21:58,398 - INFO - Epoch 36: KLDiv Loss = 1.1500 | L1 Error = 0.0996 | Cosine Sim = 0.6983
2025-08-05 14:21:58,494 - INFO - Epoch 37: KLDiv Loss = 1.1131 | L1 Error = 0.0972 | Cosine Sim = 0.7101
2025-08-05 14:21:58,590 - INFO - Epoch 38: KLDiv Loss = 1.1034 | L1 Error = 0.0968 | Cosine Sim = 0.7138
2025-08-05 14:21:58,687 - INFO - Epoch 39: KLDiv Loss = 1.0833 | L1 Error = 0.0957 | Cosine Sim = 0.7211
2025-08-05 14:21:58,783 - INFO - Epoch 40: KLDiv Loss = 1.0860 | L1 Error = 0.0952 | Cosine Sim = 0.7190
2025-08-05 14:21:58,881 - INFO - Epoch 41: KLDiv Loss = 1.0600 | L1 Error = 0.0944 | Cosine Sim = 0.7288
2025-08-05 14:21:58,978 - INFO - Epoch 42: KLDiv Loss = 1.0746 | L1 Error = 0.0947 | Cosine Sim = 0.7190
2025-08-05 14:21:59,074 - INFO - Epoch 43: KLDiv Loss = 1.0320 | L1 Error = 0.0928 | Cosine Sim = 0.7356
2025-08-05 14:21:59,170 - INFO - Epoch 44: KLDiv Loss = 1.0125 | L1 Error = 0.0915 | Cosine Sim = 0.7433
2025-08-05 14:21:59,267 - INFO - Epoch 45: KLDiv Loss = 1.0282 | L1 Error = 0.0922 | Cosine Sim = 0.7346
2025-08-05 14:21:59,363 - INFO - Epoch 46: KLDiv Loss = 0.9974 | L1 Error = 0.0901 | Cosine Sim = 0.7471
2025-08-05 14:21:59,459 - INFO - Epoch 47: KLDiv Loss = 0.9838 | L1 Error = 0.0894 | Cosine Sim = 0.7519
2025-08-05 14:21:59,556 - INFO - Epoch 48: KLDiv Loss = 0.9629 | L1 Error = 0.0883 | Cosine Sim = 0.7577
2025-08-05 14:21:59,652 - INFO - Epoch 49: KLDiv Loss = 0.9528 | L1 Error = 0.0875 | Cosine Sim = 0.7605
2025-08-05 14:21:59,749 - INFO - Epoch 50: KLDiv Loss = 0.9543 | L1 Error = 0.0877 | Cosine Sim = 0.7576
2025-08-05 14:21:59,846 - INFO - Epoch 51: KLDiv Loss = 0.9345 | L1 Error = 0.0862 | Cosine Sim = 0.7658
2025-08-05 14:21:59,943 - INFO - Epoch 52: KLDiv Loss = 0.9098 | L1 Error = 0.0846 | Cosine Sim = 0.7728
2025-08-05 14:22:00,039 - INFO - Epoch 53: KLDiv Loss = 0.9082 | L1 Error = 0.0842 | Cosine Sim = 0.7713
2025-08-05 14:22:00,136 - INFO - Epoch 54: KLDiv Loss = 0.8924 | L1 Error = 0.0832 | Cosine Sim = 0.7778
2025-08-05 14:22:00,232 - INFO - Epoch 55: KLDiv Loss = 0.8801 | L1 Error = 0.0826 | Cosine Sim = 0.7812
2025-08-05 14:22:00,328 - INFO - Epoch 56: KLDiv Loss = 0.8748 | L1 Error = 0.0824 | Cosine Sim = 0.7809
2025-08-05 14:22:00,425 - INFO - Epoch 57: KLDiv Loss = 0.8524 | L1 Error = 0.0807 | Cosine Sim = 0.7897
2025-08-05 14:22:00,521 - INFO - Epoch 58: KLDiv Loss = 0.8414 | L1 Error = 0.0798 | Cosine Sim = 0.7917
2025-08-05 14:22:00,617 - INFO - Epoch 59: KLDiv Loss = 0.8468 | L1 Error = 0.0800 | Cosine Sim = 0.7877
2025-08-05 14:22:00,714 - INFO - Epoch 60: KLDiv Loss = 0.8295 | L1 Error = 0.0792 | Cosine Sim = 0.7948
2025-08-05 14:22:00,810 - INFO - Epoch 61: KLDiv Loss = 0.8075 | L1 Error = 0.0777 | Cosine Sim = 0.8023
2025-08-05 14:22:00,907 - INFO - Epoch 62: KLDiv Loss = 0.8075 | L1 Error = 0.0773 | Cosine Sim = 0.8000
2025-08-05 14:22:01,003 - INFO - Epoch 63: KLDiv Loss = 0.8039 | L1 Error = 0.0774 | Cosine Sim = 0.8007
2025-08-05 14:22:01,100 - INFO - Epoch 64: KLDiv Loss = 0.7819 | L1 Error = 0.0761 | Cosine Sim = 0.8120
2025-08-05 14:22:01,196 - INFO - Epoch 65: KLDiv Loss = 0.7655 | L1 Error = 0.0746 | Cosine Sim = 0.8136
2025-08-05 14:22:01,293 - INFO - Epoch 66: KLDiv Loss = 0.7784 | L1 Error = 0.0751 | Cosine Sim = 0.8091
2025-08-05 14:22:01,389 - INFO - Epoch 67: KLDiv Loss = 0.7709 | L1 Error = 0.0750 | Cosine Sim = 0.8121
2025-08-05 14:22:01,485 - INFO - Epoch 68: KLDiv Loss = 0.7487 | L1 Error = 0.0733 | Cosine Sim = 0.8195
2025-08-05 14:22:01,582 - INFO - Epoch 69: KLDiv Loss = 0.7435 | L1 Error = 0.0726 | Cosine Sim = 0.8199
2025-08-05 14:22:01,678 - INFO - Epoch 70: KLDiv Loss = 0.7225 | L1 Error = 0.0719 | Cosine Sim = 0.8278
2025-08-05 14:22:01,776 - INFO - Epoch 71: KLDiv Loss = 0.7141 | L1 Error = 0.0708 | Cosine Sim = 0.8273
2025-08-05 14:22:01,872 - INFO - Epoch 72: KLDiv Loss = 0.7253 | L1 Error = 0.0711 | Cosine Sim = 0.8244
2025-08-05 14:22:01,969 - INFO - Epoch 73: KLDiv Loss = 0.6897 | L1 Error = 0.0691 | Cosine Sim = 0.8377
2025-08-05 14:22:02,065 - INFO - Epoch 74: KLDiv Loss = 0.6888 | L1 Error = 0.0689 | Cosine Sim = 0.8369
2025-08-05 14:22:02,161 - INFO - Epoch 75: KLDiv Loss = 0.6770 | L1 Error = 0.0677 | Cosine Sim = 0.8398
2025-08-05 14:22:02,258 - INFO - Epoch 76: KLDiv Loss = 0.6615 | L1 Error = 0.0671 | Cosine Sim = 0.8438
2025-08-05 14:22:02,354 - INFO - Epoch 77: KLDiv Loss = 0.6521 | L1 Error = 0.0660 | Cosine Sim = 0.8443
2025-08-05 14:22:02,451 - INFO - Epoch 78: KLDiv Loss = 0.6466 | L1 Error = 0.0657 | Cosine Sim = 0.8478
2025-08-05 14:22:02,547 - INFO - Epoch 79: KLDiv Loss = 0.6324 | L1 Error = 0.0643 | Cosine Sim = 0.8509
2025-08-05 14:22:02,644 - INFO - Epoch 80: KLDiv Loss = 0.6301 | L1 Error = 0.0643 | Cosine Sim = 0.8504
2025-08-05 14:22:02,740 - INFO - Epoch 81: KLDiv Loss = 0.6509 | L1 Error = 0.0653 | Cosine Sim = 0.8427
2025-08-05 14:22:02,837 - INFO - Epoch 82: KLDiv Loss = 0.6259 | L1 Error = 0.0641 | Cosine Sim = 0.8512
2025-08-05 14:22:02,934 - INFO - Epoch 83: KLDiv Loss = 0.6014 | L1 Error = 0.0620 | Cosine Sim = 0.8593
2025-08-05 14:22:03,030 - INFO - Epoch 84: KLDiv Loss = 0.6091 | L1 Error = 0.0619 | Cosine Sim = 0.8554
2025-08-05 14:22:03,127 - INFO - Epoch 85: KLDiv Loss = 0.5855 | L1 Error = 0.0608 | Cosine Sim = 0.8634
2025-08-05 14:22:03,223 - INFO - Epoch 86: KLDiv Loss = 0.5784 | L1 Error = 0.0599 | Cosine Sim = 0.8635
2025-08-05 14:22:03,320 - INFO - Epoch 87: KLDiv Loss = 0.5870 | L1 Error = 0.0603 | Cosine Sim = 0.8617
2025-08-05 14:22:03,416 - INFO - Epoch 88: KLDiv Loss = 0.5652 | L1 Error = 0.0584 | Cosine Sim = 0.8680
2025-08-05 14:22:03,513 - INFO - Epoch 89: KLDiv Loss = 0.5602 | L1 Error = 0.0579 | Cosine Sim = 0.8693
2025-08-05 14:22:03,609 - INFO - Epoch 90: KLDiv Loss = 0.5571 | L1 Error = 0.0581 | Cosine Sim = 0.8712
2025-08-05 14:22:03,705 - INFO - Epoch 91: KLDiv Loss = 0.5439 | L1 Error = 0.0567 | Cosine Sim = 0.8716
2025-08-05 14:22:03,802 - INFO - Epoch 92: KLDiv Loss = 0.5425 | L1 Error = 0.0567 | Cosine Sim = 0.8725
2025-08-05 14:22:03,899 - INFO - Epoch 93: KLDiv Loss = 0.5441 | L1 Error = 0.0565 | Cosine Sim = 0.8726
2025-08-05 14:22:03,995 - INFO - Epoch 94: KLDiv Loss = 0.5501 | L1 Error = 0.0562 | Cosine Sim = 0.8697
2025-08-05 14:22:04,092 - INFO - Epoch 95: KLDiv Loss = 0.5165 | L1 Error = 0.0545 | Cosine Sim = 0.8809
2025-08-05 14:22:04,188 - INFO - Epoch 96: KLDiv Loss = 0.5068 | L1 Error = 0.0536 | Cosine Sim = 0.8834
2025-08-05 14:22:04,285 - INFO - Epoch 97: KLDiv Loss = 0.5113 | L1 Error = 0.0532 | Cosine Sim = 0.8798
2025-08-05 14:22:04,381 - INFO - Epoch 98: KLDiv Loss = 0.5056 | L1 Error = 0.0528 | Cosine Sim = 0.8796
2025-08-05 14:22:04,477 - INFO - Epoch 99: KLDiv Loss = 0.4896 | L1 Error = 0.0516 | Cosine Sim = 0.8876
2025-08-05 14:22:04,574 - INFO - Epoch 100: KLDiv Loss = 0.4919 | L1 Error = 0.0519 | Cosine Sim = 0.8853
2025-08-05 14:22:04,670 - INFO - Epoch 101: KLDiv Loss = 0.4868 | L1 Error = 0.0514 | Cosine Sim = 0.8856
2025-08-05 14:22:04,766 - INFO - Epoch 102: KLDiv Loss = 0.4752 | L1 Error = 0.0507 | Cosine Sim = 0.8907
2025-08-05 14:22:04,863 - INFO - Epoch 103: KLDiv Loss = 0.4857 | L1 Error = 0.0508 | Cosine Sim = 0.8867
2025-08-05 14:22:04,959 - INFO - Epoch 104: KLDiv Loss = 0.4694 | L1 Error = 0.0506 | Cosine Sim = 0.8945
2025-08-05 14:22:05,055 - INFO - Epoch 105: KLDiv Loss = 0.4588 | L1 Error = 0.0494 | Cosine Sim = 0.8967
2025-08-05 14:22:05,152 - INFO - Epoch 106: KLDiv Loss = 0.4639 | L1 Error = 0.0488 | Cosine Sim = 0.8928
2025-08-05 14:22:05,249 - INFO - Epoch 107: KLDiv Loss = 0.4415 | L1 Error = 0.0475 | Cosine Sim = 0.9006
2025-08-05 14:22:05,346 - INFO - Epoch 108: KLDiv Loss = 0.4560 | L1 Error = 0.0471 | Cosine Sim = 0.8931
2025-08-05 14:22:05,442 - INFO - Epoch 109: KLDiv Loss = 0.4368 | L1 Error = 0.0469 | Cosine Sim = 0.8993
2025-08-05 14:22:05,539 - INFO - Epoch 110: KLDiv Loss = 0.4253 | L1 Error = 0.0460 | Cosine Sim = 0.9024
2025-08-05 14:22:05,635 - INFO - Epoch 111: KLDiv Loss = 0.4129 | L1 Error = 0.0450 | Cosine Sim = 0.9067
2025-08-05 14:22:05,732 - INFO - Epoch 112: KLDiv Loss = 0.4274 | L1 Error = 0.0450 | Cosine Sim = 0.8997
2025-08-05 14:22:05,828 - INFO - Epoch 113: KLDiv Loss = 0.4100 | L1 Error = 0.0440 | Cosine Sim = 0.9050
2025-08-05 14:22:05,925 - INFO - Epoch 114: KLDiv Loss = 0.4075 | L1 Error = 0.0439 | Cosine Sim = 0.9065
2025-08-05 14:22:06,021 - INFO - Epoch 115: KLDiv Loss = 0.3927 | L1 Error = 0.0430 | Cosine Sim = 0.9101
2025-08-05 14:22:06,117 - INFO - Epoch 116: KLDiv Loss = 0.3993 | L1 Error = 0.0427 | Cosine Sim = 0.9055
2025-08-05 14:22:06,214 - INFO - Epoch 117: KLDiv Loss = 0.3876 | L1 Error = 0.0423 | Cosine Sim = 0.9103
2025-08-05 14:22:06,310 - INFO - Epoch 118: KLDiv Loss = 0.3952 | L1 Error = 0.0423 | Cosine Sim = 0.9064
2025-08-05 14:22:06,406 - INFO - Epoch 119: KLDiv Loss = 0.4054 | L1 Error = 0.0427 | Cosine Sim = 0.9021
2025-08-05 14:22:06,504 - INFO - Epoch 120: KLDiv Loss = 0.3888 | L1 Error = 0.0414 | Cosine Sim = 0.9090
2025-08-05 14:22:06,600 - INFO - Epoch 121: KLDiv Loss = 0.3728 | L1 Error = 0.0410 | Cosine Sim = 0.9164
2025-08-05 14:22:06,697 - INFO - Epoch 122: KLDiv Loss = 0.3719 | L1 Error = 0.0410 | Cosine Sim = 0.9147
2025-08-05 14:22:06,793 - INFO - Epoch 123: KLDiv Loss = 0.3689 | L1 Error = 0.0404 | Cosine Sim = 0.9150
2025-08-05 14:22:06,889 - INFO - Epoch 124: KLDiv Loss = 0.3663 | L1 Error = 0.0400 | Cosine Sim = 0.9153
2025-08-05 14:22:06,986 - INFO - Epoch 125: KLDiv Loss = 0.3676 | L1 Error = 0.0401 | Cosine Sim = 0.9139
2025-08-05 14:22:07,082 - INFO - Epoch 126: KLDiv Loss = 0.3488 | L1 Error = 0.0377 | Cosine Sim = 0.9179
2025-08-05 14:22:07,179 - INFO - Epoch 127: KLDiv Loss = 0.3583 | L1 Error = 0.0389 | Cosine Sim = 0.9153
2025-08-05 14:22:07,275 - INFO - Epoch 128: KLDiv Loss = 0.3519 | L1 Error = 0.0378 | Cosine Sim = 0.9177
2025-08-05 14:22:07,371 - INFO - Epoch 129: KLDiv Loss = 0.3415 | L1 Error = 0.0380 | Cosine Sim = 0.9210
2025-08-05 14:22:07,468 - INFO - Epoch 130: KLDiv Loss = 0.3335 | L1 Error = 0.0366 | Cosine Sim = 0.9217
2025-08-05 14:22:07,564 - INFO - Epoch 131: KLDiv Loss = 0.3229 | L1 Error = 0.0354 | Cosine Sim = 0.9245
2025-08-05 14:22:07,661 - INFO - Epoch 132: KLDiv Loss = 0.3210 | L1 Error = 0.0354 | Cosine Sim = 0.9249
2025-08-05 14:22:07,757 - INFO - Epoch 133: KLDiv Loss = 0.3199 | L1 Error = 0.0354 | Cosine Sim = 0.9266
2025-08-05 14:22:07,854 - INFO - Epoch 134: KLDiv Loss = 0.3323 | L1 Error = 0.0362 | Cosine Sim = 0.9195
2025-08-05 14:22:07,950 - INFO - Epoch 135: KLDiv Loss = 0.3253 | L1 Error = 0.0352 | Cosine Sim = 0.9207
2025-08-05 14:22:08,047 - INFO - Epoch 136: KLDiv Loss = 0.3133 | L1 Error = 0.0344 | Cosine Sim = 0.9265
2025-08-05 14:22:08,143 - INFO - Epoch 137: KLDiv Loss = 0.2983 | L1 Error = 0.0333 | Cosine Sim = 0.9313
2025-08-05 14:22:08,240 - INFO - Epoch 138: KLDiv Loss = 0.3104 | L1 Error = 0.0342 | Cosine Sim = 0.9250
2025-08-05 14:22:08,336 - INFO - Epoch 139: KLDiv Loss = 0.2901 | L1 Error = 0.0328 | Cosine Sim = 0.9331
2025-08-05 14:22:08,432 - INFO - Epoch 140: KLDiv Loss = 0.2990 | L1 Error = 0.0334 | Cosine Sim = 0.9290
2025-08-05 14:22:08,529 - INFO - Epoch 141: KLDiv Loss = 0.2873 | L1 Error = 0.0320 | Cosine Sim = 0.9303
2025-08-05 14:22:08,625 - INFO - Epoch 142: KLDiv Loss = 0.2771 | L1 Error = 0.0310 | Cosine Sim = 0.9358
2025-08-05 14:22:08,721 - INFO - Epoch 143: KLDiv Loss = 0.2891 | L1 Error = 0.0319 | Cosine Sim = 0.9315
2025-08-05 14:22:08,818 - INFO - Epoch 144: KLDiv Loss = 0.2734 | L1 Error = 0.0311 | Cosine Sim = 0.9361
2025-08-05 14:22:08,914 - INFO - Epoch 145: KLDiv Loss = 0.2763 | L1 Error = 0.0308 | Cosine Sim = 0.9352
2025-08-05 14:22:09,010 - INFO - Epoch 146: KLDiv Loss = 0.2723 | L1 Error = 0.0305 | Cosine Sim = 0.9362
2025-08-05 14:22:09,107 - INFO - Epoch 147: KLDiv Loss = 0.2767 | L1 Error = 0.0306 | Cosine Sim = 0.9324
2025-08-05 14:22:09,204 - INFO - Epoch 148: KLDiv Loss = 0.2573 | L1 Error = 0.0291 | Cosine Sim = 0.9402
2025-08-05 14:22:09,301 - INFO - Epoch 149: KLDiv Loss = 0.2626 | L1 Error = 0.0296 | Cosine Sim = 0.9387
2025-08-05 14:22:09,397 - INFO - Epoch 150: KLDiv Loss = 0.2603 | L1 Error = 0.0293 | Cosine Sim = 0.9372
2025-08-05 14:22:09,494 - INFO - Epoch 151: KLDiv Loss = 0.2516 | L1 Error = 0.0282 | Cosine Sim = 0.9411
2025-08-05 14:22:09,590 - INFO - Epoch 152: KLDiv Loss = 0.2512 | L1 Error = 0.0286 | Cosine Sim = 0.9392
2025-08-05 14:22:09,687 - INFO - Epoch 153: KLDiv Loss = 0.2632 | L1 Error = 0.0294 | Cosine Sim = 0.9333
2025-08-05 14:22:09,783 - INFO - Epoch 154: KLDiv Loss = 0.2481 | L1 Error = 0.0280 | Cosine Sim = 0.9394
2025-08-05 14:22:09,880 - INFO - Epoch 155: KLDiv Loss = 0.2513 | L1 Error = 0.0282 | Cosine Sim = 0.9392
2025-08-05 14:22:09,976 - INFO - Epoch 156: KLDiv Loss = 0.2517 | L1 Error = 0.0278 | Cosine Sim = 0.9388
2025-08-05 14:22:10,072 - INFO - Epoch 157: KLDiv Loss = 0.2548 | L1 Error = 0.0282 | Cosine Sim = 0.9365
2025-08-05 14:22:10,169 - INFO - Epoch 158: KLDiv Loss = 0.2432 | L1 Error = 0.0276 | Cosine Sim = 0.9395
2025-08-05 14:22:10,265 - INFO - Epoch 159: KLDiv Loss = 0.2350 | L1 Error = 0.0267 | Cosine Sim = 0.9421
2025-08-05 14:22:10,361 - INFO - Epoch 160: KLDiv Loss = 0.2379 | L1 Error = 0.0268 | Cosine Sim = 0.9422
2025-08-05 14:22:10,457 - INFO - Epoch 161: KLDiv Loss = 0.2602 | L1 Error = 0.0280 | Cosine Sim = 0.9349
2025-08-05 14:22:10,554 - INFO - Epoch 162: KLDiv Loss = 0.2315 | L1 Error = 0.0264 | Cosine Sim = 0.9423
2025-08-05 14:22:10,651 - INFO - Epoch 163: KLDiv Loss = 0.2187 | L1 Error = 0.0253 | Cosine Sim = 0.9463
2025-08-05 14:22:10,748 - INFO - Epoch 164: KLDiv Loss = 0.2295 | L1 Error = 0.0258 | Cosine Sim = 0.9432
2025-08-05 14:22:10,844 - INFO - Epoch 165: KLDiv Loss = 0.2194 | L1 Error = 0.0254 | Cosine Sim = 0.9464
2025-08-05 14:22:10,940 - INFO - Epoch 166: KLDiv Loss = 0.2162 | L1 Error = 0.0245 | Cosine Sim = 0.9463
2025-08-05 14:22:11,037 - INFO - Epoch 167: KLDiv Loss = 0.2125 | L1 Error = 0.0244 | Cosine Sim = 0.9478
2025-08-05 14:22:11,133 - INFO - Epoch 168: KLDiv Loss = 0.2028 | L1 Error = 0.0235 | Cosine Sim = 0.9498
2025-08-05 14:22:11,230 - INFO - Epoch 169: KLDiv Loss = 0.2112 | L1 Error = 0.0243 | Cosine Sim = 0.9468
2025-08-05 14:22:11,326 - INFO - Epoch 170: KLDiv Loss = 0.2059 | L1 Error = 0.0240 | Cosine Sim = 0.9499
2025-08-05 14:22:11,422 - INFO - Epoch 171: KLDiv Loss = 0.1976 | L1 Error = 0.0230 | Cosine Sim = 0.9529
2025-08-05 14:22:11,519 - INFO - Epoch 172: KLDiv Loss = 0.2097 | L1 Error = 0.0238 | Cosine Sim = 0.9477
2025-08-05 14:22:11,615 - INFO - Epoch 173: KLDiv Loss = 0.2065 | L1 Error = 0.0242 | Cosine Sim = 0.9490
2025-08-05 14:22:11,712 - INFO - Epoch 174: KLDiv Loss = 0.1975 | L1 Error = 0.0227 | Cosine Sim = 0.9512
2025-08-05 14:22:11,808 - INFO - Epoch 175: KLDiv Loss = 0.1930 | L1 Error = 0.0223 | Cosine Sim = 0.9530
2025-08-05 14:22:11,905 - INFO - Epoch 176: KLDiv Loss = 0.2000 | L1 Error = 0.0233 | Cosine Sim = 0.9493
2025-08-05 14:22:12,002 - INFO - Epoch 177: KLDiv Loss = 0.1903 | L1 Error = 0.0218 | Cosine Sim = 0.9547
2025-08-05 14:22:12,098 - INFO - Epoch 178: KLDiv Loss = 0.1818 | L1 Error = 0.0213 | Cosine Sim = 0.9570
2025-08-05 14:22:12,195 - INFO - Epoch 179: KLDiv Loss = 0.1919 | L1 Error = 0.0217 | Cosine Sim = 0.9534
2025-08-05 14:22:12,291 - INFO - Epoch 180: KLDiv Loss = 0.1858 | L1 Error = 0.0211 | Cosine Sim = 0.9543
2025-08-05 14:22:12,387 - INFO - Epoch 181: KLDiv Loss = 0.1831 | L1 Error = 0.0211 | Cosine Sim = 0.9538
2025-08-05 14:22:12,484 - INFO - Epoch 182: KLDiv Loss = 0.1958 | L1 Error = 0.0220 | Cosine Sim = 0.9524
2025-08-05 14:22:12,580 - INFO - Epoch 183: KLDiv Loss = 0.1776 | L1 Error = 0.0207 | Cosine Sim = 0.9568
2025-08-05 14:22:12,677 - INFO - Epoch 184: KLDiv Loss = 0.1858 | L1 Error = 0.0219 | Cosine Sim = 0.9522
2025-08-05 14:22:12,773 - INFO - Epoch 185: KLDiv Loss = 0.1768 | L1 Error = 0.0204 | Cosine Sim = 0.9558
2025-08-05 14:22:12,870 - INFO - Epoch 186: KLDiv Loss = 0.1793 | L1 Error = 0.0209 | Cosine Sim = 0.9547
2025-08-05 14:22:12,966 - INFO - Epoch 187: KLDiv Loss = 0.1762 | L1 Error = 0.0205 | Cosine Sim = 0.9553
2025-08-05 14:22:13,062 - INFO - Epoch 188: KLDiv Loss = 0.1620 | L1 Error = 0.0195 | Cosine Sim = 0.9595
2025-08-05 14:22:13,159 - INFO - Epoch 189: KLDiv Loss = 0.1807 | L1 Error = 0.0201 | Cosine Sim = 0.9553
2025-08-05 14:22:13,255 - INFO - Epoch 190: KLDiv Loss = 0.1662 | L1 Error = 0.0195 | Cosine Sim = 0.9587
2025-08-05 14:22:13,351 - INFO - Epoch 191: KLDiv Loss = 0.1570 | L1 Error = 0.0188 | Cosine Sim = 0.9615
2025-08-05 14:22:13,448 - INFO - Epoch 192: KLDiv Loss = 0.1725 | L1 Error = 0.0196 | Cosine Sim = 0.9564
2025-08-05 14:22:13,544 - INFO - Epoch 193: KLDiv Loss = 0.1597 | L1 Error = 0.0191 | Cosine Sim = 0.9605
2025-08-05 14:22:13,641 - INFO - Epoch 194: KLDiv Loss = 0.1728 | L1 Error = 0.0202 | Cosine Sim = 0.9555
2025-08-05 14:22:13,737 - INFO - Epoch 195: KLDiv Loss = 0.1652 | L1 Error = 0.0195 | Cosine Sim = 0.9582
2025-08-05 14:22:13,834 - INFO - Epoch 196: KLDiv Loss = 0.1527 | L1 Error = 0.0183 | Cosine Sim = 0.9623
2025-08-05 14:22:13,930 - INFO - Epoch 197: KLDiv Loss = 0.1600 | L1 Error = 0.0187 | Cosine Sim = 0.9608
2025-08-05 14:22:14,027 - INFO - Epoch 198: KLDiv Loss = 0.1522 | L1 Error = 0.0185 | Cosine Sim = 0.9620
2025-08-05 14:22:14,124 - INFO - Epoch 199: KLDiv Loss = 0.1647 | L1 Error = 0.0191 | Cosine Sim = 0.9566
2025-08-05 14:22:14,221 - INFO - Epoch 200: KLDiv Loss = 0.1490 | L1 Error = 0.0181 | Cosine Sim = 0.9632
2025-08-05 14:22:14,317 - INFO - Epoch 201: KLDiv Loss = 0.1606 | L1 Error = 0.0187 | Cosine Sim = 0.9600
2025-08-05 14:22:14,413 - INFO - Epoch 202: KLDiv Loss = 0.1567 | L1 Error = 0.0183 | Cosine Sim = 0.9598
2025-08-05 14:22:14,510 - INFO - Epoch 203: KLDiv Loss = 0.1523 | L1 Error = 0.0186 | Cosine Sim = 0.9607
2025-08-05 14:22:14,606 - INFO - Epoch 204: KLDiv Loss = 0.1624 | L1 Error = 0.0188 | Cosine Sim = 0.9596
2025-08-05 14:22:14,703 - INFO - Epoch 205: KLDiv Loss = 0.1558 | L1 Error = 0.0182 | Cosine Sim = 0.9613
2025-08-05 14:22:14,799 - INFO - Epoch 206: KLDiv Loss = 0.1616 | L1 Error = 0.0184 | Cosine Sim = 0.9596
2025-08-05 14:22:14,895 - INFO - Epoch 207: KLDiv Loss = 0.1490 | L1 Error = 0.0178 | Cosine Sim = 0.9634
2025-08-05 14:22:14,992 - INFO - Epoch 208: KLDiv Loss = 0.1536 | L1 Error = 0.0182 | Cosine Sim = 0.9617
2025-08-05 14:22:15,088 - INFO - Epoch 209: KLDiv Loss = 0.1380 | L1 Error = 0.0171 | Cosine Sim = 0.9654
2025-08-05 14:22:15,185 - INFO - Epoch 210: KLDiv Loss = 0.1404 | L1 Error = 0.0169 | Cosine Sim = 0.9650
2025-08-05 14:22:15,281 - INFO - Epoch 211: KLDiv Loss = 0.1335 | L1 Error = 0.0165 | Cosine Sim = 0.9674
2025-08-05 14:22:15,377 - INFO - Epoch 212: KLDiv Loss = 0.1511 | L1 Error = 0.0178 | Cosine Sim = 0.9635
2025-08-05 14:22:15,474 - INFO - Epoch 213: KLDiv Loss = 0.1378 | L1 Error = 0.0167 | Cosine Sim = 0.9654
2025-08-05 14:22:15,570 - INFO - Epoch 214: KLDiv Loss = 0.1621 | L1 Error = 0.0181 | Cosine Sim = 0.9574
2025-08-05 14:22:15,667 - INFO - Epoch 215: KLDiv Loss = 0.1505 | L1 Error = 0.0175 | Cosine Sim = 0.9624
2025-08-05 14:22:15,764 - INFO - Epoch 216: KLDiv Loss = 0.1434 | L1 Error = 0.0167 | Cosine Sim = 0.9641
2025-08-05 14:22:15,860 - INFO - Epoch 217: KLDiv Loss = 0.1363 | L1 Error = 0.0165 | Cosine Sim = 0.9660
2025-08-05 14:22:15,957 - INFO - Epoch 218: KLDiv Loss = 0.1618 | L1 Error = 0.0177 | Cosine Sim = 0.9591
2025-08-05 14:22:16,053 - INFO - Epoch 219: KLDiv Loss = 0.1327 | L1 Error = 0.0162 | Cosine Sim = 0.9678
2025-08-05 14:22:16,150 - INFO - Epoch 220: KLDiv Loss = 0.1352 | L1 Error = 0.0163 | Cosine Sim = 0.9652
2025-08-05 14:22:16,246 - INFO - Epoch 221: KLDiv Loss = 0.1270 | L1 Error = 0.0154 | Cosine Sim = 0.9675
2025-08-05 14:22:16,342 - INFO - Epoch 222: KLDiv Loss = 0.1407 | L1 Error = 0.0170 | Cosine Sim = 0.9633
2025-08-05 14:22:16,439 - INFO - Epoch 223: KLDiv Loss = 0.1342 | L1 Error = 0.0157 | Cosine Sim = 0.9657
2025-08-05 14:22:16,535 - INFO - Epoch 224: KLDiv Loss = 0.1332 | L1 Error = 0.0155 | Cosine Sim = 0.9652
2025-08-05 14:22:16,632 - INFO - Epoch 225: KLDiv Loss = 0.1271 | L1 Error = 0.0154 | Cosine Sim = 0.9675
2025-08-05 14:22:16,728 - INFO - Epoch 226: KLDiv Loss = 0.1348 | L1 Error = 0.0162 | Cosine Sim = 0.9648
2025-08-05 14:22:16,824 - INFO - Epoch 227: KLDiv Loss = 0.1387 | L1 Error = 0.0163 | Cosine Sim = 0.9614
2025-08-05 14:22:16,921 - INFO - Epoch 228: KLDiv Loss = 0.1337 | L1 Error = 0.0159 | Cosine Sim = 0.9655
2025-08-05 14:22:17,017 - INFO - Epoch 229: KLDiv Loss = 0.1250 | L1 Error = 0.0151 | Cosine Sim = 0.9676
2025-08-05 14:22:17,114 - INFO - Epoch 230: KLDiv Loss = 0.1326 | L1 Error = 0.0153 | Cosine Sim = 0.9652
2025-08-05 14:22:17,210 - INFO - Epoch 231: KLDiv Loss = 0.1628 | L1 Error = 0.0173 | Cosine Sim = 0.9556
2025-08-05 14:22:17,306 - INFO - Epoch 232: KLDiv Loss = 0.1221 | L1 Error = 0.0147 | Cosine Sim = 0.9681
2025-08-05 14:22:17,403 - INFO - Epoch 233: KLDiv Loss = 0.1168 | L1 Error = 0.0141 | Cosine Sim = 0.9716
2025-08-05 14:22:17,500 - INFO - Epoch 234: KLDiv Loss = 0.1263 | L1 Error = 0.0144 | Cosine Sim = 0.9669
2025-08-05 14:22:17,596 - INFO - Epoch 235: KLDiv Loss = 0.1251 | L1 Error = 0.0149 | Cosine Sim = 0.9664
2025-08-05 14:22:17,693 - INFO - Epoch 236: KLDiv Loss = 0.1280 | L1 Error = 0.0146 | Cosine Sim = 0.9670
2025-08-05 14:22:17,789 - INFO - Epoch 237: KLDiv Loss = 0.1376 | L1 Error = 0.0158 | Cosine Sim = 0.9645
2025-08-05 14:22:17,885 - INFO - Epoch 238: KLDiv Loss = 0.1309 | L1 Error = 0.0150 | Cosine Sim = 0.9650
2025-08-05 14:22:17,982 - INFO - Epoch 239: KLDiv Loss = 0.1148 | L1 Error = 0.0144 | Cosine Sim = 0.9715
2025-08-05 14:22:18,078 - INFO - Epoch 240: KLDiv Loss = 0.1083 | L1 Error = 0.0135 | Cosine Sim = 0.9722
2025-08-05 14:22:18,174 - INFO - Epoch 241: KLDiv Loss = 0.1251 | L1 Error = 0.0149 | Cosine Sim = 0.9667
2025-08-05 14:22:18,271 - INFO - Epoch 242: KLDiv Loss = 0.1254 | L1 Error = 0.0146 | Cosine Sim = 0.9670
2025-08-05 14:22:18,367 - INFO - Epoch 243: KLDiv Loss = 0.1217 | L1 Error = 0.0142 | Cosine Sim = 0.9677
2025-08-05 14:22:18,463 - INFO - Epoch 244: KLDiv Loss = 0.1091 | L1 Error = 0.0136 | Cosine Sim = 0.9706
2025-08-05 14:22:18,560 - INFO - Epoch 245: KLDiv Loss = 0.1261 | L1 Error = 0.0140 | Cosine Sim = 0.9666
2025-08-05 14:22:18,656 - INFO - Epoch 246: KLDiv Loss = 0.1153 | L1 Error = 0.0134 | Cosine Sim = 0.9705
2025-08-05 14:22:18,753 - INFO - Epoch 247: KLDiv Loss = 0.1157 | L1 Error = 0.0135 | Cosine Sim = 0.9696
2025-08-05 14:22:18,849 - INFO - Epoch 248: KLDiv Loss = 0.1106 | L1 Error = 0.0136 | Cosine Sim = 0.9704
2025-08-05 14:22:18,945 - INFO - Epoch 249: KLDiv Loss = 0.1189 | L1 Error = 0.0140 | Cosine Sim = 0.9678
2025-08-05 14:22:19,041 - INFO - Epoch 250: KLDiv Loss = 0.1120 | L1 Error = 0.0134 | Cosine Sim = 0.9716
2025-08-05 14:22:19,138 - INFO - Epoch 251: KLDiv Loss = 0.1160 | L1 Error = 0.0139 | Cosine Sim = 0.9699
2025-08-05 14:22:19,234 - INFO - Epoch 252: KLDiv Loss = 0.1027 | L1 Error = 0.0130 | Cosine Sim = 0.9728
2025-08-05 14:22:19,331 - INFO - Epoch 253: KLDiv Loss = 0.0983 | L1 Error = 0.0124 | Cosine Sim = 0.9739
2025-08-05 14:22:19,428 - INFO - Epoch 254: KLDiv Loss = 0.1064 | L1 Error = 0.0130 | Cosine Sim = 0.9717
2025-08-05 14:22:19,525 - INFO - Epoch 255: KLDiv Loss = 0.1312 | L1 Error = 0.0147 | Cosine Sim = 0.9629
2025-08-05 14:22:19,621 - INFO - Epoch 256: KLDiv Loss = 0.1121 | L1 Error = 0.0127 | Cosine Sim = 0.9718
2025-08-05 14:22:19,890 - INFO - Test: Loss = 1.0064, Quant Error = 0.4949
2025-08-05 14:22:19,890 - INFO - Dynamic Top-K Accuracy (per sample): 82.57%
2025-08-05 14:22:19,897 - INFO - [Gradient Run 1] Training time: 26.90s
