2025-07-27 11:37:26,616 - INFO - ------------------------------------Gradient-------------------------------------------
2025-07-27 11:37:26,616 - INFO - [Gradient Run 1] Starting
2025-07-27 11:37:28,935 - INFO - Training on device: cuda
2025-07-27 11:37:29,305 - INFO - Epoch 01: Loss = 2.1978
2025-07-27 11:37:29,424 - INFO - Epoch 02: Loss = 2.1008
2025-07-27 11:37:29,542 - INFO - Epoch 03: Loss = 2.0222
2025-07-27 11:37:29,660 - INFO - Epoch 04: Loss = 1.9543
2025-07-27 11:37:29,778 - INFO - Epoch 05: Loss = 1.8974
2025-07-27 11:37:29,899 - INFO - Epoch 06: Loss = 1.8448
2025-07-27 11:37:30,017 - INFO - Epoch 07: Loss = 1.7934
2025-07-27 11:37:30,135 - INFO - Epoch 08: Loss = 1.7463
2025-07-27 11:37:30,253 - INFO - Epoch 09: Loss = 1.7005
2025-07-27 11:37:30,370 - INFO - Epoch 10: Loss = 1.6554
2025-07-27 11:37:30,488 - INFO - Epoch 11: Loss = 1.6164
2025-07-27 11:37:30,606 - INFO - Epoch 12: Loss = 1.5767
2025-07-27 11:37:30,724 - INFO - Epoch 13: Loss = 1.5412
2025-07-27 11:37:30,843 - INFO - Epoch 14: Loss = 1.5099
2025-07-27 11:37:30,960 - INFO - Epoch 15: Loss = 1.4737
2025-07-27 11:37:31,078 - INFO - Epoch 16: Loss = 1.4405
2025-07-27 11:37:31,195 - INFO - Epoch 17: Loss = 1.4105
2025-07-27 11:37:31,313 - INFO - Epoch 18: Loss = 1.3810
2025-07-27 11:37:31,430 - INFO - Epoch 19: Loss = 1.3492
2025-07-27 11:37:31,548 - INFO - Epoch 20: Loss = 1.3222
2025-07-27 11:37:31,666 - INFO - Epoch 21: Loss = 1.2947
2025-07-27 11:37:31,785 - INFO - Epoch 22: Loss = 1.2697
2025-07-27 11:37:31,903 - INFO - Epoch 23: Loss = 1.2457
2025-07-27 11:37:32,020 - INFO - Epoch 24: Loss = 1.2235
2025-07-27 11:37:32,137 - INFO - Epoch 25: Loss = 1.1965
2025-07-27 11:37:32,255 - INFO - Epoch 26: Loss = 1.1790
2025-07-27 11:37:32,372 - INFO - Epoch 27: Loss = 1.1570
2025-07-27 11:37:32,489 - INFO - Epoch 28: Loss = 1.1323
2025-07-27 11:37:32,607 - INFO - Epoch 29: Loss = 1.1151
2025-07-27 11:37:32,726 - INFO - Epoch 30: Loss = 1.1025
2025-07-27 11:37:32,844 - INFO - Epoch 31: Loss = 1.0808
2025-07-27 11:37:32,961 - INFO - Epoch 32: Loss = 1.0576
2025-07-27 11:37:33,078 - INFO - Epoch 33: Loss = 1.0393
2025-07-27 11:37:33,196 - INFO - Epoch 34: Loss = 1.0192
2025-07-27 11:37:33,313 - INFO - Epoch 35: Loss = 0.9980
2025-07-27 11:37:33,430 - INFO - Epoch 36: Loss = 0.9794
2025-07-27 11:37:33,548 - INFO - Epoch 37: Loss = 0.9650
2025-07-27 11:37:33,665 - INFO - Epoch 38: Loss = 0.9422
2025-07-27 11:37:33,783 - INFO - Epoch 39: Loss = 0.9282
2025-07-27 11:37:33,900 - INFO - Epoch 40: Loss = 0.9092
2025-07-27 11:37:34,018 - INFO - Epoch 41: Loss = 0.8972
2025-07-27 11:37:34,135 - INFO - Epoch 42: Loss = 0.8772
2025-07-27 11:37:34,252 - INFO - Epoch 43: Loss = 0.8619
2025-07-27 11:37:34,370 - INFO - Epoch 44: Loss = 0.8415
2025-07-27 11:37:34,487 - INFO - Epoch 45: Loss = 0.8225
2025-07-27 11:37:34,604 - INFO - Epoch 46: Loss = 0.8053
2025-07-27 11:37:34,722 - INFO - Epoch 47: Loss = 0.7929
2025-07-27 11:37:34,841 - INFO - Epoch 48: Loss = 0.7763
2025-07-27 11:37:34,958 - INFO - Epoch 49: Loss = 0.7606
2025-07-27 11:37:35,076 - INFO - Epoch 50: Loss = 0.7420
2025-07-27 11:37:35,193 - INFO - Epoch 51: Loss = 0.7262
2025-07-27 11:37:35,310 - INFO - Epoch 52: Loss = 0.7128
2025-07-27 11:37:35,427 - INFO - Epoch 53: Loss = 0.7053
2025-07-27 11:37:35,545 - INFO - Epoch 54: Loss = 0.6914
2025-07-27 11:37:35,664 - INFO - Epoch 55: Loss = 0.6738
2025-07-27 11:37:35,781 - INFO - Epoch 56: Loss = 0.6671
2025-07-27 11:37:35,899 - INFO - Epoch 57: Loss = 0.6609
2025-07-27 11:37:36,016 - INFO - Epoch 58: Loss = 0.6484
2025-07-27 11:37:36,133 - INFO - Epoch 59: Loss = 0.6364
2025-07-27 11:37:36,251 - INFO - Epoch 60: Loss = 0.6232
2025-07-27 11:37:36,368 - INFO - Epoch 61: Loss = 0.6103
2025-07-27 11:37:36,485 - INFO - Epoch 62: Loss = 0.6049
2025-07-27 11:37:36,603 - INFO - Epoch 63: Loss = 0.5933
2025-07-27 11:37:36,720 - INFO - Epoch 64: Loss = 0.5814
2025-07-27 11:37:36,837 - INFO - Epoch 65: Loss = 0.5734
2025-07-27 11:37:36,956 - INFO - Epoch 66: Loss = 0.5591
2025-07-27 11:37:37,073 - INFO - Epoch 67: Loss = 0.5508
2025-07-27 11:37:37,191 - INFO - Epoch 68: Loss = 0.5400
2025-07-27 11:37:37,308 - INFO - Epoch 69: Loss = 0.5320
2025-07-27 11:37:37,425 - INFO - Epoch 70: Loss = 0.5263
2025-07-27 11:37:37,542 - INFO - Epoch 71: Loss = 0.5158
2025-07-27 11:37:37,659 - INFO - Epoch 72: Loss = 0.5070
2025-07-27 11:37:37,777 - INFO - Epoch 73: Loss = 0.4959
2025-07-27 11:37:37,894 - INFO - Epoch 74: Loss = 0.4872
2025-07-27 11:37:38,011 - INFO - Epoch 75: Loss = 0.4822
2025-07-27 11:37:38,129 - INFO - Epoch 76: Loss = 0.4720
2025-07-27 11:37:38,246 - INFO - Epoch 77: Loss = 0.4590
2025-07-27 11:37:38,365 - INFO - Epoch 78: Loss = 0.4561
2025-07-27 11:37:38,483 - INFO - Epoch 79: Loss = 0.4516
2025-07-27 11:37:38,600 - INFO - Epoch 80: Loss = 0.4416
2025-07-27 11:37:38,717 - INFO - Epoch 81: Loss = 0.4383
2025-07-27 11:37:38,835 - INFO - Epoch 82: Loss = 0.4228
2025-07-27 11:37:38,952 - INFO - Epoch 83: Loss = 0.4254
2025-07-27 11:37:39,069 - INFO - Epoch 84: Loss = 0.4192
2025-07-27 11:37:39,187 - INFO - Epoch 85: Loss = 0.4149
2025-07-27 11:37:39,304 - INFO - Epoch 86: Loss = 0.4049
2025-07-27 11:37:39,422 - INFO - Epoch 87: Loss = 0.3971
2025-07-27 11:37:39,539 - INFO - Epoch 88: Loss = 0.3873
2025-07-27 11:37:39,658 - INFO - Epoch 89: Loss = 0.3868
2025-07-27 11:37:39,776 - INFO - Epoch 90: Loss = 0.3801
2025-07-27 11:37:39,893 - INFO - Epoch 91: Loss = 0.3721
2025-07-27 11:37:40,010 - INFO - Epoch 92: Loss = 0.3699
2025-07-27 11:37:40,128 - INFO - Epoch 93: Loss = 0.3566
2025-07-27 11:37:40,245 - INFO - Epoch 94: Loss = 0.3500
2025-07-27 11:37:40,362 - INFO - Epoch 95: Loss = 0.3477
2025-07-27 11:37:40,479 - INFO - Epoch 96: Loss = 0.3606
2025-07-27 11:37:40,596 - INFO - Epoch 97: Loss = 0.3454
2025-07-27 11:37:40,714 - INFO - Epoch 98: Loss = 0.3439
2025-07-27 11:37:40,831 - INFO - Epoch 99: Loss = 0.3319
2025-07-27 11:37:40,948 - INFO - Epoch 100: Loss = 0.3229
2025-07-27 11:37:41,066 - INFO - Epoch 101: Loss = 0.3257
2025-07-27 11:37:41,183 - INFO - Epoch 102: Loss = 0.3224
2025-07-27 11:37:41,300 - INFO - Epoch 103: Loss = 0.3151
2025-07-27 11:37:41,418 - INFO - Epoch 104: Loss = 0.3042
2025-07-27 11:37:41,535 - INFO - Epoch 105: Loss = 0.3020
2025-07-27 11:37:41,652 - INFO - Epoch 106: Loss = 0.3050
2025-07-27 11:37:41,769 - INFO - Epoch 107: Loss = 0.2985
2025-07-27 11:37:41,887 - INFO - Epoch 108: Loss = 0.2949
2025-07-27 11:37:42,004 - INFO - Epoch 109: Loss = 0.2843
2025-07-27 11:37:42,122 - INFO - Epoch 110: Loss = 0.2862
2025-07-27 11:37:42,240 - INFO - Epoch 111: Loss = 0.2832
2025-07-27 11:37:42,358 - INFO - Epoch 112: Loss = 0.2769
2025-07-27 11:37:42,475 - INFO - Epoch 113: Loss = 0.2760
2025-07-27 11:37:42,592 - INFO - Epoch 114: Loss = 0.2752
2025-07-27 11:37:42,709 - INFO - Epoch 115: Loss = 0.2676
2025-07-27 11:37:42,827 - INFO - Epoch 116: Loss = 0.2585
2025-07-27 11:37:42,944 - INFO - Epoch 117: Loss = 0.2749
2025-07-27 11:37:43,061 - INFO - Epoch 118: Loss = 0.2632
2025-07-27 11:37:43,179 - INFO - Epoch 119: Loss = 0.2524
2025-07-27 11:37:43,296 - INFO - Epoch 120: Loss = 0.2586
2025-07-27 11:37:43,413 - INFO - Epoch 121: Loss = 0.2550
2025-07-27 11:37:43,530 - INFO - Epoch 122: Loss = 0.2408
2025-07-27 11:37:43,649 - INFO - Epoch 123: Loss = 0.2400
2025-07-27 11:37:43,767 - INFO - Epoch 124: Loss = 0.2350
2025-07-27 11:37:43,884 - INFO - Epoch 125: Loss = 0.2348
2025-07-27 11:37:44,002 - INFO - Epoch 126: Loss = 0.2395
2025-07-27 11:37:44,119 - INFO - Epoch 127: Loss = 0.2377
2025-07-27 11:37:44,236 - INFO - Epoch 128: Loss = 0.2312
2025-07-27 11:37:44,354 - INFO - Epoch 129: Loss = 0.2328
2025-07-27 11:37:44,471 - INFO - Epoch 130: Loss = 0.2230
2025-07-27 11:37:44,589 - INFO - Epoch 131: Loss = 0.2210
2025-07-27 11:37:44,708 - INFO - Epoch 132: Loss = 0.2193
2025-07-27 11:37:44,826 - INFO - Epoch 133: Loss = 0.2181
2025-07-27 11:37:44,943 - INFO - Epoch 134: Loss = 0.2151
2025-07-27 11:37:45,060 - INFO - Epoch 135: Loss = 0.2064
2025-07-27 11:37:45,178 - INFO - Epoch 136: Loss = 0.2082
2025-07-27 11:37:45,295 - INFO - Epoch 137: Loss = 0.2064
2025-07-27 11:37:45,413 - INFO - Epoch 138: Loss = 0.1974
2025-07-27 11:37:45,530 - INFO - Epoch 139: Loss = 0.2002
2025-07-27 11:37:45,647 - INFO - Epoch 140: Loss = 0.2092
2025-07-27 11:37:45,764 - INFO - Epoch 141: Loss = 0.1928
2025-07-27 11:37:45,882 - INFO - Epoch 142: Loss = 0.2019
2025-07-27 11:37:45,999 - INFO - Epoch 143: Loss = 0.1922
2025-07-27 11:37:46,116 - INFO - Epoch 144: Loss = 0.1918
2025-07-27 11:37:46,234 - INFO - Epoch 145: Loss = 0.1938
2025-07-27 11:37:46,351 - INFO - Epoch 146: Loss = 0.1990
2025-07-27 11:37:46,469 - INFO - Epoch 147: Loss = 0.1897
2025-07-27 11:37:46,587 - INFO - Epoch 148: Loss = 0.1929
2025-07-27 11:37:46,705 - INFO - Epoch 149: Loss = 0.1870
2025-07-27 11:37:46,822 - INFO - Epoch 150: Loss = 0.1762
2025-07-27 11:37:46,939 - INFO - Epoch 151: Loss = 0.1722
2025-07-27 11:37:47,057 - INFO - Epoch 152: Loss = 0.1710
2025-07-27 11:37:47,174 - INFO - Epoch 153: Loss = 0.1774
2025-07-27 11:37:47,292 - INFO - Epoch 154: Loss = 0.1694
2025-07-27 11:37:47,409 - INFO - Epoch 155: Loss = 0.1719
2025-07-27 11:37:47,526 - INFO - Epoch 156: Loss = 0.1739
2025-07-27 11:37:47,643 - INFO - Epoch 157: Loss = 0.1654
2025-07-27 11:37:47,761 - INFO - Epoch 158: Loss = 0.1657
2025-07-27 11:37:47,878 - INFO - Epoch 159: Loss = 0.1596
2025-07-27 11:37:47,996 - INFO - Epoch 160: Loss = 0.1745
2025-07-27 11:37:48,113 - INFO - Epoch 161: Loss = 0.1640
2025-07-27 11:37:48,231 - INFO - Epoch 162: Loss = 0.1611
2025-07-27 11:37:48,350 - INFO - Epoch 163: Loss = 0.1531
2025-07-27 11:37:48,467 - INFO - Epoch 164: Loss = 0.1589
2025-07-27 11:37:48,585 - INFO - Epoch 165: Loss = 0.1490
2025-07-27 11:37:48,702 - INFO - Epoch 166: Loss = 0.1631
2025-07-27 11:37:48,820 - INFO - Epoch 167: Loss = 0.1513
2025-07-27 11:37:48,937 - INFO - Epoch 168: Loss = 0.1486
2025-07-27 11:37:49,054 - INFO - Epoch 169: Loss = 0.1459
2025-07-27 11:37:49,172 - INFO - Epoch 170: Loss = 0.1429
2025-07-27 11:37:49,289 - INFO - Epoch 171: Loss = 0.1548
2025-07-27 11:37:49,407 - INFO - Epoch 172: Loss = 0.1583
2025-07-27 11:37:49,524 - INFO - Epoch 173: Loss = 0.1452
2025-07-27 11:37:49,642 - INFO - Epoch 174: Loss = 0.1529
2025-07-27 11:37:49,759 - INFO - Epoch 175: Loss = 0.1443
2025-07-27 11:37:49,877 - INFO - Epoch 176: Loss = 0.1424
2025-07-27 11:37:49,996 - INFO - Epoch 177: Loss = 0.1388
2025-07-27 11:37:50,113 - INFO - Epoch 178: Loss = 0.1439
2025-07-27 11:37:50,230 - INFO - Epoch 179: Loss = 0.1363
2025-07-27 11:37:50,348 - INFO - Epoch 180: Loss = 0.1351
2025-07-27 11:37:50,465 - INFO - Epoch 181: Loss = 0.1326
2025-07-27 11:37:50,582 - INFO - Epoch 182: Loss = 0.1317
2025-07-27 11:37:50,699 - INFO - Epoch 183: Loss = 0.1402
2025-07-27 11:37:50,817 - INFO - Epoch 184: Loss = 0.1280
2025-07-27 11:37:50,934 - INFO - Epoch 185: Loss = 0.1365
2025-07-27 11:37:51,052 - INFO - Epoch 186: Loss = 0.1286
2025-07-27 11:37:51,169 - INFO - Epoch 187: Loss = 0.1271
2025-07-27 11:37:51,287 - INFO - Epoch 188: Loss = 0.1384
2025-07-27 11:37:51,404 - INFO - Epoch 189: Loss = 0.1327
2025-07-27 11:37:51,521 - INFO - Epoch 190: Loss = 0.1303
2025-07-27 11:37:51,639 - INFO - Epoch 191: Loss = 0.1296
2025-07-27 11:37:51,757 - INFO - Epoch 192: Loss = 0.1241
2025-07-27 11:37:51,875 - INFO - Epoch 193: Loss = 0.1171
2025-07-27 11:37:51,992 - INFO - Epoch 194: Loss = 0.1166
2025-07-27 11:37:52,109 - INFO - Epoch 195: Loss = 0.1452
2025-07-27 11:37:52,227 - INFO - Epoch 196: Loss = 0.1355
2025-07-27 11:37:52,344 - INFO - Epoch 197: Loss = 0.1192
2025-07-27 11:37:52,461 - INFO - Epoch 198: Loss = 0.1247
2025-07-27 11:37:52,579 - INFO - Epoch 199: Loss = 0.1221
2025-07-27 11:37:52,696 - INFO - Epoch 200: Loss = 0.1313
2025-07-27 11:37:52,813 - INFO - Epoch 201: Loss = 0.1239
2025-07-27 11:37:52,931 - INFO - Epoch 202: Loss = 0.1363
2025-07-27 11:37:53,048 - INFO - Epoch 203: Loss = 0.1171
2025-07-27 11:37:53,166 - INFO - Epoch 204: Loss = 0.1298
2025-07-27 11:37:53,283 - INFO - Epoch 205: Loss = 0.1135
2025-07-27 11:37:53,400 - INFO - Epoch 206: Loss = 0.1345
2025-07-27 11:37:53,518 - INFO - Epoch 207: Loss = 0.1166
2025-07-27 11:37:53,637 - INFO - Epoch 208: Loss = 0.1112
2025-07-27 11:37:53,754 - INFO - Epoch 209: Loss = 0.1227
2025-07-27 11:37:53,872 - INFO - Epoch 210: Loss = 0.1129
2025-07-27 11:37:53,989 - INFO - Epoch 211: Loss = 0.1236
2025-07-27 11:37:54,107 - INFO - Epoch 212: Loss = 0.1174
2025-07-27 11:37:54,224 - INFO - Epoch 213: Loss = 0.1185
2025-07-27 11:37:54,342 - INFO - Epoch 214: Loss = 0.1308
2025-07-27 11:37:54,459 - INFO - Epoch 215: Loss = 0.1186
2025-07-27 11:37:54,576 - INFO - Epoch 216: Loss = 0.1306
2025-07-27 11:37:54,694 - INFO - Epoch 217: Loss = 0.1136
2025-07-27 11:37:54,811 - INFO - Epoch 218: Loss = 0.1217
2025-07-27 11:37:54,928 - INFO - Epoch 219: Loss = 0.1272
2025-07-27 11:37:55,046 - INFO - Epoch 220: Loss = 0.1098
2025-07-27 11:37:55,163 - INFO - Epoch 221: Loss = 0.0976
2025-07-27 11:37:55,280 - INFO - Epoch 222: Loss = 0.1042
2025-07-27 11:37:55,398 - INFO - Epoch 223: Loss = 0.1019
2025-07-27 11:37:55,516 - INFO - Epoch 224: Loss = 0.1042
2025-07-27 11:37:55,634 - INFO - Epoch 225: Loss = 0.0997
2025-07-27 11:37:55,751 - INFO - Epoch 226: Loss = 0.0990
2025-07-27 11:37:55,869 - INFO - Epoch 227: Loss = 0.0941
2025-07-27 11:37:55,986 - INFO - Epoch 228: Loss = 0.0931
2025-07-27 11:37:56,103 - INFO - Epoch 229: Loss = 0.1016
2025-07-27 11:37:56,221 - INFO - Epoch 230: Loss = 0.1077
2025-07-27 11:37:56,338 - INFO - Epoch 231: Loss = 0.1182
2025-07-27 11:37:56,455 - INFO - Epoch 232: Loss = 0.0980
2025-07-27 11:37:56,573 - INFO - Epoch 233: Loss = 0.0985
2025-07-27 11:37:56,690 - INFO - Epoch 234: Loss = 0.0906
2025-07-27 11:37:56,808 - INFO - Epoch 235: Loss = 0.1013
2025-07-27 11:37:56,925 - INFO - Epoch 236: Loss = 0.1042
2025-07-27 11:37:57,042 - INFO - Epoch 237: Loss = 0.1079
2025-07-27 11:37:57,159 - INFO - Epoch 238: Loss = 0.1001
2025-07-27 11:37:57,277 - INFO - Epoch 239: Loss = 0.0985
2025-07-27 11:37:57,394 - INFO - Epoch 240: Loss = 0.1111
2025-07-27 11:37:57,513 - INFO - Epoch 241: Loss = 0.0914
2025-07-27 11:37:57,630 - INFO - Epoch 242: Loss = 0.1196
2025-07-27 11:37:57,748 - INFO - Epoch 243: Loss = 0.1033
2025-07-27 11:37:57,865 - INFO - Epoch 244: Loss = 0.1232
2025-07-27 11:37:57,982 - INFO - Epoch 245: Loss = 0.1078
2025-07-27 11:37:58,100 - INFO - Epoch 246: Loss = 0.0967
2025-07-27 11:37:58,217 - INFO - Epoch 247: Loss = 0.0984
2025-07-27 11:37:58,334 - INFO - Epoch 248: Loss = 0.0981
2025-07-27 11:37:58,451 - INFO - Epoch 249: Loss = 0.0910
2025-07-27 11:37:58,569 - INFO - Epoch 250: Loss = 0.0972
2025-07-27 11:37:58,686 - INFO - Epoch 251: Loss = 0.1088
2025-07-27 11:37:58,803 - INFO - Epoch 252: Loss = 0.0940
2025-07-27 11:37:58,921 - INFO - Epoch 253: Loss = 0.0945
2025-07-27 11:37:59,040 - INFO - Epoch 254: Loss = 0.0906
2025-07-27 11:37:59,157 - INFO - Epoch 255: Loss = 0.1184
2025-07-27 11:37:59,275 - INFO - Epoch 256: Loss = 0.0890
2025-07-27 11:37:59,621 - INFO - Test: Loss = 0.2431, Accuracy = 81.20%
2025-07-27 11:37:59,629 - INFO - [Gradient Run 1] Training time: 33.01s
