2025-08-04 13:24:29,035 - INFO - ------------------------------------Gradient-------------------------------------------
2025-08-04 13:24:29,035 - INFO - [Gradient Run 1] Starting
2025-08-04 13:24:31,281 - INFO - Training on device: cuda
2025-08-04 13:24:31,646 - INFO - Epoch 01: Loss = 2.1828
2025-08-04 13:24:31,771 - INFO - Epoch 02: Loss = 2.0590
2025-08-04 13:24:31,895 - INFO - Epoch 03: Loss = 1.9656
2025-08-04 13:24:32,020 - INFO - Epoch 04: Loss = 1.8861
2025-08-04 13:24:32,144 - INFO - Epoch 05: Loss = 1.8228
2025-08-04 13:24:32,272 - INFO - Epoch 06: Loss = 1.7578
2025-08-04 13:24:32,396 - INFO - Epoch 07: Loss = 1.7086
2025-08-04 13:24:32,521 - INFO - Epoch 08: Loss = 1.6541
2025-08-04 13:24:32,646 - INFO - Epoch 09: Loss = 1.6021
2025-08-04 13:24:32,770 - INFO - Epoch 10: Loss = 1.5573
2025-08-04 13:24:32,894 - INFO - Epoch 11: Loss = 1.5156
2025-08-04 13:24:33,018 - INFO - Epoch 12: Loss = 1.4688
2025-08-04 13:24:33,143 - INFO - Epoch 13: Loss = 1.4414
2025-08-04 13:24:33,269 - INFO - Epoch 14: Loss = 1.4156
2025-08-04 13:24:33,393 - INFO - Epoch 15: Loss = 1.3733
2025-08-04 13:24:33,517 - INFO - Epoch 16: Loss = 1.3394
2025-08-04 13:24:33,641 - INFO - Epoch 17: Loss = 1.3148
2025-08-04 13:24:33,766 - INFO - Epoch 18: Loss = 1.2810
2025-08-04 13:24:33,890 - INFO - Epoch 19: Loss = 1.2436
2025-08-04 13:24:34,014 - INFO - Epoch 20: Loss = 1.2183
2025-08-04 13:24:34,139 - INFO - Epoch 21: Loss = 1.1936
2025-08-04 13:24:34,264 - INFO - Epoch 22: Loss = 1.1695
2025-08-04 13:24:34,388 - INFO - Epoch 23: Loss = 1.1468
2025-08-04 13:24:34,512 - INFO - Epoch 24: Loss = 1.1197
2025-08-04 13:24:34,637 - INFO - Epoch 25: Loss = 1.0941
2025-08-04 13:24:34,761 - INFO - Epoch 26: Loss = 1.0761
2025-08-04 13:24:34,885 - INFO - Epoch 27: Loss = 1.0539
2025-08-04 13:24:35,009 - INFO - Epoch 28: Loss = 1.0227
2025-08-04 13:24:35,135 - INFO - Epoch 29: Loss = 1.0061
2025-08-04 13:24:35,260 - INFO - Epoch 30: Loss = 0.9838
2025-08-04 13:24:35,384 - INFO - Epoch 31: Loss = 0.9690
2025-08-04 13:24:35,508 - INFO - Epoch 32: Loss = 0.9411
2025-08-04 13:24:35,632 - INFO - Epoch 33: Loss = 0.9221
2025-08-04 13:24:35,756 - INFO - Epoch 34: Loss = 0.9033
2025-08-04 13:24:35,880 - INFO - Epoch 35: Loss = 0.8858
2025-08-04 13:24:36,004 - INFO - Epoch 36: Loss = 0.8737
2025-08-04 13:24:36,129 - INFO - Epoch 37: Loss = 0.8523
2025-08-04 13:24:36,253 - INFO - Epoch 38: Loss = 0.8379
2025-08-04 13:24:36,377 - INFO - Epoch 39: Loss = 0.8177
2025-08-04 13:24:36,501 - INFO - Epoch 40: Loss = 0.8060
2025-08-04 13:24:36,625 - INFO - Epoch 41: Loss = 0.7848
2025-08-04 13:24:36,748 - INFO - Epoch 42: Loss = 0.7726
2025-08-04 13:24:36,873 - INFO - Epoch 43: Loss = 0.7540
2025-08-04 13:24:36,997 - INFO - Epoch 44: Loss = 0.7423
2025-08-04 13:24:37,121 - INFO - Epoch 45: Loss = 0.7271
2025-08-04 13:24:37,246 - INFO - Epoch 46: Loss = 0.7180
2025-08-04 13:24:37,371 - INFO - Epoch 47: Loss = 0.7062
2025-08-04 13:24:37,495 - INFO - Epoch 48: Loss = 0.6911
2025-08-04 13:24:37,619 - INFO - Epoch 49: Loss = 0.6771
2025-08-04 13:24:37,743 - INFO - Epoch 50: Loss = 0.6728
2025-08-04 13:24:37,867 - INFO - Epoch 51: Loss = 0.6660
2025-08-04 13:24:37,993 - INFO - Epoch 52: Loss = 0.6539
2025-08-04 13:24:38,117 - INFO - Epoch 53: Loss = 0.6428
2025-08-04 13:24:38,241 - INFO - Epoch 54: Loss = 0.6336
2025-08-04 13:24:38,366 - INFO - Epoch 55: Loss = 0.6192
2025-08-04 13:24:38,490 - INFO - Epoch 56: Loss = 0.6033
2025-08-04 13:24:38,614 - INFO - Epoch 57: Loss = 0.5970
2025-08-04 13:24:38,738 - INFO - Epoch 58: Loss = 0.5894
2025-08-04 13:24:38,863 - INFO - Epoch 59: Loss = 0.5834
2025-08-04 13:24:38,987 - INFO - Epoch 60: Loss = 0.5818
2025-08-04 13:24:39,111 - INFO - Epoch 61: Loss = 0.5665
2025-08-04 13:24:39,235 - INFO - Epoch 62: Loss = 0.5595
2025-08-04 13:24:39,360 - INFO - Epoch 63: Loss = 0.5535
2025-08-04 13:24:39,484 - INFO - Epoch 64: Loss = 0.5499
2025-08-04 13:24:39,608 - INFO - Epoch 65: Loss = 0.5312
2025-08-04 13:24:39,733 - INFO - Epoch 66: Loss = 0.5282
2025-08-04 13:24:39,856 - INFO - Epoch 67: Loss = 0.5161
2025-08-04 13:24:39,981 - INFO - Epoch 68: Loss = 0.5079
2025-08-04 13:24:40,105 - INFO - Epoch 69: Loss = 0.5012
2025-08-04 13:24:40,229 - INFO - Epoch 70: Loss = 0.5009
2025-08-04 13:24:40,353 - INFO - Epoch 71: Loss = 0.4893
2025-08-04 13:24:40,477 - INFO - Epoch 72: Loss = 0.4742
2025-08-04 13:24:40,601 - INFO - Epoch 73: Loss = 0.4646
2025-08-04 13:24:40,727 - INFO - Epoch 74: Loss = 0.4561
2025-08-04 13:24:40,851 - INFO - Epoch 75: Loss = 0.4453
2025-08-04 13:24:40,975 - INFO - Epoch 76: Loss = 0.4430
2025-08-04 13:24:41,099 - INFO - Epoch 77: Loss = 0.4361
2025-08-04 13:24:41,224 - INFO - Epoch 78: Loss = 0.4261
2025-08-04 13:24:41,348 - INFO - Epoch 79: Loss = 0.4287
2025-08-04 13:24:41,472 - INFO - Epoch 80: Loss = 0.4157
2025-08-04 13:24:41,596 - INFO - Epoch 81: Loss = 0.4092
2025-08-04 13:24:41,720 - INFO - Epoch 82: Loss = 0.4004
2025-08-04 13:24:41,844 - INFO - Epoch 83: Loss = 0.3957
2025-08-04 13:24:41,970 - INFO - Epoch 84: Loss = 0.3902
2025-08-04 13:24:42,094 - INFO - Epoch 85: Loss = 0.3821
2025-08-04 13:24:42,218 - INFO - Epoch 86: Loss = 0.3765
2025-08-04 13:24:42,342 - INFO - Epoch 87: Loss = 0.3687
2025-08-04 13:24:42,467 - INFO - Epoch 88: Loss = 0.3657
2025-08-04 13:24:42,591 - INFO - Epoch 89: Loss = 0.3585
2025-08-04 13:24:42,715 - INFO - Epoch 90: Loss = 0.3601
2025-08-04 13:24:42,839 - INFO - Epoch 91: Loss = 0.3476
2025-08-04 13:24:42,963 - INFO - Epoch 92: Loss = 0.3491
2025-08-04 13:24:43,088 - INFO - Epoch 93: Loss = 0.3370
2025-08-04 13:24:43,212 - INFO - Epoch 94: Loss = 0.3386
2025-08-04 13:24:43,337 - INFO - Epoch 95: Loss = 0.3274
2025-08-04 13:24:43,462 - INFO - Epoch 96: Loss = 0.3221
2025-08-04 13:24:43,586 - INFO - Epoch 97: Loss = 0.3163
2025-08-04 13:24:43,710 - INFO - Epoch 98: Loss = 0.3174
2025-08-04 13:24:43,834 - INFO - Epoch 99: Loss = 0.3069
2025-08-04 13:24:43,958 - INFO - Epoch 100: Loss = 0.3039
2025-08-04 13:24:44,082 - INFO - Epoch 101: Loss = 0.2970
2025-08-04 13:24:44,206 - INFO - Epoch 102: Loss = 0.2951
2025-08-04 13:24:44,331 - INFO - Epoch 103: Loss = 0.2881
2025-08-04 13:24:44,455 - INFO - Epoch 104: Loss = 0.2872
2025-08-04 13:24:44,579 - INFO - Epoch 105: Loss = 0.2831
2025-08-04 13:24:44,703 - INFO - Epoch 106: Loss = 0.2762
2025-08-04 13:24:44,827 - INFO - Epoch 107: Loss = 0.2785
2025-08-04 13:24:44,953 - INFO - Epoch 108: Loss = 0.2755
2025-08-04 13:24:45,077 - INFO - Epoch 109: Loss = 0.2712
2025-08-04 13:24:45,202 - INFO - Epoch 110: Loss = 0.2648
2025-08-04 13:24:45,326 - INFO - Epoch 111: Loss = 0.2643
2025-08-04 13:24:45,450 - INFO - Epoch 112: Loss = 0.2552
2025-08-04 13:24:45,574 - INFO - Epoch 113: Loss = 0.2521
2025-08-04 13:24:45,699 - INFO - Epoch 114: Loss = 0.2466
2025-08-04 13:24:45,823 - INFO - Epoch 115: Loss = 0.2468
2025-08-04 13:24:45,947 - INFO - Epoch 116: Loss = 0.2443
2025-08-04 13:24:46,071 - INFO - Epoch 117: Loss = 0.2425
2025-08-04 13:24:46,195 - INFO - Epoch 118: Loss = 0.2316
2025-08-04 13:24:46,320 - INFO - Epoch 119: Loss = 0.2248
2025-08-04 13:24:46,445 - INFO - Epoch 120: Loss = 0.2323
2025-08-04 13:24:46,569 - INFO - Epoch 121: Loss = 0.2284
2025-08-04 13:24:46,693 - INFO - Epoch 122: Loss = 0.2301
2025-08-04 13:24:46,818 - INFO - Epoch 123: Loss = 0.2191
2025-08-04 13:24:46,942 - INFO - Epoch 124: Loss = 0.2333
2025-08-04 13:24:47,066 - INFO - Epoch 125: Loss = 0.2133
2025-08-04 13:24:47,191 - INFO - Epoch 126: Loss = 0.2108
2025-08-04 13:24:47,315 - INFO - Epoch 127: Loss = 0.2056
2025-08-04 13:24:47,439 - INFO - Epoch 128: Loss = 0.2081
2025-08-04 13:24:47,563 - INFO - Epoch 129: Loss = 0.2026
2025-08-04 13:24:47,687 - INFO - Epoch 130: Loss = 0.2044
2025-08-04 13:24:47,811 - INFO - Epoch 131: Loss = 0.2000
2025-08-04 13:24:47,935 - INFO - Epoch 132: Loss = 0.1974
2025-08-04 13:24:48,061 - INFO - Epoch 133: Loss = 0.2059
2025-08-04 13:24:48,185 - INFO - Epoch 134: Loss = 0.1879
2025-08-04 13:24:48,310 - INFO - Epoch 135: Loss = 0.1866
2025-08-04 13:24:48,434 - INFO - Epoch 136: Loss = 0.1865
2025-08-04 13:24:48,558 - INFO - Epoch 137: Loss = 0.1820
2025-08-04 13:24:48,682 - INFO - Epoch 138: Loss = 0.1779
2025-08-04 13:24:48,806 - INFO - Epoch 139: Loss = 0.1725
2025-08-04 13:24:48,930 - INFO - Epoch 140: Loss = 0.1823
2025-08-04 13:24:49,055 - INFO - Epoch 141: Loss = 0.1736
2025-08-04 13:24:49,178 - INFO - Epoch 142: Loss = 0.1706
2025-08-04 13:24:49,303 - INFO - Epoch 143: Loss = 0.1664
2025-08-04 13:24:49,427 - INFO - Epoch 144: Loss = 0.1672
2025-08-04 13:24:49,551 - INFO - Epoch 145: Loss = 0.1598
2025-08-04 13:24:49,675 - INFO - Epoch 146: Loss = 0.1621
2025-08-04 13:24:49,799 - INFO - Epoch 147: Loss = 0.1653
2025-08-04 13:24:49,924 - INFO - Epoch 148: Loss = 0.1631
2025-08-04 13:24:50,049 - INFO - Epoch 149: Loss = 0.1519
2025-08-04 13:24:50,174 - INFO - Epoch 150: Loss = 0.1609
2025-08-04 13:24:50,298 - INFO - Epoch 151: Loss = 0.1536
2025-08-04 13:24:50,422 - INFO - Epoch 152: Loss = 0.1583
2025-08-04 13:24:50,546 - INFO - Epoch 153: Loss = 0.1612
2025-08-04 13:24:50,670 - INFO - Epoch 154: Loss = 0.1522
2025-08-04 13:24:50,795 - INFO - Epoch 155: Loss = 0.1453
2025-08-04 13:24:50,919 - INFO - Epoch 156: Loss = 0.1465
2025-08-04 13:24:51,043 - INFO - Epoch 157: Loss = 0.1446
2025-08-04 13:24:51,167 - INFO - Epoch 158: Loss = 0.1325
2025-08-04 13:24:51,291 - INFO - Epoch 159: Loss = 0.1383
2025-08-04 13:24:51,415 - INFO - Epoch 160: Loss = 0.1372
2025-08-04 13:24:51,539 - INFO - Epoch 161: Loss = 0.1409
2025-08-04 13:24:51,663 - INFO - Epoch 162: Loss = 0.1567
2025-08-04 13:24:51,788 - INFO - Epoch 163: Loss = 0.1494
2025-08-04 13:24:51,913 - INFO - Epoch 164: Loss = 0.1418
2025-08-04 13:24:52,037 - INFO - Epoch 165: Loss = 0.1375
2025-08-04 13:24:52,161 - INFO - Epoch 166: Loss = 0.1262
2025-08-04 13:24:52,285 - INFO - Epoch 167: Loss = 0.1298
2025-08-04 13:24:52,409 - INFO - Epoch 168: Loss = 0.1389
2025-08-04 13:24:52,533 - INFO - Epoch 169: Loss = 0.1233
2025-08-04 13:24:52,657 - INFO - Epoch 170: Loss = 0.1340
2025-08-04 13:24:52,781 - INFO - Epoch 171: Loss = 0.1299
2025-08-04 13:24:52,905 - INFO - Epoch 172: Loss = 0.1258
2025-08-04 13:24:53,030 - INFO - Epoch 173: Loss = 0.1244
2025-08-04 13:24:53,154 - INFO - Epoch 174: Loss = 0.1269
2025-08-04 13:24:53,278 - INFO - Epoch 175: Loss = 0.1236
2025-08-04 13:24:53,402 - INFO - Epoch 176: Loss = 0.1208
2025-08-04 13:24:53,526 - INFO - Epoch 177: Loss = 0.1225
2025-08-04 13:24:53,650 - INFO - Epoch 178: Loss = 0.1204
2025-08-04 13:24:53,775 - INFO - Epoch 179: Loss = 0.1159
2025-08-04 13:24:53,899 - INFO - Epoch 180: Loss = 0.1156
2025-08-04 13:24:54,023 - INFO - Epoch 181: Loss = 0.1107
2025-08-04 13:24:54,147 - INFO - Epoch 182: Loss = 0.1126
2025-08-04 13:24:54,271 - INFO - Epoch 183: Loss = 0.1132
2025-08-04 13:24:54,396 - INFO - Epoch 184: Loss = 0.1170
2025-08-04 13:24:54,520 - INFO - Epoch 185: Loss = 0.1129
2025-08-04 13:24:54,644 - INFO - Epoch 186: Loss = 0.1196
2025-08-04 13:24:54,768 - INFO - Epoch 187: Loss = 0.1222
2025-08-04 13:24:54,892 - INFO - Epoch 188: Loss = 0.1148
2025-08-04 13:24:55,016 - INFO - Epoch 189: Loss = 0.1095
2025-08-04 13:24:55,140 - INFO - Epoch 190: Loss = 0.1110
2025-08-04 13:24:55,264 - INFO - Epoch 191: Loss = 0.1085
2025-08-04 13:24:55,388 - INFO - Epoch 192: Loss = 0.1125
2025-08-04 13:24:55,512 - INFO - Epoch 193: Loss = 0.1116
2025-08-04 13:24:55,637 - INFO - Epoch 194: Loss = 0.1154
2025-08-04 13:24:55,761 - INFO - Epoch 195: Loss = 0.1008
2025-08-04 13:24:55,885 - INFO - Epoch 196: Loss = 0.1012
2025-08-04 13:24:56,010 - INFO - Epoch 197: Loss = 0.1001
2025-08-04 13:24:56,135 - INFO - Epoch 198: Loss = 0.1101
2025-08-04 13:24:56,259 - INFO - Epoch 199: Loss = 0.1105
2025-08-04 13:24:56,383 - INFO - Epoch 200: Loss = 0.1088
2025-08-04 13:24:56,507 - INFO - Epoch 201: Loss = 0.1088
2025-08-04 13:24:56,631 - INFO - Epoch 202: Loss = 0.1056
2025-08-04 13:24:56,756 - INFO - Epoch 203: Loss = 0.1101
2025-08-04 13:24:56,880 - INFO - Epoch 204: Loss = 0.1126
2025-08-04 13:24:57,004 - INFO - Epoch 205: Loss = 0.0961
2025-08-04 13:24:57,128 - INFO - Epoch 206: Loss = 0.1022
2025-08-04 13:24:57,252 - INFO - Epoch 207: Loss = 0.0988
2025-08-04 13:24:57,377 - INFO - Epoch 208: Loss = 0.0935
2025-08-04 13:24:57,501 - INFO - Epoch 209: Loss = 0.0974
2025-08-04 13:24:57,625 - INFO - Epoch 210: Loss = 0.0929
2025-08-04 13:24:57,749 - INFO - Epoch 211: Loss = 0.0962
2025-08-04 13:24:57,873 - INFO - Epoch 212: Loss = 0.0981
2025-08-04 13:24:57,997 - INFO - Epoch 213: Loss = 0.0943
2025-08-04 13:24:58,121 - INFO - Epoch 214: Loss = 0.0986
2025-08-04 13:24:58,247 - INFO - Epoch 215: Loss = 0.0948
2025-08-04 13:24:58,371 - INFO - Epoch 216: Loss = 0.1137
2025-08-04 13:24:58,495 - INFO - Epoch 217: Loss = 0.0932
2025-08-04 13:24:58,619 - INFO - Epoch 218: Loss = 0.1003
2025-08-04 13:24:58,744 - INFO - Epoch 219: Loss = 0.0907
2025-08-04 13:24:58,868 - INFO - Epoch 220: Loss = 0.0915
2025-08-04 13:24:58,992 - INFO - Epoch 221: Loss = 0.0946
2025-08-04 13:24:59,116 - INFO - Epoch 222: Loss = 0.0914
2025-08-04 13:24:59,240 - INFO - Epoch 223: Loss = 0.0959
2025-08-04 13:24:59,365 - INFO - Epoch 224: Loss = 0.0933
2025-08-04 13:24:59,489 - INFO - Epoch 225: Loss = 0.0959
2025-08-04 13:24:59,613 - INFO - Epoch 226: Loss = 0.0853
2025-08-04 13:24:59,737 - INFO - Epoch 227: Loss = 0.1040
2025-08-04 13:24:59,861 - INFO - Epoch 228: Loss = 0.0833
2025-08-04 13:24:59,985 - INFO - Epoch 229: Loss = 0.0819
2025-08-04 13:25:00,109 - INFO - Epoch 230: Loss = 0.1048
2025-08-04 13:25:00,233 - INFO - Epoch 231: Loss = 0.0832
2025-08-04 13:25:00,358 - INFO - Epoch 232: Loss = 0.0813
2025-08-04 13:25:00,483 - INFO - Epoch 233: Loss = 0.0846
2025-08-04 13:25:00,607 - INFO - Epoch 234: Loss = 0.0783
2025-08-04 13:25:00,731 - INFO - Epoch 235: Loss = 0.0798
2025-08-04 13:25:00,855 - INFO - Epoch 236: Loss = 0.0812
2025-08-04 13:25:00,979 - INFO - Epoch 237: Loss = 0.0896
2025-08-04 13:25:01,104 - INFO - Epoch 238: Loss = 0.0771
2025-08-04 13:25:01,228 - INFO - Epoch 239: Loss = 0.0829
2025-08-04 13:25:01,352 - INFO - Epoch 240: Loss = 0.0763
2025-08-04 13:25:01,476 - INFO - Epoch 241: Loss = 0.0808
2025-08-04 13:25:01,600 - INFO - Epoch 242: Loss = 0.0740
2025-08-04 13:25:01,724 - INFO - Epoch 243: Loss = 0.0857
2025-08-04 13:25:01,848 - INFO - Epoch 244: Loss = 0.0812
2025-08-04 13:25:01,972 - INFO - Epoch 245: Loss = 0.0885
2025-08-04 13:25:02,096 - INFO - Epoch 246: Loss = 0.0892
2025-08-04 13:25:02,220 - INFO - Epoch 247: Loss = 0.0785
2025-08-04 13:25:02,344 - INFO - Epoch 248: Loss = 0.0792
2025-08-04 13:25:02,469 - INFO - Epoch 249: Loss = 0.0906
2025-08-04 13:25:02,593 - INFO - Epoch 250: Loss = 0.0818
2025-08-04 13:25:02,717 - INFO - Epoch 251: Loss = 0.0845
2025-08-04 13:25:02,841 - INFO - Epoch 252: Loss = 0.0810
2025-08-04 13:25:02,965 - INFO - Epoch 253: Loss = 0.0837
2025-08-04 13:25:03,090 - INFO - Epoch 254: Loss = 0.0893
2025-08-04 13:25:03,215 - INFO - Epoch 255: Loss = 0.0818
2025-08-04 13:25:03,339 - INFO - Epoch 256: Loss = 0.0860
2025-08-04 13:25:03,600 - INFO - Test: Loss = 1.1413, Accuracy = 75.37%, Quant Error = 0.4669
2025-08-04 13:25:03,607 - INFO - [Gradient Run 1] Training time: 34.57s
