2025-08-05 13:53:10,566 - INFO - ------------------------------------Gradient-------------------------------------------
2025-08-05 13:53:10,566 - INFO - [Gradient Run 1] Starting
2025-08-05 13:53:12,295 - INFO - Training on device: cuda
2025-08-05 13:53:12,577 - INFO - Epoch 01: KLDiv Loss = 2.2954 | L1 Error = 0.1484 | Cosine Sim = 0.3289
2025-08-05 13:53:12,693 - INFO - Epoch 02: KLDiv Loss = 2.1832 | L1 Error = 0.1461 | Cosine Sim = 0.3661
2025-08-05 13:53:12,812 - INFO - Epoch 03: KLDiv Loss = 2.0864 | L1 Error = 0.1437 | Cosine Sim = 0.4002
2025-08-05 13:53:12,929 - INFO - Epoch 04: KLDiv Loss = 2.0200 | L1 Error = 0.1419 | Cosine Sim = 0.4224
2025-08-05 13:53:13,045 - INFO - Epoch 05: KLDiv Loss = 1.9611 | L1 Error = 0.1402 | Cosine Sim = 0.4428
2025-08-05 13:53:13,161 - INFO - Epoch 06: KLDiv Loss = 1.9095 | L1 Error = 0.1384 | Cosine Sim = 0.4606
2025-08-05 13:53:13,278 - INFO - Epoch 07: KLDiv Loss = 1.8541 | L1 Error = 0.1365 | Cosine Sim = 0.4797
2025-08-05 13:53:13,394 - INFO - Epoch 08: KLDiv Loss = 1.8047 | L1 Error = 0.1345 | Cosine Sim = 0.4952
2025-08-05 13:53:13,510 - INFO - Epoch 09: KLDiv Loss = 1.7518 | L1 Error = 0.1324 | Cosine Sim = 0.5122
2025-08-05 13:53:13,626 - INFO - Epoch 10: KLDiv Loss = 1.7079 | L1 Error = 0.1305 | Cosine Sim = 0.5253
2025-08-05 13:53:13,742 - INFO - Epoch 11: KLDiv Loss = 1.6698 | L1 Error = 0.1288 | Cosine Sim = 0.5383
2025-08-05 13:53:13,858 - INFO - Epoch 12: KLDiv Loss = 1.6345 | L1 Error = 0.1271 | Cosine Sim = 0.5490
2025-08-05 13:53:13,974 - INFO - Epoch 13: KLDiv Loss = 1.5971 | L1 Error = 0.1253 | Cosine Sim = 0.5608
2025-08-05 13:53:14,090 - INFO - Epoch 14: KLDiv Loss = 1.5533 | L1 Error = 0.1231 | Cosine Sim = 0.5729
2025-08-05 13:53:14,206 - INFO - Epoch 15: KLDiv Loss = 1.5168 | L1 Error = 0.1213 | Cosine Sim = 0.5829
2025-08-05 13:53:14,322 - INFO - Epoch 16: KLDiv Loss = 1.4854 | L1 Error = 0.1198 | Cosine Sim = 0.5923
2025-08-05 13:53:14,438 - INFO - Epoch 17: KLDiv Loss = 1.4527 | L1 Error = 0.1181 | Cosine Sim = 0.6010
2025-08-05 13:53:14,554 - INFO - Epoch 18: KLDiv Loss = 1.4193 | L1 Error = 0.1163 | Cosine Sim = 0.6114
2025-08-05 13:53:14,670 - INFO - Epoch 19: KLDiv Loss = 1.3912 | L1 Error = 0.1148 | Cosine Sim = 0.6194
2025-08-05 13:53:14,786 - INFO - Epoch 20: KLDiv Loss = 1.3628 | L1 Error = 0.1131 | Cosine Sim = 0.6268
2025-08-05 13:53:14,902 - INFO - Epoch 21: KLDiv Loss = 1.3308 | L1 Error = 0.1114 | Cosine Sim = 0.6368
2025-08-05 13:53:15,018 - INFO - Epoch 22: KLDiv Loss = 1.3067 | L1 Error = 0.1102 | Cosine Sim = 0.6443
2025-08-05 13:53:15,134 - INFO - Epoch 23: KLDiv Loss = 1.2802 | L1 Error = 0.1085 | Cosine Sim = 0.6514
2025-08-05 13:53:15,250 - INFO - Epoch 24: KLDiv Loss = 1.2567 | L1 Error = 0.1071 | Cosine Sim = 0.6588
2025-08-05 13:53:15,366 - INFO - Epoch 25: KLDiv Loss = 1.2364 | L1 Error = 0.1059 | Cosine Sim = 0.6653
2025-08-05 13:53:15,483 - INFO - Epoch 26: KLDiv Loss = 1.2137 | L1 Error = 0.1045 | Cosine Sim = 0.6718
2025-08-05 13:53:15,599 - INFO - Epoch 27: KLDiv Loss = 1.1909 | L1 Error = 0.1031 | Cosine Sim = 0.6785
2025-08-05 13:53:15,715 - INFO - Epoch 28: KLDiv Loss = 1.1671 | L1 Error = 0.1016 | Cosine Sim = 0.6852
2025-08-05 13:53:15,832 - INFO - Epoch 29: KLDiv Loss = 1.1468 | L1 Error = 0.1003 | Cosine Sim = 0.6915
2025-08-05 13:53:15,948 - INFO - Epoch 30: KLDiv Loss = 1.1278 | L1 Error = 0.0993 | Cosine Sim = 0.6985
2025-08-05 13:53:16,064 - INFO - Epoch 31: KLDiv Loss = 1.1108 | L1 Error = 0.0979 | Cosine Sim = 0.7028
2025-08-05 13:53:16,180 - INFO - Epoch 32: KLDiv Loss = 1.0908 | L1 Error = 0.0968 | Cosine Sim = 0.7087
2025-08-05 13:53:16,295 - INFO - Epoch 33: KLDiv Loss = 1.0732 | L1 Error = 0.0954 | Cosine Sim = 0.7142
2025-08-05 13:53:16,413 - INFO - Epoch 34: KLDiv Loss = 1.0614 | L1 Error = 0.0946 | Cosine Sim = 0.7168
2025-08-05 13:53:16,529 - INFO - Epoch 35: KLDiv Loss = 1.0450 | L1 Error = 0.0935 | Cosine Sim = 0.7216
2025-08-05 13:53:16,645 - INFO - Epoch 36: KLDiv Loss = 1.0256 | L1 Error = 0.0922 | Cosine Sim = 0.7274
2025-08-05 13:53:16,761 - INFO - Epoch 37: KLDiv Loss = 1.0141 | L1 Error = 0.0914 | Cosine Sim = 0.7322
2025-08-05 13:53:16,877 - INFO - Epoch 38: KLDiv Loss = 0.9983 | L1 Error = 0.0903 | Cosine Sim = 0.7350
2025-08-05 13:53:16,993 - INFO - Epoch 39: KLDiv Loss = 0.9845 | L1 Error = 0.0892 | Cosine Sim = 0.7387
2025-08-05 13:53:17,108 - INFO - Epoch 40: KLDiv Loss = 0.9691 | L1 Error = 0.0882 | Cosine Sim = 0.7438
2025-08-05 13:53:17,224 - INFO - Epoch 41: KLDiv Loss = 0.9528 | L1 Error = 0.0871 | Cosine Sim = 0.7492
2025-08-05 13:53:17,342 - INFO - Epoch 42: KLDiv Loss = 0.9398 | L1 Error = 0.0860 | Cosine Sim = 0.7523
2025-08-05 13:53:17,458 - INFO - Epoch 43: KLDiv Loss = 0.9240 | L1 Error = 0.0848 | Cosine Sim = 0.7572
2025-08-05 13:53:17,574 - INFO - Epoch 44: KLDiv Loss = 0.9084 | L1 Error = 0.0839 | Cosine Sim = 0.7620
2025-08-05 13:53:17,690 - INFO - Epoch 45: KLDiv Loss = 0.8972 | L1 Error = 0.0828 | Cosine Sim = 0.7651
2025-08-05 13:53:17,805 - INFO - Epoch 46: KLDiv Loss = 0.8824 | L1 Error = 0.0818 | Cosine Sim = 0.7684
2025-08-05 13:53:17,921 - INFO - Epoch 47: KLDiv Loss = 0.8742 | L1 Error = 0.0812 | Cosine Sim = 0.7704
2025-08-05 13:53:18,037 - INFO - Epoch 48: KLDiv Loss = 0.8585 | L1 Error = 0.0802 | Cosine Sim = 0.7765
2025-08-05 13:53:18,153 - INFO - Epoch 49: KLDiv Loss = 0.8488 | L1 Error = 0.0793 | Cosine Sim = 0.7794
2025-08-05 13:53:18,269 - INFO - Epoch 50: KLDiv Loss = 0.8371 | L1 Error = 0.0784 | Cosine Sim = 0.7819
2025-08-05 13:53:18,385 - INFO - Epoch 51: KLDiv Loss = 0.8196 | L1 Error = 0.0773 | Cosine Sim = 0.7871
2025-08-05 13:53:18,501 - INFO - Epoch 52: KLDiv Loss = 0.8094 | L1 Error = 0.0766 | Cosine Sim = 0.7898
2025-08-05 13:53:18,617 - INFO - Epoch 53: KLDiv Loss = 0.7981 | L1 Error = 0.0756 | Cosine Sim = 0.7934
2025-08-05 13:53:18,733 - INFO - Epoch 54: KLDiv Loss = 0.7870 | L1 Error = 0.0747 | Cosine Sim = 0.7966
2025-08-05 13:53:18,849 - INFO - Epoch 55: KLDiv Loss = 0.7825 | L1 Error = 0.0742 | Cosine Sim = 0.7972
2025-08-05 13:53:18,964 - INFO - Epoch 56: KLDiv Loss = 0.7632 | L1 Error = 0.0733 | Cosine Sim = 0.8039
2025-08-05 13:53:19,080 - INFO - Epoch 57: KLDiv Loss = 0.7589 | L1 Error = 0.0726 | Cosine Sim = 0.8040
2025-08-05 13:53:19,197 - INFO - Epoch 58: KLDiv Loss = 0.7448 | L1 Error = 0.0717 | Cosine Sim = 0.8092
2025-08-05 13:53:19,313 - INFO - Epoch 59: KLDiv Loss = 0.7368 | L1 Error = 0.0711 | Cosine Sim = 0.8098
2025-08-05 13:53:19,429 - INFO - Epoch 60: KLDiv Loss = 0.7251 | L1 Error = 0.0701 | Cosine Sim = 0.8142
2025-08-05 13:53:19,545 - INFO - Epoch 61: KLDiv Loss = 0.7197 | L1 Error = 0.0696 | Cosine Sim = 0.8165
2025-08-05 13:53:19,661 - INFO - Epoch 62: KLDiv Loss = 0.7074 | L1 Error = 0.0689 | Cosine Sim = 0.8196
2025-08-05 13:53:19,777 - INFO - Epoch 63: KLDiv Loss = 0.6992 | L1 Error = 0.0681 | Cosine Sim = 0.8241
2025-08-05 13:53:19,893 - INFO - Epoch 64: KLDiv Loss = 0.6927 | L1 Error = 0.0675 | Cosine Sim = 0.8257
2025-08-05 13:53:20,009 - INFO - Epoch 65: KLDiv Loss = 0.6804 | L1 Error = 0.0666 | Cosine Sim = 0.8272
2025-08-05 13:53:20,125 - INFO - Epoch 66: KLDiv Loss = 0.6704 | L1 Error = 0.0657 | Cosine Sim = 0.8306
2025-08-05 13:53:20,241 - INFO - Epoch 67: KLDiv Loss = 0.6593 | L1 Error = 0.0649 | Cosine Sim = 0.8333
2025-08-05 13:53:20,357 - INFO - Epoch 68: KLDiv Loss = 0.6544 | L1 Error = 0.0645 | Cosine Sim = 0.8342
2025-08-05 13:53:20,473 - INFO - Epoch 69: KLDiv Loss = 0.6414 | L1 Error = 0.0634 | Cosine Sim = 0.8375
2025-08-05 13:53:20,589 - INFO - Epoch 70: KLDiv Loss = 0.6320 | L1 Error = 0.0626 | Cosine Sim = 0.8402
2025-08-05 13:53:20,705 - INFO - Epoch 71: KLDiv Loss = 0.6242 | L1 Error = 0.0620 | Cosine Sim = 0.8422
2025-08-05 13:53:20,821 - INFO - Epoch 72: KLDiv Loss = 0.6086 | L1 Error = 0.0606 | Cosine Sim = 0.8475
2025-08-05 13:53:20,937 - INFO - Epoch 73: KLDiv Loss = 0.6005 | L1 Error = 0.0600 | Cosine Sim = 0.8495
2025-08-05 13:53:21,053 - INFO - Epoch 74: KLDiv Loss = 0.5937 | L1 Error = 0.0594 | Cosine Sim = 0.8519
2025-08-05 13:53:21,170 - INFO - Epoch 75: KLDiv Loss = 0.5838 | L1 Error = 0.0586 | Cosine Sim = 0.8546
2025-08-05 13:53:21,286 - INFO - Epoch 76: KLDiv Loss = 0.5752 | L1 Error = 0.0580 | Cosine Sim = 0.8572
2025-08-05 13:53:21,402 - INFO - Epoch 77: KLDiv Loss = 0.5702 | L1 Error = 0.0575 | Cosine Sim = 0.8574
2025-08-05 13:53:21,520 - INFO - Epoch 78: KLDiv Loss = 0.5594 | L1 Error = 0.0567 | Cosine Sim = 0.8611
2025-08-05 13:53:21,636 - INFO - Epoch 79: KLDiv Loss = 0.5507 | L1 Error = 0.0559 | Cosine Sim = 0.8632
2025-08-05 13:53:21,752 - INFO - Epoch 80: KLDiv Loss = 0.5471 | L1 Error = 0.0553 | Cosine Sim = 0.8641
2025-08-05 13:53:21,867 - INFO - Epoch 81: KLDiv Loss = 0.5363 | L1 Error = 0.0545 | Cosine Sim = 0.8673
2025-08-05 13:53:21,983 - INFO - Epoch 82: KLDiv Loss = 0.5325 | L1 Error = 0.0543 | Cosine Sim = 0.8675
2025-08-05 13:53:22,099 - INFO - Epoch 83: KLDiv Loss = 0.5250 | L1 Error = 0.0536 | Cosine Sim = 0.8703
2025-08-05 13:53:22,215 - INFO - Epoch 84: KLDiv Loss = 0.5167 | L1 Error = 0.0528 | Cosine Sim = 0.8726
2025-08-05 13:53:22,331 - INFO - Epoch 85: KLDiv Loss = 0.5123 | L1 Error = 0.0522 | Cosine Sim = 0.8731
2025-08-05 13:53:22,447 - INFO - Epoch 86: KLDiv Loss = 0.5057 | L1 Error = 0.0516 | Cosine Sim = 0.8746
2025-08-05 13:53:22,564 - INFO - Epoch 87: KLDiv Loss = 0.4967 | L1 Error = 0.0509 | Cosine Sim = 0.8775
2025-08-05 13:53:22,680 - INFO - Epoch 88: KLDiv Loss = 0.4850 | L1 Error = 0.0502 | Cosine Sim = 0.8809
2025-08-05 13:53:22,796 - INFO - Epoch 89: KLDiv Loss = 0.4818 | L1 Error = 0.0497 | Cosine Sim = 0.8818
2025-08-05 13:53:22,912 - INFO - Epoch 90: KLDiv Loss = 0.4735 | L1 Error = 0.0491 | Cosine Sim = 0.8845
2025-08-05 13:53:23,028 - INFO - Epoch 91: KLDiv Loss = 0.4711 | L1 Error = 0.0489 | Cosine Sim = 0.8835
2025-08-05 13:53:23,144 - INFO - Epoch 92: KLDiv Loss = 0.4674 | L1 Error = 0.0485 | Cosine Sim = 0.8853
2025-08-05 13:53:23,260 - INFO - Epoch 93: KLDiv Loss = 0.4532 | L1 Error = 0.0472 | Cosine Sim = 0.8892
2025-08-05 13:53:23,376 - INFO - Epoch 94: KLDiv Loss = 0.4476 | L1 Error = 0.0465 | Cosine Sim = 0.8910
2025-08-05 13:53:23,492 - INFO - Epoch 95: KLDiv Loss = 0.4446 | L1 Error = 0.0466 | Cosine Sim = 0.8911
2025-08-05 13:53:23,608 - INFO - Epoch 96: KLDiv Loss = 0.4393 | L1 Error = 0.0463 | Cosine Sim = 0.8926
2025-08-05 13:53:23,724 - INFO - Epoch 97: KLDiv Loss = 0.4270 | L1 Error = 0.0453 | Cosine Sim = 0.8961
2025-08-05 13:53:23,841 - INFO - Epoch 98: KLDiv Loss = 0.4194 | L1 Error = 0.0443 | Cosine Sim = 0.8989
2025-08-05 13:53:23,957 - INFO - Epoch 99: KLDiv Loss = 0.4162 | L1 Error = 0.0442 | Cosine Sim = 0.8989
2025-08-05 13:53:24,073 - INFO - Epoch 100: KLDiv Loss = 0.4097 | L1 Error = 0.0432 | Cosine Sim = 0.8998
2025-08-05 13:53:24,189 - INFO - Epoch 101: KLDiv Loss = 0.4006 | L1 Error = 0.0426 | Cosine Sim = 0.9035
2025-08-05 13:53:24,305 - INFO - Epoch 102: KLDiv Loss = 0.4039 | L1 Error = 0.0431 | Cosine Sim = 0.9011
2025-08-05 13:53:24,422 - INFO - Epoch 103: KLDiv Loss = 0.3902 | L1 Error = 0.0416 | Cosine Sim = 0.9051
2025-08-05 13:53:24,538 - INFO - Epoch 104: KLDiv Loss = 0.3879 | L1 Error = 0.0411 | Cosine Sim = 0.9055
2025-08-05 13:53:24,654 - INFO - Epoch 105: KLDiv Loss = 0.3748 | L1 Error = 0.0400 | Cosine Sim = 0.9095
2025-08-05 13:53:24,770 - INFO - Epoch 106: KLDiv Loss = 0.3777 | L1 Error = 0.0401 | Cosine Sim = 0.9068
2025-08-05 13:53:24,886 - INFO - Epoch 107: KLDiv Loss = 0.3652 | L1 Error = 0.0393 | Cosine Sim = 0.9115
2025-08-05 13:53:25,002 - INFO - Epoch 108: KLDiv Loss = 0.3573 | L1 Error = 0.0387 | Cosine Sim = 0.9136
2025-08-05 13:53:25,119 - INFO - Epoch 109: KLDiv Loss = 0.3546 | L1 Error = 0.0382 | Cosine Sim = 0.9137
2025-08-05 13:53:25,235 - INFO - Epoch 110: KLDiv Loss = 0.3495 | L1 Error = 0.0378 | Cosine Sim = 0.9148
2025-08-05 13:53:25,351 - INFO - Epoch 111: KLDiv Loss = 0.3501 | L1 Error = 0.0379 | Cosine Sim = 0.9142
2025-08-05 13:53:25,467 - INFO - Epoch 112: KLDiv Loss = 0.3394 | L1 Error = 0.0371 | Cosine Sim = 0.9181
2025-08-05 13:53:25,583 - INFO - Epoch 113: KLDiv Loss = 0.3318 | L1 Error = 0.0359 | Cosine Sim = 0.9197
2025-08-05 13:53:25,699 - INFO - Epoch 114: KLDiv Loss = 0.3264 | L1 Error = 0.0355 | Cosine Sim = 0.9207
2025-08-05 13:53:25,815 - INFO - Epoch 115: KLDiv Loss = 0.3225 | L1 Error = 0.0356 | Cosine Sim = 0.9216
2025-08-05 13:53:25,931 - INFO - Epoch 116: KLDiv Loss = 0.3128 | L1 Error = 0.0342 | Cosine Sim = 0.9242
2025-08-05 13:53:26,047 - INFO - Epoch 117: KLDiv Loss = 0.3071 | L1 Error = 0.0338 | Cosine Sim = 0.9260
2025-08-05 13:53:26,162 - INFO - Epoch 118: KLDiv Loss = 0.2997 | L1 Error = 0.0331 | Cosine Sim = 0.9284
2025-08-05 13:53:26,278 - INFO - Epoch 119: KLDiv Loss = 0.3006 | L1 Error = 0.0331 | Cosine Sim = 0.9268
2025-08-05 13:53:26,395 - INFO - Epoch 120: KLDiv Loss = 0.2956 | L1 Error = 0.0328 | Cosine Sim = 0.9284
2025-08-05 13:53:26,511 - INFO - Epoch 121: KLDiv Loss = 0.2905 | L1 Error = 0.0322 | Cosine Sim = 0.9293
2025-08-05 13:53:26,627 - INFO - Epoch 122: KLDiv Loss = 0.2822 | L1 Error = 0.0314 | Cosine Sim = 0.9323
2025-08-05 13:53:26,743 - INFO - Epoch 123: KLDiv Loss = 0.2796 | L1 Error = 0.0312 | Cosine Sim = 0.9336
2025-08-05 13:53:26,859 - INFO - Epoch 124: KLDiv Loss = 0.2707 | L1 Error = 0.0304 | Cosine Sim = 0.9359
2025-08-05 13:53:26,975 - INFO - Epoch 125: KLDiv Loss = 0.2662 | L1 Error = 0.0298 | Cosine Sim = 0.9370
2025-08-05 13:53:27,091 - INFO - Epoch 126: KLDiv Loss = 0.2670 | L1 Error = 0.0300 | Cosine Sim = 0.9366
2025-08-05 13:53:27,207 - INFO - Epoch 127: KLDiv Loss = 0.2606 | L1 Error = 0.0294 | Cosine Sim = 0.9377
2025-08-05 13:53:27,323 - INFO - Epoch 128: KLDiv Loss = 0.2583 | L1 Error = 0.0291 | Cosine Sim = 0.9372
2025-08-05 13:53:27,439 - INFO - Epoch 129: KLDiv Loss = 0.2528 | L1 Error = 0.0285 | Cosine Sim = 0.9397
2025-08-05 13:53:27,554 - INFO - Epoch 130: KLDiv Loss = 0.2513 | L1 Error = 0.0284 | Cosine Sim = 0.9409
2025-08-05 13:53:27,670 - INFO - Epoch 131: KLDiv Loss = 0.2485 | L1 Error = 0.0281 | Cosine Sim = 0.9401
2025-08-05 13:53:27,786 - INFO - Epoch 132: KLDiv Loss = 0.2468 | L1 Error = 0.0279 | Cosine Sim = 0.9411
2025-08-05 13:53:27,902 - INFO - Epoch 133: KLDiv Loss = 0.2402 | L1 Error = 0.0273 | Cosine Sim = 0.9436
2025-08-05 13:53:28,019 - INFO - Epoch 134: KLDiv Loss = 0.2445 | L1 Error = 0.0278 | Cosine Sim = 0.9411
2025-08-05 13:53:28,135 - INFO - Epoch 135: KLDiv Loss = 0.2467 | L1 Error = 0.0280 | Cosine Sim = 0.9408
2025-08-05 13:53:28,251 - INFO - Epoch 136: KLDiv Loss = 0.2345 | L1 Error = 0.0268 | Cosine Sim = 0.9442
2025-08-05 13:53:28,367 - INFO - Epoch 137: KLDiv Loss = 0.2336 | L1 Error = 0.0268 | Cosine Sim = 0.9445
2025-08-05 13:53:28,483 - INFO - Epoch 138: KLDiv Loss = 0.2297 | L1 Error = 0.0266 | Cosine Sim = 0.9458
2025-08-05 13:53:28,599 - INFO - Epoch 139: KLDiv Loss = 0.2234 | L1 Error = 0.0258 | Cosine Sim = 0.9475
2025-08-05 13:53:28,715 - INFO - Epoch 140: KLDiv Loss = 0.2185 | L1 Error = 0.0253 | Cosine Sim = 0.9496
2025-08-05 13:53:28,831 - INFO - Epoch 141: KLDiv Loss = 0.2161 | L1 Error = 0.0250 | Cosine Sim = 0.9492
2025-08-05 13:53:28,946 - INFO - Epoch 142: KLDiv Loss = 0.2126 | L1 Error = 0.0246 | Cosine Sim = 0.9497
2025-08-05 13:53:29,063 - INFO - Epoch 143: KLDiv Loss = 0.2186 | L1 Error = 0.0251 | Cosine Sim = 0.9485
2025-08-05 13:53:29,178 - INFO - Epoch 144: KLDiv Loss = 0.2153 | L1 Error = 0.0249 | Cosine Sim = 0.9484
2025-08-05 13:53:29,295 - INFO - Epoch 145: KLDiv Loss = 0.2104 | L1 Error = 0.0245 | Cosine Sim = 0.9492
2025-08-05 13:53:29,411 - INFO - Epoch 146: KLDiv Loss = 0.2173 | L1 Error = 0.0246 | Cosine Sim = 0.9467
2025-08-05 13:53:29,528 - INFO - Epoch 147: KLDiv Loss = 0.2171 | L1 Error = 0.0244 | Cosine Sim = 0.9477
2025-08-05 13:53:29,644 - INFO - Epoch 148: KLDiv Loss = 0.2099 | L1 Error = 0.0239 | Cosine Sim = 0.9494
2025-08-05 13:53:29,760 - INFO - Epoch 149: KLDiv Loss = 0.2007 | L1 Error = 0.0231 | Cosine Sim = 0.9525
2025-08-05 13:53:29,875 - INFO - Epoch 150: KLDiv Loss = 0.2003 | L1 Error = 0.0231 | Cosine Sim = 0.9521
2025-08-05 13:53:29,991 - INFO - Epoch 151: KLDiv Loss = 0.1889 | L1 Error = 0.0223 | Cosine Sim = 0.9560
2025-08-05 13:53:30,107 - INFO - Epoch 152: KLDiv Loss = 0.1928 | L1 Error = 0.0225 | Cosine Sim = 0.9555
2025-08-05 13:53:30,223 - INFO - Epoch 153: KLDiv Loss = 0.1843 | L1 Error = 0.0215 | Cosine Sim = 0.9574
2025-08-05 13:53:30,339 - INFO - Epoch 154: KLDiv Loss = 0.1953 | L1 Error = 0.0224 | Cosine Sim = 0.9529
2025-08-05 13:53:30,455 - INFO - Epoch 155: KLDiv Loss = 0.1911 | L1 Error = 0.0225 | Cosine Sim = 0.9557
2025-08-05 13:53:30,571 - INFO - Epoch 156: KLDiv Loss = 0.1862 | L1 Error = 0.0216 | Cosine Sim = 0.9561
2025-08-05 13:53:30,687 - INFO - Epoch 157: KLDiv Loss = 0.1847 | L1 Error = 0.0216 | Cosine Sim = 0.9567
2025-08-05 13:53:30,802 - INFO - Epoch 158: KLDiv Loss = 0.1856 | L1 Error = 0.0218 | Cosine Sim = 0.9560
2025-08-05 13:53:30,918 - INFO - Epoch 159: KLDiv Loss = 0.1844 | L1 Error = 0.0214 | Cosine Sim = 0.9563
2025-08-05 13:53:31,035 - INFO - Epoch 160: KLDiv Loss = 0.1788 | L1 Error = 0.0208 | Cosine Sim = 0.9575
2025-08-05 13:53:31,153 - INFO - Epoch 161: KLDiv Loss = 0.1838 | L1 Error = 0.0212 | Cosine Sim = 0.9557
2025-08-05 13:53:31,269 - INFO - Epoch 162: KLDiv Loss = 0.1739 | L1 Error = 0.0205 | Cosine Sim = 0.9589
2025-08-05 13:53:31,385 - INFO - Epoch 163: KLDiv Loss = 0.1706 | L1 Error = 0.0201 | Cosine Sim = 0.9604
2025-08-05 13:53:31,501 - INFO - Epoch 164: KLDiv Loss = 0.1665 | L1 Error = 0.0199 | Cosine Sim = 0.9620
2025-08-05 13:53:31,617 - INFO - Epoch 165: KLDiv Loss = 0.1658 | L1 Error = 0.0195 | Cosine Sim = 0.9611
2025-08-05 13:53:31,732 - INFO - Epoch 166: KLDiv Loss = 0.1728 | L1 Error = 0.0205 | Cosine Sim = 0.9576
2025-08-05 13:53:31,848 - INFO - Epoch 167: KLDiv Loss = 0.1725 | L1 Error = 0.0204 | Cosine Sim = 0.9570
2025-08-05 13:53:31,964 - INFO - Epoch 168: KLDiv Loss = 0.1611 | L1 Error = 0.0192 | Cosine Sim = 0.9628
2025-08-05 13:53:32,080 - INFO - Epoch 169: KLDiv Loss = 0.1610 | L1 Error = 0.0191 | Cosine Sim = 0.9631
2025-08-05 13:53:32,196 - INFO - Epoch 170: KLDiv Loss = 0.1705 | L1 Error = 0.0198 | Cosine Sim = 0.9586
2025-08-05 13:53:32,312 - INFO - Epoch 171: KLDiv Loss = 0.1660 | L1 Error = 0.0199 | Cosine Sim = 0.9605
2025-08-05 13:53:32,428 - INFO - Epoch 172: KLDiv Loss = 0.1673 | L1 Error = 0.0194 | Cosine Sim = 0.9603
2025-08-05 13:53:32,544 - INFO - Epoch 173: KLDiv Loss = 0.1622 | L1 Error = 0.0190 | Cosine Sim = 0.9611
2025-08-05 13:53:32,660 - INFO - Epoch 174: KLDiv Loss = 0.1526 | L1 Error = 0.0182 | Cosine Sim = 0.9654
2025-08-05 13:53:32,776 - INFO - Epoch 175: KLDiv Loss = 0.1576 | L1 Error = 0.0186 | Cosine Sim = 0.9620
2025-08-05 13:53:32,893 - INFO - Epoch 176: KLDiv Loss = 0.1575 | L1 Error = 0.0186 | Cosine Sim = 0.9610
2025-08-05 13:53:33,009 - INFO - Epoch 177: KLDiv Loss = 0.1505 | L1 Error = 0.0177 | Cosine Sim = 0.9653
2025-08-05 13:53:33,125 - INFO - Epoch 178: KLDiv Loss = 0.1551 | L1 Error = 0.0178 | Cosine Sim = 0.9622
2025-08-05 13:53:33,241 - INFO - Epoch 179: KLDiv Loss = 0.1493 | L1 Error = 0.0177 | Cosine Sim = 0.9634
2025-08-05 13:53:33,357 - INFO - Epoch 180: KLDiv Loss = 0.1500 | L1 Error = 0.0178 | Cosine Sim = 0.9632
2025-08-05 13:53:33,473 - INFO - Epoch 181: KLDiv Loss = 0.1427 | L1 Error = 0.0170 | Cosine Sim = 0.9653
2025-08-05 13:53:33,589 - INFO - Epoch 182: KLDiv Loss = 0.1491 | L1 Error = 0.0177 | Cosine Sim = 0.9622
2025-08-05 13:53:33,705 - INFO - Epoch 183: KLDiv Loss = 0.1484 | L1 Error = 0.0175 | Cosine Sim = 0.9633
2025-08-05 13:53:33,821 - INFO - Epoch 184: KLDiv Loss = 0.1376 | L1 Error = 0.0169 | Cosine Sim = 0.9665
2025-08-05 13:53:33,937 - INFO - Epoch 185: KLDiv Loss = 0.1459 | L1 Error = 0.0171 | Cosine Sim = 0.9633
2025-08-05 13:53:34,053 - INFO - Epoch 186: KLDiv Loss = 0.1472 | L1 Error = 0.0171 | Cosine Sim = 0.9626
2025-08-05 13:53:34,169 - INFO - Epoch 187: KLDiv Loss = 0.1378 | L1 Error = 0.0163 | Cosine Sim = 0.9666
2025-08-05 13:53:34,285 - INFO - Epoch 188: KLDiv Loss = 0.1416 | L1 Error = 0.0167 | Cosine Sim = 0.9645
2025-08-05 13:53:34,401 - INFO - Epoch 189: KLDiv Loss = 0.1427 | L1 Error = 0.0168 | Cosine Sim = 0.9632
2025-08-05 13:53:34,517 - INFO - Epoch 190: KLDiv Loss = 0.1324 | L1 Error = 0.0156 | Cosine Sim = 0.9681
2025-08-05 13:53:34,632 - INFO - Epoch 191: KLDiv Loss = 0.1372 | L1 Error = 0.0161 | Cosine Sim = 0.9648
2025-08-05 13:53:34,749 - INFO - Epoch 192: KLDiv Loss = 0.1419 | L1 Error = 0.0164 | Cosine Sim = 0.9637
2025-08-05 13:53:34,866 - INFO - Epoch 193: KLDiv Loss = 0.1427 | L1 Error = 0.0164 | Cosine Sim = 0.9636
2025-08-05 13:53:34,982 - INFO - Epoch 194: KLDiv Loss = 0.1322 | L1 Error = 0.0156 | Cosine Sim = 0.9683
2025-08-05 13:53:35,098 - INFO - Epoch 195: KLDiv Loss = 0.1278 | L1 Error = 0.0152 | Cosine Sim = 0.9687
2025-08-05 13:53:35,214 - INFO - Epoch 196: KLDiv Loss = 0.1300 | L1 Error = 0.0154 | Cosine Sim = 0.9667
2025-08-05 13:53:35,330 - INFO - Epoch 197: KLDiv Loss = 0.1330 | L1 Error = 0.0155 | Cosine Sim = 0.9654
2025-08-05 13:53:35,446 - INFO - Epoch 198: KLDiv Loss = 0.1250 | L1 Error = 0.0149 | Cosine Sim = 0.9696
2025-08-05 13:53:35,561 - INFO - Epoch 199: KLDiv Loss = 0.1273 | L1 Error = 0.0151 | Cosine Sim = 0.9684
2025-08-05 13:53:35,677 - INFO - Epoch 200: KLDiv Loss = 0.1267 | L1 Error = 0.0151 | Cosine Sim = 0.9686
2025-08-05 13:53:35,793 - INFO - Epoch 201: KLDiv Loss = 0.1246 | L1 Error = 0.0149 | Cosine Sim = 0.9699
2025-08-05 13:53:35,909 - INFO - Epoch 202: KLDiv Loss = 0.1364 | L1 Error = 0.0155 | Cosine Sim = 0.9645
2025-08-05 13:53:36,025 - INFO - Epoch 203: KLDiv Loss = 0.1253 | L1 Error = 0.0146 | Cosine Sim = 0.9687
2025-08-05 13:53:36,141 - INFO - Epoch 204: KLDiv Loss = 0.1158 | L1 Error = 0.0140 | Cosine Sim = 0.9701
2025-08-05 13:53:36,256 - INFO - Epoch 205: KLDiv Loss = 0.1140 | L1 Error = 0.0139 | Cosine Sim = 0.9714
2025-08-05 13:53:36,372 - INFO - Epoch 206: KLDiv Loss = 0.1122 | L1 Error = 0.0136 | Cosine Sim = 0.9720
2025-08-05 13:53:36,488 - INFO - Epoch 207: KLDiv Loss = 0.1113 | L1 Error = 0.0134 | Cosine Sim = 0.9723
2025-08-05 13:53:36,605 - INFO - Epoch 208: KLDiv Loss = 0.1138 | L1 Error = 0.0135 | Cosine Sim = 0.9716
2025-08-05 13:53:36,721 - INFO - Epoch 209: KLDiv Loss = 0.1142 | L1 Error = 0.0133 | Cosine Sim = 0.9718
2025-08-05 13:53:36,837 - INFO - Epoch 210: KLDiv Loss = 0.1228 | L1 Error = 0.0143 | Cosine Sim = 0.9671
2025-08-05 13:53:36,953 - INFO - Epoch 211: KLDiv Loss = 0.1154 | L1 Error = 0.0134 | Cosine Sim = 0.9704
2025-08-05 13:53:37,068 - INFO - Epoch 212: KLDiv Loss = 0.1111 | L1 Error = 0.0133 | Cosine Sim = 0.9721
2025-08-05 13:53:37,184 - INFO - Epoch 213: KLDiv Loss = 0.1083 | L1 Error = 0.0128 | Cosine Sim = 0.9734
2025-08-05 13:53:37,300 - INFO - Epoch 214: KLDiv Loss = 0.1157 | L1 Error = 0.0137 | Cosine Sim = 0.9697
2025-08-05 13:53:37,416 - INFO - Epoch 215: KLDiv Loss = 0.1249 | L1 Error = 0.0141 | Cosine Sim = 0.9677
2025-08-05 13:53:37,532 - INFO - Epoch 216: KLDiv Loss = 0.1066 | L1 Error = 0.0128 | Cosine Sim = 0.9732
2025-08-05 13:53:37,648 - INFO - Epoch 217: KLDiv Loss = 0.1192 | L1 Error = 0.0133 | Cosine Sim = 0.9689
2025-08-05 13:53:37,764 - INFO - Epoch 218: KLDiv Loss = 0.1294 | L1 Error = 0.0143 | Cosine Sim = 0.9663
2025-08-05 13:53:37,880 - INFO - Epoch 219: KLDiv Loss = 0.1074 | L1 Error = 0.0131 | Cosine Sim = 0.9722
2025-08-05 13:53:37,997 - INFO - Epoch 220: KLDiv Loss = 0.1042 | L1 Error = 0.0125 | Cosine Sim = 0.9741
2025-08-05 13:53:38,113 - INFO - Epoch 221: KLDiv Loss = 0.1048 | L1 Error = 0.0127 | Cosine Sim = 0.9715
2025-08-05 13:53:38,229 - INFO - Epoch 222: KLDiv Loss = 0.1127 | L1 Error = 0.0131 | Cosine Sim = 0.9699
2025-08-05 13:53:38,345 - INFO - Epoch 223: KLDiv Loss = 0.1078 | L1 Error = 0.0128 | Cosine Sim = 0.9723
2025-08-05 13:53:38,461 - INFO - Epoch 224: KLDiv Loss = 0.1005 | L1 Error = 0.0120 | Cosine Sim = 0.9738
2025-08-05 13:53:38,577 - INFO - Epoch 225: KLDiv Loss = 0.1065 | L1 Error = 0.0125 | Cosine Sim = 0.9729
2025-08-05 13:53:38,693 - INFO - Epoch 226: KLDiv Loss = 0.1013 | L1 Error = 0.0119 | Cosine Sim = 0.9745
2025-08-05 13:53:38,809 - INFO - Epoch 227: KLDiv Loss = 0.1068 | L1 Error = 0.0120 | Cosine Sim = 0.9726
2025-08-05 13:53:38,924 - INFO - Epoch 228: KLDiv Loss = 0.0999 | L1 Error = 0.0114 | Cosine Sim = 0.9748
2025-08-05 13:53:39,040 - INFO - Epoch 229: KLDiv Loss = 0.1020 | L1 Error = 0.0122 | Cosine Sim = 0.9731
2025-08-05 13:53:39,156 - INFO - Epoch 230: KLDiv Loss = 0.1125 | L1 Error = 0.0127 | Cosine Sim = 0.9699
2025-08-05 13:53:39,272 - INFO - Epoch 231: KLDiv Loss = 0.0970 | L1 Error = 0.0117 | Cosine Sim = 0.9735
2025-08-05 13:53:39,388 - INFO - Epoch 232: KLDiv Loss = 0.1002 | L1 Error = 0.0115 | Cosine Sim = 0.9737
2025-08-05 13:53:39,504 - INFO - Epoch 233: KLDiv Loss = 0.0959 | L1 Error = 0.0110 | Cosine Sim = 0.9752
2025-08-05 13:53:39,620 - INFO - Epoch 234: KLDiv Loss = 0.0922 | L1 Error = 0.0110 | Cosine Sim = 0.9759
2025-08-05 13:53:39,736 - INFO - Epoch 235: KLDiv Loss = 0.1000 | L1 Error = 0.0111 | Cosine Sim = 0.9728
2025-08-05 13:53:39,852 - INFO - Epoch 236: KLDiv Loss = 0.0993 | L1 Error = 0.0111 | Cosine Sim = 0.9747
2025-08-05 13:53:39,968 - INFO - Epoch 237: KLDiv Loss = 0.1007 | L1 Error = 0.0113 | Cosine Sim = 0.9730
2025-08-05 13:53:40,084 - INFO - Epoch 238: KLDiv Loss = 0.0990 | L1 Error = 0.0111 | Cosine Sim = 0.9739
2025-08-05 13:53:40,200 - INFO - Epoch 239: KLDiv Loss = 0.0990 | L1 Error = 0.0113 | Cosine Sim = 0.9723
2025-08-05 13:53:40,316 - INFO - Epoch 240: KLDiv Loss = 0.1034 | L1 Error = 0.0117 | Cosine Sim = 0.9706
2025-08-05 13:53:40,432 - INFO - Epoch 241: KLDiv Loss = 0.0943 | L1 Error = 0.0110 | Cosine Sim = 0.9737
2025-08-05 13:53:40,548 - INFO - Epoch 242: KLDiv Loss = 0.0925 | L1 Error = 0.0108 | Cosine Sim = 0.9746
2025-08-05 13:53:40,664 - INFO - Epoch 243: KLDiv Loss = 0.1021 | L1 Error = 0.0112 | Cosine Sim = 0.9718
2025-08-05 13:53:40,781 - INFO - Epoch 244: KLDiv Loss = 0.0947 | L1 Error = 0.0107 | Cosine Sim = 0.9747
2025-08-05 13:53:40,897 - INFO - Epoch 245: KLDiv Loss = 0.0999 | L1 Error = 0.0111 | Cosine Sim = 0.9729
2025-08-05 13:53:41,013 - INFO - Epoch 246: KLDiv Loss = 0.0947 | L1 Error = 0.0108 | Cosine Sim = 0.9743
2025-08-05 13:53:41,132 - INFO - Epoch 247: KLDiv Loss = 0.0933 | L1 Error = 0.0105 | Cosine Sim = 0.9743
2025-08-05 13:53:41,249 - INFO - Epoch 248: KLDiv Loss = 0.0957 | L1 Error = 0.0110 | Cosine Sim = 0.9726
2025-08-05 13:53:41,366 - INFO - Epoch 249: KLDiv Loss = 0.0968 | L1 Error = 0.0106 | Cosine Sim = 0.9741
2025-08-05 13:53:41,482 - INFO - Epoch 250: KLDiv Loss = 0.0856 | L1 Error = 0.0100 | Cosine Sim = 0.9783
2025-08-05 13:53:41,599 - INFO - Epoch 251: KLDiv Loss = 0.1075 | L1 Error = 0.0115 | Cosine Sim = 0.9704
2025-08-05 13:53:41,717 - INFO - Epoch 252: KLDiv Loss = 0.0921 | L1 Error = 0.0102 | Cosine Sim = 0.9743
2025-08-05 13:53:41,834 - INFO - Epoch 253: KLDiv Loss = 0.0871 | L1 Error = 0.0100 | Cosine Sim = 0.9761
2025-08-05 13:53:41,951 - INFO - Epoch 254: KLDiv Loss = 0.0893 | L1 Error = 0.0098 | Cosine Sim = 0.9755
2025-08-05 13:53:42,069 - INFO - Epoch 255: KLDiv Loss = 0.0855 | L1 Error = 0.0098 | Cosine Sim = 0.9783
2025-08-05 13:53:42,186 - INFO - Epoch 256: KLDiv Loss = 0.0968 | L1 Error = 0.0113 | Cosine Sim = 0.9713
2025-08-05 13:53:42,268 - INFO - Test: Loss = 5.8171, Quant Error = 1.3083
2025-08-05 13:53:42,268 - INFO - Dynamic Top-K Accuracy (per sample): 50.00%
2025-08-05 13:53:42,274 - INFO - [Gradient Run 1] Training time: 31.71s
