2025-08-05 14:22:59,619 - INFO - ------------------------------------Gradient-------------------------------------------
2025-08-05 14:22:59,619 - INFO - [Gradient Run 1] Starting
2025-08-05 14:23:01,479 - INFO - Training on device: cuda
2025-08-05 14:23:01,739 - INFO - Epoch 01: KLDiv Loss = 2.2570 | L1 Error = 0.1473 | Cosine Sim = 0.3363
2025-08-05 14:23:01,836 - INFO - Epoch 02: KLDiv Loss = 2.1459 | L1 Error = 0.1451 | Cosine Sim = 0.3719
2025-08-05 14:23:01,931 - INFO - Epoch 03: KLDiv Loss = 2.0582 | L1 Error = 0.1429 | Cosine Sim = 0.4024
2025-08-05 14:23:02,026 - INFO - Epoch 04: KLDiv Loss = 1.9929 | L1 Error = 0.1410 | Cosine Sim = 0.4257
2025-08-05 14:23:02,121 - INFO - Epoch 05: KLDiv Loss = 1.9322 | L1 Error = 0.1390 | Cosine Sim = 0.4473
2025-08-05 14:23:02,216 - INFO - Epoch 06: KLDiv Loss = 1.8731 | L1 Error = 0.1368 | Cosine Sim = 0.4667
2025-08-05 14:23:02,310 - INFO - Epoch 07: KLDiv Loss = 1.8217 | L1 Error = 0.1346 | Cosine Sim = 0.4843
2025-08-05 14:23:02,405 - INFO - Epoch 08: KLDiv Loss = 1.7723 | L1 Error = 0.1328 | Cosine Sim = 0.5002
2025-08-05 14:23:02,499 - INFO - Epoch 09: KLDiv Loss = 1.7205 | L1 Error = 0.1304 | Cosine Sim = 0.5158
2025-08-05 14:23:02,593 - INFO - Epoch 10: KLDiv Loss = 1.6726 | L1 Error = 0.1281 | Cosine Sim = 0.5301
2025-08-05 14:23:02,686 - INFO - Epoch 11: KLDiv Loss = 1.6301 | L1 Error = 0.1261 | Cosine Sim = 0.5424
2025-08-05 14:23:02,780 - INFO - Epoch 12: KLDiv Loss = 1.5976 | L1 Error = 0.1245 | Cosine Sim = 0.5509
2025-08-05 14:23:02,873 - INFO - Epoch 13: KLDiv Loss = 1.5638 | L1 Error = 0.1228 | Cosine Sim = 0.5604
2025-08-05 14:23:02,967 - INFO - Epoch 14: KLDiv Loss = 1.5290 | L1 Error = 0.1212 | Cosine Sim = 0.5701
2025-08-05 14:23:03,060 - INFO - Epoch 15: KLDiv Loss = 1.5002 | L1 Error = 0.1196 | Cosine Sim = 0.5782
2025-08-05 14:23:03,154 - INFO - Epoch 16: KLDiv Loss = 1.4675 | L1 Error = 0.1180 | Cosine Sim = 0.5885
2025-08-05 14:23:03,248 - INFO - Epoch 17: KLDiv Loss = 1.4385 | L1 Error = 0.1166 | Cosine Sim = 0.5972
2025-08-05 14:23:03,343 - INFO - Epoch 18: KLDiv Loss = 1.4124 | L1 Error = 0.1152 | Cosine Sim = 0.6047
2025-08-05 14:23:03,437 - INFO - Epoch 19: KLDiv Loss = 1.3835 | L1 Error = 0.1139 | Cosine Sim = 0.6145
2025-08-05 14:23:03,531 - INFO - Epoch 20: KLDiv Loss = 1.3587 | L1 Error = 0.1127 | Cosine Sim = 0.6234
2025-08-05 14:23:03,624 - INFO - Epoch 21: KLDiv Loss = 1.3359 | L1 Error = 0.1115 | Cosine Sim = 0.6287
2025-08-05 14:23:03,718 - INFO - Epoch 22: KLDiv Loss = 1.3153 | L1 Error = 0.1103 | Cosine Sim = 0.6363
2025-08-05 14:23:03,812 - INFO - Epoch 23: KLDiv Loss = 1.2948 | L1 Error = 0.1093 | Cosine Sim = 0.6427
2025-08-05 14:23:03,905 - INFO - Epoch 24: KLDiv Loss = 1.2728 | L1 Error = 0.1082 | Cosine Sim = 0.6485
2025-08-05 14:23:03,998 - INFO - Epoch 25: KLDiv Loss = 1.2499 | L1 Error = 0.1070 | Cosine Sim = 0.6565
2025-08-05 14:23:04,092 - INFO - Epoch 26: KLDiv Loss = 1.2296 | L1 Error = 0.1058 | Cosine Sim = 0.6619
2025-08-05 14:23:04,185 - INFO - Epoch 27: KLDiv Loss = 1.2057 | L1 Error = 0.1045 | Cosine Sim = 0.6703
2025-08-05 14:23:04,279 - INFO - Epoch 28: KLDiv Loss = 1.1865 | L1 Error = 0.1035 | Cosine Sim = 0.6774
2025-08-05 14:23:04,372 - INFO - Epoch 29: KLDiv Loss = 1.1685 | L1 Error = 0.1026 | Cosine Sim = 0.6833
2025-08-05 14:23:04,467 - INFO - Epoch 30: KLDiv Loss = 1.1463 | L1 Error = 0.1014 | Cosine Sim = 0.6920
2025-08-05 14:23:04,560 - INFO - Epoch 31: KLDiv Loss = 1.1189 | L1 Error = 0.1001 | Cosine Sim = 0.7010
2025-08-05 14:23:04,653 - INFO - Epoch 32: KLDiv Loss = 1.1049 | L1 Error = 0.0993 | Cosine Sim = 0.7057
2025-08-05 14:23:04,746 - INFO - Epoch 33: KLDiv Loss = 1.0855 | L1 Error = 0.0981 | Cosine Sim = 0.7123
2025-08-05 14:23:04,839 - INFO - Epoch 34: KLDiv Loss = 1.0683 | L1 Error = 0.0973 | Cosine Sim = 0.7192
2025-08-05 14:23:04,932 - INFO - Epoch 35: KLDiv Loss = 1.0511 | L1 Error = 0.0962 | Cosine Sim = 0.7237
2025-08-05 14:23:05,025 - INFO - Epoch 36: KLDiv Loss = 1.0330 | L1 Error = 0.0951 | Cosine Sim = 0.7297
2025-08-05 14:23:05,118 - INFO - Epoch 37: KLDiv Loss = 1.0167 | L1 Error = 0.0941 | Cosine Sim = 0.7348
2025-08-05 14:23:05,211 - INFO - Epoch 38: KLDiv Loss = 0.9967 | L1 Error = 0.0929 | Cosine Sim = 0.7406
2025-08-05 14:23:05,304 - INFO - Epoch 39: KLDiv Loss = 0.9760 | L1 Error = 0.0916 | Cosine Sim = 0.7490
2025-08-05 14:23:05,399 - INFO - Epoch 40: KLDiv Loss = 0.9617 | L1 Error = 0.0909 | Cosine Sim = 0.7538
2025-08-05 14:23:05,492 - INFO - Epoch 41: KLDiv Loss = 0.9452 | L1 Error = 0.0898 | Cosine Sim = 0.7590
2025-08-05 14:23:05,585 - INFO - Epoch 42: KLDiv Loss = 0.9313 | L1 Error = 0.0891 | Cosine Sim = 0.7636
2025-08-05 14:23:05,678 - INFO - Epoch 43: KLDiv Loss = 0.9174 | L1 Error = 0.0883 | Cosine Sim = 0.7685
2025-08-05 14:23:05,771 - INFO - Epoch 44: KLDiv Loss = 0.9045 | L1 Error = 0.0875 | Cosine Sim = 0.7722
2025-08-05 14:23:05,864 - INFO - Epoch 45: KLDiv Loss = 0.8855 | L1 Error = 0.0864 | Cosine Sim = 0.7796
2025-08-05 14:23:05,957 - INFO - Epoch 46: KLDiv Loss = 0.8772 | L1 Error = 0.0857 | Cosine Sim = 0.7826
2025-08-05 14:23:06,050 - INFO - Epoch 47: KLDiv Loss = 0.8594 | L1 Error = 0.0847 | Cosine Sim = 0.7875
2025-08-05 14:23:06,143 - INFO - Epoch 48: KLDiv Loss = 0.8401 | L1 Error = 0.0832 | Cosine Sim = 0.7939
2025-08-05 14:23:06,236 - INFO - Epoch 49: KLDiv Loss = 0.8283 | L1 Error = 0.0825 | Cosine Sim = 0.7966
2025-08-05 14:23:06,331 - INFO - Epoch 50: KLDiv Loss = 0.8179 | L1 Error = 0.0816 | Cosine Sim = 0.7997
2025-08-05 14:23:06,424 - INFO - Epoch 51: KLDiv Loss = 0.8093 | L1 Error = 0.0809 | Cosine Sim = 0.8029
2025-08-05 14:23:06,517 - INFO - Epoch 52: KLDiv Loss = 0.7863 | L1 Error = 0.0797 | Cosine Sim = 0.8132
2025-08-05 14:23:06,610 - INFO - Epoch 53: KLDiv Loss = 0.7728 | L1 Error = 0.0786 | Cosine Sim = 0.8153
2025-08-05 14:23:06,703 - INFO - Epoch 54: KLDiv Loss = 0.7617 | L1 Error = 0.0776 | Cosine Sim = 0.8181
2025-08-05 14:23:06,796 - INFO - Epoch 55: KLDiv Loss = 0.7526 | L1 Error = 0.0770 | Cosine Sim = 0.8192
2025-08-05 14:23:06,889 - INFO - Epoch 56: KLDiv Loss = 0.7372 | L1 Error = 0.0760 | Cosine Sim = 0.8254
2025-08-05 14:23:06,982 - INFO - Epoch 57: KLDiv Loss = 0.7276 | L1 Error = 0.0752 | Cosine Sim = 0.8280
2025-08-05 14:23:07,075 - INFO - Epoch 58: KLDiv Loss = 0.7070 | L1 Error = 0.0737 | Cosine Sim = 0.8350
2025-08-05 14:23:07,168 - INFO - Epoch 59: KLDiv Loss = 0.7004 | L1 Error = 0.0730 | Cosine Sim = 0.8372
2025-08-05 14:23:07,262 - INFO - Epoch 60: KLDiv Loss = 0.6865 | L1 Error = 0.0721 | Cosine Sim = 0.8410
2025-08-05 14:23:07,355 - INFO - Epoch 61: KLDiv Loss = 0.6765 | L1 Error = 0.0712 | Cosine Sim = 0.8441
2025-08-05 14:23:07,448 - INFO - Epoch 62: KLDiv Loss = 0.6639 | L1 Error = 0.0703 | Cosine Sim = 0.8477
2025-08-05 14:23:07,541 - INFO - Epoch 63: KLDiv Loss = 0.6521 | L1 Error = 0.0694 | Cosine Sim = 0.8512
2025-08-05 14:23:07,634 - INFO - Epoch 64: KLDiv Loss = 0.6455 | L1 Error = 0.0688 | Cosine Sim = 0.8526
2025-08-05 14:23:07,727 - INFO - Epoch 65: KLDiv Loss = 0.6392 | L1 Error = 0.0681 | Cosine Sim = 0.8547
2025-08-05 14:23:07,820 - INFO - Epoch 66: KLDiv Loss = 0.6250 | L1 Error = 0.0670 | Cosine Sim = 0.8574
2025-08-05 14:23:07,914 - INFO - Epoch 67: KLDiv Loss = 0.6074 | L1 Error = 0.0658 | Cosine Sim = 0.8632
2025-08-05 14:23:08,007 - INFO - Epoch 68: KLDiv Loss = 0.5970 | L1 Error = 0.0647 | Cosine Sim = 0.8658
2025-08-05 14:23:08,100 - INFO - Epoch 69: KLDiv Loss = 0.5875 | L1 Error = 0.0639 | Cosine Sim = 0.8690
2025-08-05 14:23:08,193 - INFO - Epoch 70: KLDiv Loss = 0.5818 | L1 Error = 0.0632 | Cosine Sim = 0.8697
2025-08-05 14:23:08,286 - INFO - Epoch 71: KLDiv Loss = 0.5631 | L1 Error = 0.0621 | Cosine Sim = 0.8756
2025-08-05 14:23:08,380 - INFO - Epoch 72: KLDiv Loss = 0.5614 | L1 Error = 0.0619 | Cosine Sim = 0.8756
2025-08-05 14:23:08,474 - INFO - Epoch 73: KLDiv Loss = 0.5590 | L1 Error = 0.0617 | Cosine Sim = 0.8754
2025-08-05 14:23:08,567 - INFO - Epoch 74: KLDiv Loss = 0.5420 | L1 Error = 0.0597 | Cosine Sim = 0.8792
2025-08-05 14:23:08,660 - INFO - Epoch 75: KLDiv Loss = 0.5329 | L1 Error = 0.0589 | Cosine Sim = 0.8820
2025-08-05 14:23:08,753 - INFO - Epoch 76: KLDiv Loss = 0.5211 | L1 Error = 0.0580 | Cosine Sim = 0.8849
2025-08-05 14:23:08,846 - INFO - Epoch 77: KLDiv Loss = 0.5072 | L1 Error = 0.0568 | Cosine Sim = 0.8898
2025-08-05 14:23:08,939 - INFO - Epoch 78: KLDiv Loss = 0.5063 | L1 Error = 0.0565 | Cosine Sim = 0.8875
2025-08-05 14:23:09,032 - INFO - Epoch 79: KLDiv Loss = 0.4983 | L1 Error = 0.0555 | Cosine Sim = 0.8902
2025-08-05 14:23:09,125 - INFO - Epoch 80: KLDiv Loss = 0.4953 | L1 Error = 0.0552 | Cosine Sim = 0.8905
2025-08-05 14:23:09,219 - INFO - Epoch 81: KLDiv Loss = 0.4824 | L1 Error = 0.0544 | Cosine Sim = 0.8943
2025-08-05 14:23:09,312 - INFO - Epoch 82: KLDiv Loss = 0.4729 | L1 Error = 0.0534 | Cosine Sim = 0.8959
2025-08-05 14:23:09,406 - INFO - Epoch 83: KLDiv Loss = 0.4657 | L1 Error = 0.0527 | Cosine Sim = 0.8981
2025-08-05 14:23:09,499 - INFO - Epoch 84: KLDiv Loss = 0.4577 | L1 Error = 0.0521 | Cosine Sim = 0.9008
2025-08-05 14:23:09,592 - INFO - Epoch 85: KLDiv Loss = 0.4521 | L1 Error = 0.0512 | Cosine Sim = 0.9002
2025-08-05 14:23:09,686 - INFO - Epoch 86: KLDiv Loss = 0.4461 | L1 Error = 0.0511 | Cosine Sim = 0.9011
2025-08-05 14:23:09,779 - INFO - Epoch 87: KLDiv Loss = 0.4367 | L1 Error = 0.0499 | Cosine Sim = 0.9042
2025-08-05 14:23:09,872 - INFO - Epoch 88: KLDiv Loss = 0.4269 | L1 Error = 0.0488 | Cosine Sim = 0.9072
2025-08-05 14:23:09,965 - INFO - Epoch 89: KLDiv Loss = 0.4202 | L1 Error = 0.0484 | Cosine Sim = 0.9086
2025-08-05 14:23:10,058 - INFO - Epoch 90: KLDiv Loss = 0.4083 | L1 Error = 0.0472 | Cosine Sim = 0.9112
2025-08-05 14:23:10,151 - INFO - Epoch 91: KLDiv Loss = 0.4005 | L1 Error = 0.0463 | Cosine Sim = 0.9131
2025-08-05 14:23:10,244 - INFO - Epoch 92: KLDiv Loss = 0.4005 | L1 Error = 0.0460 | Cosine Sim = 0.9118
2025-08-05 14:23:10,337 - INFO - Epoch 93: KLDiv Loss = 0.3917 | L1 Error = 0.0454 | Cosine Sim = 0.9141
2025-08-05 14:23:10,431 - INFO - Epoch 94: KLDiv Loss = 0.3880 | L1 Error = 0.0448 | Cosine Sim = 0.9151
2025-08-05 14:23:10,525 - INFO - Epoch 95: KLDiv Loss = 0.3851 | L1 Error = 0.0446 | Cosine Sim = 0.9159
2025-08-05 14:23:10,618 - INFO - Epoch 96: KLDiv Loss = 0.3772 | L1 Error = 0.0438 | Cosine Sim = 0.9170
2025-08-05 14:23:10,711 - INFO - Epoch 97: KLDiv Loss = 0.3693 | L1 Error = 0.0425 | Cosine Sim = 0.9195
2025-08-05 14:23:10,804 - INFO - Epoch 98: KLDiv Loss = 0.3716 | L1 Error = 0.0426 | Cosine Sim = 0.9175
2025-08-05 14:23:10,897 - INFO - Epoch 99: KLDiv Loss = 0.3641 | L1 Error = 0.0420 | Cosine Sim = 0.9201
2025-08-05 14:23:10,990 - INFO - Epoch 100: KLDiv Loss = 0.3600 | L1 Error = 0.0417 | Cosine Sim = 0.9198
2025-08-05 14:23:11,084 - INFO - Epoch 101: KLDiv Loss = 0.3489 | L1 Error = 0.0409 | Cosine Sim = 0.9233
2025-08-05 14:23:11,177 - INFO - Epoch 102: KLDiv Loss = 0.3475 | L1 Error = 0.0404 | Cosine Sim = 0.9219
2025-08-05 14:23:11,270 - INFO - Epoch 103: KLDiv Loss = 0.3371 | L1 Error = 0.0397 | Cosine Sim = 0.9254
2025-08-05 14:23:11,363 - INFO - Epoch 104: KLDiv Loss = 0.3305 | L1 Error = 0.0388 | Cosine Sim = 0.9274
2025-08-05 14:23:11,456 - INFO - Epoch 105: KLDiv Loss = 0.3303 | L1 Error = 0.0387 | Cosine Sim = 0.9272
2025-08-05 14:23:11,549 - INFO - Epoch 106: KLDiv Loss = 0.3269 | L1 Error = 0.0382 | Cosine Sim = 0.9270
2025-08-05 14:23:11,642 - INFO - Epoch 107: KLDiv Loss = 0.3241 | L1 Error = 0.0376 | Cosine Sim = 0.9279
2025-08-05 14:23:11,735 - INFO - Epoch 108: KLDiv Loss = 0.3095 | L1 Error = 0.0364 | Cosine Sim = 0.9321
2025-08-05 14:23:11,830 - INFO - Epoch 109: KLDiv Loss = 0.3195 | L1 Error = 0.0369 | Cosine Sim = 0.9276
2025-08-05 14:23:11,923 - INFO - Epoch 110: KLDiv Loss = 0.3050 | L1 Error = 0.0357 | Cosine Sim = 0.9325
2025-08-05 14:23:12,016 - INFO - Epoch 111: KLDiv Loss = 0.2977 | L1 Error = 0.0350 | Cosine Sim = 0.9331
2025-08-05 14:23:12,110 - INFO - Epoch 112: KLDiv Loss = 0.2968 | L1 Error = 0.0349 | Cosine Sim = 0.9334
2025-08-05 14:23:12,203 - INFO - Epoch 113: KLDiv Loss = 0.2960 | L1 Error = 0.0347 | Cosine Sim = 0.9334
2025-08-05 14:23:12,296 - INFO - Epoch 114: KLDiv Loss = 0.3090 | L1 Error = 0.0357 | Cosine Sim = 0.9263
2025-08-05 14:23:12,389 - INFO - Epoch 115: KLDiv Loss = 0.2908 | L1 Error = 0.0339 | Cosine Sim = 0.9342
2025-08-05 14:23:12,482 - INFO - Epoch 116: KLDiv Loss = 0.2765 | L1 Error = 0.0330 | Cosine Sim = 0.9382
2025-08-05 14:23:12,575 - INFO - Epoch 117: KLDiv Loss = 0.2657 | L1 Error = 0.0322 | Cosine Sim = 0.9424
2025-08-05 14:23:12,669 - INFO - Epoch 118: KLDiv Loss = 0.2719 | L1 Error = 0.0323 | Cosine Sim = 0.9388
2025-08-05 14:23:12,762 - INFO - Epoch 119: KLDiv Loss = 0.2600 | L1 Error = 0.0312 | Cosine Sim = 0.9426
2025-08-05 14:23:12,855 - INFO - Epoch 120: KLDiv Loss = 0.2683 | L1 Error = 0.0315 | Cosine Sim = 0.9390
2025-08-05 14:23:12,948 - INFO - Epoch 121: KLDiv Loss = 0.2555 | L1 Error = 0.0309 | Cosine Sim = 0.9437
2025-08-05 14:23:13,042 - INFO - Epoch 122: KLDiv Loss = 0.2671 | L1 Error = 0.0313 | Cosine Sim = 0.9383
2025-08-05 14:23:13,135 - INFO - Epoch 123: KLDiv Loss = 0.2622 | L1 Error = 0.0311 | Cosine Sim = 0.9407
2025-08-05 14:23:13,229 - INFO - Epoch 124: KLDiv Loss = 0.2553 | L1 Error = 0.0303 | Cosine Sim = 0.9413
2025-08-05 14:23:13,322 - INFO - Epoch 125: KLDiv Loss = 0.2511 | L1 Error = 0.0296 | Cosine Sim = 0.9421
2025-08-05 14:23:13,415 - INFO - Epoch 126: KLDiv Loss = 0.2577 | L1 Error = 0.0296 | Cosine Sim = 0.9396
2025-08-05 14:23:13,508 - INFO - Epoch 127: KLDiv Loss = 0.2471 | L1 Error = 0.0288 | Cosine Sim = 0.9439
2025-08-05 14:23:13,601 - INFO - Epoch 128: KLDiv Loss = 0.2477 | L1 Error = 0.0289 | Cosine Sim = 0.9418
2025-08-05 14:23:13,694 - INFO - Epoch 129: KLDiv Loss = 0.2296 | L1 Error = 0.0277 | Cosine Sim = 0.9485
2025-08-05 14:23:13,788 - INFO - Epoch 130: KLDiv Loss = 0.2496 | L1 Error = 0.0286 | Cosine Sim = 0.9408
2025-08-05 14:23:13,881 - INFO - Epoch 131: KLDiv Loss = 0.2395 | L1 Error = 0.0281 | Cosine Sim = 0.9431
2025-08-05 14:23:13,974 - INFO - Epoch 132: KLDiv Loss = 0.2260 | L1 Error = 0.0266 | Cosine Sim = 0.9488
2025-08-05 14:23:14,067 - INFO - Epoch 133: KLDiv Loss = 0.2329 | L1 Error = 0.0273 | Cosine Sim = 0.9457
2025-08-05 14:23:14,160 - INFO - Epoch 134: KLDiv Loss = 0.2128 | L1 Error = 0.0258 | Cosine Sim = 0.9529
2025-08-05 14:23:14,254 - INFO - Epoch 135: KLDiv Loss = 0.2139 | L1 Error = 0.0260 | Cosine Sim = 0.9504
2025-08-05 14:23:14,347 - INFO - Epoch 136: KLDiv Loss = 0.2215 | L1 Error = 0.0263 | Cosine Sim = 0.9462
2025-08-05 14:23:14,441 - INFO - Epoch 137: KLDiv Loss = 0.2267 | L1 Error = 0.0263 | Cosine Sim = 0.9444
2025-08-05 14:23:14,534 - INFO - Epoch 138: KLDiv Loss = 0.2026 | L1 Error = 0.0248 | Cosine Sim = 0.9540
2025-08-05 14:23:14,627 - INFO - Epoch 139: KLDiv Loss = 0.1985 | L1 Error = 0.0244 | Cosine Sim = 0.9539
2025-08-05 14:23:14,720 - INFO - Epoch 140: KLDiv Loss = 0.2152 | L1 Error = 0.0248 | Cosine Sim = 0.9472
2025-08-05 14:23:14,814 - INFO - Epoch 141: KLDiv Loss = 0.2140 | L1 Error = 0.0249 | Cosine Sim = 0.9476
2025-08-05 14:23:14,907 - INFO - Epoch 142: KLDiv Loss = 0.1906 | L1 Error = 0.0231 | Cosine Sim = 0.9561
2025-08-05 14:23:15,000 - INFO - Epoch 143: KLDiv Loss = 0.1907 | L1 Error = 0.0230 | Cosine Sim = 0.9553
2025-08-05 14:23:15,094 - INFO - Epoch 144: KLDiv Loss = 0.1900 | L1 Error = 0.0233 | Cosine Sim = 0.9544
2025-08-05 14:23:15,187 - INFO - Epoch 145: KLDiv Loss = 0.1797 | L1 Error = 0.0219 | Cosine Sim = 0.9587
2025-08-05 14:23:15,280 - INFO - Epoch 146: KLDiv Loss = 0.1910 | L1 Error = 0.0227 | Cosine Sim = 0.9551
2025-08-05 14:23:15,374 - INFO - Epoch 147: KLDiv Loss = 0.1830 | L1 Error = 0.0222 | Cosine Sim = 0.9574
2025-08-05 14:23:15,468 - INFO - Epoch 148: KLDiv Loss = 0.1732 | L1 Error = 0.0213 | Cosine Sim = 0.9603
2025-08-05 14:23:15,562 - INFO - Epoch 149: KLDiv Loss = 0.1744 | L1 Error = 0.0211 | Cosine Sim = 0.9597
2025-08-05 14:23:15,657 - INFO - Epoch 150: KLDiv Loss = 0.1746 | L1 Error = 0.0210 | Cosine Sim = 0.9594
2025-08-05 14:23:15,750 - INFO - Epoch 151: KLDiv Loss = 0.1803 | L1 Error = 0.0211 | Cosine Sim = 0.9572
2025-08-05 14:23:15,844 - INFO - Epoch 152: KLDiv Loss = 0.1712 | L1 Error = 0.0206 | Cosine Sim = 0.9593
2025-08-05 14:23:15,940 - INFO - Epoch 153: KLDiv Loss = 0.1764 | L1 Error = 0.0209 | Cosine Sim = 0.9571
2025-08-05 14:23:16,034 - INFO - Epoch 154: KLDiv Loss = 0.1586 | L1 Error = 0.0194 | Cosine Sim = 0.9647
2025-08-05 14:23:16,128 - INFO - Epoch 155: KLDiv Loss = 0.1992 | L1 Error = 0.0218 | Cosine Sim = 0.9503
2025-08-05 14:23:16,222 - INFO - Epoch 156: KLDiv Loss = 0.1873 | L1 Error = 0.0214 | Cosine Sim = 0.9541
2025-08-05 14:23:16,316 - INFO - Epoch 157: KLDiv Loss = 0.1658 | L1 Error = 0.0201 | Cosine Sim = 0.9598
2025-08-05 14:23:16,410 - INFO - Epoch 158: KLDiv Loss = 0.1539 | L1 Error = 0.0193 | Cosine Sim = 0.9645
2025-08-05 14:23:16,504 - INFO - Epoch 159: KLDiv Loss = 0.1514 | L1 Error = 0.0192 | Cosine Sim = 0.9638
2025-08-05 14:23:16,598 - INFO - Epoch 160: KLDiv Loss = 0.1488 | L1 Error = 0.0180 | Cosine Sim = 0.9643
2025-08-05 14:23:16,692 - INFO - Epoch 161: KLDiv Loss = 0.1514 | L1 Error = 0.0180 | Cosine Sim = 0.9621
2025-08-05 14:23:16,786 - INFO - Epoch 162: KLDiv Loss = 0.1459 | L1 Error = 0.0180 | Cosine Sim = 0.9658
2025-08-05 14:23:16,880 - INFO - Epoch 163: KLDiv Loss = 0.1455 | L1 Error = 0.0178 | Cosine Sim = 0.9651
2025-08-05 14:23:16,974 - INFO - Epoch 164: KLDiv Loss = 0.1428 | L1 Error = 0.0173 | Cosine Sim = 0.9651
2025-08-05 14:23:17,068 - INFO - Epoch 165: KLDiv Loss = 0.1625 | L1 Error = 0.0183 | Cosine Sim = 0.9581
2025-08-05 14:23:17,162 - INFO - Epoch 166: KLDiv Loss = 0.1670 | L1 Error = 0.0186 | Cosine Sim = 0.9576
2025-08-05 14:23:17,257 - INFO - Epoch 167: KLDiv Loss = 0.1453 | L1 Error = 0.0173 | Cosine Sim = 0.9646
2025-08-05 14:23:17,351 - INFO - Epoch 168: KLDiv Loss = 0.1479 | L1 Error = 0.0178 | Cosine Sim = 0.9627
2025-08-05 14:23:17,446 - INFO - Epoch 169: KLDiv Loss = 0.1583 | L1 Error = 0.0180 | Cosine Sim = 0.9602
2025-08-05 14:23:17,540 - INFO - Epoch 170: KLDiv Loss = 0.1323 | L1 Error = 0.0163 | Cosine Sim = 0.9681
2025-08-05 14:23:17,634 - INFO - Epoch 171: KLDiv Loss = 0.1270 | L1 Error = 0.0161 | Cosine Sim = 0.9697
2025-08-05 14:23:17,728 - INFO - Epoch 172: KLDiv Loss = 0.1541 | L1 Error = 0.0174 | Cosine Sim = 0.9588
2025-08-05 14:23:17,822 - INFO - Epoch 173: KLDiv Loss = 0.1398 | L1 Error = 0.0168 | Cosine Sim = 0.9648
2025-08-05 14:23:17,916 - INFO - Epoch 174: KLDiv Loss = 0.1482 | L1 Error = 0.0169 | Cosine Sim = 0.9627
2025-08-05 14:23:18,010 - INFO - Epoch 175: KLDiv Loss = 0.1394 | L1 Error = 0.0161 | Cosine Sim = 0.9656
2025-08-05 14:23:18,104 - INFO - Epoch 176: KLDiv Loss = 0.1321 | L1 Error = 0.0160 | Cosine Sim = 0.9666
2025-08-05 14:23:18,198 - INFO - Epoch 177: KLDiv Loss = 0.1438 | L1 Error = 0.0168 | Cosine Sim = 0.9636
2025-08-05 14:23:18,292 - INFO - Epoch 178: KLDiv Loss = 0.1375 | L1 Error = 0.0162 | Cosine Sim = 0.9656
2025-08-05 14:23:18,386 - INFO - Epoch 179: KLDiv Loss = 0.1132 | L1 Error = 0.0148 | Cosine Sim = 0.9738
2025-08-05 14:23:18,480 - INFO - Epoch 180: KLDiv Loss = 0.1234 | L1 Error = 0.0149 | Cosine Sim = 0.9699
2025-08-05 14:23:18,573 - INFO - Epoch 181: KLDiv Loss = 0.1418 | L1 Error = 0.0157 | Cosine Sim = 0.9637
2025-08-05 14:23:18,667 - INFO - Epoch 182: KLDiv Loss = 0.1262 | L1 Error = 0.0153 | Cosine Sim = 0.9689
2025-08-05 14:23:18,761 - INFO - Epoch 183: KLDiv Loss = 0.1164 | L1 Error = 0.0144 | Cosine Sim = 0.9718
2025-08-05 14:23:18,854 - INFO - Epoch 184: KLDiv Loss = 0.1199 | L1 Error = 0.0142 | Cosine Sim = 0.9700
2025-08-05 14:23:18,948 - INFO - Epoch 185: KLDiv Loss = 0.1228 | L1 Error = 0.0145 | Cosine Sim = 0.9699
2025-08-05 14:23:19,042 - INFO - Epoch 186: KLDiv Loss = 0.1189 | L1 Error = 0.0139 | Cosine Sim = 0.9697
2025-08-05 14:23:19,137 - INFO - Epoch 187: KLDiv Loss = 0.1198 | L1 Error = 0.0147 | Cosine Sim = 0.9705
2025-08-05 14:23:19,231 - INFO - Epoch 188: KLDiv Loss = 0.1064 | L1 Error = 0.0134 | Cosine Sim = 0.9744
2025-08-05 14:23:19,325 - INFO - Epoch 189: KLDiv Loss = 0.1092 | L1 Error = 0.0137 | Cosine Sim = 0.9729
2025-08-05 14:23:19,418 - INFO - Epoch 190: KLDiv Loss = 0.1088 | L1 Error = 0.0132 | Cosine Sim = 0.9726
2025-08-05 14:23:19,512 - INFO - Epoch 191: KLDiv Loss = 0.1145 | L1 Error = 0.0137 | Cosine Sim = 0.9694
2025-08-05 14:23:19,606 - INFO - Epoch 192: KLDiv Loss = 0.1085 | L1 Error = 0.0128 | Cosine Sim = 0.9715
2025-08-05 14:23:19,699 - INFO - Epoch 193: KLDiv Loss = 0.1059 | L1 Error = 0.0127 | Cosine Sim = 0.9732
2025-08-05 14:23:19,793 - INFO - Epoch 194: KLDiv Loss = 0.0990 | L1 Error = 0.0123 | Cosine Sim = 0.9749
2025-08-05 14:23:19,887 - INFO - Epoch 195: KLDiv Loss = 0.1229 | L1 Error = 0.0137 | Cosine Sim = 0.9667
2025-08-05 14:23:19,982 - INFO - Epoch 196: KLDiv Loss = 0.1096 | L1 Error = 0.0129 | Cosine Sim = 0.9721
2025-08-05 14:23:20,076 - INFO - Epoch 197: KLDiv Loss = 0.1031 | L1 Error = 0.0124 | Cosine Sim = 0.9737
2025-08-05 14:23:20,171 - INFO - Epoch 198: KLDiv Loss = 0.0989 | L1 Error = 0.0119 | Cosine Sim = 0.9736
2025-08-05 14:23:20,265 - INFO - Epoch 199: KLDiv Loss = 0.1145 | L1 Error = 0.0127 | Cosine Sim = 0.9700
2025-08-05 14:23:20,360 - INFO - Epoch 200: KLDiv Loss = 0.1018 | L1 Error = 0.0123 | Cosine Sim = 0.9724
2025-08-05 14:23:20,455 - INFO - Epoch 201: KLDiv Loss = 0.1092 | L1 Error = 0.0126 | Cosine Sim = 0.9709
2025-08-05 14:23:20,550 - INFO - Epoch 202: KLDiv Loss = 0.1175 | L1 Error = 0.0138 | Cosine Sim = 0.9694
2025-08-05 14:23:20,644 - INFO - Epoch 203: KLDiv Loss = 0.1053 | L1 Error = 0.0129 | Cosine Sim = 0.9720
2025-08-05 14:23:20,739 - INFO - Epoch 204: KLDiv Loss = 0.0921 | L1 Error = 0.0115 | Cosine Sim = 0.9774
2025-08-05 14:23:20,834 - INFO - Epoch 205: KLDiv Loss = 0.1066 | L1 Error = 0.0124 | Cosine Sim = 0.9722
2025-08-05 14:23:20,928 - INFO - Epoch 206: KLDiv Loss = 0.1154 | L1 Error = 0.0128 | Cosine Sim = 0.9681
2025-08-05 14:23:21,023 - INFO - Epoch 207: KLDiv Loss = 0.1110 | L1 Error = 0.0123 | Cosine Sim = 0.9694
2025-08-05 14:23:21,117 - INFO - Epoch 208: KLDiv Loss = 0.1085 | L1 Error = 0.0127 | Cosine Sim = 0.9713
2025-08-05 14:23:21,213 - INFO - Epoch 209: KLDiv Loss = 0.1033 | L1 Error = 0.0117 | Cosine Sim = 0.9726
2025-08-05 14:23:21,308 - INFO - Epoch 210: KLDiv Loss = 0.1058 | L1 Error = 0.0125 | Cosine Sim = 0.9714
2025-08-05 14:23:21,403 - INFO - Epoch 211: KLDiv Loss = 0.0964 | L1 Error = 0.0114 | Cosine Sim = 0.9749
2025-08-05 14:23:21,498 - INFO - Epoch 212: KLDiv Loss = 0.1028 | L1 Error = 0.0118 | Cosine Sim = 0.9718
2025-08-05 14:23:21,593 - INFO - Epoch 213: KLDiv Loss = 0.0877 | L1 Error = 0.0109 | Cosine Sim = 0.9778
2025-08-05 14:23:21,687 - INFO - Epoch 214: KLDiv Loss = 0.1112 | L1 Error = 0.0124 | Cosine Sim = 0.9690
2025-08-05 14:23:21,782 - INFO - Epoch 215: KLDiv Loss = 0.1096 | L1 Error = 0.0122 | Cosine Sim = 0.9716
2025-08-05 14:23:21,877 - INFO - Epoch 216: KLDiv Loss = 0.1196 | L1 Error = 0.0126 | Cosine Sim = 0.9669
2025-08-05 14:23:21,972 - INFO - Epoch 217: KLDiv Loss = 0.1196 | L1 Error = 0.0128 | Cosine Sim = 0.9669
2025-08-05 14:23:22,066 - INFO - Epoch 218: KLDiv Loss = 0.0880 | L1 Error = 0.0105 | Cosine Sim = 0.9764
2025-08-05 14:23:22,159 - INFO - Epoch 219: KLDiv Loss = 0.0969 | L1 Error = 0.0112 | Cosine Sim = 0.9733
2025-08-05 14:23:22,253 - INFO - Epoch 220: KLDiv Loss = 0.0958 | L1 Error = 0.0112 | Cosine Sim = 0.9743
2025-08-05 14:23:22,347 - INFO - Epoch 221: KLDiv Loss = 0.0862 | L1 Error = 0.0107 | Cosine Sim = 0.9767
2025-08-05 14:23:22,440 - INFO - Epoch 222: KLDiv Loss = 0.0962 | L1 Error = 0.0110 | Cosine Sim = 0.9741
2025-08-05 14:23:22,534 - INFO - Epoch 223: KLDiv Loss = 0.0872 | L1 Error = 0.0108 | Cosine Sim = 0.9758
2025-08-05 14:23:22,627 - INFO - Epoch 224: KLDiv Loss = 0.0895 | L1 Error = 0.0108 | Cosine Sim = 0.9748
2025-08-05 14:23:22,721 - INFO - Epoch 225: KLDiv Loss = 0.1026 | L1 Error = 0.0117 | Cosine Sim = 0.9710
2025-08-05 14:23:22,814 - INFO - Epoch 226: KLDiv Loss = 0.1248 | L1 Error = 0.0130 | Cosine Sim = 0.9655
2025-08-05 14:23:22,909 - INFO - Epoch 227: KLDiv Loss = 0.0984 | L1 Error = 0.0114 | Cosine Sim = 0.9708
2025-08-05 14:23:23,003 - INFO - Epoch 228: KLDiv Loss = 0.0995 | L1 Error = 0.0112 | Cosine Sim = 0.9723
2025-08-05 14:23:23,099 - INFO - Epoch 229: KLDiv Loss = 0.0897 | L1 Error = 0.0106 | Cosine Sim = 0.9768
2025-08-05 14:23:23,192 - INFO - Epoch 230: KLDiv Loss = 0.0810 | L1 Error = 0.0100 | Cosine Sim = 0.9780
2025-08-05 14:23:23,286 - INFO - Epoch 231: KLDiv Loss = 0.0874 | L1 Error = 0.0106 | Cosine Sim = 0.9755
2025-08-05 14:23:23,380 - INFO - Epoch 232: KLDiv Loss = 0.0860 | L1 Error = 0.0099 | Cosine Sim = 0.9770
2025-08-05 14:23:23,474 - INFO - Epoch 233: KLDiv Loss = 0.0846 | L1 Error = 0.0100 | Cosine Sim = 0.9774
2025-08-05 14:23:23,567 - INFO - Epoch 234: KLDiv Loss = 0.0831 | L1 Error = 0.0096 | Cosine Sim = 0.9776
2025-08-05 14:23:23,661 - INFO - Epoch 235: KLDiv Loss = 0.0842 | L1 Error = 0.0099 | Cosine Sim = 0.9761
2025-08-05 14:23:23,755 - INFO - Epoch 236: KLDiv Loss = 0.0891 | L1 Error = 0.0102 | Cosine Sim = 0.9756
2025-08-05 14:23:23,848 - INFO - Epoch 237: KLDiv Loss = 0.0921 | L1 Error = 0.0103 | Cosine Sim = 0.9730
2025-08-05 14:23:23,942 - INFO - Epoch 238: KLDiv Loss = 0.0935 | L1 Error = 0.0106 | Cosine Sim = 0.9732
2025-08-05 14:23:24,036 - INFO - Epoch 239: KLDiv Loss = 0.0847 | L1 Error = 0.0098 | Cosine Sim = 0.9763
2025-08-05 14:23:24,130 - INFO - Epoch 240: KLDiv Loss = 0.0840 | L1 Error = 0.0097 | Cosine Sim = 0.9771
2025-08-05 14:23:24,223 - INFO - Epoch 241: KLDiv Loss = 0.0778 | L1 Error = 0.0092 | Cosine Sim = 0.9790
2025-08-05 14:23:24,316 - INFO - Epoch 242: KLDiv Loss = 0.0726 | L1 Error = 0.0091 | Cosine Sim = 0.9789
2025-08-05 14:23:24,410 - INFO - Epoch 243: KLDiv Loss = 0.1098 | L1 Error = 0.0098 | Cosine Sim = 0.9728
2025-08-05 14:23:24,503 - INFO - Epoch 244: KLDiv Loss = 0.0854 | L1 Error = 0.0099 | Cosine Sim = 0.9750
2025-08-05 14:23:24,596 - INFO - Epoch 245: KLDiv Loss = 0.0722 | L1 Error = 0.0086 | Cosine Sim = 0.9796
2025-08-05 14:23:24,689 - INFO - Epoch 246: KLDiv Loss = 0.0827 | L1 Error = 0.0095 | Cosine Sim = 0.9758
2025-08-05 14:23:24,783 - INFO - Epoch 247: KLDiv Loss = 0.0798 | L1 Error = 0.0100 | Cosine Sim = 0.9761
2025-08-05 14:23:24,876 - INFO - Epoch 248: KLDiv Loss = 0.0888 | L1 Error = 0.0103 | Cosine Sim = 0.9741
2025-08-05 14:23:24,970 - INFO - Epoch 249: KLDiv Loss = 0.0823 | L1 Error = 0.0099 | Cosine Sim = 0.9756
2025-08-05 14:23:25,063 - INFO - Epoch 250: KLDiv Loss = 0.0799 | L1 Error = 0.0093 | Cosine Sim = 0.9786
2025-08-05 14:23:25,156 - INFO - Epoch 251: KLDiv Loss = 0.0918 | L1 Error = 0.0100 | Cosine Sim = 0.9733
2025-08-05 14:23:25,249 - INFO - Epoch 252: KLDiv Loss = 0.0715 | L1 Error = 0.0090 | Cosine Sim = 0.9797
2025-08-05 14:23:25,342 - INFO - Epoch 253: KLDiv Loss = 0.0820 | L1 Error = 0.0093 | Cosine Sim = 0.9751
2025-08-05 14:23:25,436 - INFO - Epoch 254: KLDiv Loss = 0.0772 | L1 Error = 0.0095 | Cosine Sim = 0.9761
2025-08-05 14:23:25,529 - INFO - Epoch 255: KLDiv Loss = 0.0847 | L1 Error = 0.0099 | Cosine Sim = 0.9763
2025-08-05 14:23:25,622 - INFO - Epoch 256: KLDiv Loss = 0.0840 | L1 Error = 0.0092 | Cosine Sim = 0.9761
2025-08-05 14:23:25,954 - INFO - Test: Loss = 6.3084, Quant Error = 1.8052
2025-08-05 14:23:25,954 - INFO - Dynamic Top-K Accuracy (per sample): 16.87%
2025-08-05 14:23:25,961 - INFO - [Gradient Run 1] Training time: 26.34s
