2025-07-27 11:23:39,091 - INFO - ------------------------------------Gradient-------------------------------------------
2025-07-27 11:23:39,091 - INFO - [Gradient Run 1] Starting
2025-07-27 11:23:41,447 - INFO - Training on device: cuda
2025-07-27 11:23:41,772 - INFO - Epoch 01: Loss = 2.3592
2025-07-27 11:23:41,866 - INFO - Epoch 02: Loss = 2.3563
2025-07-27 11:23:41,960 - INFO - Epoch 03: Loss = 2.3539
2025-07-27 11:23:42,053 - INFO - Epoch 04: Loss = 2.3513
2025-07-27 11:23:42,146 - INFO - Epoch 05: Loss = 2.3490
2025-07-27 11:23:42,244 - INFO - Epoch 06: Loss = 2.3467
2025-07-27 11:23:42,337 - INFO - Epoch 07: Loss = 2.3437
2025-07-27 11:23:42,431 - INFO - Epoch 08: Loss = 2.3396
2025-07-27 11:23:42,524 - INFO - Epoch 09: Loss = 2.3362
2025-07-27 11:23:42,617 - INFO - Epoch 10: Loss = 2.3325
2025-07-27 11:23:42,710 - INFO - Epoch 11: Loss = 2.3276
2025-07-27 11:23:42,804 - INFO - Epoch 12: Loss = 2.3230
2025-07-27 11:23:42,898 - INFO - Epoch 13: Loss = 2.3181
2025-07-27 11:23:42,991 - INFO - Epoch 14: Loss = 2.3132
2025-07-27 11:23:43,085 - INFO - Epoch 15: Loss = 2.3080
2025-07-27 11:23:43,180 - INFO - Epoch 16: Loss = 2.3037
2025-07-27 11:23:43,273 - INFO - Epoch 17: Loss = 2.2981
2025-07-27 11:23:43,367 - INFO - Epoch 18: Loss = 2.2939
2025-07-27 11:23:43,460 - INFO - Epoch 19: Loss = 2.2894
2025-07-27 11:23:43,554 - INFO - Epoch 20: Loss = 2.2847
2025-07-27 11:23:43,648 - INFO - Epoch 21: Loss = 2.2796
2025-07-27 11:23:43,741 - INFO - Epoch 22: Loss = 2.2754
2025-07-27 11:23:43,834 - INFO - Epoch 23: Loss = 2.2723
2025-07-27 11:23:43,928 - INFO - Epoch 24: Loss = 2.2680
2025-07-27 11:23:44,023 - INFO - Epoch 25: Loss = 2.2639
2025-07-27 11:23:44,117 - INFO - Epoch 26: Loss = 2.2600
2025-07-27 11:23:44,210 - INFO - Epoch 27: Loss = 2.2567
2025-07-27 11:23:44,303 - INFO - Epoch 28: Loss = 2.2524
2025-07-27 11:23:44,397 - INFO - Epoch 29: Loss = 2.2489
2025-07-27 11:23:44,490 - INFO - Epoch 30: Loss = 2.2449
2025-07-27 11:23:44,583 - INFO - Epoch 31: Loss = 2.2410
2025-07-27 11:23:44,676 - INFO - Epoch 32: Loss = 2.2377
2025-07-27 11:23:44,769 - INFO - Epoch 33: Loss = 2.2339
2025-07-27 11:23:44,862 - INFO - Epoch 34: Loss = 2.2281
2025-07-27 11:23:44,958 - INFO - Epoch 35: Loss = 2.2242
2025-07-27 11:23:45,051 - INFO - Epoch 36: Loss = 2.2194
2025-07-27 11:23:45,145 - INFO - Epoch 37: Loss = 2.2141
2025-07-27 11:23:45,238 - INFO - Epoch 38: Loss = 2.2099
2025-07-27 11:23:45,332 - INFO - Epoch 39: Loss = 2.2049
2025-07-27 11:23:45,425 - INFO - Epoch 40: Loss = 2.1993
2025-07-27 11:23:45,518 - INFO - Epoch 41: Loss = 2.1941
2025-07-27 11:23:45,611 - INFO - Epoch 42: Loss = 2.1893
2025-07-27 11:23:45,704 - INFO - Epoch 43: Loss = 2.1833
2025-07-27 11:23:45,798 - INFO - Epoch 44: Loss = 2.1786
2025-07-27 11:23:45,892 - INFO - Epoch 45: Loss = 2.1734
2025-07-27 11:23:45,985 - INFO - Epoch 46: Loss = 2.1683
2025-07-27 11:23:46,078 - INFO - Epoch 47: Loss = 2.1635
2025-07-27 11:23:46,172 - INFO - Epoch 48: Loss = 2.1586
2025-07-27 11:23:46,265 - INFO - Epoch 49: Loss = 2.1541
2025-07-27 11:23:46,358 - INFO - Epoch 50: Loss = 2.1497
2025-07-27 11:23:46,451 - INFO - Epoch 51: Loss = 2.1454
2025-07-27 11:23:46,544 - INFO - Epoch 52: Loss = 2.1412
2025-07-27 11:23:46,637 - INFO - Epoch 53: Loss = 2.1374
2025-07-27 11:23:46,731 - INFO - Epoch 54: Loss = 2.1339
2025-07-27 11:23:46,825 - INFO - Epoch 55: Loss = 2.1298
2025-07-27 11:23:46,919 - INFO - Epoch 56: Loss = 2.1256
2025-07-27 11:23:47,012 - INFO - Epoch 57: Loss = 2.1208
2025-07-27 11:23:47,105 - INFO - Epoch 58: Loss = 2.1175
2025-07-27 11:23:47,199 - INFO - Epoch 59: Loss = 2.1140
2025-07-27 11:23:47,292 - INFO - Epoch 60: Loss = 2.1102
2025-07-27 11:23:47,385 - INFO - Epoch 61: Loss = 2.1066
2025-07-27 11:23:47,478 - INFO - Epoch 62: Loss = 2.1030
2025-07-27 11:23:47,572 - INFO - Epoch 63: Loss = 2.0997
2025-07-27 11:23:47,665 - INFO - Epoch 64: Loss = 2.0974
2025-07-27 11:23:47,759 - INFO - Epoch 65: Loss = 2.0945
2025-07-27 11:23:47,854 - INFO - Epoch 66: Loss = 2.0908
2025-07-27 11:23:47,948 - INFO - Epoch 67: Loss = 2.0877
2025-07-27 11:23:48,041 - INFO - Epoch 68: Loss = 2.0844
2025-07-27 11:23:48,134 - INFO - Epoch 69: Loss = 2.0822
2025-07-27 11:23:48,227 - INFO - Epoch 70: Loss = 2.0794
2025-07-27 11:23:48,321 - INFO - Epoch 71: Loss = 2.0764
2025-07-27 11:23:48,414 - INFO - Epoch 72: Loss = 2.0730
2025-07-27 11:23:48,507 - INFO - Epoch 73: Loss = 2.0699
2025-07-27 11:23:48,600 - INFO - Epoch 74: Loss = 2.0671
2025-07-27 11:23:48,694 - INFO - Epoch 75: Loss = 2.0646
2025-07-27 11:23:48,788 - INFO - Epoch 76: Loss = 2.0620
2025-07-27 11:23:48,881 - INFO - Epoch 77: Loss = 2.0589
2025-07-27 11:23:48,975 - INFO - Epoch 78: Loss = 2.0564
2025-07-27 11:23:49,068 - INFO - Epoch 79: Loss = 2.0542
2025-07-27 11:23:49,161 - INFO - Epoch 80: Loss = 2.0519
2025-07-27 11:23:49,256 - INFO - Epoch 81: Loss = 2.0489
2025-07-27 11:23:49,350 - INFO - Epoch 82: Loss = 2.0470
2025-07-27 11:23:49,443 - INFO - Epoch 83: Loss = 2.0452
2025-07-27 11:23:49,536 - INFO - Epoch 84: Loss = 2.0428
2025-07-27 11:23:49,630 - INFO - Epoch 85: Loss = 2.0407
2025-07-27 11:23:49,723 - INFO - Epoch 86: Loss = 2.0384
2025-07-27 11:23:49,816 - INFO - Epoch 87: Loss = 2.0359
2025-07-27 11:23:49,909 - INFO - Epoch 88: Loss = 2.0350
2025-07-27 11:23:50,004 - INFO - Epoch 89: Loss = 2.0319
2025-07-27 11:23:50,098 - INFO - Epoch 90: Loss = 2.0295
2025-07-27 11:23:50,191 - INFO - Epoch 91: Loss = 2.0272
2025-07-27 11:23:50,284 - INFO - Epoch 92: Loss = 2.0260
2025-07-27 11:23:50,378 - INFO - Epoch 93: Loss = 2.0240
2025-07-27 11:23:50,471 - INFO - Epoch 94: Loss = 2.0209
2025-07-27 11:23:50,564 - INFO - Epoch 95: Loss = 2.0199
2025-07-27 11:23:50,657 - INFO - Epoch 96: Loss = 2.0173
2025-07-27 11:23:50,750 - INFO - Epoch 97: Loss = 2.0154
2025-07-27 11:23:50,844 - INFO - Epoch 98: Loss = 2.0130
2025-07-27 11:23:50,937 - INFO - Epoch 99: Loss = 2.0112
2025-07-27 11:23:51,030 - INFO - Epoch 100: Loss = 2.0098
2025-07-27 11:23:51,123 - INFO - Epoch 101: Loss = 2.0068
2025-07-27 11:23:51,218 - INFO - Epoch 102: Loss = 2.0051
2025-07-27 11:23:51,312 - INFO - Epoch 103: Loss = 2.0046
2025-07-27 11:23:51,405 - INFO - Epoch 104: Loss = 2.0023
2025-07-27 11:23:51,499 - INFO - Epoch 105: Loss = 2.0010
2025-07-27 11:23:51,592 - INFO - Epoch 106: Loss = 1.9985
2025-07-27 11:23:51,685 - INFO - Epoch 107: Loss = 1.9963
2025-07-27 11:23:51,779 - INFO - Epoch 108: Loss = 1.9948
2025-07-27 11:23:51,872 - INFO - Epoch 109: Loss = 1.9935
2025-07-27 11:23:51,965 - INFO - Epoch 110: Loss = 1.9946
2025-07-27 11:23:52,059 - INFO - Epoch 111: Loss = 1.9926
2025-07-27 11:23:52,152 - INFO - Epoch 112: Loss = 1.9882
2025-07-27 11:23:52,245 - INFO - Epoch 113: Loss = 1.9860
2025-07-27 11:23:52,338 - INFO - Epoch 114: Loss = 1.9844
2025-07-27 11:23:52,433 - INFO - Epoch 115: Loss = 1.9839
2025-07-27 11:23:52,526 - INFO - Epoch 116: Loss = 1.9827
2025-07-27 11:23:52,620 - INFO - Epoch 117: Loss = 1.9808
2025-07-27 11:23:52,713 - INFO - Epoch 118: Loss = 1.9782
2025-07-27 11:23:52,806 - INFO - Epoch 119: Loss = 1.9774
2025-07-27 11:23:52,899 - INFO - Epoch 120: Loss = 1.9755
2025-07-27 11:23:52,992 - INFO - Epoch 121: Loss = 1.9737
2025-07-27 11:23:53,085 - INFO - Epoch 122: Loss = 1.9722
2025-07-27 11:23:53,178 - INFO - Epoch 123: Loss = 1.9717
2025-07-27 11:23:53,272 - INFO - Epoch 124: Loss = 1.9689
2025-07-27 11:23:53,365 - INFO - Epoch 125: Loss = 1.9685
2025-07-27 11:23:53,458 - INFO - Epoch 126: Loss = 1.9673
2025-07-27 11:23:53,551 - INFO - Epoch 127: Loss = 1.9659
2025-07-27 11:23:53,644 - INFO - Epoch 128: Loss = 1.9642
2025-07-27 11:23:53,737 - INFO - Epoch 129: Loss = 1.9636
2025-07-27 11:23:53,831 - INFO - Epoch 130: Loss = 1.9611
2025-07-27 11:23:53,925 - INFO - Epoch 131: Loss = 1.9595
2025-07-27 11:23:54,019 - INFO - Epoch 132: Loss = 1.9585
2025-07-27 11:23:54,112 - INFO - Epoch 133: Loss = 1.9578
2025-07-27 11:23:54,206 - INFO - Epoch 134: Loss = 1.9576
2025-07-27 11:23:54,299 - INFO - Epoch 135: Loss = 1.9550
2025-07-27 11:23:54,392 - INFO - Epoch 136: Loss = 1.9545
2025-07-27 11:23:54,486 - INFO - Epoch 137: Loss = 1.9543
2025-07-27 11:23:54,579 - INFO - Epoch 138: Loss = 1.9535
2025-07-27 11:23:54,672 - INFO - Epoch 139: Loss = 1.9522
2025-07-27 11:23:54,765 - INFO - Epoch 140: Loss = 1.9491
2025-07-27 11:23:54,859 - INFO - Epoch 141: Loss = 1.9490
2025-07-27 11:23:54,952 - INFO - Epoch 142: Loss = 1.9485
2025-07-27 11:23:55,045 - INFO - Epoch 143: Loss = 1.9461
2025-07-27 11:23:55,138 - INFO - Epoch 144: Loss = 1.9456
2025-07-27 11:23:55,231 - INFO - Epoch 145: Loss = 1.9453
2025-07-27 11:23:55,324 - INFO - Epoch 146: Loss = 1.9433
2025-07-27 11:23:55,419 - INFO - Epoch 147: Loss = 1.9427
2025-07-27 11:23:55,512 - INFO - Epoch 148: Loss = 1.9411
2025-07-27 11:23:55,605 - INFO - Epoch 149: Loss = 1.9408
2025-07-27 11:23:55,698 - INFO - Epoch 150: Loss = 1.9394
2025-07-27 11:23:55,791 - INFO - Epoch 151: Loss = 1.9389
2025-07-27 11:23:55,884 - INFO - Epoch 152: Loss = 1.9381
2025-07-27 11:23:55,977 - INFO - Epoch 153: Loss = 1.9373
2025-07-27 11:23:56,070 - INFO - Epoch 154: Loss = 1.9363
2025-07-27 11:23:56,163 - INFO - Epoch 155: Loss = 1.9337
2025-07-27 11:23:56,257 - INFO - Epoch 156: Loss = 1.9345
2025-07-27 11:23:56,350 - INFO - Epoch 157: Loss = 1.9336
2025-07-27 11:23:56,443 - INFO - Epoch 158: Loss = 1.9331
2025-07-27 11:23:56,536 - INFO - Epoch 159: Loss = 1.9317
2025-07-27 11:23:56,629 - INFO - Epoch 160: Loss = 1.9308
2025-07-27 11:23:56,722 - INFO - Epoch 161: Loss = 1.9297
2025-07-27 11:23:56,817 - INFO - Epoch 162: Loss = 1.9286
2025-07-27 11:23:56,910 - INFO - Epoch 163: Loss = 1.9287
2025-07-27 11:23:57,003 - INFO - Epoch 164: Loss = 1.9274
2025-07-27 11:23:57,096 - INFO - Epoch 165: Loss = 1.9274
2025-07-27 11:23:57,189 - INFO - Epoch 166: Loss = 1.9258
2025-07-27 11:23:57,282 - INFO - Epoch 167: Loss = 1.9251
2025-07-27 11:23:57,376 - INFO - Epoch 168: Loss = 1.9241
2025-07-27 11:23:57,469 - INFO - Epoch 169: Loss = 1.9245
2025-07-27 11:23:57,563 - INFO - Epoch 170: Loss = 1.9225
2025-07-27 11:23:57,656 - INFO - Epoch 171: Loss = 1.9230
2025-07-27 11:23:57,749 - INFO - Epoch 172: Loss = 1.9221
2025-07-27 11:23:57,843 - INFO - Epoch 173: Loss = 1.9210
2025-07-27 11:23:57,936 - INFO - Epoch 174: Loss = 1.9203
2025-07-27 11:23:58,028 - INFO - Epoch 175: Loss = 1.9194
2025-07-27 11:23:58,121 - INFO - Epoch 176: Loss = 1.9192
2025-07-27 11:23:58,215 - INFO - Epoch 177: Loss = 1.9183
2025-07-27 11:23:58,308 - INFO - Epoch 178: Loss = 1.9173
2025-07-27 11:23:58,401 - INFO - Epoch 179: Loss = 1.9169
2025-07-27 11:23:58,494 - INFO - Epoch 180: Loss = 1.9155
2025-07-27 11:23:58,589 - INFO - Epoch 181: Loss = 1.9153
2025-07-27 11:23:58,682 - INFO - Epoch 182: Loss = 1.9163
2025-07-27 11:23:58,776 - INFO - Epoch 183: Loss = 1.9131
2025-07-27 11:23:58,869 - INFO - Epoch 184: Loss = 1.9136
2025-07-27 11:23:58,962 - INFO - Epoch 185: Loss = 1.9125
2025-07-27 11:23:59,055 - INFO - Epoch 186: Loss = 1.9115
2025-07-27 11:23:59,148 - INFO - Epoch 187: Loss = 1.9106
2025-07-27 11:23:59,242 - INFO - Epoch 188: Loss = 1.9096
2025-07-27 11:23:59,335 - INFO - Epoch 189: Loss = 1.9093
2025-07-27 11:23:59,428 - INFO - Epoch 190: Loss = 1.9096
2025-07-27 11:23:59,521 - INFO - Epoch 191: Loss = 1.9082
2025-07-27 11:23:59,614 - INFO - Epoch 192: Loss = 1.9102
2025-07-27 11:23:59,707 - INFO - Epoch 193: Loss = 1.9071
2025-07-27 11:23:59,800 - INFO - Epoch 194: Loss = 1.9068
2025-07-27 11:23:59,894 - INFO - Epoch 195: Loss = 1.9065
2025-07-27 11:23:59,987 - INFO - Epoch 196: Loss = 1.9065
2025-07-27 11:24:00,080 - INFO - Epoch 197: Loss = 1.9065
2025-07-27 11:24:00,173 - INFO - Epoch 198: Loss = 1.9041
2025-07-27 11:24:00,266 - INFO - Epoch 199: Loss = 1.9045
2025-07-27 11:24:00,361 - INFO - Epoch 200: Loss = 1.9031
2025-07-27 11:24:00,454 - INFO - Epoch 201: Loss = 1.9020
2025-07-27 11:24:00,548 - INFO - Epoch 202: Loss = 1.9026
2025-07-27 11:24:00,641 - INFO - Epoch 203: Loss = 1.9017
2025-07-27 11:24:00,734 - INFO - Epoch 204: Loss = 1.9019
2025-07-27 11:24:00,827 - INFO - Epoch 205: Loss = 1.8997
2025-07-27 11:24:00,921 - INFO - Epoch 206: Loss = 1.8996
2025-07-27 11:24:01,014 - INFO - Epoch 207: Loss = 1.8990
2025-07-27 11:24:01,107 - INFO - Epoch 208: Loss = 1.8978
2025-07-27 11:24:01,200 - INFO - Epoch 209: Loss = 1.8978
2025-07-27 11:24:01,293 - INFO - Epoch 210: Loss = 1.8971
2025-07-27 11:24:01,387 - INFO - Epoch 211: Loss = 1.8962
2025-07-27 11:24:01,480 - INFO - Epoch 212: Loss = 1.8971
2025-07-27 11:24:01,573 - INFO - Epoch 213: Loss = 1.8961
2025-07-27 11:24:01,665 - INFO - Epoch 214: Loss = 1.8956
2025-07-27 11:24:01,759 - INFO - Epoch 215: Loss = 1.8946
2025-07-27 11:24:01,852 - INFO - Epoch 216: Loss = 1.8944
2025-07-27 11:24:01,945 - INFO - Epoch 217: Loss = 1.8939
2025-07-27 11:24:02,039 - INFO - Epoch 218: Loss = 1.8935
2025-07-27 11:24:02,133 - INFO - Epoch 219: Loss = 1.8938
2025-07-27 11:24:02,226 - INFO - Epoch 220: Loss = 1.8920
2025-07-27 11:24:02,319 - INFO - Epoch 221: Loss = 1.8915
2025-07-27 11:24:02,412 - INFO - Epoch 222: Loss = 1.8905
2025-07-27 11:24:02,505 - INFO - Epoch 223: Loss = 1.8902
2025-07-27 11:24:02,598 - INFO - Epoch 224: Loss = 1.8895
2025-07-27 11:24:02,692 - INFO - Epoch 225: Loss = 1.8901
2025-07-27 11:24:02,785 - INFO - Epoch 226: Loss = 1.8889
2025-07-27 11:24:02,879 - INFO - Epoch 227: Loss = 1.8885
2025-07-27 11:24:02,972 - INFO - Epoch 228: Loss = 1.8878
2025-07-27 11:24:03,065 - INFO - Epoch 229: Loss = 1.8879
2025-07-27 11:24:03,158 - INFO - Epoch 230: Loss = 1.8897
2025-07-27 11:24:03,252 - INFO - Epoch 231: Loss = 1.8873
2025-07-27 11:24:03,345 - INFO - Epoch 232: Loss = 1.8860
2025-07-27 11:24:03,438 - INFO - Epoch 233: Loss = 1.8856
2025-07-27 11:24:03,531 - INFO - Epoch 234: Loss = 1.8853
2025-07-27 11:24:03,624 - INFO - Epoch 235: Loss = 1.8852
2025-07-27 11:24:03,717 - INFO - Epoch 236: Loss = 1.8842
2025-07-27 11:24:03,812 - INFO - Epoch 237: Loss = 1.8840
2025-07-27 11:24:03,906 - INFO - Epoch 238: Loss = 1.8830
2025-07-27 11:24:03,999 - INFO - Epoch 239: Loss = 1.8824
2025-07-27 11:24:04,093 - INFO - Epoch 240: Loss = 1.8822
2025-07-27 11:24:04,186 - INFO - Epoch 241: Loss = 1.8805
2025-07-27 11:24:04,279 - INFO - Epoch 242: Loss = 1.8811
2025-07-27 11:24:04,373 - INFO - Epoch 243: Loss = 1.8796
2025-07-27 11:24:04,466 - INFO - Epoch 244: Loss = 1.8805
2025-07-27 11:24:04,559 - INFO - Epoch 245: Loss = 1.8791
2025-07-27 11:24:04,652 - INFO - Epoch 246: Loss = 1.8785
2025-07-27 11:24:04,745 - INFO - Epoch 247: Loss = 1.8785
2025-07-27 11:24:04,839 - INFO - Epoch 248: Loss = 1.8786
2025-07-27 11:24:04,931 - INFO - Epoch 249: Loss = 1.8765
2025-07-27 11:24:05,025 - INFO - Epoch 250: Loss = 1.8761
2025-07-27 11:24:05,118 - INFO - Epoch 251: Loss = 1.8761
2025-07-27 11:24:05,211 - INFO - Epoch 252: Loss = 1.8760
2025-07-27 11:24:05,304 - INFO - Epoch 253: Loss = 1.8740
2025-07-27 11:24:05,397 - INFO - Epoch 254: Loss = 1.8746
2025-07-27 11:24:05,490 - INFO - Epoch 255: Loss = 1.8731
2025-07-27 11:24:05,583 - INFO - Epoch 256: Loss = 1.8735
2025-07-27 11:24:05,770 - INFO - Test: Loss = 1.8684, Accuracy = 63.86%
2025-07-27 11:24:05,771 - INFO - [Gradient Run 1] Training time: 26.68s
