2025-07-27 11:24:14,527 - INFO - ------------------------------------Gradient-------------------------------------------
2025-07-27 11:24:14,527 - INFO - [Gradient Run 1] Starting
2025-07-27 11:24:16,614 - INFO - Training on device: cuda
2025-07-27 11:24:16,932 - INFO - Epoch 01: Loss = 2.3561
2025-07-27 11:24:17,023 - INFO - Epoch 02: Loss = 2.3525
2025-07-27 11:24:17,114 - INFO - Epoch 03: Loss = 2.3495
2025-07-27 11:24:17,205 - INFO - Epoch 04: Loss = 2.3465
2025-07-27 11:24:17,296 - INFO - Epoch 05: Loss = 2.3430
2025-07-27 11:24:17,386 - INFO - Epoch 06: Loss = 2.3392
2025-07-27 11:24:17,477 - INFO - Epoch 07: Loss = 2.3352
2025-07-27 11:24:17,568 - INFO - Epoch 08: Loss = 2.3308
2025-07-27 11:24:17,658 - INFO - Epoch 09: Loss = 2.3259
2025-07-27 11:24:17,749 - INFO - Epoch 10: Loss = 2.3208
2025-07-27 11:24:17,840 - INFO - Epoch 11: Loss = 2.3162
2025-07-27 11:24:17,930 - INFO - Epoch 12: Loss = 2.3103
2025-07-27 11:24:18,024 - INFO - Epoch 13: Loss = 2.3050
2025-07-27 11:24:18,115 - INFO - Epoch 14: Loss = 2.2999
2025-07-27 11:24:18,206 - INFO - Epoch 15: Loss = 2.2941
2025-07-27 11:24:18,297 - INFO - Epoch 16: Loss = 2.2890
2025-07-27 11:24:18,387 - INFO - Epoch 17: Loss = 2.2832
2025-07-27 11:24:18,478 - INFO - Epoch 18: Loss = 2.2778
2025-07-27 11:24:18,569 - INFO - Epoch 19: Loss = 2.2707
2025-07-27 11:24:18,660 - INFO - Epoch 20: Loss = 2.2653
2025-07-27 11:24:18,751 - INFO - Epoch 21: Loss = 2.2582
2025-07-27 11:24:18,841 - INFO - Epoch 22: Loss = 2.2512
2025-07-27 11:24:18,932 - INFO - Epoch 23: Loss = 2.2460
2025-07-27 11:24:19,023 - INFO - Epoch 24: Loss = 2.2395
2025-07-27 11:24:19,114 - INFO - Epoch 25: Loss = 2.2345
2025-07-27 11:24:19,205 - INFO - Epoch 26: Loss = 2.2294
2025-07-27 11:24:19,296 - INFO - Epoch 27: Loss = 2.2241
2025-07-27 11:24:19,386 - INFO - Epoch 28: Loss = 2.2197
2025-07-27 11:24:19,477 - INFO - Epoch 29: Loss = 2.2153
2025-07-27 11:24:19,568 - INFO - Epoch 30: Loss = 2.2104
2025-07-27 11:24:19,659 - INFO - Epoch 31: Loss = 2.2066
2025-07-27 11:24:19,749 - INFO - Epoch 32: Loss = 2.2027
2025-07-27 11:24:19,840 - INFO - Epoch 33: Loss = 2.1993
2025-07-27 11:24:19,931 - INFO - Epoch 34: Loss = 2.1959
2025-07-27 11:24:20,021 - INFO - Epoch 35: Loss = 2.1914
2025-07-27 11:24:20,113 - INFO - Epoch 36: Loss = 2.1882
2025-07-27 11:24:20,203 - INFO - Epoch 37: Loss = 2.1852
2025-07-27 11:24:20,294 - INFO - Epoch 38: Loss = 2.1811
2025-07-27 11:24:20,385 - INFO - Epoch 39: Loss = 2.1777
2025-07-27 11:24:20,475 - INFO - Epoch 40: Loss = 2.1750
2025-07-27 11:24:20,566 - INFO - Epoch 41: Loss = 2.1730
2025-07-27 11:24:20,658 - INFO - Epoch 42: Loss = 2.1692
2025-07-27 11:24:20,749 - INFO - Epoch 43: Loss = 2.1663
2025-07-27 11:24:20,840 - INFO - Epoch 44: Loss = 2.1635
2025-07-27 11:24:20,931 - INFO - Epoch 45: Loss = 2.1602
2025-07-27 11:24:21,021 - INFO - Epoch 46: Loss = 2.1564
2025-07-27 11:24:21,112 - INFO - Epoch 47: Loss = 2.1530
2025-07-27 11:24:21,203 - INFO - Epoch 48: Loss = 2.1507
2025-07-27 11:24:21,296 - INFO - Epoch 49: Loss = 2.1477
2025-07-27 11:24:21,386 - INFO - Epoch 50: Loss = 2.1442
2025-07-27 11:24:21,477 - INFO - Epoch 51: Loss = 2.1397
2025-07-27 11:24:21,568 - INFO - Epoch 52: Loss = 2.1313
2025-07-27 11:24:21,659 - INFO - Epoch 53: Loss = 2.1274
2025-07-27 11:24:21,750 - INFO - Epoch 54: Loss = 2.1245
2025-07-27 11:24:21,841 - INFO - Epoch 55: Loss = 2.1209
2025-07-27 11:24:21,932 - INFO - Epoch 56: Loss = 2.1180
2025-07-27 11:24:22,022 - INFO - Epoch 57: Loss = 2.1151
2025-07-27 11:24:22,113 - INFO - Epoch 58: Loss = 2.1107
2025-07-27 11:24:22,204 - INFO - Epoch 59: Loss = 2.1068
2025-07-27 11:24:22,295 - INFO - Epoch 60: Loss = 2.1030
2025-07-27 11:24:22,386 - INFO - Epoch 61: Loss = 2.0991
2025-07-27 11:24:22,476 - INFO - Epoch 62: Loss = 2.0981
2025-07-27 11:24:22,567 - INFO - Epoch 63: Loss = 2.0945
2025-07-27 11:24:22,658 - INFO - Epoch 64: Loss = 2.0924
2025-07-27 11:24:22,749 - INFO - Epoch 65: Loss = 2.0889
2025-07-27 11:24:22,840 - INFO - Epoch 66: Loss = 2.0870
2025-07-27 11:24:22,930 - INFO - Epoch 67: Loss = 2.0840
2025-07-27 11:24:23,021 - INFO - Epoch 68: Loss = 2.0817
2025-07-27 11:24:23,112 - INFO - Epoch 69: Loss = 2.0786
2025-07-27 11:24:23,205 - INFO - Epoch 70: Loss = 2.0772
2025-07-27 11:24:23,296 - INFO - Epoch 71: Loss = 2.0752
2025-07-27 11:24:23,386 - INFO - Epoch 72: Loss = 2.0741
2025-07-27 11:24:23,477 - INFO - Epoch 73: Loss = 2.0714
2025-07-27 11:24:23,568 - INFO - Epoch 74: Loss = 2.0696
2025-07-27 11:24:23,659 - INFO - Epoch 75: Loss = 2.0686
2025-07-27 11:24:23,750 - INFO - Epoch 76: Loss = 2.0653
2025-07-27 11:24:23,840 - INFO - Epoch 77: Loss = 2.0636
2025-07-27 11:24:23,931 - INFO - Epoch 78: Loss = 2.0620
2025-07-27 11:24:24,022 - INFO - Epoch 79: Loss = 2.0611
2025-07-27 11:24:24,113 - INFO - Epoch 80: Loss = 2.0591
2025-07-27 11:24:24,204 - INFO - Epoch 81: Loss = 2.0569
2025-07-27 11:24:24,295 - INFO - Epoch 82: Loss = 2.0557
2025-07-27 11:24:24,385 - INFO - Epoch 83: Loss = 2.0533
2025-07-27 11:24:24,476 - INFO - Epoch 84: Loss = 2.0524
2025-07-27 11:24:24,567 - INFO - Epoch 85: Loss = 2.0497
2025-07-27 11:24:24,658 - INFO - Epoch 86: Loss = 2.0482
2025-07-27 11:24:24,749 - INFO - Epoch 87: Loss = 2.0474
2025-07-27 11:24:24,839 - INFO - Epoch 88: Loss = 2.0448
2025-07-27 11:24:24,930 - INFO - Epoch 89: Loss = 2.0428
2025-07-27 11:24:25,021 - INFO - Epoch 90: Loss = 2.0418
2025-07-27 11:24:25,111 - INFO - Epoch 91: Loss = 2.0398
2025-07-27 11:24:25,204 - INFO - Epoch 92: Loss = 2.0383
2025-07-27 11:24:25,295 - INFO - Epoch 93: Loss = 2.0368
2025-07-27 11:24:25,386 - INFO - Epoch 94: Loss = 2.0360
2025-07-27 11:24:25,476 - INFO - Epoch 95: Loss = 2.0350
2025-07-27 11:24:25,567 - INFO - Epoch 96: Loss = 2.0332
2025-07-27 11:24:25,658 - INFO - Epoch 97: Loss = 2.0316
2025-07-27 11:24:25,749 - INFO - Epoch 98: Loss = 2.0296
2025-07-27 11:24:25,840 - INFO - Epoch 99: Loss = 2.0295
2025-07-27 11:24:25,930 - INFO - Epoch 100: Loss = 2.0272
2025-07-27 11:24:26,021 - INFO - Epoch 101: Loss = 2.0267
2025-07-27 11:24:26,112 - INFO - Epoch 102: Loss = 2.0251
2025-07-27 11:24:26,202 - INFO - Epoch 103: Loss = 2.0236
2025-07-27 11:24:26,295 - INFO - Epoch 104: Loss = 2.0216
2025-07-27 11:24:26,386 - INFO - Epoch 105: Loss = 2.0197
2025-07-27 11:24:26,476 - INFO - Epoch 106: Loss = 2.0178
2025-07-27 11:24:26,567 - INFO - Epoch 107: Loss = 2.0166
2025-07-27 11:24:26,658 - INFO - Epoch 108: Loss = 2.0152
2025-07-27 11:24:26,749 - INFO - Epoch 109: Loss = 2.0140
2025-07-27 11:24:26,839 - INFO - Epoch 110: Loss = 2.0120
2025-07-27 11:24:26,930 - INFO - Epoch 111: Loss = 2.0104
2025-07-27 11:24:27,021 - INFO - Epoch 112: Loss = 2.0075
2025-07-27 11:24:27,111 - INFO - Epoch 113: Loss = 2.0054
2025-07-27 11:24:27,202 - INFO - Epoch 114: Loss = 2.0033
2025-07-27 11:24:27,293 - INFO - Epoch 115: Loss = 2.0004
2025-07-27 11:24:27,385 - INFO - Epoch 116: Loss = 1.9995
2025-07-27 11:24:27,475 - INFO - Epoch 117: Loss = 1.9977
2025-07-27 11:24:27,566 - INFO - Epoch 118: Loss = 1.9966
2025-07-27 11:24:27,657 - INFO - Epoch 119: Loss = 1.9944
2025-07-27 11:24:27,748 - INFO - Epoch 120: Loss = 1.9927
2025-07-27 11:24:27,839 - INFO - Epoch 121: Loss = 1.9922
2025-07-27 11:24:27,929 - INFO - Epoch 122: Loss = 1.9920
2025-07-27 11:24:28,020 - INFO - Epoch 123: Loss = 1.9895
2025-07-27 11:24:28,111 - INFO - Epoch 124: Loss = 1.9862
2025-07-27 11:24:28,202 - INFO - Epoch 125: Loss = 1.9859
2025-07-27 11:24:28,293 - INFO - Epoch 126: Loss = 1.9831
2025-07-27 11:24:28,383 - INFO - Epoch 127: Loss = 1.9820
2025-07-27 11:24:28,474 - INFO - Epoch 128: Loss = 1.9792
2025-07-27 11:24:28,565 - INFO - Epoch 129: Loss = 1.9782
2025-07-27 11:24:28,656 - INFO - Epoch 130: Loss = 1.9744
2025-07-27 11:24:28,748 - INFO - Epoch 131: Loss = 1.9730
2025-07-27 11:24:28,839 - INFO - Epoch 132: Loss = 1.9690
2025-07-27 11:24:28,930 - INFO - Epoch 133: Loss = 1.9625
2025-07-27 11:24:29,021 - INFO - Epoch 134: Loss = 1.9586
2025-07-27 11:24:29,112 - INFO - Epoch 135: Loss = 1.9571
2025-07-27 11:24:29,203 - INFO - Epoch 136: Loss = 1.9547
2025-07-27 11:24:29,293 - INFO - Epoch 137: Loss = 1.9525
2025-07-27 11:24:29,384 - INFO - Epoch 138: Loss = 1.9478
2025-07-27 11:24:29,475 - INFO - Epoch 139: Loss = 1.9469
2025-07-27 11:24:29,566 - INFO - Epoch 140: Loss = 1.9443
2025-07-27 11:24:29,657 - INFO - Epoch 141: Loss = 1.9425
2025-07-27 11:24:29,747 - INFO - Epoch 142: Loss = 1.9399
2025-07-27 11:24:29,838 - INFO - Epoch 143: Loss = 1.9379
2025-07-27 11:24:29,929 - INFO - Epoch 144: Loss = 1.9371
2025-07-27 11:24:30,021 - INFO - Epoch 145: Loss = 1.9342
2025-07-27 11:24:30,112 - INFO - Epoch 146: Loss = 1.9356
2025-07-27 11:24:30,203 - INFO - Epoch 147: Loss = 1.9320
2025-07-27 11:24:30,294 - INFO - Epoch 148: Loss = 1.9324
2025-07-27 11:24:30,385 - INFO - Epoch 149: Loss = 1.9356
2025-07-27 11:24:30,476 - INFO - Epoch 150: Loss = 1.9268
2025-07-27 11:24:30,567 - INFO - Epoch 151: Loss = 1.9246
2025-07-27 11:24:30,657 - INFO - Epoch 152: Loss = 1.9239
2025-07-27 11:24:30,748 - INFO - Epoch 153: Loss = 1.9224
2025-07-27 11:24:30,839 - INFO - Epoch 154: Loss = 1.9229
2025-07-27 11:24:30,930 - INFO - Epoch 155: Loss = 1.9206
2025-07-27 11:24:31,020 - INFO - Epoch 156: Loss = 1.9189
2025-07-27 11:24:31,111 - INFO - Epoch 157: Loss = 1.9175
2025-07-27 11:24:31,202 - INFO - Epoch 158: Loss = 1.9153
2025-07-27 11:24:31,293 - INFO - Epoch 159: Loss = 1.9156
2025-07-27 11:24:31,385 - INFO - Epoch 160: Loss = 1.9167
2025-07-27 11:24:31,476 - INFO - Epoch 161: Loss = 1.9121
2025-07-27 11:24:31,566 - INFO - Epoch 162: Loss = 1.9103
2025-07-27 11:24:31,657 - INFO - Epoch 163: Loss = 1.9093
2025-07-27 11:24:31,748 - INFO - Epoch 164: Loss = 1.9088
2025-07-27 11:24:31,839 - INFO - Epoch 165: Loss = 1.9093
2025-07-27 11:24:31,930 - INFO - Epoch 166: Loss = 1.9078
2025-07-27 11:24:32,020 - INFO - Epoch 167: Loss = 1.9046
2025-07-27 11:24:32,111 - INFO - Epoch 168: Loss = 1.9077
2025-07-27 11:24:32,202 - INFO - Epoch 169: Loss = 1.9050
2025-07-27 11:24:32,293 - INFO - Epoch 170: Loss = 1.9037
2025-07-27 11:24:32,383 - INFO - Epoch 171: Loss = 1.9056
2025-07-27 11:24:32,474 - INFO - Epoch 172: Loss = 1.9008
2025-07-27 11:24:32,565 - INFO - Epoch 173: Loss = 1.9019
2025-07-27 11:24:32,656 - INFO - Epoch 174: Loss = 1.8989
2025-07-27 11:24:32,746 - INFO - Epoch 175: Loss = 1.9011
2025-07-27 11:24:32,837 - INFO - Epoch 176: Loss = 1.8990
2025-07-27 11:24:32,929 - INFO - Epoch 177: Loss = 1.8999
2025-07-27 11:24:33,020 - INFO - Epoch 178: Loss = 1.9008
2025-07-27 11:24:33,112 - INFO - Epoch 179: Loss = 1.8952
2025-07-27 11:24:33,202 - INFO - Epoch 180: Loss = 1.8946
2025-07-27 11:24:33,293 - INFO - Epoch 181: Loss = 1.8954
2025-07-27 11:24:33,384 - INFO - Epoch 182: Loss = 1.8932
2025-07-27 11:24:33,475 - INFO - Epoch 183: Loss = 1.8919
2025-07-27 11:24:33,566 - INFO - Epoch 184: Loss = 1.8923
2025-07-27 11:24:33,656 - INFO - Epoch 185: Loss = 1.8913
2025-07-27 11:24:33,747 - INFO - Epoch 186: Loss = 1.8892
2025-07-27 11:24:33,838 - INFO - Epoch 187: Loss = 1.8879
2025-07-27 11:24:33,929 - INFO - Epoch 188: Loss = 1.8884
2025-07-27 11:24:34,020 - INFO - Epoch 189: Loss = 1.8898
2025-07-27 11:24:34,111 - INFO - Epoch 190: Loss = 1.8891
2025-07-27 11:24:34,201 - INFO - Epoch 191: Loss = 1.8888
2025-07-27 11:24:34,292 - INFO - Epoch 192: Loss = 1.8858
2025-07-27 11:24:34,383 - INFO - Epoch 193: Loss = 1.8840
2025-07-27 11:24:34,474 - INFO - Epoch 194: Loss = 1.8860
2025-07-27 11:24:34,566 - INFO - Epoch 195: Loss = 1.8843
2025-07-27 11:24:34,657 - INFO - Epoch 196: Loss = 1.8837
2025-07-27 11:24:34,748 - INFO - Epoch 197: Loss = 1.8822
2025-07-27 11:24:34,839 - INFO - Epoch 198: Loss = 1.8819
2025-07-27 11:24:34,929 - INFO - Epoch 199: Loss = 1.8826
2025-07-27 11:24:35,020 - INFO - Epoch 200: Loss = 1.8806
2025-07-27 11:24:35,111 - INFO - Epoch 201: Loss = 1.8793
2025-07-27 11:24:35,201 - INFO - Epoch 202: Loss = 1.8793
2025-07-27 11:24:35,292 - INFO - Epoch 203: Loss = 1.8779
2025-07-27 11:24:35,383 - INFO - Epoch 204: Loss = 1.8776
2025-07-27 11:24:35,474 - INFO - Epoch 205: Loss = 1.8757
2025-07-27 11:24:35,564 - INFO - Epoch 206: Loss = 1.8767
2025-07-27 11:24:35,655 - INFO - Epoch 207: Loss = 1.8776
2025-07-27 11:24:35,746 - INFO - Epoch 208: Loss = 1.8745
2025-07-27 11:24:35,837 - INFO - Epoch 209: Loss = 1.8733
2025-07-27 11:24:35,927 - INFO - Epoch 210: Loss = 1.8760
2025-07-27 11:24:36,018 - INFO - Epoch 211: Loss = 1.8735
2025-07-27 11:24:36,110 - INFO - Epoch 212: Loss = 1.8766
2025-07-27 11:24:36,201 - INFO - Epoch 213: Loss = 1.8741
2025-07-27 11:24:36,292 - INFO - Epoch 214: Loss = 1.8718
2025-07-27 11:24:36,383 - INFO - Epoch 215: Loss = 1.8715
2025-07-27 11:24:36,474 - INFO - Epoch 216: Loss = 1.8706
2025-07-27 11:24:36,564 - INFO - Epoch 217: Loss = 1.8694
2025-07-27 11:24:36,655 - INFO - Epoch 218: Loss = 1.8684
2025-07-27 11:24:36,746 - INFO - Epoch 219: Loss = 1.8740
2025-07-27 11:24:36,837 - INFO - Epoch 220: Loss = 1.8686
2025-07-27 11:24:36,927 - INFO - Epoch 221: Loss = 1.8670
2025-07-27 11:24:37,018 - INFO - Epoch 222: Loss = 1.8659
2025-07-27 11:24:37,109 - INFO - Epoch 223: Loss = 1.8654
2025-07-27 11:24:37,199 - INFO - Epoch 224: Loss = 1.8653
2025-07-27 11:24:37,290 - INFO - Epoch 225: Loss = 1.8639
2025-07-27 11:24:37,381 - INFO - Epoch 226: Loss = 1.8637
2025-07-27 11:24:37,472 - INFO - Epoch 227: Loss = 1.8656
2025-07-27 11:24:37,563 - INFO - Epoch 228: Loss = 1.8661
2025-07-27 11:24:37,653 - INFO - Epoch 229: Loss = 1.8633
2025-07-27 11:24:37,744 - INFO - Epoch 230: Loss = 1.8613
2025-07-27 11:24:37,835 - INFO - Epoch 231: Loss = 1.8602
2025-07-27 11:24:37,925 - INFO - Epoch 232: Loss = 1.8613
2025-07-27 11:24:38,018 - INFO - Epoch 233: Loss = 1.8625
2025-07-27 11:24:38,109 - INFO - Epoch 234: Loss = 1.8582
2025-07-27 11:24:38,200 - INFO - Epoch 235: Loss = 1.8641
2025-07-27 11:24:38,291 - INFO - Epoch 236: Loss = 1.8578
2025-07-27 11:24:38,382 - INFO - Epoch 237: Loss = 1.8572
2025-07-27 11:24:38,473 - INFO - Epoch 238: Loss = 1.8580
2025-07-27 11:24:38,563 - INFO - Epoch 239: Loss = 1.8575
2025-07-27 11:24:38,654 - INFO - Epoch 240: Loss = 1.8552
2025-07-27 11:24:38,745 - INFO - Epoch 241: Loss = 1.8545
2025-07-27 11:24:38,836 - INFO - Epoch 242: Loss = 1.8544
2025-07-27 11:24:38,927 - INFO - Epoch 243: Loss = 1.8553
2025-07-27 11:24:39,018 - INFO - Epoch 244: Loss = 1.8544
2025-07-27 11:24:39,109 - INFO - Epoch 245: Loss = 1.8580
2025-07-27 11:24:39,199 - INFO - Epoch 246: Loss = 1.8513
2025-07-27 11:24:39,290 - INFO - Epoch 247: Loss = 1.8535
2025-07-27 11:24:39,381 - INFO - Epoch 248: Loss = 1.8525
2025-07-27 11:24:39,472 - INFO - Epoch 249: Loss = 1.8489
2025-07-27 11:24:39,563 - INFO - Epoch 250: Loss = 1.8492
2025-07-27 11:24:39,654 - INFO - Epoch 251: Loss = 1.8500
2025-07-27 11:24:39,744 - INFO - Epoch 252: Loss = 1.8505
2025-07-27 11:24:39,835 - INFO - Epoch 253: Loss = 1.8501
2025-07-27 11:24:39,927 - INFO - Epoch 254: Loss = 1.8486
2025-07-27 11:24:40,018 - INFO - Epoch 255: Loss = 1.8486
2025-07-27 11:24:40,109 - INFO - Epoch 256: Loss = 1.8457
2025-07-27 11:24:40,354 - INFO - Test: Loss = 1.8683, Accuracy = 67.47%
2025-07-27 11:24:40,354 - INFO - [Gradient Run 1] Training time: 25.83s
