2025-07-26 15:41:46,368 - INFO - ------------------------------------Gradient-------------------------------------------
2025-07-26 15:41:46,368 - INFO - [Gradient Run 1] Starting
2025-07-26 15:41:48,566 - INFO - Training on device: cuda
2025-07-26 15:41:48,886 - INFO - Epoch 01: Loss = 2.3710
2025-07-26 15:41:48,963 - INFO - Epoch 02: Loss = 2.2900
2025-07-26 15:41:49,040 - INFO - Epoch 03: Loss = 2.2330
2025-07-26 15:41:49,117 - INFO - Epoch 04: Loss = 2.1753
2025-07-26 15:41:49,194 - INFO - Epoch 05: Loss = 2.1281
2025-07-26 15:41:49,271 - INFO - Epoch 06: Loss = 2.0840
2025-07-26 15:41:49,348 - INFO - Epoch 07: Loss = 2.0372
2025-07-26 15:41:49,425 - INFO - Epoch 08: Loss = 2.0010
2025-07-26 15:41:49,505 - INFO - Epoch 09: Loss = 1.9646
2025-07-26 15:41:49,582 - INFO - Epoch 10: Loss = 1.9207
2025-07-26 15:41:49,659 - INFO - Epoch 11: Loss = 1.8971
2025-07-26 15:41:49,736 - INFO - Epoch 12: Loss = 1.8643
2025-07-26 15:41:49,813 - INFO - Epoch 13: Loss = 1.8376
2025-07-26 15:41:49,889 - INFO - Epoch 14: Loss = 1.8014
2025-07-26 15:41:49,966 - INFO - Epoch 15: Loss = 1.7678
2025-07-26 15:41:50,043 - INFO - Epoch 16: Loss = 1.7456
2025-07-26 15:41:50,120 - INFO - Epoch 17: Loss = 1.7168
2025-07-26 15:41:50,196 - INFO - Epoch 18: Loss = 1.6955
2025-07-26 15:41:50,273 - INFO - Epoch 19: Loss = 1.6623
2025-07-26 15:41:50,349 - INFO - Epoch 20: Loss = 1.6447
2025-07-26 15:41:50,428 - INFO - Epoch 21: Loss = 1.6172
2025-07-26 15:41:50,505 - INFO - Epoch 22: Loss = 1.5979
2025-07-26 15:41:50,582 - INFO - Epoch 23: Loss = 1.5718
2025-07-26 15:41:50,658 - INFO - Epoch 24: Loss = 1.5552
2025-07-26 15:41:50,735 - INFO - Epoch 25: Loss = 1.5374
2025-07-26 15:41:50,812 - INFO - Epoch 26: Loss = 1.5125
2025-07-26 15:41:50,888 - INFO - Epoch 27: Loss = 1.5016
2025-07-26 15:41:50,965 - INFO - Epoch 28: Loss = 1.4813
2025-07-26 15:41:51,042 - INFO - Epoch 29: Loss = 1.4664
2025-07-26 15:41:51,119 - INFO - Epoch 30: Loss = 1.4508
2025-07-26 15:41:51,195 - INFO - Epoch 31: Loss = 1.4295
2025-07-26 15:41:51,272 - INFO - Epoch 32: Loss = 1.4094
2025-07-26 15:41:51,350 - INFO - Epoch 33: Loss = 1.3982
2025-07-26 15:41:51,427 - INFO - Epoch 34: Loss = 1.3755
2025-07-26 15:41:51,504 - INFO - Epoch 35: Loss = 1.3645
2025-07-26 15:41:51,580 - INFO - Epoch 36: Loss = 1.3588
2025-07-26 15:41:51,657 - INFO - Epoch 37: Loss = 1.3437
2025-07-26 15:41:51,734 - INFO - Epoch 38: Loss = 1.3284
2025-07-26 15:41:51,810 - INFO - Epoch 39: Loss = 1.3176
2025-07-26 15:41:51,887 - INFO - Epoch 40: Loss = 1.2921
2025-07-26 15:41:51,964 - INFO - Epoch 41: Loss = 1.2817
2025-07-26 15:41:52,041 - INFO - Epoch 42: Loss = 1.2764
2025-07-26 15:41:52,117 - INFO - Epoch 43: Loss = 1.2598
2025-07-26 15:41:52,196 - INFO - Epoch 44: Loss = 1.2504
2025-07-26 15:41:52,273 - INFO - Epoch 45: Loss = 1.2432
2025-07-26 15:41:52,350 - INFO - Epoch 46: Loss = 1.2174
2025-07-26 15:41:52,426 - INFO - Epoch 47: Loss = 1.2122
2025-07-26 15:41:52,503 - INFO - Epoch 48: Loss = 1.2077
2025-07-26 15:41:52,579 - INFO - Epoch 49: Loss = 1.1806
2025-07-26 15:41:52,656 - INFO - Epoch 50: Loss = 1.1708
2025-07-26 15:41:52,733 - INFO - Epoch 51: Loss = 1.1552
2025-07-26 15:41:52,810 - INFO - Epoch 52: Loss = 1.1530
2025-07-26 15:41:52,886 - INFO - Epoch 53: Loss = 1.1317
2025-07-26 15:41:52,963 - INFO - Epoch 54: Loss = 1.1236
2025-07-26 15:41:53,040 - INFO - Epoch 55: Loss = 1.1191
2025-07-26 15:41:53,117 - INFO - Epoch 56: Loss = 1.1093
2025-07-26 15:41:53,194 - INFO - Epoch 57: Loss = 1.0963
2025-07-26 15:41:53,270 - INFO - Epoch 58: Loss = 1.0796
2025-07-26 15:41:53,347 - INFO - Epoch 59: Loss = 1.0721
2025-07-26 15:41:53,423 - INFO - Epoch 60: Loss = 1.0539
2025-07-26 15:41:53,500 - INFO - Epoch 61: Loss = 1.0488
2025-07-26 15:41:53,576 - INFO - Epoch 62: Loss = 1.0335
2025-07-26 15:41:53,653 - INFO - Epoch 63: Loss = 1.0271
2025-07-26 15:41:53,729 - INFO - Epoch 64: Loss = 1.0167
2025-07-26 15:41:53,806 - INFO - Epoch 65: Loss = 1.0040
2025-07-26 15:41:53,883 - INFO - Epoch 66: Loss = 0.9988
2025-07-26 15:41:53,959 - INFO - Epoch 67: Loss = 0.9843
2025-07-26 15:41:54,037 - INFO - Epoch 68: Loss = 0.9809
2025-07-26 15:41:54,114 - INFO - Epoch 69: Loss = 0.9758
2025-07-26 15:41:54,191 - INFO - Epoch 70: Loss = 0.9594
2025-07-26 15:41:54,268 - INFO - Epoch 71: Loss = 0.9515
2025-07-26 15:41:54,344 - INFO - Epoch 72: Loss = 0.9421
2025-07-26 15:41:54,421 - INFO - Epoch 73: Loss = 0.9307
2025-07-26 15:41:54,498 - INFO - Epoch 74: Loss = 0.9328
2025-07-26 15:41:54,574 - INFO - Epoch 75: Loss = 0.9197
2025-07-26 15:41:54,651 - INFO - Epoch 76: Loss = 0.9105
2025-07-26 15:41:54,728 - INFO - Epoch 77: Loss = 0.9010
2025-07-26 15:41:54,804 - INFO - Epoch 78: Loss = 0.8918
2025-07-26 15:41:54,881 - INFO - Epoch 79: Loss = 0.8816
2025-07-26 15:41:54,958 - INFO - Epoch 80: Loss = 0.8739
2025-07-26 15:41:55,035 - INFO - Epoch 81: Loss = 0.8696
2025-07-26 15:41:55,112 - INFO - Epoch 82: Loss = 0.8585
2025-07-26 15:41:55,189 - INFO - Epoch 83: Loss = 0.8511
2025-07-26 15:41:55,266 - INFO - Epoch 84: Loss = 0.8462
2025-07-26 15:41:55,342 - INFO - Epoch 85: Loss = 0.8361
2025-07-26 15:41:55,419 - INFO - Epoch 86: Loss = 0.8307
2025-07-26 15:41:55,496 - INFO - Epoch 87: Loss = 0.8169
2025-07-26 15:41:55,573 - INFO - Epoch 88: Loss = 0.8206
2025-07-26 15:41:55,649 - INFO - Epoch 89: Loss = 0.8023
2025-07-26 15:41:55,726 - INFO - Epoch 90: Loss = 0.8012
2025-07-26 15:41:55,803 - INFO - Epoch 91: Loss = 0.7950
2025-07-26 15:41:55,879 - INFO - Epoch 92: Loss = 0.7880
2025-07-26 15:41:55,956 - INFO - Epoch 93: Loss = 0.7891
2025-07-26 15:41:56,033 - INFO - Epoch 94: Loss = 0.7745
2025-07-26 15:41:56,110 - INFO - Epoch 95: Loss = 0.7663
2025-07-26 15:41:56,187 - INFO - Epoch 96: Loss = 0.7656
2025-07-26 15:41:56,264 - INFO - Epoch 97: Loss = 0.7486
2025-07-26 15:41:56,341 - INFO - Epoch 98: Loss = 0.7478
2025-07-26 15:41:56,417 - INFO - Epoch 99: Loss = 0.7530
2025-07-26 15:41:56,494 - INFO - Epoch 100: Loss = 0.7360
2025-07-26 15:41:56,570 - INFO - Epoch 101: Loss = 0.7307
2025-07-26 15:41:56,647 - INFO - Epoch 102: Loss = 0.7227
2025-07-26 15:41:56,723 - INFO - Epoch 103: Loss = 0.7200
2025-07-26 15:41:56,800 - INFO - Epoch 104: Loss = 0.7208
2025-07-26 15:41:56,876 - INFO - Epoch 105: Loss = 0.7058
2025-07-26 15:41:56,953 - INFO - Epoch 106: Loss = 0.7070
2025-07-26 15:41:57,030 - INFO - Epoch 107: Loss = 0.7010
2025-07-26 15:41:57,106 - INFO - Epoch 108: Loss = 0.6911
2025-07-26 15:41:57,183 - INFO - Epoch 109: Loss = 0.6879
2025-07-26 15:41:57,261 - INFO - Epoch 110: Loss = 0.6844
2025-07-26 15:41:57,338 - INFO - Epoch 111: Loss = 0.6725
2025-07-26 15:41:57,414 - INFO - Epoch 112: Loss = 0.6678
2025-07-26 15:41:57,491 - INFO - Epoch 113: Loss = 0.6719
2025-07-26 15:41:57,568 - INFO - Epoch 114: Loss = 0.6657
2025-07-26 15:41:57,645 - INFO - Epoch 115: Loss = 0.6564
2025-07-26 15:41:57,722 - INFO - Epoch 116: Loss = 0.6567
2025-07-26 15:41:57,799 - INFO - Epoch 117: Loss = 0.6408
2025-07-26 15:41:57,876 - INFO - Epoch 118: Loss = 0.6412
2025-07-26 15:41:57,952 - INFO - Epoch 119: Loss = 0.6290
2025-07-26 15:41:58,029 - INFO - Epoch 120: Loss = 0.6345
2025-07-26 15:41:58,106 - INFO - Epoch 121: Loss = 0.6288
2025-07-26 15:41:58,182 - INFO - Epoch 122: Loss = 0.6200
2025-07-26 15:41:58,259 - INFO - Epoch 123: Loss = 0.6106
2025-07-26 15:41:58,336 - INFO - Epoch 124: Loss = 0.6076
2025-07-26 15:41:58,412 - INFO - Epoch 125: Loss = 0.6083
2025-07-26 15:41:58,490 - INFO - Epoch 126: Loss = 0.6044
2025-07-26 15:41:58,567 - INFO - Epoch 127: Loss = 0.5989
2025-07-26 15:41:58,644 - INFO - Epoch 128: Loss = 0.6028
2025-07-26 15:41:58,721 - INFO - Epoch 129: Loss = 0.5904
2025-07-26 15:41:58,797 - INFO - Epoch 130: Loss = 0.5939
2025-07-26 15:41:58,874 - INFO - Epoch 131: Loss = 0.5835
2025-07-26 15:41:58,951 - INFO - Epoch 132: Loss = 0.5873
2025-07-26 15:41:59,027 - INFO - Epoch 133: Loss = 0.5806
2025-07-26 15:41:59,104 - INFO - Epoch 134: Loss = 0.5713
2025-07-26 15:41:59,181 - INFO - Epoch 135: Loss = 0.5586
2025-07-26 15:41:59,258 - INFO - Epoch 136: Loss = 0.5589
2025-07-26 15:41:59,334 - INFO - Epoch 137: Loss = 0.5588
2025-07-26 15:41:59,411 - INFO - Epoch 138: Loss = 0.5484
2025-07-26 15:41:59,488 - INFO - Epoch 139: Loss = 0.5516
2025-07-26 15:41:59,564 - INFO - Epoch 140: Loss = 0.5455
2025-07-26 15:41:59,641 - INFO - Epoch 141: Loss = 0.5358
2025-07-26 15:41:59,719 - INFO - Epoch 142: Loss = 0.5358
2025-07-26 15:41:59,796 - INFO - Epoch 143: Loss = 0.5348
2025-07-26 15:41:59,873 - INFO - Epoch 144: Loss = 0.5252
2025-07-26 15:41:59,950 - INFO - Epoch 145: Loss = 0.5299
2025-07-26 15:42:00,026 - INFO - Epoch 146: Loss = 0.5213
2025-07-26 15:42:00,103 - INFO - Epoch 147: Loss = 0.5198
2025-07-26 15:42:00,180 - INFO - Epoch 148: Loss = 0.5179
2025-07-26 15:42:00,257 - INFO - Epoch 149: Loss = 0.5100
2025-07-26 15:42:00,334 - INFO - Epoch 150: Loss = 0.5022
2025-07-26 15:42:00,410 - INFO - Epoch 151: Loss = 0.5028
2025-07-26 15:42:00,487 - INFO - Epoch 152: Loss = 0.4991
2025-07-26 15:42:00,564 - INFO - Epoch 153: Loss = 0.4988
2025-07-26 15:42:00,640 - INFO - Epoch 154: Loss = 0.4934
2025-07-26 15:42:00,717 - INFO - Epoch 155: Loss = 0.4897
2025-07-26 15:42:00,794 - INFO - Epoch 156: Loss = 0.4809
2025-07-26 15:42:00,871 - INFO - Epoch 157: Loss = 0.4815
2025-07-26 15:42:00,947 - INFO - Epoch 158: Loss = 0.4742
2025-07-26 15:42:01,024 - INFO - Epoch 159: Loss = 0.4779
2025-07-26 15:42:01,101 - INFO - Epoch 160: Loss = 0.4797
2025-07-26 15:42:01,179 - INFO - Epoch 161: Loss = 0.4722
2025-07-26 15:42:01,256 - INFO - Epoch 162: Loss = 0.4633
2025-07-26 15:42:01,333 - INFO - Epoch 163: Loss = 0.4633
2025-07-26 15:42:01,410 - INFO - Epoch 164: Loss = 0.4676
2025-07-26 15:42:01,486 - INFO - Epoch 165: Loss = 0.4619
2025-07-26 15:42:01,563 - INFO - Epoch 166: Loss = 0.4510
2025-07-26 15:42:01,640 - INFO - Epoch 167: Loss = 0.4470
2025-07-26 15:42:01,717 - INFO - Epoch 168: Loss = 0.4622
2025-07-26 15:42:01,793 - INFO - Epoch 169: Loss = 0.4455
2025-07-26 15:42:01,870 - INFO - Epoch 170: Loss = 0.4397
2025-07-26 15:42:01,947 - INFO - Epoch 171: Loss = 0.4360
2025-07-26 15:42:02,023 - INFO - Epoch 172: Loss = 0.4364
2025-07-26 15:42:02,100 - INFO - Epoch 173: Loss = 0.4352
2025-07-26 15:42:02,177 - INFO - Epoch 174: Loss = 0.4408
2025-07-26 15:42:02,254 - INFO - Epoch 175: Loss = 0.4305
2025-07-26 15:42:02,330 - INFO - Epoch 176: Loss = 0.4216
2025-07-26 15:42:02,407 - INFO - Epoch 177: Loss = 0.4219
2025-07-26 15:42:02,484 - INFO - Epoch 178: Loss = 0.4242
2025-07-26 15:42:02,561 - INFO - Epoch 179: Loss = 0.4199
2025-07-26 15:42:02,638 - INFO - Epoch 180: Loss = 0.4121
2025-07-26 15:42:02,715 - INFO - Epoch 181: Loss = 0.4155
2025-07-26 15:42:02,792 - INFO - Epoch 182: Loss = 0.4142
2025-07-26 15:42:02,868 - INFO - Epoch 183: Loss = 0.4095
2025-07-26 15:42:02,945 - INFO - Epoch 184: Loss = 0.4017
2025-07-26 15:42:03,022 - INFO - Epoch 185: Loss = 0.3970
2025-07-26 15:42:03,099 - INFO - Epoch 186: Loss = 0.4056
2025-07-26 15:42:03,175 - INFO - Epoch 187: Loss = 0.3952
2025-07-26 15:42:03,252 - INFO - Epoch 188: Loss = 0.3915
2025-07-26 15:42:03,329 - INFO - Epoch 189: Loss = 0.3874
2025-07-26 15:42:03,406 - INFO - Epoch 190: Loss = 0.3819
2025-07-26 15:42:03,482 - INFO - Epoch 191: Loss = 0.3825
2025-07-26 15:42:03,559 - INFO - Epoch 192: Loss = 0.3807
2025-07-26 15:42:03,636 - INFO - Epoch 193: Loss = 0.3730
2025-07-26 15:42:03,712 - INFO - Epoch 194: Loss = 0.3757
2025-07-26 15:42:03,789 - INFO - Epoch 195: Loss = 0.3643
2025-07-26 15:42:03,866 - INFO - Epoch 196: Loss = 0.3650
2025-07-26 15:42:03,942 - INFO - Epoch 197: Loss = 0.3625
2025-07-26 15:42:04,019 - INFO - Epoch 198: Loss = 0.3681
2025-07-26 15:42:04,097 - INFO - Epoch 199: Loss = 0.3572
2025-07-26 15:42:04,174 - INFO - Epoch 200: Loss = 0.3572
2025-07-26 15:42:04,250 - INFO - Epoch 201: Loss = 0.3480
2025-07-26 15:42:04,327 - INFO - Epoch 202: Loss = 0.3535
2025-07-26 15:42:04,404 - INFO - Epoch 203: Loss = 0.3576
2025-07-26 15:42:04,480 - INFO - Epoch 204: Loss = 0.3510
2025-07-26 15:42:04,557 - INFO - Epoch 205: Loss = 0.3486
2025-07-26 15:42:04,634 - INFO - Epoch 206: Loss = 0.3456
2025-07-26 15:42:04,710 - INFO - Epoch 207: Loss = 0.3446
2025-07-26 15:42:04,787 - INFO - Epoch 208: Loss = 0.3349
2025-07-26 15:42:04,864 - INFO - Epoch 209: Loss = 0.3354
2025-07-26 15:42:04,940 - INFO - Epoch 210: Loss = 0.3260
2025-07-26 15:42:05,017 - INFO - Epoch 211: Loss = 0.3301
2025-07-26 15:42:05,094 - INFO - Epoch 212: Loss = 0.3261
2025-07-26 15:42:05,170 - INFO - Epoch 213: Loss = 0.3259
2025-07-26 15:42:05,247 - INFO - Epoch 214: Loss = 0.3210
2025-07-26 15:42:05,323 - INFO - Epoch 215: Loss = 0.3181
2025-07-26 15:42:05,400 - INFO - Epoch 216: Loss = 0.3229
2025-07-26 15:42:05,477 - INFO - Epoch 217: Loss = 0.3123
2025-07-26 15:42:05,553 - INFO - Epoch 218: Loss = 0.3162
2025-07-26 15:42:05,630 - INFO - Epoch 219: Loss = 0.3105
2025-07-26 15:42:05,707 - INFO - Epoch 220: Loss = 0.3091
2025-07-26 15:42:05,784 - INFO - Epoch 221: Loss = 0.3113
2025-07-26 15:42:05,861 - INFO - Epoch 222: Loss = 0.3014
2025-07-26 15:42:05,938 - INFO - Epoch 223: Loss = 0.3018
2025-07-26 15:42:06,015 - INFO - Epoch 224: Loss = 0.3102
2025-07-26 15:42:06,092 - INFO - Epoch 225: Loss = 0.2970
2025-07-26 15:42:06,169 - INFO - Epoch 226: Loss = 0.2937
2025-07-26 15:42:06,245 - INFO - Epoch 227: Loss = 0.2950
2025-07-26 15:42:06,322 - INFO - Epoch 228: Loss = 0.2967
2025-07-26 15:42:06,398 - INFO - Epoch 229: Loss = 0.2994
2025-07-26 15:42:06,475 - INFO - Epoch 230: Loss = 0.2853
2025-07-26 15:42:06,552 - INFO - Epoch 231: Loss = 0.2881
2025-07-26 15:42:06,629 - INFO - Epoch 232: Loss = 0.2864
2025-07-26 15:42:06,705 - INFO - Epoch 233: Loss = 0.2793
2025-07-26 15:42:06,782 - INFO - Epoch 234: Loss = 0.2839
2025-07-26 15:42:06,859 - INFO - Epoch 235: Loss = 0.2809
2025-07-26 15:42:06,935 - INFO - Epoch 236: Loss = 0.2720
2025-07-26 15:42:07,012 - INFO - Epoch 237: Loss = 0.2775
2025-07-26 15:42:07,089 - INFO - Epoch 238: Loss = 0.2675
2025-07-26 15:42:07,166 - INFO - Epoch 239: Loss = 0.2733
2025-07-26 15:42:07,242 - INFO - Epoch 240: Loss = 0.2661
2025-07-26 15:42:07,319 - INFO - Epoch 241: Loss = 0.2611
2025-07-26 15:42:07,395 - INFO - Epoch 242: Loss = 0.2585
2025-07-26 15:42:07,472 - INFO - Epoch 243: Loss = 0.2674
2025-07-26 15:42:07,550 - INFO - Epoch 244: Loss = 0.2576
2025-07-26 15:42:07,627 - INFO - Epoch 245: Loss = 0.2541
2025-07-26 15:42:07,704 - INFO - Epoch 246: Loss = 0.2552
2025-07-26 15:42:07,781 - INFO - Epoch 247: Loss = 0.2508
2025-07-26 15:42:07,857 - INFO - Epoch 248: Loss = 0.2549
2025-07-26 15:42:07,934 - INFO - Epoch 249: Loss = 0.2564
2025-07-26 15:42:08,011 - INFO - Epoch 250: Loss = 0.2536
2025-07-26 15:42:08,087 - INFO - Epoch 251: Loss = 0.2518
2025-07-26 15:42:08,164 - INFO - Epoch 252: Loss = 0.2480
2025-07-26 15:42:08,241 - INFO - Epoch 253: Loss = 0.2442
2025-07-26 15:42:08,318 - INFO - Epoch 254: Loss = 0.2402
2025-07-26 15:42:08,394 - INFO - Epoch 255: Loss = 0.2463
2025-07-26 15:42:08,471 - INFO - Epoch 256: Loss = 0.2444
2025-07-26 15:42:08,494 - INFO - Test: Loss = 0.2446, Accuracy = 87.91%
2025-07-26 15:42:08,494 - INFO - [Gradient Run 1] Training time: 22.13s
