2025-07-27 11:26:52,118 - INFO - ------------------------------------Gradient-------------------------------------------
2025-07-27 11:26:52,118 - INFO - [Gradient Run 1] Starting
2025-07-27 11:26:54,419 - INFO - Training on device: cuda
2025-07-27 11:26:54,789 - INFO - Epoch 01: Loss = 2.3539
2025-07-27 11:26:54,912 - INFO - Epoch 02: Loss = 2.3387
2025-07-27 11:26:55,033 - INFO - Epoch 03: Loss = 2.3225
2025-07-27 11:26:55,155 - INFO - Epoch 04: Loss = 2.3056
2025-07-27 11:26:55,280 - INFO - Epoch 05: Loss = 2.2849
2025-07-27 11:26:55,401 - INFO - Epoch 06: Loss = 2.2646
2025-07-27 11:26:55,523 - INFO - Epoch 07: Loss = 2.2477
2025-07-27 11:26:55,644 - INFO - Epoch 08: Loss = 2.2336
2025-07-27 11:26:55,766 - INFO - Epoch 09: Loss = 2.2224
2025-07-27 11:26:55,887 - INFO - Epoch 10: Loss = 2.2110
2025-07-27 11:26:56,008 - INFO - Epoch 11: Loss = 2.2007
2025-07-27 11:26:56,129 - INFO - Epoch 12: Loss = 2.1903
2025-07-27 11:26:56,252 - INFO - Epoch 13: Loss = 2.1800
2025-07-27 11:26:56,374 - INFO - Epoch 14: Loss = 2.1709
2025-07-27 11:26:56,495 - INFO - Epoch 15: Loss = 2.1620
2025-07-27 11:26:56,616 - INFO - Epoch 16: Loss = 2.1542
2025-07-27 11:26:56,737 - INFO - Epoch 17: Loss = 2.1458
2025-07-27 11:26:56,858 - INFO - Epoch 18: Loss = 2.1382
2025-07-27 11:26:56,979 - INFO - Epoch 19: Loss = 2.1307
2025-07-27 11:26:57,100 - INFO - Epoch 20: Loss = 2.1233
2025-07-27 11:26:57,223 - INFO - Epoch 21: Loss = 2.1161
2025-07-27 11:26:57,345 - INFO - Epoch 22: Loss = 2.1055
2025-07-27 11:26:57,466 - INFO - Epoch 23: Loss = 2.0971
2025-07-27 11:26:57,587 - INFO - Epoch 24: Loss = 2.0896
2025-07-27 11:26:57,708 - INFO - Epoch 25: Loss = 2.0827
2025-07-27 11:26:57,829 - INFO - Epoch 26: Loss = 2.0775
2025-07-27 11:26:57,949 - INFO - Epoch 27: Loss = 2.0725
2025-07-27 11:26:58,071 - INFO - Epoch 28: Loss = 2.0666
2025-07-27 11:26:58,194 - INFO - Epoch 29: Loss = 2.0613
2025-07-27 11:26:58,315 - INFO - Epoch 30: Loss = 2.0557
2025-07-27 11:26:58,436 - INFO - Epoch 31: Loss = 2.0506
2025-07-27 11:26:58,557 - INFO - Epoch 32: Loss = 2.0432
2025-07-27 11:26:58,678 - INFO - Epoch 33: Loss = 2.0385
2025-07-27 11:26:58,799 - INFO - Epoch 34: Loss = 2.0354
2025-07-27 11:26:58,920 - INFO - Epoch 35: Loss = 2.0312
2025-07-27 11:26:59,042 - INFO - Epoch 36: Loss = 2.0266
2025-07-27 11:26:59,163 - INFO - Epoch 37: Loss = 2.0223
2025-07-27 11:26:59,284 - INFO - Epoch 38: Loss = 2.0187
2025-07-27 11:26:59,405 - INFO - Epoch 39: Loss = 2.0153
2025-07-27 11:26:59,526 - INFO - Epoch 40: Loss = 2.0104
2025-07-27 11:26:59,648 - INFO - Epoch 41: Loss = 2.0065
2025-07-27 11:26:59,770 - INFO - Epoch 42: Loss = 2.0025
2025-07-27 11:26:59,890 - INFO - Epoch 43: Loss = 1.9987
2025-07-27 11:27:00,011 - INFO - Epoch 44: Loss = 1.9942
2025-07-27 11:27:00,132 - INFO - Epoch 45: Loss = 1.9929
2025-07-27 11:27:00,255 - INFO - Epoch 46: Loss = 1.9878
2025-07-27 11:27:00,376 - INFO - Epoch 47: Loss = 1.9883
2025-07-27 11:27:00,497 - INFO - Epoch 48: Loss = 1.9841
2025-07-27 11:27:00,618 - INFO - Epoch 49: Loss = 1.9802
2025-07-27 11:27:00,740 - INFO - Epoch 50: Loss = 1.9789
2025-07-27 11:27:00,860 - INFO - Epoch 51: Loss = 1.9758
2025-07-27 11:27:00,982 - INFO - Epoch 52: Loss = 1.9750
2025-07-27 11:27:01,103 - INFO - Epoch 53: Loss = 1.9738
2025-07-27 11:27:01,224 - INFO - Epoch 54: Loss = 1.9690
2025-07-27 11:27:01,346 - INFO - Epoch 55: Loss = 1.9685
2025-07-27 11:27:01,468 - INFO - Epoch 56: Loss = 1.9650
2025-07-27 11:27:01,589 - INFO - Epoch 57: Loss = 1.9638
2025-07-27 11:27:01,710 - INFO - Epoch 58: Loss = 1.9625
2025-07-27 11:27:01,831 - INFO - Epoch 59: Loss = 1.9595
2025-07-27 11:27:01,952 - INFO - Epoch 60: Loss = 1.9574
2025-07-27 11:27:02,073 - INFO - Epoch 61: Loss = 1.9556
2025-07-27 11:27:02,194 - INFO - Epoch 62: Loss = 1.9562
2025-07-27 11:27:02,315 - INFO - Epoch 63: Loss = 1.9511
2025-07-27 11:27:02,437 - INFO - Epoch 64: Loss = 1.9515
2025-07-27 11:27:02,558 - INFO - Epoch 65: Loss = 1.9480
2025-07-27 11:27:02,679 - INFO - Epoch 66: Loss = 1.9462
2025-07-27 11:27:02,800 - INFO - Epoch 67: Loss = 1.9454
2025-07-27 11:27:02,922 - INFO - Epoch 68: Loss = 1.9435
2025-07-27 11:27:03,043 - INFO - Epoch 69: Loss = 1.9435
2025-07-27 11:27:03,164 - INFO - Epoch 70: Loss = 1.9386
2025-07-27 11:27:03,285 - INFO - Epoch 71: Loss = 1.9398
2025-07-27 11:27:03,406 - INFO - Epoch 72: Loss = 1.9394
2025-07-27 11:27:03,527 - INFO - Epoch 73: Loss = 1.9366
2025-07-27 11:27:03,648 - INFO - Epoch 74: Loss = 1.9359
2025-07-27 11:27:03,771 - INFO - Epoch 75: Loss = 1.9327
2025-07-27 11:27:03,892 - INFO - Epoch 76: Loss = 1.9313
2025-07-27 11:27:04,013 - INFO - Epoch 77: Loss = 1.9287
2025-07-27 11:27:04,134 - INFO - Epoch 78: Loss = 1.9288
2025-07-27 11:27:04,255 - INFO - Epoch 79: Loss = 1.9287
2025-07-27 11:27:04,376 - INFO - Epoch 80: Loss = 1.9269
2025-07-27 11:27:04,497 - INFO - Epoch 81: Loss = 1.9250
2025-07-27 11:27:04,618 - INFO - Epoch 82: Loss = 1.9240
2025-07-27 11:27:04,739 - INFO - Epoch 83: Loss = 1.9218
2025-07-27 11:27:04,860 - INFO - Epoch 84: Loss = 1.9211
2025-07-27 11:27:04,981 - INFO - Epoch 85: Loss = 1.9192
2025-07-27 11:27:05,103 - INFO - Epoch 86: Loss = 1.9166
2025-07-27 11:27:05,224 - INFO - Epoch 87: Loss = 1.9155
2025-07-27 11:27:05,346 - INFO - Epoch 88: Loss = 1.9145
2025-07-27 11:27:05,467 - INFO - Epoch 89: Loss = 1.9139
2025-07-27 11:27:05,587 - INFO - Epoch 90: Loss = 1.9132
2025-07-27 11:27:05,708 - INFO - Epoch 91: Loss = 1.9104
2025-07-27 11:27:05,830 - INFO - Epoch 92: Loss = 1.9091
2025-07-27 11:27:05,951 - INFO - Epoch 93: Loss = 1.9063
2025-07-27 11:27:06,072 - INFO - Epoch 94: Loss = 1.9044
2025-07-27 11:27:06,193 - INFO - Epoch 95: Loss = 1.9013
2025-07-27 11:27:06,314 - INFO - Epoch 96: Loss = 1.9012
2025-07-27 11:27:06,436 - INFO - Epoch 97: Loss = 1.8984
2025-07-27 11:27:06,557 - INFO - Epoch 98: Loss = 1.8970
2025-07-27 11:27:06,678 - INFO - Epoch 99: Loss = 1.8956
2025-07-27 11:27:06,799 - INFO - Epoch 100: Loss = 1.8922
2025-07-27 11:27:06,920 - INFO - Epoch 101: Loss = 1.8893
2025-07-27 11:27:07,041 - INFO - Epoch 102: Loss = 1.8845
2025-07-27 11:27:07,162 - INFO - Epoch 103: Loss = 1.8827
2025-07-27 11:27:07,283 - INFO - Epoch 104: Loss = 1.8767
2025-07-27 11:27:07,404 - INFO - Epoch 105: Loss = 1.8742
2025-07-27 11:27:07,525 - INFO - Epoch 106: Loss = 1.8744
2025-07-27 11:27:07,646 - INFO - Epoch 107: Loss = 1.8678
2025-07-27 11:27:07,767 - INFO - Epoch 108: Loss = 1.8637
2025-07-27 11:27:07,888 - INFO - Epoch 109: Loss = 1.8615
2025-07-27 11:27:08,010 - INFO - Epoch 110: Loss = 1.8564
2025-07-27 11:27:08,132 - INFO - Epoch 111: Loss = 1.8545
2025-07-27 11:27:08,253 - INFO - Epoch 112: Loss = 1.8495
2025-07-27 11:27:08,374 - INFO - Epoch 113: Loss = 1.8465
2025-07-27 11:27:08,495 - INFO - Epoch 114: Loss = 1.8441
2025-07-27 11:27:08,616 - INFO - Epoch 115: Loss = 1.8420
2025-07-27 11:27:08,737 - INFO - Epoch 116: Loss = 1.8367
2025-07-27 11:27:08,858 - INFO - Epoch 117: Loss = 1.8362
2025-07-27 11:27:08,979 - INFO - Epoch 118: Loss = 1.8350
2025-07-27 11:27:09,101 - INFO - Epoch 119: Loss = 1.8290
2025-07-27 11:27:09,221 - INFO - Epoch 120: Loss = 1.8265
2025-07-27 11:27:09,343 - INFO - Epoch 121: Loss = 1.8239
2025-07-27 11:27:09,464 - INFO - Epoch 122: Loss = 1.8232
2025-07-27 11:27:09,586 - INFO - Epoch 123: Loss = 1.8210
2025-07-27 11:27:09,707 - INFO - Epoch 124: Loss = 1.8174
2025-07-27 11:27:09,828 - INFO - Epoch 125: Loss = 1.8131
2025-07-27 11:27:09,949 - INFO - Epoch 126: Loss = 1.8123
2025-07-27 11:27:10,070 - INFO - Epoch 127: Loss = 1.8108
2025-07-27 11:27:10,191 - INFO - Epoch 128: Loss = 1.8078
2025-07-27 11:27:10,312 - INFO - Epoch 129: Loss = 1.8065
2025-07-27 11:27:10,433 - INFO - Epoch 130: Loss = 1.8050
2025-07-27 11:27:10,554 - INFO - Epoch 131: Loss = 1.8006
2025-07-27 11:27:10,675 - INFO - Epoch 132: Loss = 1.7996
2025-07-27 11:27:10,796 - INFO - Epoch 133: Loss = 1.7946
2025-07-27 11:27:10,917 - INFO - Epoch 134: Loss = 1.7953
2025-07-27 11:27:11,038 - INFO - Epoch 135: Loss = 1.7890
2025-07-27 11:27:11,160 - INFO - Epoch 136: Loss = 1.7916
2025-07-27 11:27:11,282 - INFO - Epoch 137: Loss = 1.7880
2025-07-27 11:27:11,403 - INFO - Epoch 138: Loss = 1.7888
2025-07-27 11:27:11,524 - INFO - Epoch 139: Loss = 1.7871
2025-07-27 11:27:11,645 - INFO - Epoch 140: Loss = 1.7849
2025-07-27 11:27:11,766 - INFO - Epoch 141: Loss = 1.7844
2025-07-27 11:27:11,887 - INFO - Epoch 142: Loss = 1.7810
2025-07-27 11:27:12,008 - INFO - Epoch 143: Loss = 1.7799
2025-07-27 11:27:12,129 - INFO - Epoch 144: Loss = 1.7784
2025-07-27 11:27:12,250 - INFO - Epoch 145: Loss = 1.7745
2025-07-27 11:27:12,371 - INFO - Epoch 146: Loss = 1.7737
2025-07-27 11:27:12,492 - INFO - Epoch 147: Loss = 1.7754
2025-07-27 11:27:12,613 - INFO - Epoch 148: Loss = 1.7759
2025-07-27 11:27:12,734 - INFO - Epoch 149: Loss = 1.7709
2025-07-27 11:27:12,855 - INFO - Epoch 150: Loss = 1.7737
2025-07-27 11:27:12,977 - INFO - Epoch 151: Loss = 1.7748
2025-07-27 11:27:13,099 - INFO - Epoch 152: Loss = 1.7747
2025-07-27 11:27:13,220 - INFO - Epoch 153: Loss = 1.7690
2025-07-27 11:27:13,341 - INFO - Epoch 154: Loss = 1.7666
2025-07-27 11:27:13,462 - INFO - Epoch 155: Loss = 1.7660
2025-07-27 11:27:13,583 - INFO - Epoch 156: Loss = 1.7699
2025-07-27 11:27:13,704 - INFO - Epoch 157: Loss = 1.7670
2025-07-27 11:27:13,825 - INFO - Epoch 158: Loss = 1.7645
2025-07-27 11:27:13,947 - INFO - Epoch 159: Loss = 1.7640
2025-07-27 11:27:14,068 - INFO - Epoch 160: Loss = 1.7633
2025-07-27 11:27:14,189 - INFO - Epoch 161: Loss = 1.7635
2025-07-27 11:27:14,310 - INFO - Epoch 162: Loss = 1.7613
2025-07-27 11:27:14,431 - INFO - Epoch 163: Loss = 1.7655
2025-07-27 11:27:14,552 - INFO - Epoch 164: Loss = 1.7604
2025-07-27 11:27:14,673 - INFO - Epoch 165: Loss = 1.7585
2025-07-27 11:27:14,794 - INFO - Epoch 166: Loss = 1.7590
2025-07-27 11:27:14,917 - INFO - Epoch 167: Loss = 1.7581
2025-07-27 11:27:15,038 - INFO - Epoch 168: Loss = 1.7621
2025-07-27 11:27:15,159 - INFO - Epoch 169: Loss = 1.7582
2025-07-27 11:27:15,280 - INFO - Epoch 170: Loss = 1.7583
2025-07-27 11:27:15,401 - INFO - Epoch 171: Loss = 1.7610
2025-07-27 11:27:15,523 - INFO - Epoch 172: Loss = 1.7568
2025-07-27 11:27:15,644 - INFO - Epoch 173: Loss = 1.7639
2025-07-27 11:27:15,765 - INFO - Epoch 174: Loss = 1.7537
2025-07-27 11:27:15,886 - INFO - Epoch 175: Loss = 1.7556
2025-07-27 11:27:16,007 - INFO - Epoch 176: Loss = 1.7587
2025-07-27 11:27:16,129 - INFO - Epoch 177: Loss = 1.7530
2025-07-27 11:27:16,250 - INFO - Epoch 178: Loss = 1.7572
2025-07-27 11:27:16,371 - INFO - Epoch 179: Loss = 1.7583
2025-07-27 11:27:16,492 - INFO - Epoch 180: Loss = 1.7556
2025-07-27 11:27:16,613 - INFO - Epoch 181: Loss = 1.7514
2025-07-27 11:27:16,735 - INFO - Epoch 182: Loss = 1.7594
2025-07-27 11:27:16,856 - INFO - Epoch 183: Loss = 1.7540
2025-07-27 11:27:16,978 - INFO - Epoch 184: Loss = 1.7527
2025-07-27 11:27:17,099 - INFO - Epoch 185: Loss = 1.7541
2025-07-27 11:27:17,220 - INFO - Epoch 186: Loss = 1.7546
2025-07-27 11:27:17,341 - INFO - Epoch 187: Loss = 1.7495
2025-07-27 11:27:17,462 - INFO - Epoch 188: Loss = 1.7496
2025-07-27 11:27:17,583 - INFO - Epoch 189: Loss = 1.7539
2025-07-27 11:27:17,705 - INFO - Epoch 190: Loss = 1.7514
2025-07-27 11:27:17,826 - INFO - Epoch 191: Loss = 1.7546
2025-07-27 11:27:17,947 - INFO - Epoch 192: Loss = 1.7511
2025-07-27 11:27:18,068 - INFO - Epoch 193: Loss = 1.7465
2025-07-27 11:27:18,190 - INFO - Epoch 194: Loss = 1.7478
2025-07-27 11:27:18,311 - INFO - Epoch 195: Loss = 1.7487
2025-07-27 11:27:18,433 - INFO - Epoch 196: Loss = 1.7491
2025-07-27 11:27:18,554 - INFO - Epoch 197: Loss = 1.7436
2025-07-27 11:27:18,675 - INFO - Epoch 198: Loss = 1.7457
2025-07-27 11:27:18,797 - INFO - Epoch 199: Loss = 1.7450
2025-07-27 11:27:18,918 - INFO - Epoch 200: Loss = 1.7444
2025-07-27 11:27:19,040 - INFO - Epoch 201: Loss = 1.7502
2025-07-27 11:27:19,162 - INFO - Epoch 202: Loss = 1.7476
2025-07-27 11:27:19,283 - INFO - Epoch 203: Loss = 1.7462
2025-07-27 11:27:19,405 - INFO - Epoch 204: Loss = 1.7457
2025-07-27 11:27:19,526 - INFO - Epoch 205: Loss = 1.7468
2025-07-27 11:27:19,647 - INFO - Epoch 206: Loss = 1.7468
2025-07-27 11:27:19,768 - INFO - Epoch 207: Loss = 1.7506
2025-07-27 11:27:19,889 - INFO - Epoch 208: Loss = 1.7475
2025-07-27 11:27:20,010 - INFO - Epoch 209: Loss = 1.7465
2025-07-27 11:27:20,132 - INFO - Epoch 210: Loss = 1.7461
2025-07-27 11:27:20,253 - INFO - Epoch 211: Loss = 1.7549
2025-07-27 11:27:20,374 - INFO - Epoch 212: Loss = 1.7484
2025-07-27 11:27:20,495 - INFO - Epoch 213: Loss = 1.7488
2025-07-27 11:27:20,617 - INFO - Epoch 214: Loss = 1.7493
2025-07-27 11:27:20,738 - INFO - Epoch 215: Loss = 1.7446
2025-07-27 11:27:20,859 - INFO - Epoch 216: Loss = 1.7455
2025-07-27 11:27:20,980 - INFO - Epoch 217: Loss = 1.7431
2025-07-27 11:27:21,101 - INFO - Epoch 218: Loss = 1.7477
2025-07-27 11:27:21,223 - INFO - Epoch 219: Loss = 1.7418
2025-07-27 11:27:21,346 - INFO - Epoch 220: Loss = 1.7507
2025-07-27 11:27:21,468 - INFO - Epoch 221: Loss = 1.7407
2025-07-27 11:27:21,589 - INFO - Epoch 222: Loss = 1.7443
2025-07-27 11:27:21,710 - INFO - Epoch 223: Loss = 1.7421
2025-07-27 11:27:21,831 - INFO - Epoch 224: Loss = 1.7442
2025-07-27 11:27:21,953 - INFO - Epoch 225: Loss = 1.7425
2025-07-27 11:27:22,074 - INFO - Epoch 226: Loss = 1.7454
2025-07-27 11:27:22,196 - INFO - Epoch 227: Loss = 1.7500
2025-07-27 11:27:22,317 - INFO - Epoch 228: Loss = 1.7433
2025-07-27 11:27:22,438 - INFO - Epoch 229: Loss = 1.7417
2025-07-27 11:27:22,560 - INFO - Epoch 230: Loss = 1.7396
2025-07-27 11:27:22,681 - INFO - Epoch 231: Loss = 1.7404
2025-07-27 11:27:22,802 - INFO - Epoch 232: Loss = 1.7391
2025-07-27 11:27:22,923 - INFO - Epoch 233: Loss = 1.7432
2025-07-27 11:27:23,045 - INFO - Epoch 234: Loss = 1.7419
2025-07-27 11:27:23,166 - INFO - Epoch 235: Loss = 1.7439
2025-07-27 11:27:23,287 - INFO - Epoch 236: Loss = 1.7442
2025-07-27 11:27:23,409 - INFO - Epoch 237: Loss = 1.7550
2025-07-27 11:27:23,531 - INFO - Epoch 238: Loss = 1.7400
2025-07-27 11:27:23,652 - INFO - Epoch 239: Loss = 1.7394
2025-07-27 11:27:23,774 - INFO - Epoch 240: Loss = 1.7367
2025-07-27 11:27:23,895 - INFO - Epoch 241: Loss = 1.7419
2025-07-27 11:27:24,017 - INFO - Epoch 242: Loss = 1.7417
2025-07-27 11:27:24,139 - INFO - Epoch 243: Loss = 1.7402
2025-07-27 11:27:24,260 - INFO - Epoch 244: Loss = 1.7408
2025-07-27 11:27:24,381 - INFO - Epoch 245: Loss = 1.7460
2025-07-27 11:27:24,502 - INFO - Epoch 246: Loss = 1.7366
2025-07-27 11:27:24,623 - INFO - Epoch 247: Loss = 1.7473
2025-07-27 11:27:24,745 - INFO - Epoch 248: Loss = 1.7391
2025-07-27 11:27:24,866 - INFO - Epoch 249: Loss = 1.7357
2025-07-27 11:27:24,987 - INFO - Epoch 250: Loss = 1.7424
2025-07-27 11:27:25,108 - INFO - Epoch 251: Loss = 1.7451
2025-07-27 11:27:25,229 - INFO - Epoch 252: Loss = 1.7384
2025-07-27 11:27:25,350 - INFO - Epoch 253: Loss = 1.7396
2025-07-27 11:27:25,472 - INFO - Epoch 254: Loss = 1.7405
2025-07-27 11:27:25,593 - INFO - Epoch 255: Loss = 1.7494
2025-07-27 11:27:25,714 - INFO - Epoch 256: Loss = 1.7394
2025-07-27 11:27:26,039 - INFO - Test: Loss = 1.7652, Accuracy = 75.90%
2025-07-27 11:27:26,040 - INFO - [Gradient Run 1] Training time: 33.92s
