2025-08-07 14:32:07,802 - INFO - ------------------------------------Gradient-------------------------------------------
2025-08-07 14:32:07,802 - INFO - [Gradient Run 1] Starting
2025-08-07 14:32:13,265 - INFO - Training on device: cuda
2025-08-07 14:32:14,389 - INFO - Epoch 01: KLDiv Loss = 2.3110 | L1 Error = 0.1486 | Cosine Sim = 0.3229
2025-08-07 14:32:14,507 - INFO - Epoch 02: KLDiv Loss = 2.2217 | L1 Error = 0.1469 | Cosine Sim = 0.3522
2025-08-07 14:32:14,624 - INFO - Epoch 03: KLDiv Loss = 2.1312 | L1 Error = 0.1447 | Cosine Sim = 0.3824
2025-08-07 14:32:14,745 - INFO - Epoch 04: KLDiv Loss = 2.0365 | L1 Error = 0.1420 | Cosine Sim = 0.4121
2025-08-07 14:32:14,863 - INFO - Epoch 05: KLDiv Loss = 1.9367 | L1 Error = 0.1388 | Cosine Sim = 0.4408
2025-08-07 14:32:14,981 - INFO - Epoch 06: KLDiv Loss = 1.8479 | L1 Error = 0.1354 | Cosine Sim = 0.4659
2025-08-07 14:32:15,100 - INFO - Epoch 07: KLDiv Loss = 1.7800 | L1 Error = 0.1327 | Cosine Sim = 0.4855
2025-08-07 14:32:15,217 - INFO - Epoch 08: KLDiv Loss = 1.7249 | L1 Error = 0.1303 | Cosine Sim = 0.5020
2025-08-07 14:32:15,335 - INFO - Epoch 09: KLDiv Loss = 1.6741 | L1 Error = 0.1281 | Cosine Sim = 0.5186
2025-08-07 14:32:15,453 - INFO - Epoch 10: KLDiv Loss = 1.6246 | L1 Error = 0.1257 | Cosine Sim = 0.5345
2025-08-07 14:32:15,573 - INFO - Epoch 11: KLDiv Loss = 1.5810 | L1 Error = 0.1236 | Cosine Sim = 0.5478
2025-08-07 14:32:15,690 - INFO - Epoch 12: KLDiv Loss = 1.5381 | L1 Error = 0.1215 | Cosine Sim = 0.5632
2025-08-07 14:32:15,808 - INFO - Epoch 13: KLDiv Loss = 1.4990 | L1 Error = 0.1195 | Cosine Sim = 0.5757
2025-08-07 14:32:15,926 - INFO - Epoch 14: KLDiv Loss = 1.4630 | L1 Error = 0.1175 | Cosine Sim = 0.5871
2025-08-07 14:32:16,045 - INFO - Epoch 15: KLDiv Loss = 1.4257 | L1 Error = 0.1155 | Cosine Sim = 0.5993
2025-08-07 14:32:16,162 - INFO - Epoch 16: KLDiv Loss = 1.3957 | L1 Error = 0.1135 | Cosine Sim = 0.6084
2025-08-07 14:32:16,281 - INFO - Epoch 17: KLDiv Loss = 1.3601 | L1 Error = 0.1115 | Cosine Sim = 0.6194
2025-08-07 14:32:16,399 - INFO - Epoch 18: KLDiv Loss = 1.3289 | L1 Error = 0.1096 | Cosine Sim = 0.6293
2025-08-07 14:32:16,518 - INFO - Epoch 19: KLDiv Loss = 1.2976 | L1 Error = 0.1077 | Cosine Sim = 0.6400
2025-08-07 14:32:16,635 - INFO - Epoch 20: KLDiv Loss = 1.2686 | L1 Error = 0.1056 | Cosine Sim = 0.6479
2025-08-07 14:32:16,756 - INFO - Epoch 21: KLDiv Loss = 1.2429 | L1 Error = 0.1039 | Cosine Sim = 0.6561
2025-08-07 14:32:16,874 - INFO - Epoch 22: KLDiv Loss = 1.2196 | L1 Error = 0.1022 | Cosine Sim = 0.6620
2025-08-07 14:32:16,994 - INFO - Epoch 23: KLDiv Loss = 1.1948 | L1 Error = 0.1003 | Cosine Sim = 0.6698
2025-08-07 14:32:17,111 - INFO - Epoch 24: KLDiv Loss = 1.1711 | L1 Error = 0.0988 | Cosine Sim = 0.6773
2025-08-07 14:32:17,229 - INFO - Epoch 25: KLDiv Loss = 1.1556 | L1 Error = 0.0972 | Cosine Sim = 0.6811
2025-08-07 14:32:17,347 - INFO - Epoch 26: KLDiv Loss = 1.1306 | L1 Error = 0.0957 | Cosine Sim = 0.6882
2025-08-07 14:32:17,464 - INFO - Epoch 27: KLDiv Loss = 1.1153 | L1 Error = 0.0943 | Cosine Sim = 0.6928
2025-08-07 14:32:17,582 - INFO - Epoch 28: KLDiv Loss = 1.0857 | L1 Error = 0.0925 | Cosine Sim = 0.7034
2025-08-07 14:32:17,700 - INFO - Epoch 29: KLDiv Loss = 1.0684 | L1 Error = 0.0910 | Cosine Sim = 0.7076
2025-08-07 14:32:17,819 - INFO - Epoch 30: KLDiv Loss = 1.0536 | L1 Error = 0.0898 | Cosine Sim = 0.7119
2025-08-07 14:32:17,938 - INFO - Epoch 31: KLDiv Loss = 1.0326 | L1 Error = 0.0883 | Cosine Sim = 0.7174
2025-08-07 14:32:18,056 - INFO - Epoch 32: KLDiv Loss = 1.0170 | L1 Error = 0.0867 | Cosine Sim = 0.7225
2025-08-07 14:32:18,174 - INFO - Epoch 33: KLDiv Loss = 1.0031 | L1 Error = 0.0859 | Cosine Sim = 0.7255
2025-08-07 14:32:18,292 - INFO - Epoch 34: KLDiv Loss = 0.9841 | L1 Error = 0.0846 | Cosine Sim = 0.7320
2025-08-07 14:32:18,409 - INFO - Epoch 35: KLDiv Loss = 0.9602 | L1 Error = 0.0829 | Cosine Sim = 0.7388
2025-08-07 14:32:18,527 - INFO - Epoch 36: KLDiv Loss = 0.9612 | L1 Error = 0.0824 | Cosine Sim = 0.7372
2025-08-07 14:32:18,645 - INFO - Epoch 37: KLDiv Loss = 0.9443 | L1 Error = 0.0811 | Cosine Sim = 0.7422
2025-08-07 14:32:18,764 - INFO - Epoch 38: KLDiv Loss = 0.9201 | L1 Error = 0.0794 | Cosine Sim = 0.7480
2025-08-07 14:32:18,881 - INFO - Epoch 39: KLDiv Loss = 0.9105 | L1 Error = 0.0784 | Cosine Sim = 0.7525
2025-08-07 14:32:18,999 - INFO - Epoch 40: KLDiv Loss = 0.8893 | L1 Error = 0.0771 | Cosine Sim = 0.7584
2025-08-07 14:32:19,119 - INFO - Epoch 41: KLDiv Loss = 0.8906 | L1 Error = 0.0765 | Cosine Sim = 0.7570
2025-08-07 14:32:19,239 - INFO - Epoch 42: KLDiv Loss = 0.8701 | L1 Error = 0.0753 | Cosine Sim = 0.7632
2025-08-07 14:32:19,356 - INFO - Epoch 43: KLDiv Loss = 0.8613 | L1 Error = 0.0746 | Cosine Sim = 0.7653
2025-08-07 14:32:19,474 - INFO - Epoch 44: KLDiv Loss = 0.8450 | L1 Error = 0.0732 | Cosine Sim = 0.7691
2025-08-07 14:32:19,592 - INFO - Epoch 45: KLDiv Loss = 0.8284 | L1 Error = 0.0720 | Cosine Sim = 0.7730
2025-08-07 14:32:19,711 - INFO - Epoch 46: KLDiv Loss = 0.8195 | L1 Error = 0.0711 | Cosine Sim = 0.7755
2025-08-07 14:32:19,828 - INFO - Epoch 47: KLDiv Loss = 0.8098 | L1 Error = 0.0704 | Cosine Sim = 0.7791
2025-08-07 14:32:19,946 - INFO - Epoch 48: KLDiv Loss = 0.7923 | L1 Error = 0.0690 | Cosine Sim = 0.7835
2025-08-07 14:32:20,064 - INFO - Epoch 49: KLDiv Loss = 0.7803 | L1 Error = 0.0681 | Cosine Sim = 0.7862
2025-08-07 14:32:20,181 - INFO - Epoch 50: KLDiv Loss = 0.7726 | L1 Error = 0.0673 | Cosine Sim = 0.7881
2025-08-07 14:32:20,298 - INFO - Epoch 51: KLDiv Loss = 0.7612 | L1 Error = 0.0663 | Cosine Sim = 0.7926
2025-08-07 14:32:20,416 - INFO - Epoch 52: KLDiv Loss = 0.7484 | L1 Error = 0.0653 | Cosine Sim = 0.7957
2025-08-07 14:32:20,535 - INFO - Epoch 53: KLDiv Loss = 0.7420 | L1 Error = 0.0648 | Cosine Sim = 0.7950
2025-08-07 14:32:20,652 - INFO - Epoch 54: KLDiv Loss = 0.7263 | L1 Error = 0.0637 | Cosine Sim = 0.7998
2025-08-07 14:32:20,770 - INFO - Epoch 55: KLDiv Loss = 0.7177 | L1 Error = 0.0630 | Cosine Sim = 0.8020
2025-08-07 14:32:20,888 - INFO - Epoch 56: KLDiv Loss = 0.7084 | L1 Error = 0.0622 | Cosine Sim = 0.8051
2025-08-07 14:32:21,007 - INFO - Epoch 57: KLDiv Loss = 0.6969 | L1 Error = 0.0614 | Cosine Sim = 0.8083
2025-08-07 14:32:21,124 - INFO - Epoch 58: KLDiv Loss = 0.6958 | L1 Error = 0.0609 | Cosine Sim = 0.8081
2025-08-07 14:32:21,242 - INFO - Epoch 59: KLDiv Loss = 0.6871 | L1 Error = 0.0603 | Cosine Sim = 0.8099
2025-08-07 14:32:21,359 - INFO - Epoch 60: KLDiv Loss = 0.6673 | L1 Error = 0.0592 | Cosine Sim = 0.8156
2025-08-07 14:32:21,478 - INFO - Epoch 61: KLDiv Loss = 0.6583 | L1 Error = 0.0584 | Cosine Sim = 0.8181
2025-08-07 14:32:21,595 - INFO - Epoch 62: KLDiv Loss = 0.6536 | L1 Error = 0.0580 | Cosine Sim = 0.8191
2025-08-07 14:32:21,714 - INFO - Epoch 63: KLDiv Loss = 0.6366 | L1 Error = 0.0567 | Cosine Sim = 0.8240
2025-08-07 14:32:21,833 - INFO - Epoch 64: KLDiv Loss = 0.6385 | L1 Error = 0.0566 | Cosine Sim = 0.8232
2025-08-07 14:32:21,951 - INFO - Epoch 65: KLDiv Loss = 0.6188 | L1 Error = 0.0553 | Cosine Sim = 0.8292
2025-08-07 14:32:22,069 - INFO - Epoch 66: KLDiv Loss = 0.6116 | L1 Error = 0.0546 | Cosine Sim = 0.8311
2025-08-07 14:32:22,187 - INFO - Epoch 67: KLDiv Loss = 0.6079 | L1 Error = 0.0542 | Cosine Sim = 0.8313
2025-08-07 14:32:22,306 - INFO - Epoch 68: KLDiv Loss = 0.6072 | L1 Error = 0.0541 | Cosine Sim = 0.8298
2025-08-07 14:32:22,424 - INFO - Epoch 69: KLDiv Loss = 0.5838 | L1 Error = 0.0526 | Cosine Sim = 0.8386
2025-08-07 14:32:22,541 - INFO - Epoch 70: KLDiv Loss = 0.5841 | L1 Error = 0.0524 | Cosine Sim = 0.8386
2025-08-07 14:32:22,658 - INFO - Epoch 71: KLDiv Loss = 0.5711 | L1 Error = 0.0513 | Cosine Sim = 0.8417
2025-08-07 14:32:22,776 - INFO - Epoch 72: KLDiv Loss = 0.5578 | L1 Error = 0.0507 | Cosine Sim = 0.8442
2025-08-07 14:32:22,893 - INFO - Epoch 73: KLDiv Loss = 0.5500 | L1 Error = 0.0500 | Cosine Sim = 0.8477
2025-08-07 14:32:23,011 - INFO - Epoch 74: KLDiv Loss = 0.5416 | L1 Error = 0.0493 | Cosine Sim = 0.8506
2025-08-07 14:32:23,129 - INFO - Epoch 75: KLDiv Loss = 0.5465 | L1 Error = 0.0494 | Cosine Sim = 0.8480
2025-08-07 14:32:23,248 - INFO - Epoch 76: KLDiv Loss = 0.5408 | L1 Error = 0.0489 | Cosine Sim = 0.8497
2025-08-07 14:32:23,366 - INFO - Epoch 77: KLDiv Loss = 0.5196 | L1 Error = 0.0476 | Cosine Sim = 0.8569
2025-08-07 14:32:23,484 - INFO - Epoch 78: KLDiv Loss = 0.5121 | L1 Error = 0.0471 | Cosine Sim = 0.8571
2025-08-07 14:32:23,603 - INFO - Epoch 79: KLDiv Loss = 0.5050 | L1 Error = 0.0465 | Cosine Sim = 0.8610
2025-08-07 14:32:23,721 - INFO - Epoch 80: KLDiv Loss = 0.4996 | L1 Error = 0.0462 | Cosine Sim = 0.8625
2025-08-07 14:32:23,839 - INFO - Epoch 81: KLDiv Loss = 0.4964 | L1 Error = 0.0459 | Cosine Sim = 0.8621
2025-08-07 14:32:23,956 - INFO - Epoch 82: KLDiv Loss = 0.4899 | L1 Error = 0.0451 | Cosine Sim = 0.8658
2025-08-07 14:32:24,076 - INFO - Epoch 83: KLDiv Loss = 0.4823 | L1 Error = 0.0445 | Cosine Sim = 0.8674
2025-08-07 14:32:24,193 - INFO - Epoch 84: KLDiv Loss = 0.4654 | L1 Error = 0.0437 | Cosine Sim = 0.8718
2025-08-07 14:32:24,311 - INFO - Epoch 85: KLDiv Loss = 0.4655 | L1 Error = 0.0435 | Cosine Sim = 0.8711
2025-08-07 14:32:24,429 - INFO - Epoch 86: KLDiv Loss = 0.4515 | L1 Error = 0.0425 | Cosine Sim = 0.8755
2025-08-07 14:32:24,549 - INFO - Epoch 87: KLDiv Loss = 0.4478 | L1 Error = 0.0424 | Cosine Sim = 0.8765
2025-08-07 14:32:24,666 - INFO - Epoch 88: KLDiv Loss = 0.4462 | L1 Error = 0.0420 | Cosine Sim = 0.8773
2025-08-07 14:32:24,784 - INFO - Epoch 89: KLDiv Loss = 0.4349 | L1 Error = 0.0415 | Cosine Sim = 0.8796
2025-08-07 14:32:24,902 - INFO - Epoch 90: KLDiv Loss = 0.4418 | L1 Error = 0.0416 | Cosine Sim = 0.8779
2025-08-07 14:32:25,021 - INFO - Epoch 91: KLDiv Loss = 0.4203 | L1 Error = 0.0405 | Cosine Sim = 0.8847
2025-08-07 14:32:25,138 - INFO - Epoch 92: KLDiv Loss = 0.4099 | L1 Error = 0.0397 | Cosine Sim = 0.8886
2025-08-07 14:32:25,255 - INFO - Epoch 93: KLDiv Loss = 0.4077 | L1 Error = 0.0394 | Cosine Sim = 0.8876
2025-08-07 14:32:25,372 - INFO - Epoch 94: KLDiv Loss = 0.3985 | L1 Error = 0.0386 | Cosine Sim = 0.8907
2025-08-07 14:32:25,490 - INFO - Epoch 95: KLDiv Loss = 0.3926 | L1 Error = 0.0383 | Cosine Sim = 0.8926
2025-08-07 14:32:25,608 - INFO - Epoch 96: KLDiv Loss = 0.3831 | L1 Error = 0.0378 | Cosine Sim = 0.8960
2025-08-07 14:32:25,725 - INFO - Epoch 97: KLDiv Loss = 0.3799 | L1 Error = 0.0371 | Cosine Sim = 0.8951
2025-08-07 14:32:25,844 - INFO - Epoch 98: KLDiv Loss = 0.3759 | L1 Error = 0.0368 | Cosine Sim = 0.8971
2025-08-07 14:32:25,962 - INFO - Epoch 99: KLDiv Loss = 0.3591 | L1 Error = 0.0360 | Cosine Sim = 0.9025
2025-08-07 14:32:26,079 - INFO - Epoch 100: KLDiv Loss = 0.3659 | L1 Error = 0.0358 | Cosine Sim = 0.8998
2025-08-07 14:32:26,197 - INFO - Epoch 101: KLDiv Loss = 0.3487 | L1 Error = 0.0353 | Cosine Sim = 0.9061
2025-08-07 14:32:26,316 - INFO - Epoch 102: KLDiv Loss = 0.3466 | L1 Error = 0.0349 | Cosine Sim = 0.9057
2025-08-07 14:32:26,434 - INFO - Epoch 103: KLDiv Loss = 0.3431 | L1 Error = 0.0343 | Cosine Sim = 0.9074
2025-08-07 14:32:26,552 - INFO - Epoch 104: KLDiv Loss = 0.3565 | L1 Error = 0.0348 | Cosine Sim = 0.9042
2025-08-07 14:32:26,669 - INFO - Epoch 105: KLDiv Loss = 0.3466 | L1 Error = 0.0342 | Cosine Sim = 0.9060
2025-08-07 14:32:26,787 - INFO - Epoch 106: KLDiv Loss = 0.3341 | L1 Error = 0.0339 | Cosine Sim = 0.9077
2025-08-07 14:32:26,905 - INFO - Epoch 107: KLDiv Loss = 0.3382 | L1 Error = 0.0336 | Cosine Sim = 0.9096
2025-08-07 14:32:27,022 - INFO - Epoch 108: KLDiv Loss = 0.3144 | L1 Error = 0.0323 | Cosine Sim = 0.9173
2025-08-07 14:32:27,140 - INFO - Epoch 109: KLDiv Loss = 0.3143 | L1 Error = 0.0321 | Cosine Sim = 0.9143
2025-08-07 14:32:27,257 - INFO - Epoch 110: KLDiv Loss = 0.3013 | L1 Error = 0.0313 | Cosine Sim = 0.9190
2025-08-07 14:32:27,376 - INFO - Epoch 111: KLDiv Loss = 0.3119 | L1 Error = 0.0314 | Cosine Sim = 0.9170
2025-08-07 14:32:27,493 - INFO - Epoch 112: KLDiv Loss = 0.2988 | L1 Error = 0.0307 | Cosine Sim = 0.9191
2025-08-07 14:32:27,610 - INFO - Epoch 113: KLDiv Loss = 0.3015 | L1 Error = 0.0312 | Cosine Sim = 0.9183
2025-08-07 14:32:27,727 - INFO - Epoch 114: KLDiv Loss = 0.2906 | L1 Error = 0.0299 | Cosine Sim = 0.9219
2025-08-07 14:32:27,848 - INFO - Epoch 115: KLDiv Loss = 0.2798 | L1 Error = 0.0293 | Cosine Sim = 0.9248
2025-08-07 14:32:27,965 - INFO - Epoch 116: KLDiv Loss = 0.2751 | L1 Error = 0.0289 | Cosine Sim = 0.9268
2025-08-07 14:32:28,082 - INFO - Epoch 117: KLDiv Loss = 0.2788 | L1 Error = 0.0288 | Cosine Sim = 0.9264
2025-08-07 14:32:28,199 - INFO - Epoch 118: KLDiv Loss = 0.2581 | L1 Error = 0.0277 | Cosine Sim = 0.9308
2025-08-07 14:32:28,316 - INFO - Epoch 119: KLDiv Loss = 0.2529 | L1 Error = 0.0272 | Cosine Sim = 0.9330
2025-08-07 14:32:28,434 - INFO - Epoch 120: KLDiv Loss = 0.2458 | L1 Error = 0.0265 | Cosine Sim = 0.9357
2025-08-07 14:32:28,551 - INFO - Epoch 121: KLDiv Loss = 0.2664 | L1 Error = 0.0275 | Cosine Sim = 0.9300
2025-08-07 14:32:28,670 - INFO - Epoch 122: KLDiv Loss = 0.2445 | L1 Error = 0.0263 | Cosine Sim = 0.9344
2025-08-07 14:32:28,787 - INFO - Epoch 123: KLDiv Loss = 0.2452 | L1 Error = 0.0260 | Cosine Sim = 0.9370
2025-08-07 14:32:28,905 - INFO - Epoch 124: KLDiv Loss = 0.2481 | L1 Error = 0.0260 | Cosine Sim = 0.9348
2025-08-07 14:32:29,023 - INFO - Epoch 125: KLDiv Loss = 0.2291 | L1 Error = 0.0248 | Cosine Sim = 0.9413
2025-08-07 14:32:29,142 - INFO - Epoch 126: KLDiv Loss = 0.2144 | L1 Error = 0.0242 | Cosine Sim = 0.9437
2025-08-07 14:32:29,259 - INFO - Epoch 127: KLDiv Loss = 0.2202 | L1 Error = 0.0241 | Cosine Sim = 0.9421
2025-08-07 14:32:29,376 - INFO - Epoch 128: KLDiv Loss = 0.2130 | L1 Error = 0.0240 | Cosine Sim = 0.9436
2025-08-07 14:32:30,248 - INFO - Test: Loss = 4.1808, Quant Error = 1.6175
2025-08-07 14:32:30,248 - INFO - Dynamic Top-K Accuracy (per sample): 21.44%
2025-08-07 14:32:30,256 - INFO - [Gradient Run 1] Training time: 22.45s
2025-08-07 14:32:30,960 - INFO - Test: Loss = 3.5665, Quant Error = 1.5400
2025-08-07 14:32:30,960 - INFO - Dynamic Top-K Accuracy (per sample): 28.36%
