2025-07-27 11:30:14,228 - INFO - ------------------------------------Gradient-------------------------------------------
2025-07-27 11:30:14,228 - INFO - [Gradient Run 1] Starting
2025-07-27 11:30:16,557 - INFO - Training on device: cuda
2025-07-27 11:30:16,895 - INFO - Epoch 01: Loss = 2.3495
2025-07-27 11:30:17,014 - INFO - Epoch 02: Loss = 2.3363
2025-07-27 11:30:17,133 - INFO - Epoch 03: Loss = 2.3229
2025-07-27 11:30:17,252 - INFO - Epoch 04: Loss = 2.3076
2025-07-27 11:30:17,374 - INFO - Epoch 05: Loss = 2.2914
2025-07-27 11:30:17,493 - INFO - Epoch 06: Loss = 2.2769
2025-07-27 11:30:17,612 - INFO - Epoch 07: Loss = 2.2614
2025-07-27 11:30:17,730 - INFO - Epoch 08: Loss = 2.2474
2025-07-27 11:30:17,849 - INFO - Epoch 09: Loss = 2.2348
2025-07-27 11:30:17,968 - INFO - Epoch 10: Loss = 2.2203
2025-07-27 11:30:18,087 - INFO - Epoch 11: Loss = 2.2069
2025-07-27 11:30:18,205 - INFO - Epoch 12: Loss = 2.1923
2025-07-27 11:30:18,324 - INFO - Epoch 13: Loss = 2.1769
2025-07-27 11:30:18,444 - INFO - Epoch 14: Loss = 2.1624
2025-07-27 11:30:18,563 - INFO - Epoch 15: Loss = 2.1478
2025-07-27 11:30:18,681 - INFO - Epoch 16: Loss = 2.1361
2025-07-27 11:30:18,799 - INFO - Epoch 17: Loss = 2.1223
2025-07-27 11:30:18,918 - INFO - Epoch 18: Loss = 2.1111
2025-07-27 11:30:19,036 - INFO - Epoch 19: Loss = 2.1000
2025-07-27 11:30:19,155 - INFO - Epoch 20: Loss = 2.0905
2025-07-27 11:30:19,273 - INFO - Epoch 21: Loss = 2.0827
2025-07-27 11:30:19,394 - INFO - Epoch 22: Loss = 2.0748
2025-07-27 11:30:19,513 - INFO - Epoch 23: Loss = 2.0673
2025-07-27 11:30:19,631 - INFO - Epoch 24: Loss = 2.0596
2025-07-27 11:30:19,749 - INFO - Epoch 25: Loss = 2.0536
2025-07-27 11:30:19,868 - INFO - Epoch 26: Loss = 2.0476
2025-07-27 11:30:19,986 - INFO - Epoch 27: Loss = 2.0414
2025-07-27 11:30:20,105 - INFO - Epoch 28: Loss = 2.0359
2025-07-27 11:30:20,224 - INFO - Epoch 29: Loss = 2.0306
2025-07-27 11:30:20,344 - INFO - Epoch 30: Loss = 2.0266
2025-07-27 11:30:20,463 - INFO - Epoch 31: Loss = 2.0225
2025-07-27 11:30:20,582 - INFO - Epoch 32: Loss = 2.0164
2025-07-27 11:30:20,700 - INFO - Epoch 33: Loss = 2.0098
2025-07-27 11:30:20,818 - INFO - Epoch 34: Loss = 2.0053
2025-07-27 11:30:20,937 - INFO - Epoch 35: Loss = 2.0017
2025-07-27 11:30:21,055 - INFO - Epoch 36: Loss = 1.9964
2025-07-27 11:30:21,174 - INFO - Epoch 37: Loss = 1.9925
2025-07-27 11:30:21,293 - INFO - Epoch 38: Loss = 1.9882
2025-07-27 11:30:21,412 - INFO - Epoch 39: Loss = 1.9850
2025-07-27 11:30:21,530 - INFO - Epoch 40: Loss = 1.9791
2025-07-27 11:30:21,649 - INFO - Epoch 41: Loss = 1.9763
2025-07-27 11:30:21,767 - INFO - Epoch 42: Loss = 1.9710
2025-07-27 11:30:21,886 - INFO - Epoch 43: Loss = 1.9670
2025-07-27 11:30:22,004 - INFO - Epoch 44: Loss = 1.9627
2025-07-27 11:30:22,123 - INFO - Epoch 45: Loss = 1.9582
2025-07-27 11:30:22,241 - INFO - Epoch 46: Loss = 1.9537
2025-07-27 11:30:22,361 - INFO - Epoch 47: Loss = 1.9515
2025-07-27 11:30:22,480 - INFO - Epoch 48: Loss = 1.9472
2025-07-27 11:30:22,598 - INFO - Epoch 49: Loss = 1.9426
2025-07-27 11:30:22,717 - INFO - Epoch 50: Loss = 1.9379
2025-07-27 11:30:22,836 - INFO - Epoch 51: Loss = 1.9348
2025-07-27 11:30:22,954 - INFO - Epoch 52: Loss = 1.9330
2025-07-27 11:30:23,073 - INFO - Epoch 53: Loss = 1.9272
2025-07-27 11:30:23,193 - INFO - Epoch 54: Loss = 1.9235
2025-07-27 11:30:23,312 - INFO - Epoch 55: Loss = 1.9185
2025-07-27 11:30:23,430 - INFO - Epoch 56: Loss = 1.9154
2025-07-27 11:30:23,549 - INFO - Epoch 57: Loss = 1.9126
2025-07-27 11:30:23,667 - INFO - Epoch 58: Loss = 1.9097
2025-07-27 11:30:23,786 - INFO - Epoch 59: Loss = 1.9063
2025-07-27 11:30:23,905 - INFO - Epoch 60: Loss = 1.9022
2025-07-27 11:30:24,023 - INFO - Epoch 61: Loss = 1.8994
2025-07-27 11:30:24,142 - INFO - Epoch 62: Loss = 1.8970
2025-07-27 11:30:24,260 - INFO - Epoch 63: Loss = 1.8943
2025-07-27 11:30:24,379 - INFO - Epoch 64: Loss = 1.8917
2025-07-27 11:30:24,497 - INFO - Epoch 65: Loss = 1.8894
2025-07-27 11:30:24,617 - INFO - Epoch 66: Loss = 1.8855
2025-07-27 11:30:24,735 - INFO - Epoch 67: Loss = 1.8845
2025-07-27 11:30:24,853 - INFO - Epoch 68: Loss = 1.8810
2025-07-27 11:30:24,972 - INFO - Epoch 69: Loss = 1.8769
2025-07-27 11:30:25,090 - INFO - Epoch 70: Loss = 1.8744
2025-07-27 11:30:25,209 - INFO - Epoch 71: Loss = 1.8699
2025-07-27 11:30:25,327 - INFO - Epoch 72: Loss = 1.8699
2025-07-27 11:30:25,446 - INFO - Epoch 73: Loss = 1.8647
2025-07-27 11:30:25,564 - INFO - Epoch 74: Loss = 1.8602
2025-07-27 11:30:25,682 - INFO - Epoch 75: Loss = 1.8587
2025-07-27 11:30:25,801 - INFO - Epoch 76: Loss = 1.8561
2025-07-27 11:30:25,921 - INFO - Epoch 77: Loss = 1.8537
2025-07-27 11:30:26,040 - INFO - Epoch 78: Loss = 1.8514
2025-07-27 11:30:26,158 - INFO - Epoch 79: Loss = 1.8457
2025-07-27 11:30:26,277 - INFO - Epoch 80: Loss = 1.8424
2025-07-27 11:30:26,395 - INFO - Epoch 81: Loss = 1.8403
2025-07-27 11:30:26,514 - INFO - Epoch 82: Loss = 1.8380
2025-07-27 11:30:26,632 - INFO - Epoch 83: Loss = 1.8358
2025-07-27 11:30:26,751 - INFO - Epoch 84: Loss = 1.8325
2025-07-27 11:30:26,869 - INFO - Epoch 85: Loss = 1.8290
2025-07-27 11:30:26,988 - INFO - Epoch 86: Loss = 1.8297
2025-07-27 11:30:27,108 - INFO - Epoch 87: Loss = 1.8263
2025-07-27 11:30:27,227 - INFO - Epoch 88: Loss = 1.8228
2025-07-27 11:30:27,345 - INFO - Epoch 89: Loss = 1.8194
2025-07-27 11:30:27,464 - INFO - Epoch 90: Loss = 1.8183
2025-07-27 11:30:27,582 - INFO - Epoch 91: Loss = 1.8185
2025-07-27 11:30:27,701 - INFO - Epoch 92: Loss = 1.8162
2025-07-27 11:30:27,819 - INFO - Epoch 93: Loss = 1.8128
2025-07-27 11:30:27,938 - INFO - Epoch 94: Loss = 1.8099
2025-07-27 11:30:28,057 - INFO - Epoch 95: Loss = 1.8098
2025-07-27 11:30:28,175 - INFO - Epoch 96: Loss = 1.8103
2025-07-27 11:30:28,294 - INFO - Epoch 97: Loss = 1.8047
2025-07-27 11:30:28,412 - INFO - Epoch 98: Loss = 1.8045
2025-07-27 11:30:28,532 - INFO - Epoch 99: Loss = 1.8051
2025-07-27 11:30:28,651 - INFO - Epoch 100: Loss = 1.7998
2025-07-27 11:30:28,769 - INFO - Epoch 101: Loss = 1.7976
2025-07-27 11:30:28,888 - INFO - Epoch 102: Loss = 1.8010
2025-07-27 11:30:29,006 - INFO - Epoch 103: Loss = 1.7986
2025-07-27 11:30:29,125 - INFO - Epoch 104: Loss = 1.7961
2025-07-27 11:30:29,243 - INFO - Epoch 105: Loss = 1.7944
2025-07-27 11:30:29,362 - INFO - Epoch 106: Loss = 1.7947
2025-07-27 11:30:29,480 - INFO - Epoch 107: Loss = 1.7908
2025-07-27 11:30:29,599 - INFO - Epoch 108: Loss = 1.7913
2025-07-27 11:30:29,717 - INFO - Epoch 109: Loss = 1.7914
2025-07-27 11:30:29,836 - INFO - Epoch 110: Loss = 1.7908
2025-07-27 11:30:29,954 - INFO - Epoch 111: Loss = 1.7880
2025-07-27 11:30:30,073 - INFO - Epoch 112: Loss = 1.7892
2025-07-27 11:30:30,193 - INFO - Epoch 113: Loss = 1.7890
2025-07-27 11:30:30,312 - INFO - Epoch 114: Loss = 1.7882
2025-07-27 11:30:30,430 - INFO - Epoch 115: Loss = 1.7858
2025-07-27 11:30:30,549 - INFO - Epoch 116: Loss = 1.7861
2025-07-27 11:30:30,667 - INFO - Epoch 117: Loss = 1.7869
2025-07-27 11:30:30,786 - INFO - Epoch 118: Loss = 1.7842
2025-07-27 11:30:30,905 - INFO - Epoch 119: Loss = 1.7885
2025-07-27 11:30:31,023 - INFO - Epoch 120: Loss = 1.7849
2025-07-27 11:30:31,142 - INFO - Epoch 121: Loss = 1.7815
2025-07-27 11:30:31,262 - INFO - Epoch 122: Loss = 1.7786
2025-07-27 11:30:31,381 - INFO - Epoch 123: Loss = 1.7814
2025-07-27 11:30:31,499 - INFO - Epoch 124: Loss = 1.7789
2025-07-27 11:30:31,618 - INFO - Epoch 125: Loss = 1.7799
2025-07-27 11:30:31,736 - INFO - Epoch 126: Loss = 1.7777
2025-07-27 11:30:31,855 - INFO - Epoch 127: Loss = 1.7798
2025-07-27 11:30:31,973 - INFO - Epoch 128: Loss = 1.7818
2025-07-27 11:30:32,091 - INFO - Epoch 129: Loss = 1.7752
2025-07-27 11:30:32,210 - INFO - Epoch 130: Loss = 1.7771
2025-07-27 11:30:32,329 - INFO - Epoch 131: Loss = 1.7742
2025-07-27 11:30:32,447 - INFO - Epoch 132: Loss = 1.7755
2025-07-27 11:30:32,566 - INFO - Epoch 133: Loss = 1.7724
2025-07-27 11:30:32,684 - INFO - Epoch 134: Loss = 1.7752
2025-07-27 11:30:32,803 - INFO - Epoch 135: Loss = 1.7738
2025-07-27 11:30:32,921 - INFO - Epoch 136: Loss = 1.7730
2025-07-27 11:30:33,040 - INFO - Epoch 137: Loss = 1.7731
2025-07-27 11:30:33,159 - INFO - Epoch 138: Loss = 1.7717
2025-07-27 11:30:33,278 - INFO - Epoch 139: Loss = 1.7692
2025-07-27 11:30:33,397 - INFO - Epoch 140: Loss = 1.7711
2025-07-27 11:30:33,516 - INFO - Epoch 141: Loss = 1.7708
2025-07-27 11:30:33,634 - INFO - Epoch 142: Loss = 1.7703
2025-07-27 11:30:33,753 - INFO - Epoch 143: Loss = 1.7729
2025-07-27 11:30:33,871 - INFO - Epoch 144: Loss = 1.7705
2025-07-27 11:30:33,990 - INFO - Epoch 145: Loss = 1.7639
2025-07-27 11:30:34,108 - INFO - Epoch 146: Loss = 1.7633
2025-07-27 11:30:34,227 - INFO - Epoch 147: Loss = 1.7614
2025-07-27 11:30:34,346 - INFO - Epoch 148: Loss = 1.7550
2025-07-27 11:30:34,464 - INFO - Epoch 149: Loss = 1.7512
2025-07-27 11:30:34,583 - INFO - Epoch 150: Loss = 1.7436
2025-07-27 11:30:34,702 - INFO - Epoch 151: Loss = 1.7395
2025-07-27 11:30:34,820 - INFO - Epoch 152: Loss = 1.7352
2025-07-27 11:30:34,939 - INFO - Epoch 153: Loss = 1.7346
2025-07-27 11:30:35,057 - INFO - Epoch 154: Loss = 1.7341
2025-07-27 11:30:35,177 - INFO - Epoch 155: Loss = 1.7279
2025-07-27 11:30:35,296 - INFO - Epoch 156: Loss = 1.7261
2025-07-27 11:30:35,415 - INFO - Epoch 157: Loss = 1.7281
2025-07-27 11:30:35,534 - INFO - Epoch 158: Loss = 1.7270
2025-07-27 11:30:35,652 - INFO - Epoch 159: Loss = 1.7251
2025-07-27 11:30:35,771 - INFO - Epoch 160: Loss = 1.7218
2025-07-27 11:30:35,889 - INFO - Epoch 161: Loss = 1.7201
2025-07-27 11:30:36,008 - INFO - Epoch 162: Loss = 1.7230
2025-07-27 11:30:36,127 - INFO - Epoch 163: Loss = 1.7189
2025-07-27 11:30:36,245 - INFO - Epoch 164: Loss = 1.7173
2025-07-27 11:30:36,364 - INFO - Epoch 165: Loss = 1.7192
2025-07-27 11:30:36,483 - INFO - Epoch 166: Loss = 1.7164
2025-07-27 11:30:36,601 - INFO - Epoch 167: Loss = 1.7161
2025-07-27 11:30:36,720 - INFO - Epoch 168: Loss = 1.7182
2025-07-27 11:30:36,838 - INFO - Epoch 169: Loss = 1.7139
2025-07-27 11:30:36,957 - INFO - Epoch 170: Loss = 1.7120
2025-07-27 11:30:37,077 - INFO - Epoch 171: Loss = 1.7132
2025-07-27 11:30:37,196 - INFO - Epoch 172: Loss = 1.7127
2025-07-27 11:30:37,315 - INFO - Epoch 173: Loss = 1.7125
2025-07-27 11:30:37,433 - INFO - Epoch 174: Loss = 1.7110
2025-07-27 11:30:37,552 - INFO - Epoch 175: Loss = 1.7130
2025-07-27 11:30:37,671 - INFO - Epoch 176: Loss = 1.7136
2025-07-27 11:30:37,789 - INFO - Epoch 177: Loss = 1.7100
2025-07-27 11:30:37,908 - INFO - Epoch 178: Loss = 1.7098
2025-07-27 11:30:38,027 - INFO - Epoch 179: Loss = 1.7075
2025-07-27 11:30:38,145 - INFO - Epoch 180: Loss = 1.7095
2025-07-27 11:30:38,264 - INFO - Epoch 181: Loss = 1.7082
2025-07-27 11:30:38,383 - INFO - Epoch 182: Loss = 1.7060
2025-07-27 11:30:38,501 - INFO - Epoch 183: Loss = 1.7112
2025-07-27 11:30:38,620 - INFO - Epoch 184: Loss = 1.7060
2025-07-27 11:30:38,739 - INFO - Epoch 185: Loss = 1.7035
2025-07-27 11:30:38,857 - INFO - Epoch 186: Loss = 1.7057
2025-07-27 11:30:38,977 - INFO - Epoch 187: Loss = 1.7040
2025-07-27 11:30:39,096 - INFO - Epoch 188: Loss = 1.7033
2025-07-27 11:30:39,215 - INFO - Epoch 189: Loss = 1.7071
2025-07-27 11:30:39,333 - INFO - Epoch 190: Loss = 1.7045
2025-07-27 11:30:39,452 - INFO - Epoch 191: Loss = 1.7030
2025-07-27 11:30:39,571 - INFO - Epoch 192: Loss = 1.7019
2025-07-27 11:30:39,689 - INFO - Epoch 193: Loss = 1.7025
2025-07-27 11:30:39,808 - INFO - Epoch 194: Loss = 1.7165
2025-07-27 11:30:39,927 - INFO - Epoch 195: Loss = 1.7073
2025-07-27 11:30:40,046 - INFO - Epoch 196: Loss = 1.7089
2025-07-27 11:30:40,164 - INFO - Epoch 197: Loss = 1.7019
2025-07-27 11:30:40,283 - INFO - Epoch 198: Loss = 1.7010
2025-07-27 11:30:40,401 - INFO - Epoch 199: Loss = 1.7008
2025-07-27 11:30:40,520 - INFO - Epoch 200: Loss = 1.7038
2025-07-27 11:30:40,639 - INFO - Epoch 201: Loss = 1.7018
2025-07-27 11:30:40,757 - INFO - Epoch 202: Loss = 1.6987
2025-07-27 11:30:40,876 - INFO - Epoch 203: Loss = 1.7039
2025-07-27 11:30:40,994 - INFO - Epoch 204: Loss = 1.6992
2025-07-27 11:30:41,113 - INFO - Epoch 205: Loss = 1.6999
2025-07-27 11:30:41,232 - INFO - Epoch 206: Loss = 1.7019
2025-07-27 11:30:41,352 - INFO - Epoch 207: Loss = 1.7005
2025-07-27 11:30:41,471 - INFO - Epoch 208: Loss = 1.7028
2025-07-27 11:30:41,590 - INFO - Epoch 209: Loss = 1.7030
2025-07-27 11:30:41,709 - INFO - Epoch 210: Loss = 1.7045
2025-07-27 11:30:41,827 - INFO - Epoch 211: Loss = 1.7016
2025-07-27 11:30:41,946 - INFO - Epoch 212: Loss = 1.7024
2025-07-27 11:30:42,065 - INFO - Epoch 213: Loss = 1.6986
2025-07-27 11:30:42,183 - INFO - Epoch 214: Loss = 1.7014
2025-07-27 11:30:42,302 - INFO - Epoch 215: Loss = 1.6991
2025-07-27 11:30:42,421 - INFO - Epoch 216: Loss = 1.6966
2025-07-27 11:30:42,539 - INFO - Epoch 217: Loss = 1.6980
2025-07-27 11:30:42,658 - INFO - Epoch 218: Loss = 1.6958
2025-07-27 11:30:42,777 - INFO - Epoch 219: Loss = 1.6994
2025-07-27 11:30:42,896 - INFO - Epoch 220: Loss = 1.6989
2025-07-27 11:30:43,014 - INFO - Epoch 221: Loss = 1.6978
2025-07-27 11:30:43,133 - INFO - Epoch 222: Loss = 1.6962
2025-07-27 11:30:43,252 - INFO - Epoch 223: Loss = 1.6974
2025-07-27 11:30:43,370 - INFO - Epoch 224: Loss = 1.6961
2025-07-27 11:30:43,489 - INFO - Epoch 225: Loss = 1.6952
2025-07-27 11:30:43,609 - INFO - Epoch 226: Loss = 1.6964
2025-07-27 11:30:43,728 - INFO - Epoch 227: Loss = 1.7003
2025-07-27 11:30:43,847 - INFO - Epoch 228: Loss = 1.6969
2025-07-27 11:30:43,965 - INFO - Epoch 229: Loss = 1.6962
2025-07-27 11:30:44,084 - INFO - Epoch 230: Loss = 1.7021
2025-07-27 11:30:44,202 - INFO - Epoch 231: Loss = 1.6952
2025-07-27 11:30:44,321 - INFO - Epoch 232: Loss = 1.6936
2025-07-27 11:30:44,439 - INFO - Epoch 233: Loss = 1.6916
2025-07-27 11:30:44,558 - INFO - Epoch 234: Loss = 1.6912
2025-07-27 11:30:44,677 - INFO - Epoch 235: Loss = 1.6955
2025-07-27 11:30:44,795 - INFO - Epoch 236: Loss = 1.6919
2025-07-27 11:30:44,914 - INFO - Epoch 237: Loss = 1.6930
2025-07-27 11:30:45,032 - INFO - Epoch 238: Loss = 1.6866
2025-07-27 11:30:45,151 - INFO - Epoch 239: Loss = 1.6860
2025-07-27 11:30:45,269 - INFO - Epoch 240: Loss = 1.6883
2025-07-27 11:30:45,388 - INFO - Epoch 241: Loss = 1.6896
2025-07-27 11:30:45,506 - INFO - Epoch 242: Loss = 1.6896
2025-07-27 11:30:45,625 - INFO - Epoch 243: Loss = 1.6913
2025-07-27 11:30:45,743 - INFO - Epoch 244: Loss = 1.6912
2025-07-27 11:30:45,863 - INFO - Epoch 245: Loss = 1.6882
2025-07-27 11:30:45,982 - INFO - Epoch 246: Loss = 1.6958
2025-07-27 11:30:46,100 - INFO - Epoch 247: Loss = 1.6905
2025-07-27 11:30:46,219 - INFO - Epoch 248: Loss = 1.6867
2025-07-27 11:30:46,337 - INFO - Epoch 249: Loss = 1.6855
2025-07-27 11:30:46,456 - INFO - Epoch 250: Loss = 1.6979
2025-07-27 11:30:46,575 - INFO - Epoch 251: Loss = 1.6888
2025-07-27 11:30:46,693 - INFO - Epoch 252: Loss = 1.6870
2025-07-27 11:30:46,812 - INFO - Epoch 253: Loss = 1.6859
2025-07-27 11:30:46,931 - INFO - Epoch 254: Loss = 1.6852
2025-07-27 11:30:47,049 - INFO - Epoch 255: Loss = 1.6841
2025-07-27 11:30:47,168 - INFO - Epoch 256: Loss = 1.6819
2025-07-27 11:30:47,484 - INFO - Test: Loss = 1.7599, Accuracy = 77.11%
2025-07-27 11:30:47,493 - INFO - [Gradient Run 1] Training time: 33.27s
