2025-08-05 14:24:53,635 - INFO - ------------------------------------Gradient-------------------------------------------
2025-08-05 14:24:53,635 - INFO - [Gradient Run 1] Starting
2025-08-05 14:24:55,359 - INFO - Training on device: cuda
2025-08-05 14:24:55,638 - INFO - Epoch 01: KLDiv Loss = 2.3067 | L1 Error = 0.1485 | Cosine Sim = 0.3249
2025-08-05 14:24:55,758 - INFO - Epoch 02: KLDiv Loss = 2.2090 | L1 Error = 0.1466 | Cosine Sim = 0.3582
2025-08-05 14:24:55,875 - INFO - Epoch 03: KLDiv Loss = 2.1168 | L1 Error = 0.1444 | Cosine Sim = 0.3907
2025-08-05 14:24:55,991 - INFO - Epoch 04: KLDiv Loss = 2.0403 | L1 Error = 0.1422 | Cosine Sim = 0.4189
2025-08-05 14:24:56,108 - INFO - Epoch 05: KLDiv Loss = 1.9678 | L1 Error = 0.1400 | Cosine Sim = 0.4438
2025-08-05 14:24:56,224 - INFO - Epoch 06: KLDiv Loss = 1.9061 | L1 Error = 0.1379 | Cosine Sim = 0.4642
2025-08-05 14:24:56,341 - INFO - Epoch 07: KLDiv Loss = 1.8454 | L1 Error = 0.1358 | Cosine Sim = 0.4835
2025-08-05 14:24:56,457 - INFO - Epoch 08: KLDiv Loss = 1.7953 | L1 Error = 0.1338 | Cosine Sim = 0.4997
2025-08-05 14:24:56,574 - INFO - Epoch 09: KLDiv Loss = 1.7592 | L1 Error = 0.1323 | Cosine Sim = 0.5102
2025-08-05 14:24:56,690 - INFO - Epoch 10: KLDiv Loss = 1.7187 | L1 Error = 0.1306 | Cosine Sim = 0.5226
2025-08-05 14:24:56,807 - INFO - Epoch 11: KLDiv Loss = 1.6792 | L1 Error = 0.1291 | Cosine Sim = 0.5338
2025-08-05 14:24:56,923 - INFO - Epoch 12: KLDiv Loss = 1.6382 | L1 Error = 0.1272 | Cosine Sim = 0.5459
2025-08-05 14:24:57,040 - INFO - Epoch 13: KLDiv Loss = 1.6080 | L1 Error = 0.1258 | Cosine Sim = 0.5537
2025-08-05 14:24:57,156 - INFO - Epoch 14: KLDiv Loss = 1.5715 | L1 Error = 0.1242 | Cosine Sim = 0.5644
2025-08-05 14:24:57,273 - INFO - Epoch 15: KLDiv Loss = 1.5407 | L1 Error = 0.1226 | Cosine Sim = 0.5734
2025-08-05 14:24:57,389 - INFO - Epoch 16: KLDiv Loss = 1.5113 | L1 Error = 0.1213 | Cosine Sim = 0.5812
2025-08-05 14:24:57,505 - INFO - Epoch 17: KLDiv Loss = 1.4785 | L1 Error = 0.1196 | Cosine Sim = 0.5914
2025-08-05 14:24:57,622 - INFO - Epoch 18: KLDiv Loss = 1.4446 | L1 Error = 0.1180 | Cosine Sim = 0.6014
2025-08-05 14:24:57,738 - INFO - Epoch 19: KLDiv Loss = 1.4130 | L1 Error = 0.1164 | Cosine Sim = 0.6120
2025-08-05 14:24:57,855 - INFO - Epoch 20: KLDiv Loss = 1.3856 | L1 Error = 0.1150 | Cosine Sim = 0.6190
2025-08-05 14:24:57,971 - INFO - Epoch 21: KLDiv Loss = 1.3574 | L1 Error = 0.1136 | Cosine Sim = 0.6300
2025-08-05 14:24:58,087 - INFO - Epoch 22: KLDiv Loss = 1.3305 | L1 Error = 0.1123 | Cosine Sim = 0.6378
2025-08-05 14:24:58,204 - INFO - Epoch 23: KLDiv Loss = 1.3028 | L1 Error = 0.1108 | Cosine Sim = 0.6463
2025-08-05 14:24:58,320 - INFO - Epoch 24: KLDiv Loss = 1.2773 | L1 Error = 0.1095 | Cosine Sim = 0.6547
2025-08-05 14:24:58,437 - INFO - Epoch 25: KLDiv Loss = 1.2512 | L1 Error = 0.1079 | Cosine Sim = 0.6622
2025-08-05 14:24:58,554 - INFO - Epoch 26: KLDiv Loss = 1.2222 | L1 Error = 0.1064 | Cosine Sim = 0.6717
2025-08-05 14:24:58,671 - INFO - Epoch 27: KLDiv Loss = 1.2056 | L1 Error = 0.1055 | Cosine Sim = 0.6751
2025-08-05 14:24:58,788 - INFO - Epoch 28: KLDiv Loss = 1.1758 | L1 Error = 0.1036 | Cosine Sim = 0.6851
2025-08-05 14:24:58,904 - INFO - Epoch 29: KLDiv Loss = 1.1544 | L1 Error = 0.1026 | Cosine Sim = 0.6924
2025-08-05 14:24:59,020 - INFO - Epoch 30: KLDiv Loss = 1.1336 | L1 Error = 0.1014 | Cosine Sim = 0.6985
2025-08-05 14:24:59,137 - INFO - Epoch 31: KLDiv Loss = 1.1075 | L1 Error = 0.1000 | Cosine Sim = 0.7079
2025-08-05 14:24:59,253 - INFO - Epoch 32: KLDiv Loss = 1.0870 | L1 Error = 0.0987 | Cosine Sim = 0.7133
2025-08-05 14:24:59,370 - INFO - Epoch 33: KLDiv Loss = 1.0702 | L1 Error = 0.0976 | Cosine Sim = 0.7176
2025-08-05 14:24:59,488 - INFO - Epoch 34: KLDiv Loss = 1.0498 | L1 Error = 0.0965 | Cosine Sim = 0.7241
2025-08-05 14:24:59,605 - INFO - Epoch 35: KLDiv Loss = 1.0324 | L1 Error = 0.0953 | Cosine Sim = 0.7286
2025-08-05 14:24:59,721 - INFO - Epoch 36: KLDiv Loss = 1.0091 | L1 Error = 0.0940 | Cosine Sim = 0.7359
2025-08-05 14:24:59,837 - INFO - Epoch 37: KLDiv Loss = 0.9923 | L1 Error = 0.0928 | Cosine Sim = 0.7415
2025-08-05 14:24:59,954 - INFO - Epoch 38: KLDiv Loss = 0.9735 | L1 Error = 0.0916 | Cosine Sim = 0.7464
2025-08-05 14:25:00,070 - INFO - Epoch 39: KLDiv Loss = 0.9585 | L1 Error = 0.0907 | Cosine Sim = 0.7515
2025-08-05 14:25:00,186 - INFO - Epoch 40: KLDiv Loss = 0.9430 | L1 Error = 0.0899 | Cosine Sim = 0.7572
2025-08-05 14:25:00,303 - INFO - Epoch 41: KLDiv Loss = 0.9278 | L1 Error = 0.0887 | Cosine Sim = 0.7609
2025-08-05 14:25:00,421 - INFO - Epoch 42: KLDiv Loss = 0.9080 | L1 Error = 0.0874 | Cosine Sim = 0.7670
2025-08-05 14:25:00,537 - INFO - Epoch 43: KLDiv Loss = 0.8917 | L1 Error = 0.0862 | Cosine Sim = 0.7707
2025-08-05 14:25:00,654 - INFO - Epoch 44: KLDiv Loss = 0.8802 | L1 Error = 0.0854 | Cosine Sim = 0.7737
2025-08-05 14:25:00,770 - INFO - Epoch 45: KLDiv Loss = 0.8618 | L1 Error = 0.0843 | Cosine Sim = 0.7792
2025-08-05 14:25:00,886 - INFO - Epoch 46: KLDiv Loss = 0.8453 | L1 Error = 0.0831 | Cosine Sim = 0.7841
2025-08-05 14:25:01,003 - INFO - Epoch 47: KLDiv Loss = 0.8243 | L1 Error = 0.0815 | Cosine Sim = 0.7914
2025-08-05 14:25:01,119 - INFO - Epoch 48: KLDiv Loss = 0.8087 | L1 Error = 0.0803 | Cosine Sim = 0.7964
2025-08-05 14:25:01,235 - INFO - Epoch 49: KLDiv Loss = 0.7908 | L1 Error = 0.0791 | Cosine Sim = 0.8004
2025-08-05 14:25:01,352 - INFO - Epoch 50: KLDiv Loss = 0.7765 | L1 Error = 0.0779 | Cosine Sim = 0.8054
2025-08-05 14:25:01,468 - INFO - Epoch 51: KLDiv Loss = 0.7646 | L1 Error = 0.0772 | Cosine Sim = 0.8071
2025-08-05 14:25:01,585 - INFO - Epoch 52: KLDiv Loss = 0.7553 | L1 Error = 0.0766 | Cosine Sim = 0.8123
2025-08-05 14:25:01,701 - INFO - Epoch 53: KLDiv Loss = 0.7395 | L1 Error = 0.0753 | Cosine Sim = 0.8162
2025-08-05 14:25:01,817 - INFO - Epoch 54: KLDiv Loss = 0.7206 | L1 Error = 0.0738 | Cosine Sim = 0.8209
2025-08-05 14:25:01,934 - INFO - Epoch 55: KLDiv Loss = 0.7062 | L1 Error = 0.0727 | Cosine Sim = 0.8263
2025-08-05 14:25:02,050 - INFO - Epoch 56: KLDiv Loss = 0.6902 | L1 Error = 0.0715 | Cosine Sim = 0.8300
2025-08-05 14:25:02,166 - INFO - Epoch 57: KLDiv Loss = 0.6760 | L1 Error = 0.0706 | Cosine Sim = 0.8342
2025-08-05 14:25:02,284 - INFO - Epoch 58: KLDiv Loss = 0.6642 | L1 Error = 0.0693 | Cosine Sim = 0.8372
2025-08-05 14:25:02,400 - INFO - Epoch 59: KLDiv Loss = 0.6554 | L1 Error = 0.0686 | Cosine Sim = 0.8390
2025-08-05 14:25:02,517 - INFO - Epoch 60: KLDiv Loss = 0.6411 | L1 Error = 0.0674 | Cosine Sim = 0.8431
2025-08-05 14:25:02,633 - INFO - Epoch 61: KLDiv Loss = 0.6287 | L1 Error = 0.0668 | Cosine Sim = 0.8473
2025-08-05 14:25:02,750 - INFO - Epoch 62: KLDiv Loss = 0.6238 | L1 Error = 0.0658 | Cosine Sim = 0.8480
2025-08-05 14:25:02,866 - INFO - Epoch 63: KLDiv Loss = 0.6044 | L1 Error = 0.0644 | Cosine Sim = 0.8533
2025-08-05 14:25:02,983 - INFO - Epoch 64: KLDiv Loss = 0.5900 | L1 Error = 0.0629 | Cosine Sim = 0.8573
2025-08-05 14:25:03,099 - INFO - Epoch 65: KLDiv Loss = 0.5799 | L1 Error = 0.0622 | Cosine Sim = 0.8595
2025-08-05 14:25:03,216 - INFO - Epoch 66: KLDiv Loss = 0.5693 | L1 Error = 0.0612 | Cosine Sim = 0.8621
2025-08-05 14:25:03,332 - INFO - Epoch 67: KLDiv Loss = 0.5573 | L1 Error = 0.0597 | Cosine Sim = 0.8661
2025-08-05 14:25:03,450 - INFO - Epoch 68: KLDiv Loss = 0.5509 | L1 Error = 0.0593 | Cosine Sim = 0.8672
2025-08-05 14:25:03,566 - INFO - Epoch 69: KLDiv Loss = 0.5416 | L1 Error = 0.0585 | Cosine Sim = 0.8696
2025-08-05 14:25:03,683 - INFO - Epoch 70: KLDiv Loss = 0.5331 | L1 Error = 0.0575 | Cosine Sim = 0.8714
2025-08-05 14:25:03,799 - INFO - Epoch 71: KLDiv Loss = 0.5205 | L1 Error = 0.0566 | Cosine Sim = 0.8749
2025-08-05 14:25:03,916 - INFO - Epoch 72: KLDiv Loss = 0.5050 | L1 Error = 0.0552 | Cosine Sim = 0.8796
2025-08-05 14:25:04,032 - INFO - Epoch 73: KLDiv Loss = 0.5050 | L1 Error = 0.0546 | Cosine Sim = 0.8782
2025-08-05 14:25:04,149 - INFO - Epoch 74: KLDiv Loss = 0.4931 | L1 Error = 0.0535 | Cosine Sim = 0.8820
2025-08-05 14:25:04,265 - INFO - Epoch 75: KLDiv Loss = 0.4914 | L1 Error = 0.0534 | Cosine Sim = 0.8821
2025-08-05 14:25:04,382 - INFO - Epoch 76: KLDiv Loss = 0.4857 | L1 Error = 0.0526 | Cosine Sim = 0.8833
2025-08-05 14:25:04,498 - INFO - Epoch 77: KLDiv Loss = 0.4770 | L1 Error = 0.0521 | Cosine Sim = 0.8852
2025-08-05 14:25:04,615 - INFO - Epoch 78: KLDiv Loss = 0.4650 | L1 Error = 0.0511 | Cosine Sim = 0.8879
2025-08-05 14:25:04,732 - INFO - Epoch 79: KLDiv Loss = 0.4671 | L1 Error = 0.0505 | Cosine Sim = 0.8879
2025-08-05 14:25:04,848 - INFO - Epoch 80: KLDiv Loss = 0.4489 | L1 Error = 0.0491 | Cosine Sim = 0.8929
2025-08-05 14:25:04,965 - INFO - Epoch 81: KLDiv Loss = 0.4396 | L1 Error = 0.0483 | Cosine Sim = 0.8951
2025-08-05 14:25:05,081 - INFO - Epoch 82: KLDiv Loss = 0.4314 | L1 Error = 0.0476 | Cosine Sim = 0.8974
2025-08-05 14:25:05,198 - INFO - Epoch 83: KLDiv Loss = 0.4237 | L1 Error = 0.0471 | Cosine Sim = 0.8994
2025-08-05 14:25:05,314 - INFO - Epoch 84: KLDiv Loss = 0.4208 | L1 Error = 0.0463 | Cosine Sim = 0.9000
2025-08-05 14:25:05,431 - INFO - Epoch 85: KLDiv Loss = 0.4168 | L1 Error = 0.0459 | Cosine Sim = 0.8996
2025-08-05 14:25:05,547 - INFO - Epoch 86: KLDiv Loss = 0.4076 | L1 Error = 0.0451 | Cosine Sim = 0.9027
2025-08-05 14:25:05,664 - INFO - Epoch 87: KLDiv Loss = 0.3950 | L1 Error = 0.0439 | Cosine Sim = 0.9056
2025-08-05 14:25:05,780 - INFO - Epoch 88: KLDiv Loss = 0.3973 | L1 Error = 0.0438 | Cosine Sim = 0.9049
2025-08-05 14:25:05,898 - INFO - Epoch 89: KLDiv Loss = 0.3931 | L1 Error = 0.0434 | Cosine Sim = 0.9057
2025-08-05 14:25:06,014 - INFO - Epoch 90: KLDiv Loss = 0.3827 | L1 Error = 0.0426 | Cosine Sim = 0.9075
2025-08-05 14:25:06,131 - INFO - Epoch 91: KLDiv Loss = 0.3792 | L1 Error = 0.0422 | Cosine Sim = 0.9089
2025-08-05 14:25:06,247 - INFO - Epoch 92: KLDiv Loss = 0.3682 | L1 Error = 0.0412 | Cosine Sim = 0.9114
2025-08-05 14:25:06,364 - INFO - Epoch 93: KLDiv Loss = 0.3685 | L1 Error = 0.0410 | Cosine Sim = 0.9099
2025-08-05 14:25:06,480 - INFO - Epoch 94: KLDiv Loss = 0.3709 | L1 Error = 0.0407 | Cosine Sim = 0.9101
2025-08-05 14:25:06,597 - INFO - Epoch 95: KLDiv Loss = 0.3679 | L1 Error = 0.0405 | Cosine Sim = 0.9096
2025-08-05 14:25:06,714 - INFO - Epoch 96: KLDiv Loss = 0.3579 | L1 Error = 0.0400 | Cosine Sim = 0.9118
2025-08-05 14:25:06,830 - INFO - Epoch 97: KLDiv Loss = 0.3538 | L1 Error = 0.0391 | Cosine Sim = 0.9137
2025-08-05 14:25:06,946 - INFO - Epoch 98: KLDiv Loss = 0.3413 | L1 Error = 0.0383 | Cosine Sim = 0.9169
2025-08-05 14:25:07,064 - INFO - Epoch 99: KLDiv Loss = 0.3407 | L1 Error = 0.0379 | Cosine Sim = 0.9169
2025-08-05 14:25:07,181 - INFO - Epoch 100: KLDiv Loss = 0.3363 | L1 Error = 0.0373 | Cosine Sim = 0.9182
2025-08-05 14:25:07,297 - INFO - Epoch 101: KLDiv Loss = 0.3385 | L1 Error = 0.0374 | Cosine Sim = 0.9168
2025-08-05 14:25:07,414 - INFO - Epoch 102: KLDiv Loss = 0.3316 | L1 Error = 0.0372 | Cosine Sim = 0.9190
2025-08-05 14:25:07,530 - INFO - Epoch 103: KLDiv Loss = 0.3318 | L1 Error = 0.0365 | Cosine Sim = 0.9179
2025-08-05 14:25:07,647 - INFO - Epoch 104: KLDiv Loss = 0.3205 | L1 Error = 0.0359 | Cosine Sim = 0.9200
2025-08-05 14:25:07,763 - INFO - Epoch 105: KLDiv Loss = 0.3220 | L1 Error = 0.0359 | Cosine Sim = 0.9199
2025-08-05 14:25:07,880 - INFO - Epoch 106: KLDiv Loss = 0.3159 | L1 Error = 0.0354 | Cosine Sim = 0.9226
2025-08-05 14:25:07,996 - INFO - Epoch 107: KLDiv Loss = 0.3127 | L1 Error = 0.0354 | Cosine Sim = 0.9222
2025-08-05 14:25:08,113 - INFO - Epoch 108: KLDiv Loss = 0.3050 | L1 Error = 0.0343 | Cosine Sim = 0.9230
2025-08-05 14:25:08,229 - INFO - Epoch 109: KLDiv Loss = 0.3085 | L1 Error = 0.0343 | Cosine Sim = 0.9225
2025-08-05 14:25:08,346 - INFO - Epoch 110: KLDiv Loss = 0.3055 | L1 Error = 0.0339 | Cosine Sim = 0.9228
2025-08-05 14:25:08,462 - INFO - Epoch 111: KLDiv Loss = 0.3024 | L1 Error = 0.0334 | Cosine Sim = 0.9240
2025-08-05 14:25:08,579 - INFO - Epoch 112: KLDiv Loss = 0.2912 | L1 Error = 0.0330 | Cosine Sim = 0.9269
2025-08-05 14:25:08,695 - INFO - Epoch 113: KLDiv Loss = 0.2954 | L1 Error = 0.0331 | Cosine Sim = 0.9246
2025-08-05 14:25:08,811 - INFO - Epoch 114: KLDiv Loss = 0.2941 | L1 Error = 0.0324 | Cosine Sim = 0.9252
2025-08-05 14:25:08,928 - INFO - Epoch 115: KLDiv Loss = 0.2808 | L1 Error = 0.0314 | Cosine Sim = 0.9282
2025-08-05 14:25:09,044 - INFO - Epoch 116: KLDiv Loss = 0.2721 | L1 Error = 0.0308 | Cosine Sim = 0.9311
2025-08-05 14:25:09,161 - INFO - Epoch 117: KLDiv Loss = 0.2719 | L1 Error = 0.0303 | Cosine Sim = 0.9309
2025-08-05 14:25:09,277 - INFO - Epoch 118: KLDiv Loss = 0.2764 | L1 Error = 0.0304 | Cosine Sim = 0.9274
2025-08-05 14:25:09,394 - INFO - Epoch 119: KLDiv Loss = 0.2670 | L1 Error = 0.0300 | Cosine Sim = 0.9315
2025-08-05 14:25:09,510 - INFO - Epoch 120: KLDiv Loss = 0.2660 | L1 Error = 0.0297 | Cosine Sim = 0.9312
2025-08-05 14:25:09,626 - INFO - Epoch 121: KLDiv Loss = 0.2634 | L1 Error = 0.0295 | Cosine Sim = 0.9336
2025-08-05 14:25:09,744 - INFO - Epoch 122: KLDiv Loss = 0.2561 | L1 Error = 0.0286 | Cosine Sim = 0.9340
2025-08-05 14:25:09,860 - INFO - Epoch 123: KLDiv Loss = 0.2613 | L1 Error = 0.0290 | Cosine Sim = 0.9330
2025-08-05 14:25:09,976 - INFO - Epoch 124: KLDiv Loss = 0.2561 | L1 Error = 0.0282 | Cosine Sim = 0.9351
2025-08-05 14:25:10,093 - INFO - Epoch 125: KLDiv Loss = 0.2673 | L1 Error = 0.0289 | Cosine Sim = 0.9306
2025-08-05 14:25:10,209 - INFO - Epoch 126: KLDiv Loss = 0.2396 | L1 Error = 0.0276 | Cosine Sim = 0.9393
2025-08-05 14:25:10,326 - INFO - Epoch 127: KLDiv Loss = 0.2630 | L1 Error = 0.0287 | Cosine Sim = 0.9306
2025-08-05 14:25:10,442 - INFO - Epoch 128: KLDiv Loss = 0.2461 | L1 Error = 0.0277 | Cosine Sim = 0.9375
2025-08-05 14:25:10,559 - INFO - Epoch 129: KLDiv Loss = 0.2379 | L1 Error = 0.0275 | Cosine Sim = 0.9388
2025-08-05 14:25:10,675 - INFO - Epoch 130: KLDiv Loss = 0.2328 | L1 Error = 0.0267 | Cosine Sim = 0.9398
2025-08-05 14:25:10,791 - INFO - Epoch 131: KLDiv Loss = 0.2315 | L1 Error = 0.0264 | Cosine Sim = 0.9402
2025-08-05 14:25:10,908 - INFO - Epoch 132: KLDiv Loss = 0.2500 | L1 Error = 0.0274 | Cosine Sim = 0.9336
2025-08-05 14:25:11,024 - INFO - Epoch 133: KLDiv Loss = 0.2279 | L1 Error = 0.0265 | Cosine Sim = 0.9411
2025-08-05 14:25:11,141 - INFO - Epoch 134: KLDiv Loss = 0.2413 | L1 Error = 0.0267 | Cosine Sim = 0.9378
2025-08-05 14:25:11,258 - INFO - Epoch 135: KLDiv Loss = 0.2332 | L1 Error = 0.0261 | Cosine Sim = 0.9395
2025-08-05 14:25:11,375 - INFO - Epoch 136: KLDiv Loss = 0.2191 | L1 Error = 0.0255 | Cosine Sim = 0.9442
2025-08-05 14:25:11,492 - INFO - Epoch 137: KLDiv Loss = 0.2285 | L1 Error = 0.0259 | Cosine Sim = 0.9405
2025-08-05 14:25:11,608 - INFO - Epoch 138: KLDiv Loss = 0.2318 | L1 Error = 0.0258 | Cosine Sim = 0.9389
2025-08-05 14:25:11,725 - INFO - Epoch 139: KLDiv Loss = 0.2182 | L1 Error = 0.0249 | Cosine Sim = 0.9427
2025-08-05 14:25:11,841 - INFO - Epoch 140: KLDiv Loss = 0.2238 | L1 Error = 0.0250 | Cosine Sim = 0.9407
2025-08-05 14:25:11,958 - INFO - Epoch 141: KLDiv Loss = 0.2166 | L1 Error = 0.0251 | Cosine Sim = 0.9445
2025-08-05 14:25:12,074 - INFO - Epoch 142: KLDiv Loss = 0.2226 | L1 Error = 0.0255 | Cosine Sim = 0.9410
2025-08-05 14:25:12,191 - INFO - Epoch 143: KLDiv Loss = 0.2192 | L1 Error = 0.0252 | Cosine Sim = 0.9431
2025-08-05 14:25:12,307 - INFO - Epoch 144: KLDiv Loss = 0.2152 | L1 Error = 0.0242 | Cosine Sim = 0.9430
2025-08-05 14:25:12,424 - INFO - Epoch 145: KLDiv Loss = 0.2087 | L1 Error = 0.0237 | Cosine Sim = 0.9449
2025-08-05 14:25:12,540 - INFO - Epoch 146: KLDiv Loss = 0.2075 | L1 Error = 0.0235 | Cosine Sim = 0.9465
2025-08-05 14:25:12,657 - INFO - Epoch 147: KLDiv Loss = 0.1977 | L1 Error = 0.0230 | Cosine Sim = 0.9487
2025-08-05 14:25:12,773 - INFO - Epoch 148: KLDiv Loss = 0.2075 | L1 Error = 0.0229 | Cosine Sim = 0.9465
2025-08-05 14:25:12,891 - INFO - Epoch 149: KLDiv Loss = 0.1957 | L1 Error = 0.0226 | Cosine Sim = 0.9487
2025-08-05 14:25:13,007 - INFO - Epoch 150: KLDiv Loss = 0.2071 | L1 Error = 0.0229 | Cosine Sim = 0.9455
2025-08-05 14:25:13,124 - INFO - Epoch 151: KLDiv Loss = 0.2015 | L1 Error = 0.0230 | Cosine Sim = 0.9473
2025-08-05 14:25:13,240 - INFO - Epoch 152: KLDiv Loss = 0.2091 | L1 Error = 0.0233 | Cosine Sim = 0.9437
2025-08-05 14:25:13,356 - INFO - Epoch 153: KLDiv Loss = 0.1937 | L1 Error = 0.0223 | Cosine Sim = 0.9488
2025-08-05 14:25:13,473 - INFO - Epoch 154: KLDiv Loss = 0.2087 | L1 Error = 0.0230 | Cosine Sim = 0.9432
2025-08-05 14:25:13,589 - INFO - Epoch 155: KLDiv Loss = 0.1894 | L1 Error = 0.0218 | Cosine Sim = 0.9494
2025-08-05 14:25:13,706 - INFO - Epoch 156: KLDiv Loss = 0.1872 | L1 Error = 0.0217 | Cosine Sim = 0.9504
2025-08-05 14:25:13,822 - INFO - Epoch 157: KLDiv Loss = 0.2045 | L1 Error = 0.0222 | Cosine Sim = 0.9451
2025-08-05 14:25:13,939 - INFO - Epoch 158: KLDiv Loss = 0.1956 | L1 Error = 0.0220 | Cosine Sim = 0.9479
2025-08-05 14:25:14,055 - INFO - Epoch 159: KLDiv Loss = 0.1929 | L1 Error = 0.0222 | Cosine Sim = 0.9491
2025-08-05 14:25:14,172 - INFO - Epoch 160: KLDiv Loss = 0.1854 | L1 Error = 0.0215 | Cosine Sim = 0.9504
2025-08-05 14:25:14,288 - INFO - Epoch 161: KLDiv Loss = 0.1816 | L1 Error = 0.0209 | Cosine Sim = 0.9521
2025-08-05 14:25:14,406 - INFO - Epoch 162: KLDiv Loss = 0.1941 | L1 Error = 0.0216 | Cosine Sim = 0.9481
2025-08-05 14:25:14,522 - INFO - Epoch 163: KLDiv Loss = 0.1815 | L1 Error = 0.0210 | Cosine Sim = 0.9530
2025-08-05 14:25:14,638 - INFO - Epoch 164: KLDiv Loss = 0.2000 | L1 Error = 0.0218 | Cosine Sim = 0.9452
2025-08-05 14:25:14,755 - INFO - Epoch 165: KLDiv Loss = 0.1891 | L1 Error = 0.0213 | Cosine Sim = 0.9510
2025-08-05 14:25:14,871 - INFO - Epoch 166: KLDiv Loss = 0.1783 | L1 Error = 0.0204 | Cosine Sim = 0.9523
2025-08-05 14:25:14,988 - INFO - Epoch 167: KLDiv Loss = 0.1801 | L1 Error = 0.0199 | Cosine Sim = 0.9525
2025-08-05 14:25:15,104 - INFO - Epoch 168: KLDiv Loss = 0.1829 | L1 Error = 0.0204 | Cosine Sim = 0.9519
2025-08-05 14:25:15,221 - INFO - Epoch 169: KLDiv Loss = 0.1751 | L1 Error = 0.0201 | Cosine Sim = 0.9523
2025-08-05 14:25:15,337 - INFO - Epoch 170: KLDiv Loss = 0.1719 | L1 Error = 0.0199 | Cosine Sim = 0.9539
2025-08-05 14:25:15,454 - INFO - Epoch 171: KLDiv Loss = 0.1640 | L1 Error = 0.0188 | Cosine Sim = 0.9583
2025-08-05 14:25:15,570 - INFO - Epoch 172: KLDiv Loss = 0.1863 | L1 Error = 0.0204 | Cosine Sim = 0.9499
2025-08-05 14:25:15,686 - INFO - Epoch 173: KLDiv Loss = 0.1779 | L1 Error = 0.0203 | Cosine Sim = 0.9503
2025-08-05 14:25:15,803 - INFO - Epoch 174: KLDiv Loss = 0.1651 | L1 Error = 0.0191 | Cosine Sim = 0.9561
2025-08-05 14:25:15,919 - INFO - Epoch 175: KLDiv Loss = 0.1626 | L1 Error = 0.0188 | Cosine Sim = 0.9560
2025-08-05 14:25:16,035 - INFO - Epoch 176: KLDiv Loss = 0.1641 | L1 Error = 0.0188 | Cosine Sim = 0.9569
2025-08-05 14:25:16,152 - INFO - Epoch 177: KLDiv Loss = 0.1650 | L1 Error = 0.0187 | Cosine Sim = 0.9554
2025-08-05 14:25:16,269 - INFO - Epoch 178: KLDiv Loss = 0.1768 | L1 Error = 0.0192 | Cosine Sim = 0.9516
2025-08-05 14:25:16,386 - INFO - Epoch 179: KLDiv Loss = 0.1665 | L1 Error = 0.0186 | Cosine Sim = 0.9564
2025-08-05 14:25:16,502 - INFO - Epoch 180: KLDiv Loss = 0.1716 | L1 Error = 0.0189 | Cosine Sim = 0.9522
2025-08-05 14:25:16,619 - INFO - Epoch 181: KLDiv Loss = 0.1571 | L1 Error = 0.0175 | Cosine Sim = 0.9584
2025-08-05 14:25:16,735 - INFO - Epoch 182: KLDiv Loss = 0.1674 | L1 Error = 0.0186 | Cosine Sim = 0.9529
2025-08-05 14:25:16,852 - INFO - Epoch 183: KLDiv Loss = 0.1725 | L1 Error = 0.0187 | Cosine Sim = 0.9512
2025-08-05 14:25:16,968 - INFO - Epoch 184: KLDiv Loss = 0.1775 | L1 Error = 0.0191 | Cosine Sim = 0.9518
2025-08-05 14:25:17,084 - INFO - Epoch 185: KLDiv Loss = 0.1738 | L1 Error = 0.0186 | Cosine Sim = 0.9540
2025-08-05 14:25:17,201 - INFO - Epoch 186: KLDiv Loss = 0.1759 | L1 Error = 0.0193 | Cosine Sim = 0.9519
2025-08-05 14:25:17,317 - INFO - Epoch 187: KLDiv Loss = 0.1731 | L1 Error = 0.0186 | Cosine Sim = 0.9514
2025-08-05 14:25:17,434 - INFO - Epoch 188: KLDiv Loss = 0.1655 | L1 Error = 0.0183 | Cosine Sim = 0.9530
2025-08-05 14:25:17,550 - INFO - Epoch 189: KLDiv Loss = 0.1610 | L1 Error = 0.0183 | Cosine Sim = 0.9558
2025-08-05 14:25:17,667 - INFO - Epoch 190: KLDiv Loss = 0.1432 | L1 Error = 0.0168 | Cosine Sim = 0.9621
2025-08-05 14:25:17,783 - INFO - Epoch 191: KLDiv Loss = 0.1481 | L1 Error = 0.0167 | Cosine Sim = 0.9600
2025-08-05 14:25:17,899 - INFO - Epoch 192: KLDiv Loss = 0.1588 | L1 Error = 0.0175 | Cosine Sim = 0.9573
2025-08-05 14:25:18,017 - INFO - Epoch 193: KLDiv Loss = 0.1409 | L1 Error = 0.0161 | Cosine Sim = 0.9612
2025-08-05 14:25:18,135 - INFO - Epoch 194: KLDiv Loss = 0.1725 | L1 Error = 0.0183 | Cosine Sim = 0.9488
2025-08-05 14:25:18,251 - INFO - Epoch 195: KLDiv Loss = 0.1423 | L1 Error = 0.0162 | Cosine Sim = 0.9614
2025-08-05 14:25:18,367 - INFO - Epoch 196: KLDiv Loss = 0.1491 | L1 Error = 0.0168 | Cosine Sim = 0.9591
2025-08-05 14:25:18,483 - INFO - Epoch 197: KLDiv Loss = 0.1465 | L1 Error = 0.0163 | Cosine Sim = 0.9589
2025-08-05 14:25:18,599 - INFO - Epoch 198: KLDiv Loss = 0.1378 | L1 Error = 0.0158 | Cosine Sim = 0.9615
2025-08-05 14:25:18,716 - INFO - Epoch 199: KLDiv Loss = 0.1570 | L1 Error = 0.0168 | Cosine Sim = 0.9558
2025-08-05 14:25:18,832 - INFO - Epoch 200: KLDiv Loss = 0.1525 | L1 Error = 0.0162 | Cosine Sim = 0.9596
2025-08-05 14:25:18,948 - INFO - Epoch 201: KLDiv Loss = 0.1467 | L1 Error = 0.0158 | Cosine Sim = 0.9612
2025-08-05 14:25:19,064 - INFO - Epoch 202: KLDiv Loss = 0.1492 | L1 Error = 0.0164 | Cosine Sim = 0.9585
2025-08-05 14:25:19,180 - INFO - Epoch 203: KLDiv Loss = 0.1542 | L1 Error = 0.0165 | Cosine Sim = 0.9575
2025-08-05 14:25:19,296 - INFO - Epoch 204: KLDiv Loss = 0.1439 | L1 Error = 0.0161 | Cosine Sim = 0.9600
2025-08-05 14:25:19,413 - INFO - Epoch 205: KLDiv Loss = 0.1480 | L1 Error = 0.0162 | Cosine Sim = 0.9584
2025-08-05 14:25:19,529 - INFO - Epoch 206: KLDiv Loss = 0.1519 | L1 Error = 0.0164 | Cosine Sim = 0.9577
2025-08-05 14:25:19,645 - INFO - Epoch 207: KLDiv Loss = 0.1437 | L1 Error = 0.0154 | Cosine Sim = 0.9595
2025-08-05 14:25:19,761 - INFO - Epoch 208: KLDiv Loss = 0.1424 | L1 Error = 0.0158 | Cosine Sim = 0.9600
2025-08-05 14:25:19,878 - INFO - Epoch 209: KLDiv Loss = 0.1391 | L1 Error = 0.0154 | Cosine Sim = 0.9610
2025-08-05 14:25:19,995 - INFO - Epoch 210: KLDiv Loss = 0.1412 | L1 Error = 0.0151 | Cosine Sim = 0.9634
2025-08-05 14:25:20,111 - INFO - Epoch 211: KLDiv Loss = 0.1596 | L1 Error = 0.0168 | Cosine Sim = 0.9553
2025-08-05 14:25:20,227 - INFO - Epoch 212: KLDiv Loss = 0.1391 | L1 Error = 0.0154 | Cosine Sim = 0.9619
2025-08-05 14:25:20,343 - INFO - Epoch 213: KLDiv Loss = 0.1260 | L1 Error = 0.0146 | Cosine Sim = 0.9648
2025-08-05 14:25:20,460 - INFO - Epoch 214: KLDiv Loss = 0.1364 | L1 Error = 0.0155 | Cosine Sim = 0.9600
2025-08-05 14:25:20,576 - INFO - Epoch 215: KLDiv Loss = 0.1406 | L1 Error = 0.0161 | Cosine Sim = 0.9587
2025-08-05 14:25:20,692 - INFO - Epoch 216: KLDiv Loss = 0.1472 | L1 Error = 0.0160 | Cosine Sim = 0.9573
2025-08-05 14:25:20,808 - INFO - Epoch 217: KLDiv Loss = 0.1394 | L1 Error = 0.0150 | Cosine Sim = 0.9600
2025-08-05 14:25:20,924 - INFO - Epoch 218: KLDiv Loss = 0.1313 | L1 Error = 0.0150 | Cosine Sim = 0.9637
2025-08-05 14:25:21,041 - INFO - Epoch 219: KLDiv Loss = 0.1440 | L1 Error = 0.0161 | Cosine Sim = 0.9589
2025-08-05 14:25:21,157 - INFO - Epoch 220: KLDiv Loss = 0.1565 | L1 Error = 0.0162 | Cosine Sim = 0.9553
2025-08-05 14:25:21,273 - INFO - Epoch 221: KLDiv Loss = 0.1281 | L1 Error = 0.0147 | Cosine Sim = 0.9635
2025-08-05 14:25:21,389 - INFO - Epoch 222: KLDiv Loss = 0.1594 | L1 Error = 0.0162 | Cosine Sim = 0.9542
2025-08-05 14:25:21,506 - INFO - Epoch 223: KLDiv Loss = 0.1354 | L1 Error = 0.0152 | Cosine Sim = 0.9609
2025-08-05 14:25:21,622 - INFO - Epoch 224: KLDiv Loss = 0.1339 | L1 Error = 0.0145 | Cosine Sim = 0.9632
2025-08-05 14:25:21,738 - INFO - Epoch 225: KLDiv Loss = 0.1229 | L1 Error = 0.0140 | Cosine Sim = 0.9651
2025-08-05 14:25:21,854 - INFO - Epoch 226: KLDiv Loss = 0.1234 | L1 Error = 0.0135 | Cosine Sim = 0.9665
2025-08-05 14:25:21,971 - INFO - Epoch 227: KLDiv Loss = 0.1206 | L1 Error = 0.0135 | Cosine Sim = 0.9661
2025-08-05 14:25:22,087 - INFO - Epoch 228: KLDiv Loss = 0.1238 | L1 Error = 0.0142 | Cosine Sim = 0.9650
2025-08-05 14:25:22,204 - INFO - Epoch 229: KLDiv Loss = 0.1283 | L1 Error = 0.0143 | Cosine Sim = 0.9628
2025-08-05 14:25:22,320 - INFO - Epoch 230: KLDiv Loss = 0.1238 | L1 Error = 0.0137 | Cosine Sim = 0.9638
2025-08-05 14:25:22,437 - INFO - Epoch 231: KLDiv Loss = 0.1305 | L1 Error = 0.0144 | Cosine Sim = 0.9630
2025-08-05 14:25:22,553 - INFO - Epoch 232: KLDiv Loss = 0.1207 | L1 Error = 0.0138 | Cosine Sim = 0.9662
2025-08-05 14:25:22,669 - INFO - Epoch 233: KLDiv Loss = 0.1217 | L1 Error = 0.0138 | Cosine Sim = 0.9652
2025-08-05 14:25:22,786 - INFO - Epoch 234: KLDiv Loss = 0.1230 | L1 Error = 0.0135 | Cosine Sim = 0.9659
2025-08-05 14:25:22,902 - INFO - Epoch 235: KLDiv Loss = 0.1225 | L1 Error = 0.0144 | Cosine Sim = 0.9647
2025-08-05 14:25:23,018 - INFO - Epoch 236: KLDiv Loss = 0.1239 | L1 Error = 0.0135 | Cosine Sim = 0.9653
2025-08-05 14:25:23,134 - INFO - Epoch 237: KLDiv Loss = 0.1447 | L1 Error = 0.0150 | Cosine Sim = 0.9599
2025-08-05 14:25:23,250 - INFO - Epoch 238: KLDiv Loss = 0.1076 | L1 Error = 0.0130 | Cosine Sim = 0.9702
2025-08-05 14:25:23,367 - INFO - Epoch 239: KLDiv Loss = 0.1373 | L1 Error = 0.0145 | Cosine Sim = 0.9611
2025-08-05 14:25:23,483 - INFO - Epoch 240: KLDiv Loss = 0.1234 | L1 Error = 0.0143 | Cosine Sim = 0.9620
2025-08-05 14:25:23,599 - INFO - Epoch 241: KLDiv Loss = 0.1212 | L1 Error = 0.0138 | Cosine Sim = 0.9645
2025-08-05 14:25:23,715 - INFO - Epoch 242: KLDiv Loss = 0.1132 | L1 Error = 0.0129 | Cosine Sim = 0.9694
2025-08-05 14:25:23,832 - INFO - Epoch 243: KLDiv Loss = 0.1127 | L1 Error = 0.0127 | Cosine Sim = 0.9692
2025-08-05 14:25:23,948 - INFO - Epoch 244: KLDiv Loss = 0.1192 | L1 Error = 0.0131 | Cosine Sim = 0.9652
2025-08-05 14:25:24,064 - INFO - Epoch 245: KLDiv Loss = 0.1299 | L1 Error = 0.0139 | Cosine Sim = 0.9624
2025-08-05 14:25:24,180 - INFO - Epoch 246: KLDiv Loss = 0.1423 | L1 Error = 0.0150 | Cosine Sim = 0.9591
2025-08-05 14:25:24,296 - INFO - Epoch 247: KLDiv Loss = 0.1144 | L1 Error = 0.0134 | Cosine Sim = 0.9665
2025-08-05 14:25:24,413 - INFO - Epoch 248: KLDiv Loss = 0.1137 | L1 Error = 0.0125 | Cosine Sim = 0.9676
2025-08-05 14:25:24,530 - INFO - Epoch 249: KLDiv Loss = 0.1299 | L1 Error = 0.0143 | Cosine Sim = 0.9617
2025-08-05 14:25:24,646 - INFO - Epoch 250: KLDiv Loss = 0.1163 | L1 Error = 0.0136 | Cosine Sim = 0.9659
2025-08-05 14:25:24,763 - INFO - Epoch 251: KLDiv Loss = 0.1000 | L1 Error = 0.0119 | Cosine Sim = 0.9712
2025-08-05 14:25:24,879 - INFO - Epoch 252: KLDiv Loss = 0.1060 | L1 Error = 0.0120 | Cosine Sim = 0.9700
2025-08-05 14:25:24,995 - INFO - Epoch 253: KLDiv Loss = 0.1166 | L1 Error = 0.0131 | Cosine Sim = 0.9658
2025-08-05 14:25:25,111 - INFO - Epoch 254: KLDiv Loss = 0.0981 | L1 Error = 0.0115 | Cosine Sim = 0.9721
2025-08-05 14:25:25,228 - INFO - Epoch 255: KLDiv Loss = 0.1122 | L1 Error = 0.0120 | Cosine Sim = 0.9683
2025-08-05 14:25:25,344 - INFO - Epoch 256: KLDiv Loss = 0.1089 | L1 Error = 0.0122 | Cosine Sim = 0.9678
2025-08-05 14:25:25,416 - INFO - Test: Loss = 4.2116, Quant Error = 1.1812
2025-08-05 14:25:25,416 - INFO - Dynamic Top-K Accuracy (per sample): 53.12%
2025-08-05 14:25:25,423 - INFO - [Gradient Run 1] Training time: 31.79s
