2025-07-27 11:25:47,366 - INFO - ------------------------------------Gradient-------------------------------------------
2025-07-27 11:25:47,367 - INFO - [Gradient Run 1] Starting
2025-07-27 11:25:49,701 - INFO - Training on device: cuda
2025-07-27 11:25:50,023 - INFO - Epoch 01: Loss = 2.3657
2025-07-27 11:25:50,118 - INFO - Epoch 02: Loss = 2.3600
2025-07-27 11:25:50,213 - INFO - Epoch 03: Loss = 2.3548
2025-07-27 11:25:50,309 - INFO - Epoch 04: Loss = 2.3483
2025-07-27 11:25:50,417 - INFO - Epoch 05: Loss = 2.3385
2025-07-27 11:25:50,526 - INFO - Epoch 06: Loss = 2.3280
2025-07-27 11:25:50,621 - INFO - Epoch 07: Loss = 2.3161
2025-07-27 11:25:50,715 - INFO - Epoch 08: Loss = 2.3032
2025-07-27 11:25:50,810 - INFO - Epoch 09: Loss = 2.2901
2025-07-27 11:25:50,904 - INFO - Epoch 10: Loss = 2.2765
2025-07-27 11:25:50,998 - INFO - Epoch 11: Loss = 2.2646
2025-07-27 11:25:51,093 - INFO - Epoch 12: Loss = 2.2516
2025-07-27 11:25:51,188 - INFO - Epoch 13: Loss = 2.2387
2025-07-27 11:25:51,282 - INFO - Epoch 14: Loss = 2.2283
2025-07-27 11:25:51,377 - INFO - Epoch 15: Loss = 2.2175
2025-07-27 11:25:51,473 - INFO - Epoch 16: Loss = 2.2097
2025-07-27 11:25:51,567 - INFO - Epoch 17: Loss = 2.2018
2025-07-27 11:25:51,662 - INFO - Epoch 18: Loss = 2.1942
2025-07-27 11:25:51,756 - INFO - Epoch 19: Loss = 2.1884
2025-07-27 11:25:51,850 - INFO - Epoch 20: Loss = 2.1836
2025-07-27 11:25:51,945 - INFO - Epoch 21: Loss = 2.1786
2025-07-27 11:25:52,039 - INFO - Epoch 22: Loss = 2.1743
2025-07-27 11:25:52,133 - INFO - Epoch 23: Loss = 2.1699
2025-07-27 11:25:52,227 - INFO - Epoch 24: Loss = 2.1665
2025-07-27 11:25:52,322 - INFO - Epoch 25: Loss = 2.1627
2025-07-27 11:25:52,418 - INFO - Epoch 26: Loss = 2.1593
2025-07-27 11:25:52,512 - INFO - Epoch 27: Loss = 2.1550
2025-07-27 11:25:52,606 - INFO - Epoch 28: Loss = 2.1512
2025-07-27 11:25:52,700 - INFO - Epoch 29: Loss = 2.1469
2025-07-27 11:25:52,794 - INFO - Epoch 30: Loss = 2.1424
2025-07-27 11:25:52,888 - INFO - Epoch 31: Loss = 2.1384
2025-07-27 11:25:52,983 - INFO - Epoch 32: Loss = 2.1357
2025-07-27 11:25:53,077 - INFO - Epoch 33: Loss = 2.1321
2025-07-27 11:25:53,171 - INFO - Epoch 34: Loss = 2.1292
2025-07-27 11:25:53,268 - INFO - Epoch 35: Loss = 2.1258
2025-07-27 11:25:53,362 - INFO - Epoch 36: Loss = 2.1245
2025-07-27 11:25:53,457 - INFO - Epoch 37: Loss = 2.1212
2025-07-27 11:25:53,550 - INFO - Epoch 38: Loss = 2.1187
2025-07-27 11:25:53,643 - INFO - Epoch 39: Loss = 2.1158
2025-07-27 11:25:53,736 - INFO - Epoch 40: Loss = 2.1115
2025-07-27 11:25:53,828 - INFO - Epoch 41: Loss = 2.1084
2025-07-27 11:25:53,921 - INFO - Epoch 42: Loss = 2.1074
2025-07-27 11:25:54,013 - INFO - Epoch 43: Loss = 2.1036
2025-07-27 11:25:54,106 - INFO - Epoch 44: Loss = 2.1015
2025-07-27 11:25:54,199 - INFO - Epoch 45: Loss = 2.0994
2025-07-27 11:25:54,291 - INFO - Epoch 46: Loss = 2.0954
2025-07-27 11:25:54,384 - INFO - Epoch 47: Loss = 2.0919
2025-07-27 11:25:54,476 - INFO - Epoch 48: Loss = 2.0903
2025-07-27 11:25:54,569 - INFO - Epoch 49: Loss = 2.0876
2025-07-27 11:25:54,661 - INFO - Epoch 50: Loss = 2.0853
2025-07-27 11:25:54,754 - INFO - Epoch 51: Loss = 2.0836
2025-07-27 11:25:54,846 - INFO - Epoch 52: Loss = 2.0816
2025-07-27 11:25:54,940 - INFO - Epoch 53: Loss = 2.0792
2025-07-27 11:25:55,032 - INFO - Epoch 54: Loss = 2.0766
2025-07-27 11:25:55,125 - INFO - Epoch 55: Loss = 2.0747
2025-07-27 11:25:55,218 - INFO - Epoch 56: Loss = 2.0733
2025-07-27 11:25:55,311 - INFO - Epoch 57: Loss = 2.0718
2025-07-27 11:25:55,404 - INFO - Epoch 58: Loss = 2.0699
2025-07-27 11:25:55,496 - INFO - Epoch 59: Loss = 2.0673
2025-07-27 11:25:55,589 - INFO - Epoch 60: Loss = 2.0663
2025-07-27 11:25:55,682 - INFO - Epoch 61: Loss = 2.0650
2025-07-27 11:25:55,775 - INFO - Epoch 62: Loss = 2.0626
2025-07-27 11:25:55,867 - INFO - Epoch 63: Loss = 2.0609
2025-07-27 11:25:55,962 - INFO - Epoch 64: Loss = 2.0587
2025-07-27 11:25:56,055 - INFO - Epoch 65: Loss = 2.0582
2025-07-27 11:25:56,148 - INFO - Epoch 66: Loss = 2.0559
2025-07-27 11:25:56,241 - INFO - Epoch 67: Loss = 2.0536
2025-07-27 11:25:56,334 - INFO - Epoch 68: Loss = 2.0530
2025-07-27 11:25:56,427 - INFO - Epoch 69: Loss = 2.0517
2025-07-27 11:25:56,520 - INFO - Epoch 70: Loss = 2.0509
2025-07-27 11:25:56,613 - INFO - Epoch 71: Loss = 2.0478
2025-07-27 11:25:56,706 - INFO - Epoch 72: Loss = 2.0461
2025-07-27 11:25:56,799 - INFO - Epoch 73: Loss = 2.0437
2025-07-27 11:25:56,892 - INFO - Epoch 74: Loss = 2.0426
2025-07-27 11:25:56,987 - INFO - Epoch 75: Loss = 2.0427
2025-07-27 11:25:57,080 - INFO - Epoch 76: Loss = 2.0405
2025-07-27 11:25:57,173 - INFO - Epoch 77: Loss = 2.0369
2025-07-27 11:25:57,266 - INFO - Epoch 78: Loss = 2.0356
2025-07-27 11:25:57,359 - INFO - Epoch 79: Loss = 2.0329
2025-07-27 11:25:57,452 - INFO - Epoch 80: Loss = 2.0321
2025-07-27 11:25:57,545 - INFO - Epoch 81: Loss = 2.0284
2025-07-27 11:25:57,638 - INFO - Epoch 82: Loss = 2.0277
2025-07-27 11:25:57,731 - INFO - Epoch 83: Loss = 2.0257
2025-07-27 11:25:57,824 - INFO - Epoch 84: Loss = 2.0236
2025-07-27 11:25:57,917 - INFO - Epoch 85: Loss = 2.0230
2025-07-27 11:25:58,012 - INFO - Epoch 86: Loss = 2.0202
2025-07-27 11:25:58,105 - INFO - Epoch 87: Loss = 2.0184
2025-07-27 11:25:58,198 - INFO - Epoch 88: Loss = 2.0171
2025-07-27 11:25:58,290 - INFO - Epoch 89: Loss = 2.0158
2025-07-27 11:25:58,383 - INFO - Epoch 90: Loss = 2.0143
2025-07-27 11:25:58,476 - INFO - Epoch 91: Loss = 2.0137
2025-07-27 11:25:58,569 - INFO - Epoch 92: Loss = 2.0125
2025-07-27 11:25:58,662 - INFO - Epoch 93: Loss = 2.0095
2025-07-27 11:25:58,755 - INFO - Epoch 94: Loss = 2.0096
2025-07-27 11:25:58,848 - INFO - Epoch 95: Loss = 2.0090
2025-07-27 11:25:58,941 - INFO - Epoch 96: Loss = 2.0063
2025-07-27 11:25:59,034 - INFO - Epoch 97: Loss = 2.0058
2025-07-27 11:25:59,127 - INFO - Epoch 98: Loss = 2.0031
2025-07-27 11:25:59,222 - INFO - Epoch 99: Loss = 2.0036
2025-07-27 11:25:59,315 - INFO - Epoch 100: Loss = 2.0002
2025-07-27 11:25:59,408 - INFO - Epoch 101: Loss = 2.0000
2025-07-27 11:25:59,501 - INFO - Epoch 102: Loss = 1.9981
2025-07-27 11:25:59,594 - INFO - Epoch 103: Loss = 1.9969
2025-07-27 11:25:59,687 - INFO - Epoch 104: Loss = 1.9955
2025-07-27 11:25:59,780 - INFO - Epoch 105: Loss = 1.9940
2025-07-27 11:25:59,873 - INFO - Epoch 106: Loss = 1.9920
2025-07-27 11:25:59,966 - INFO - Epoch 107: Loss = 1.9900
2025-07-27 11:26:00,059 - INFO - Epoch 108: Loss = 1.9875
2025-07-27 11:26:00,152 - INFO - Epoch 109: Loss = 1.9847
2025-07-27 11:26:00,245 - INFO - Epoch 110: Loss = 1.9839
2025-07-27 11:26:00,338 - INFO - Epoch 111: Loss = 1.9825
2025-07-27 11:26:00,432 - INFO - Epoch 112: Loss = 1.9807
2025-07-27 11:26:00,525 - INFO - Epoch 113: Loss = 1.9789
2025-07-27 11:26:00,618 - INFO - Epoch 114: Loss = 1.9773
2025-07-27 11:26:00,711 - INFO - Epoch 115: Loss = 1.9753
2025-07-27 11:26:00,804 - INFO - Epoch 116: Loss = 1.9726
2025-07-27 11:26:00,897 - INFO - Epoch 117: Loss = 1.9715
2025-07-27 11:26:00,990 - INFO - Epoch 118: Loss = 1.9686
2025-07-27 11:26:01,082 - INFO - Epoch 119: Loss = 1.9675
2025-07-27 11:26:01,175 - INFO - Epoch 120: Loss = 1.9676
2025-07-27 11:26:01,268 - INFO - Epoch 121: Loss = 1.9643
2025-07-27 11:26:01,361 - INFO - Epoch 122: Loss = 1.9635
2025-07-27 11:26:01,454 - INFO - Epoch 123: Loss = 1.9612
2025-07-27 11:26:01,547 - INFO - Epoch 124: Loss = 1.9575
2025-07-27 11:26:01,641 - INFO - Epoch 125: Loss = 1.9556
2025-07-27 11:26:01,734 - INFO - Epoch 126: Loss = 1.9543
2025-07-27 11:26:01,826 - INFO - Epoch 127: Loss = 1.9503
2025-07-27 11:26:01,920 - INFO - Epoch 128: Loss = 1.9474
2025-07-27 11:26:02,013 - INFO - Epoch 129: Loss = 1.9452
2025-07-27 11:26:02,106 - INFO - Epoch 130: Loss = 1.9417
2025-07-27 11:26:02,198 - INFO - Epoch 131: Loss = 1.9386
2025-07-27 11:26:02,291 - INFO - Epoch 132: Loss = 1.9358
2025-07-27 11:26:02,384 - INFO - Epoch 133: Loss = 1.9342
2025-07-27 11:26:02,477 - INFO - Epoch 134: Loss = 1.9329
2025-07-27 11:26:02,570 - INFO - Epoch 135: Loss = 1.9302
2025-07-27 11:26:02,663 - INFO - Epoch 136: Loss = 1.9282
2025-07-27 11:26:02,756 - INFO - Epoch 137: Loss = 1.9252
2025-07-27 11:26:02,849 - INFO - Epoch 138: Loss = 1.9234
2025-07-27 11:26:02,942 - INFO - Epoch 139: Loss = 1.9226
2025-07-27 11:26:03,035 - INFO - Epoch 140: Loss = 1.9206
2025-07-27 11:26:03,129 - INFO - Epoch 141: Loss = 1.9209
2025-07-27 11:26:03,222 - INFO - Epoch 142: Loss = 1.9192
2025-07-27 11:26:03,315 - INFO - Epoch 143: Loss = 1.9156
2025-07-27 11:26:03,408 - INFO - Epoch 144: Loss = 1.9123
2025-07-27 11:26:03,501 - INFO - Epoch 145: Loss = 1.9117
2025-07-27 11:26:03,594 - INFO - Epoch 146: Loss = 1.9098
2025-07-27 11:26:03,687 - INFO - Epoch 147: Loss = 1.9091
2025-07-27 11:26:03,780 - INFO - Epoch 148: Loss = 1.9060
2025-07-27 11:26:03,873 - INFO - Epoch 149: Loss = 1.9036
2025-07-27 11:26:03,966 - INFO - Epoch 150: Loss = 1.9037
2025-07-27 11:26:04,059 - INFO - Epoch 151: Loss = 1.9028
2025-07-27 11:26:04,152 - INFO - Epoch 152: Loss = 1.9016
2025-07-27 11:26:04,245 - INFO - Epoch 153: Loss = 1.8980
2025-07-27 11:26:04,338 - INFO - Epoch 154: Loss = 1.8952
2025-07-27 11:26:04,431 - INFO - Epoch 155: Loss = 1.8946
2025-07-27 11:26:04,525 - INFO - Epoch 156: Loss = 1.8926
2025-07-27 11:26:04,618 - INFO - Epoch 157: Loss = 1.8915
2025-07-27 11:26:04,711 - INFO - Epoch 158: Loss = 1.8892
2025-07-27 11:26:04,804 - INFO - Epoch 159: Loss = 1.8881
2025-07-27 11:26:04,897 - INFO - Epoch 160: Loss = 1.8877
2025-07-27 11:26:04,990 - INFO - Epoch 161: Loss = 1.8841
2025-07-27 11:26:05,083 - INFO - Epoch 162: Loss = 1.8823
2025-07-27 11:26:05,176 - INFO - Epoch 163: Loss = 1.8828
2025-07-27 11:26:05,269 - INFO - Epoch 164: Loss = 1.8782
2025-07-27 11:26:05,362 - INFO - Epoch 165: Loss = 1.8779
2025-07-27 11:26:05,455 - INFO - Epoch 166: Loss = 1.8764
2025-07-27 11:26:05,548 - INFO - Epoch 167: Loss = 1.8737
2025-07-27 11:26:05,641 - INFO - Epoch 168: Loss = 1.8744
2025-07-27 11:26:05,734 - INFO - Epoch 169: Loss = 1.8707
2025-07-27 11:26:05,826 - INFO - Epoch 170: Loss = 1.8695
2025-07-27 11:26:05,919 - INFO - Epoch 171: Loss = 1.8693
2025-07-27 11:26:06,014 - INFO - Epoch 172: Loss = 1.8664
2025-07-27 11:26:06,107 - INFO - Epoch 173: Loss = 1.8647
2025-07-27 11:26:06,200 - INFO - Epoch 174: Loss = 1.8636
2025-07-27 11:26:06,292 - INFO - Epoch 175: Loss = 1.8615
2025-07-27 11:26:06,385 - INFO - Epoch 176: Loss = 1.8603
2025-07-27 11:26:06,478 - INFO - Epoch 177: Loss = 1.8596
2025-07-27 11:26:06,571 - INFO - Epoch 178: Loss = 1.8571
2025-07-27 11:26:06,664 - INFO - Epoch 179: Loss = 1.8554
2025-07-27 11:26:06,757 - INFO - Epoch 180: Loss = 1.8532
2025-07-27 11:26:06,850 - INFO - Epoch 181: Loss = 1.8530
2025-07-27 11:26:06,943 - INFO - Epoch 182: Loss = 1.8508
2025-07-27 11:26:07,036 - INFO - Epoch 183: Loss = 1.8491
2025-07-27 11:26:07,129 - INFO - Epoch 184: Loss = 1.8459
2025-07-27 11:26:07,222 - INFO - Epoch 185: Loss = 1.8464
2025-07-27 11:26:07,315 - INFO - Epoch 186: Loss = 1.8436
2025-07-27 11:26:07,408 - INFO - Epoch 187: Loss = 1.8442
2025-07-27 11:26:07,501 - INFO - Epoch 188: Loss = 1.8418
2025-07-27 11:26:07,594 - INFO - Epoch 189: Loss = 1.8410
2025-07-27 11:26:07,687 - INFO - Epoch 190: Loss = 1.8366
2025-07-27 11:26:07,781 - INFO - Epoch 191: Loss = 1.8376
2025-07-27 11:26:07,874 - INFO - Epoch 192: Loss = 1.8351
2025-07-27 11:26:07,967 - INFO - Epoch 193: Loss = 1.8368
2025-07-27 11:26:08,061 - INFO - Epoch 194: Loss = 1.8331
2025-07-27 11:26:08,154 - INFO - Epoch 195: Loss = 1.8324
2025-07-27 11:26:08,247 - INFO - Epoch 196: Loss = 1.8300
2025-07-27 11:26:08,340 - INFO - Epoch 197: Loss = 1.8293
2025-07-27 11:26:08,433 - INFO - Epoch 198: Loss = 1.8273
2025-07-27 11:26:08,525 - INFO - Epoch 199: Loss = 1.8267
2025-07-27 11:26:08,618 - INFO - Epoch 200: Loss = 1.8266
2025-07-27 11:26:08,711 - INFO - Epoch 201: Loss = 1.8246
2025-07-27 11:26:08,805 - INFO - Epoch 202: Loss = 1.8231
2025-07-27 11:26:08,898 - INFO - Epoch 203: Loss = 1.8243
2025-07-27 11:26:08,991 - INFO - Epoch 204: Loss = 1.8231
2025-07-27 11:26:09,084 - INFO - Epoch 205: Loss = 1.8235
2025-07-27 11:26:09,177 - INFO - Epoch 206: Loss = 1.8188
2025-07-27 11:26:09,270 - INFO - Epoch 207: Loss = 1.8200
2025-07-27 11:26:09,363 - INFO - Epoch 208: Loss = 1.8189
2025-07-27 11:26:09,456 - INFO - Epoch 209: Loss = 1.8156
2025-07-27 11:26:09,551 - INFO - Epoch 210: Loss = 1.8164
2025-07-27 11:26:09,644 - INFO - Epoch 211: Loss = 1.8157
2025-07-27 11:26:09,737 - INFO - Epoch 212: Loss = 1.8176
2025-07-27 11:26:09,830 - INFO - Epoch 213: Loss = 1.8128
2025-07-27 11:26:09,923 - INFO - Epoch 214: Loss = 1.8131
2025-07-27 11:26:10,016 - INFO - Epoch 215: Loss = 1.8109
2025-07-27 11:26:10,109 - INFO - Epoch 216: Loss = 1.8132
2025-07-27 11:26:10,202 - INFO - Epoch 217: Loss = 1.8104
2025-07-27 11:26:10,295 - INFO - Epoch 218: Loss = 1.8130
2025-07-27 11:26:10,388 - INFO - Epoch 219: Loss = 1.8088
2025-07-27 11:26:10,481 - INFO - Epoch 220: Loss = 1.8096
2025-07-27 11:26:10,574 - INFO - Epoch 221: Loss = 1.8073
2025-07-27 11:26:10,667 - INFO - Epoch 222: Loss = 1.8098
2025-07-27 11:26:10,760 - INFO - Epoch 223: Loss = 1.8081
2025-07-27 11:26:10,855 - INFO - Epoch 224: Loss = 1.8054
2025-07-27 11:26:10,948 - INFO - Epoch 225: Loss = 1.8077
2025-07-27 11:26:11,041 - INFO - Epoch 226: Loss = 1.8055
2025-07-27 11:26:11,134 - INFO - Epoch 227: Loss = 1.8070
2025-07-27 11:26:11,227 - INFO - Epoch 228: Loss = 1.8021
2025-07-27 11:26:11,320 - INFO - Epoch 229: Loss = 1.8033
2025-07-27 11:26:11,413 - INFO - Epoch 230: Loss = 1.8023
2025-07-27 11:26:11,506 - INFO - Epoch 231: Loss = 1.8028
2025-07-27 11:26:11,599 - INFO - Epoch 232: Loss = 1.8035
2025-07-27 11:26:11,692 - INFO - Epoch 233: Loss = 1.7993
2025-07-27 11:26:11,785 - INFO - Epoch 234: Loss = 1.8016
2025-07-27 11:26:11,878 - INFO - Epoch 235: Loss = 1.8003
2025-07-27 11:26:11,971 - INFO - Epoch 236: Loss = 1.7996
2025-07-27 11:26:12,064 - INFO - Epoch 237: Loss = 1.7975
2025-07-27 11:26:12,157 - INFO - Epoch 238: Loss = 1.7991
2025-07-27 11:26:12,250 - INFO - Epoch 239: Loss = 1.7966
2025-07-27 11:26:12,343 - INFO - Epoch 240: Loss = 1.7950
2025-07-27 11:26:12,436 - INFO - Epoch 241: Loss = 1.7942
2025-07-27 11:26:12,529 - INFO - Epoch 242: Loss = 1.7968
2025-07-27 11:26:12,622 - INFO - Epoch 243: Loss = 1.7941
2025-07-27 11:26:12,715 - INFO - Epoch 244: Loss = 1.7930
2025-07-27 11:26:12,809 - INFO - Epoch 245: Loss = 1.7924
2025-07-27 11:26:12,902 - INFO - Epoch 246: Loss = 1.7932
2025-07-27 11:26:12,995 - INFO - Epoch 247: Loss = 1.7894
2025-07-27 11:26:13,088 - INFO - Epoch 248: Loss = 1.7894
2025-07-27 11:26:13,181 - INFO - Epoch 249: Loss = 1.7890
2025-07-27 11:26:13,274 - INFO - Epoch 250: Loss = 1.7888
2025-07-27 11:26:13,367 - INFO - Epoch 251: Loss = 1.7871
2025-07-27 11:26:13,460 - INFO - Epoch 252: Loss = 1.7846
2025-07-27 11:26:13,553 - INFO - Epoch 253: Loss = 1.7854
2025-07-27 11:26:13,646 - INFO - Epoch 254: Loss = 1.7841
2025-07-27 11:26:13,741 - INFO - Epoch 255: Loss = 1.7841
2025-07-27 11:26:13,834 - INFO - Epoch 256: Loss = 1.7823
2025-07-27 11:26:14,067 - INFO - Test: Loss = 1.8052, Accuracy = 68.92%
2025-07-27 11:26:14,068 - INFO - [Gradient Run 1] Training time: 26.70s
