2025-08-06 01:24:21,471 - INFO - ------------------------------------Gradient-------------------------------------------
2025-08-06 01:24:21,471 - INFO - [Gradient Run 1] Starting
2025-08-06 01:24:23,538 - INFO - Training on device: cuda
2025-08-06 01:24:23,822 - INFO - Epoch 01: KLDiv Loss = 2.3010 | L1 Error = 0.1484 | Cosine Sim = 0.3257
2025-08-06 01:24:23,941 - INFO - Epoch 02: KLDiv Loss = 2.2084 | L1 Error = 0.1464 | Cosine Sim = 0.3580
2025-08-06 01:24:24,060 - INFO - Epoch 03: KLDiv Loss = 2.1299 | L1 Error = 0.1443 | Cosine Sim = 0.3860
2025-08-06 01:24:24,179 - INFO - Epoch 04: KLDiv Loss = 2.0769 | L1 Error = 0.1428 | Cosine Sim = 0.4052
2025-08-06 01:24:24,298 - INFO - Epoch 05: KLDiv Loss = 2.0267 | L1 Error = 0.1414 | Cosine Sim = 0.4228
2025-08-06 01:24:24,417 - INFO - Epoch 06: KLDiv Loss = 1.9739 | L1 Error = 0.1398 | Cosine Sim = 0.4418
2025-08-06 01:24:24,536 - INFO - Epoch 07: KLDiv Loss = 1.9205 | L1 Error = 0.1381 | Cosine Sim = 0.4607
2025-08-06 01:24:24,655 - INFO - Epoch 08: KLDiv Loss = 1.8704 | L1 Error = 0.1365 | Cosine Sim = 0.4785
2025-08-06 01:24:24,773 - INFO - Epoch 09: KLDiv Loss = 1.8249 | L1 Error = 0.1348 | Cosine Sim = 0.4948
2025-08-06 01:24:24,892 - INFO - Epoch 10: KLDiv Loss = 1.7751 | L1 Error = 0.1330 | Cosine Sim = 0.5122
2025-08-06 01:24:25,011 - INFO - Epoch 11: KLDiv Loss = 1.7281 | L1 Error = 0.1314 | Cosine Sim = 0.5294
2025-08-06 01:24:25,129 - INFO - Epoch 12: KLDiv Loss = 1.6817 | L1 Error = 0.1295 | Cosine Sim = 0.5451
2025-08-06 01:24:25,248 - INFO - Epoch 13: KLDiv Loss = 1.6359 | L1 Error = 0.1277 | Cosine Sim = 0.5609
2025-08-06 01:24:25,367 - INFO - Epoch 14: KLDiv Loss = 1.5894 | L1 Error = 0.1258 | Cosine Sim = 0.5772
2025-08-06 01:24:25,486 - INFO - Epoch 15: KLDiv Loss = 1.5433 | L1 Error = 0.1238 | Cosine Sim = 0.5918
2025-08-06 01:24:25,605 - INFO - Epoch 16: KLDiv Loss = 1.4974 | L1 Error = 0.1217 | Cosine Sim = 0.6075
2025-08-06 01:24:25,723 - INFO - Epoch 17: KLDiv Loss = 1.4503 | L1 Error = 0.1195 | Cosine Sim = 0.6229
2025-08-06 01:24:25,842 - INFO - Epoch 18: KLDiv Loss = 1.4040 | L1 Error = 0.1174 | Cosine Sim = 0.6381
2025-08-06 01:24:25,960 - INFO - Epoch 19: KLDiv Loss = 1.3624 | L1 Error = 0.1152 | Cosine Sim = 0.6506
2025-08-06 01:24:26,079 - INFO - Epoch 20: KLDiv Loss = 1.3202 | L1 Error = 0.1131 | Cosine Sim = 0.6638
2025-08-06 01:24:26,197 - INFO - Epoch 21: KLDiv Loss = 1.2804 | L1 Error = 0.1111 | Cosine Sim = 0.6760
2025-08-06 01:24:26,316 - INFO - Epoch 22: KLDiv Loss = 1.2443 | L1 Error = 0.1091 | Cosine Sim = 0.6856
2025-08-06 01:24:26,436 - INFO - Epoch 23: KLDiv Loss = 1.2071 | L1 Error = 0.1068 | Cosine Sim = 0.6969
2025-08-06 01:24:26,555 - INFO - Epoch 24: KLDiv Loss = 1.1747 | L1 Error = 0.1050 | Cosine Sim = 0.7053
2025-08-06 01:24:26,674 - INFO - Epoch 25: KLDiv Loss = 1.1410 | L1 Error = 0.1034 | Cosine Sim = 0.7140
2025-08-06 01:24:26,792 - INFO - Epoch 26: KLDiv Loss = 1.1115 | L1 Error = 0.1013 | Cosine Sim = 0.7225
2025-08-06 01:24:26,911 - INFO - Epoch 27: KLDiv Loss = 1.0751 | L1 Error = 0.0994 | Cosine Sim = 0.7337
2025-08-06 01:24:27,029 - INFO - Epoch 28: KLDiv Loss = 1.0451 | L1 Error = 0.0973 | Cosine Sim = 0.7434
2025-08-06 01:24:27,148 - INFO - Epoch 29: KLDiv Loss = 1.0111 | L1 Error = 0.0953 | Cosine Sim = 0.7522
2025-08-06 01:24:27,267 - INFO - Epoch 30: KLDiv Loss = 0.9908 | L1 Error = 0.0939 | Cosine Sim = 0.7576
2025-08-06 01:24:27,387 - INFO - Epoch 31: KLDiv Loss = 0.9612 | L1 Error = 0.0921 | Cosine Sim = 0.7661
2025-08-06 01:24:27,506 - INFO - Epoch 32: KLDiv Loss = 0.9370 | L1 Error = 0.0904 | Cosine Sim = 0.7727
2025-08-06 01:24:27,624 - INFO - Epoch 33: KLDiv Loss = 0.9114 | L1 Error = 0.0885 | Cosine Sim = 0.7801
2025-08-06 01:24:27,743 - INFO - Epoch 34: KLDiv Loss = 0.8909 | L1 Error = 0.0871 | Cosine Sim = 0.7849
2025-08-06 01:24:27,862 - INFO - Epoch 35: KLDiv Loss = 0.8762 | L1 Error = 0.0858 | Cosine Sim = 0.7879
2025-08-06 01:24:27,980 - INFO - Epoch 36: KLDiv Loss = 0.8544 | L1 Error = 0.0843 | Cosine Sim = 0.7938
2025-08-06 01:24:28,099 - INFO - Epoch 37: KLDiv Loss = 0.8296 | L1 Error = 0.0827 | Cosine Sim = 0.8004
2025-08-06 01:24:28,217 - INFO - Epoch 38: KLDiv Loss = 0.8099 | L1 Error = 0.0812 | Cosine Sim = 0.8057
2025-08-06 01:24:28,337 - INFO - Epoch 39: KLDiv Loss = 0.7956 | L1 Error = 0.0799 | Cosine Sim = 0.8088
2025-08-06 01:24:28,456 - INFO - Epoch 40: KLDiv Loss = 0.7720 | L1 Error = 0.0780 | Cosine Sim = 0.8166
2025-08-06 01:24:28,575 - INFO - Epoch 41: KLDiv Loss = 0.7575 | L1 Error = 0.0769 | Cosine Sim = 0.8188
2025-08-06 01:24:28,693 - INFO - Epoch 42: KLDiv Loss = 0.7408 | L1 Error = 0.0757 | Cosine Sim = 0.8246
2025-08-06 01:24:28,812 - INFO - Epoch 43: KLDiv Loss = 0.7284 | L1 Error = 0.0747 | Cosine Sim = 0.8267
2025-08-06 01:24:28,930 - INFO - Epoch 44: KLDiv Loss = 0.7071 | L1 Error = 0.0732 | Cosine Sim = 0.8327
2025-08-06 01:24:29,049 - INFO - Epoch 45: KLDiv Loss = 0.6910 | L1 Error = 0.0716 | Cosine Sim = 0.8361
2025-08-06 01:24:29,168 - INFO - Epoch 46: KLDiv Loss = 0.6777 | L1 Error = 0.0704 | Cosine Sim = 0.8388
2025-08-06 01:24:29,287 - INFO - Epoch 47: KLDiv Loss = 0.6650 | L1 Error = 0.0694 | Cosine Sim = 0.8430
2025-08-06 01:24:29,405 - INFO - Epoch 48: KLDiv Loss = 0.6508 | L1 Error = 0.0681 | Cosine Sim = 0.8462
2025-08-06 01:24:29,524 - INFO - Epoch 49: KLDiv Loss = 0.6408 | L1 Error = 0.0673 | Cosine Sim = 0.8480
2025-08-06 01:24:29,643 - INFO - Epoch 50: KLDiv Loss = 0.6282 | L1 Error = 0.0666 | Cosine Sim = 0.8504
2025-08-06 01:24:29,761 - INFO - Epoch 51: KLDiv Loss = 0.6132 | L1 Error = 0.0650 | Cosine Sim = 0.8547
2025-08-06 01:24:29,880 - INFO - Epoch 52: KLDiv Loss = 0.5965 | L1 Error = 0.0638 | Cosine Sim = 0.8584
2025-08-06 01:24:29,998 - INFO - Epoch 53: KLDiv Loss = 0.5857 | L1 Error = 0.0624 | Cosine Sim = 0.8597
2025-08-06 01:24:30,117 - INFO - Epoch 54: KLDiv Loss = 0.5753 | L1 Error = 0.0616 | Cosine Sim = 0.8623
2025-08-06 01:24:30,236 - INFO - Epoch 55: KLDiv Loss = 0.5619 | L1 Error = 0.0603 | Cosine Sim = 0.8664
2025-08-06 01:24:30,355 - INFO - Epoch 56: KLDiv Loss = 0.5521 | L1 Error = 0.0596 | Cosine Sim = 0.8689
2025-08-06 01:24:30,474 - INFO - Epoch 57: KLDiv Loss = 0.5452 | L1 Error = 0.0587 | Cosine Sim = 0.8689
2025-08-06 01:24:30,593 - INFO - Epoch 58: KLDiv Loss = 0.5261 | L1 Error = 0.0574 | Cosine Sim = 0.8747
2025-08-06 01:24:30,712 - INFO - Epoch 59: KLDiv Loss = 0.5121 | L1 Error = 0.0560 | Cosine Sim = 0.8778
2025-08-06 01:24:30,831 - INFO - Epoch 60: KLDiv Loss = 0.5037 | L1 Error = 0.0554 | Cosine Sim = 0.8800
2025-08-06 01:24:30,949 - INFO - Epoch 61: KLDiv Loss = 0.4986 | L1 Error = 0.0548 | Cosine Sim = 0.8814
2025-08-06 01:24:31,068 - INFO - Epoch 62: KLDiv Loss = 0.4911 | L1 Error = 0.0537 | Cosine Sim = 0.8812
2025-08-06 01:24:31,186 - INFO - Epoch 63: KLDiv Loss = 0.4869 | L1 Error = 0.0532 | Cosine Sim = 0.8819
2025-08-06 01:24:31,305 - INFO - Epoch 64: KLDiv Loss = 0.4729 | L1 Error = 0.0523 | Cosine Sim = 0.8860
2025-08-06 01:24:31,425 - INFO - Epoch 65: KLDiv Loss = 0.4660 | L1 Error = 0.0513 | Cosine Sim = 0.8864
2025-08-06 01:24:31,543 - INFO - Epoch 66: KLDiv Loss = 0.4524 | L1 Error = 0.0504 | Cosine Sim = 0.8911
2025-08-06 01:24:31,662 - INFO - Epoch 67: KLDiv Loss = 0.4486 | L1 Error = 0.0498 | Cosine Sim = 0.8906
2025-08-06 01:24:31,781 - INFO - Epoch 68: KLDiv Loss = 0.4413 | L1 Error = 0.0493 | Cosine Sim = 0.8921
2025-08-06 01:24:31,899 - INFO - Epoch 69: KLDiv Loss = 0.4349 | L1 Error = 0.0485 | Cosine Sim = 0.8937
2025-08-06 01:24:32,018 - INFO - Epoch 70: KLDiv Loss = 0.4317 | L1 Error = 0.0478 | Cosine Sim = 0.8921
2025-08-06 01:24:32,137 - INFO - Epoch 71: KLDiv Loss = 0.4192 | L1 Error = 0.0468 | Cosine Sim = 0.8969
2025-08-06 01:24:32,255 - INFO - Epoch 72: KLDiv Loss = 0.4102 | L1 Error = 0.0458 | Cosine Sim = 0.8992
2025-08-06 01:24:32,374 - INFO - Epoch 73: KLDiv Loss = 0.3997 | L1 Error = 0.0449 | Cosine Sim = 0.9018
2025-08-06 01:24:32,493 - INFO - Epoch 74: KLDiv Loss = 0.3978 | L1 Error = 0.0445 | Cosine Sim = 0.9022
2025-08-06 01:24:32,612 - INFO - Epoch 75: KLDiv Loss = 0.3880 | L1 Error = 0.0436 | Cosine Sim = 0.9033
2025-08-06 01:24:32,731 - INFO - Epoch 76: KLDiv Loss = 0.3809 | L1 Error = 0.0429 | Cosine Sim = 0.9055
2025-08-06 01:24:32,849 - INFO - Epoch 77: KLDiv Loss = 0.3767 | L1 Error = 0.0423 | Cosine Sim = 0.9059
2025-08-06 01:24:32,968 - INFO - Epoch 78: KLDiv Loss = 0.3775 | L1 Error = 0.0421 | Cosine Sim = 0.9039
2025-08-06 01:24:33,086 - INFO - Epoch 79: KLDiv Loss = 0.3633 | L1 Error = 0.0412 | Cosine Sim = 0.9091
2025-08-06 01:24:33,205 - INFO - Epoch 80: KLDiv Loss = 0.3572 | L1 Error = 0.0404 | Cosine Sim = 0.9096
2025-08-06 01:24:33,324 - INFO - Epoch 81: KLDiv Loss = 0.3583 | L1 Error = 0.0405 | Cosine Sim = 0.9088
2025-08-06 01:24:33,442 - INFO - Epoch 82: KLDiv Loss = 0.3490 | L1 Error = 0.0396 | Cosine Sim = 0.9114
2025-08-06 01:24:33,561 - INFO - Epoch 83: KLDiv Loss = 0.3405 | L1 Error = 0.0386 | Cosine Sim = 0.9135
2025-08-06 01:24:33,680 - INFO - Epoch 84: KLDiv Loss = 0.3353 | L1 Error = 0.0383 | Cosine Sim = 0.9135
2025-08-06 01:24:33,800 - INFO - Epoch 85: KLDiv Loss = 0.3340 | L1 Error = 0.0379 | Cosine Sim = 0.9132
2025-08-06 01:24:33,918 - INFO - Epoch 86: KLDiv Loss = 0.3327 | L1 Error = 0.0378 | Cosine Sim = 0.9139
2025-08-06 01:24:34,037 - INFO - Epoch 87: KLDiv Loss = 0.3186 | L1 Error = 0.0365 | Cosine Sim = 0.9191
2025-08-06 01:24:34,156 - INFO - Epoch 88: KLDiv Loss = 0.3170 | L1 Error = 0.0364 | Cosine Sim = 0.9186
2025-08-06 01:24:34,275 - INFO - Epoch 89: KLDiv Loss = 0.3174 | L1 Error = 0.0359 | Cosine Sim = 0.9177
2025-08-06 01:24:34,393 - INFO - Epoch 90: KLDiv Loss = 0.3126 | L1 Error = 0.0357 | Cosine Sim = 0.9184
2025-08-06 01:24:34,512 - INFO - Epoch 91: KLDiv Loss = 0.3064 | L1 Error = 0.0352 | Cosine Sim = 0.9197
2025-08-06 01:24:34,631 - INFO - Epoch 92: KLDiv Loss = 0.3014 | L1 Error = 0.0345 | Cosine Sim = 0.9216
2025-08-06 01:24:34,749 - INFO - Epoch 93: KLDiv Loss = 0.2957 | L1 Error = 0.0338 | Cosine Sim = 0.9238
2025-08-06 01:24:34,868 - INFO - Epoch 94: KLDiv Loss = 0.2916 | L1 Error = 0.0335 | Cosine Sim = 0.9241
2025-08-06 01:24:34,987 - INFO - Epoch 95: KLDiv Loss = 0.2953 | L1 Error = 0.0343 | Cosine Sim = 0.9230
2025-08-06 01:24:35,107 - INFO - Epoch 96: KLDiv Loss = 0.2868 | L1 Error = 0.0333 | Cosine Sim = 0.9254
2025-08-06 01:24:35,225 - INFO - Epoch 97: KLDiv Loss = 0.2885 | L1 Error = 0.0331 | Cosine Sim = 0.9233
2025-08-06 01:24:35,344 - INFO - Epoch 98: KLDiv Loss = 0.2748 | L1 Error = 0.0321 | Cosine Sim = 0.9292
2025-08-06 01:24:35,463 - INFO - Epoch 99: KLDiv Loss = 0.2763 | L1 Error = 0.0321 | Cosine Sim = 0.9270
2025-08-06 01:24:35,581 - INFO - Epoch 100: KLDiv Loss = 0.2765 | L1 Error = 0.0317 | Cosine Sim = 0.9274
2025-08-06 01:24:35,700 - INFO - Epoch 101: KLDiv Loss = 0.2715 | L1 Error = 0.0316 | Cosine Sim = 0.9289
2025-08-06 01:24:35,818 - INFO - Epoch 102: KLDiv Loss = 0.2632 | L1 Error = 0.0307 | Cosine Sim = 0.9314
2025-08-06 01:24:35,937 - INFO - Epoch 103: KLDiv Loss = 0.2588 | L1 Error = 0.0298 | Cosine Sim = 0.9327
2025-08-06 01:24:36,056 - INFO - Epoch 104: KLDiv Loss = 0.2608 | L1 Error = 0.0303 | Cosine Sim = 0.9311
2025-08-06 01:24:36,174 - INFO - Epoch 105: KLDiv Loss = 0.2524 | L1 Error = 0.0295 | Cosine Sim = 0.9344
2025-08-06 01:24:36,293 - INFO - Epoch 106: KLDiv Loss = 0.2529 | L1 Error = 0.0293 | Cosine Sim = 0.9336
2025-08-06 01:24:36,413 - INFO - Epoch 107: KLDiv Loss = 0.2392 | L1 Error = 0.0283 | Cosine Sim = 0.9387
2025-08-06 01:24:36,531 - INFO - Epoch 108: KLDiv Loss = 0.2414 | L1 Error = 0.0282 | Cosine Sim = 0.9378
2025-08-06 01:24:36,650 - INFO - Epoch 109: KLDiv Loss = 0.2353 | L1 Error = 0.0280 | Cosine Sim = 0.9398
2025-08-06 01:24:36,769 - INFO - Epoch 110: KLDiv Loss = 0.2438 | L1 Error = 0.0279 | Cosine Sim = 0.9362
2025-08-06 01:24:36,887 - INFO - Epoch 111: KLDiv Loss = 0.2285 | L1 Error = 0.0270 | Cosine Sim = 0.9418
2025-08-06 01:24:37,006 - INFO - Epoch 112: KLDiv Loss = 0.2308 | L1 Error = 0.0270 | Cosine Sim = 0.9407
2025-08-06 01:24:37,125 - INFO - Epoch 113: KLDiv Loss = 0.2299 | L1 Error = 0.0266 | Cosine Sim = 0.9402
2025-08-06 01:24:37,243 - INFO - Epoch 114: KLDiv Loss = 0.2282 | L1 Error = 0.0267 | Cosine Sim = 0.9407
2025-08-06 01:24:37,362 - INFO - Epoch 115: KLDiv Loss = 0.2191 | L1 Error = 0.0260 | Cosine Sim = 0.9439
2025-08-06 01:24:37,480 - INFO - Epoch 116: KLDiv Loss = 0.2238 | L1 Error = 0.0263 | Cosine Sim = 0.9418
2025-08-06 01:24:37,599 - INFO - Epoch 117: KLDiv Loss = 0.2173 | L1 Error = 0.0258 | Cosine Sim = 0.9429
2025-08-06 01:24:37,718 - INFO - Epoch 118: KLDiv Loss = 0.2155 | L1 Error = 0.0254 | Cosine Sim = 0.9438
2025-08-06 01:24:37,836 - INFO - Epoch 119: KLDiv Loss = 0.2154 | L1 Error = 0.0252 | Cosine Sim = 0.9436
2025-08-06 01:24:37,956 - INFO - Epoch 120: KLDiv Loss = 0.2151 | L1 Error = 0.0255 | Cosine Sim = 0.9430
2025-08-06 01:24:38,075 - INFO - Epoch 121: KLDiv Loss = 0.2118 | L1 Error = 0.0249 | Cosine Sim = 0.9438
2025-08-06 01:24:38,193 - INFO - Epoch 122: KLDiv Loss = 0.2040 | L1 Error = 0.0240 | Cosine Sim = 0.9468
2025-08-06 01:24:38,312 - INFO - Epoch 123: KLDiv Loss = 0.1962 | L1 Error = 0.0234 | Cosine Sim = 0.9495
2025-08-06 01:24:38,431 - INFO - Epoch 124: KLDiv Loss = 0.1900 | L1 Error = 0.0230 | Cosine Sim = 0.9519
2025-08-06 01:24:38,549 - INFO - Epoch 125: KLDiv Loss = 0.1884 | L1 Error = 0.0228 | Cosine Sim = 0.9529
2025-08-06 01:24:38,668 - INFO - Epoch 126: KLDiv Loss = 0.1974 | L1 Error = 0.0233 | Cosine Sim = 0.9490
2025-08-06 01:24:38,787 - INFO - Epoch 127: KLDiv Loss = 0.1927 | L1 Error = 0.0232 | Cosine Sim = 0.9511
2025-08-06 01:24:38,905 - INFO - Epoch 128: KLDiv Loss = 0.1926 | L1 Error = 0.0225 | Cosine Sim = 0.9522
2025-08-06 01:24:39,640 - INFO - Test: Loss = 1.1087, Quant Error = 0.4980
2025-08-06 01:24:39,640 - INFO - Dynamic Top-K Accuracy (per sample): 92.74%
2025-08-06 01:24:39,647 - INFO - [Gradient Run 1] Training time: 18.18s
2025-08-06 01:24:39,994 - INFO - Test: Loss = 5.0585, Quant Error = 1.7411
2025-08-06 01:24:39,994 - INFO - Dynamic Top-K Accuracy (per sample): 20.68%
