2025-08-07 17:33:01,959 - INFO - ------------------------------------Gradient-------------------------------------------
2025-08-07 17:33:01,960 - INFO - [Gradient Run 1] Starting
2025-08-07 17:33:04,360 - INFO - Training on device: cuda
2025-08-07 17:33:04,935 - INFO - Epoch 01: KLDiv Loss = 2.3006 | L1 Error = 0.1485 | Cosine Sim = 0.3259
2025-08-07 17:33:05,061 - INFO - Epoch 02: KLDiv Loss = 2.1898 | L1 Error = 0.1462 | Cosine Sim = 0.3631
2025-08-07 17:33:05,184 - INFO - Epoch 03: KLDiv Loss = 2.0763 | L1 Error = 0.1430 | Cosine Sim = 0.4017
2025-08-07 17:33:05,306 - INFO - Epoch 04: KLDiv Loss = 1.9463 | L1 Error = 0.1383 | Cosine Sim = 0.4434
2025-08-07 17:33:05,429 - INFO - Epoch 05: KLDiv Loss = 1.8574 | L1 Error = 0.1345 | Cosine Sim = 0.4663
2025-08-07 17:33:05,553 - INFO - Epoch 06: KLDiv Loss = 1.7923 | L1 Error = 0.1319 | Cosine Sim = 0.4841
2025-08-07 17:33:05,677 - INFO - Epoch 07: KLDiv Loss = 1.7332 | L1 Error = 0.1292 | Cosine Sim = 0.5000
2025-08-07 17:33:05,800 - INFO - Epoch 08: KLDiv Loss = 1.6803 | L1 Error = 0.1266 | Cosine Sim = 0.5146
2025-08-07 17:33:05,924 - INFO - Epoch 09: KLDiv Loss = 1.6305 | L1 Error = 0.1247 | Cosine Sim = 0.5297
2025-08-07 17:33:06,047 - INFO - Epoch 10: KLDiv Loss = 1.5849 | L1 Error = 0.1223 | Cosine Sim = 0.5439
2025-08-07 17:33:06,169 - INFO - Epoch 11: KLDiv Loss = 1.5437 | L1 Error = 0.1205 | Cosine Sim = 0.5575
2025-08-07 17:33:06,292 - INFO - Epoch 12: KLDiv Loss = 1.5051 | L1 Error = 0.1187 | Cosine Sim = 0.5700
2025-08-07 17:33:06,415 - INFO - Epoch 13: KLDiv Loss = 1.4716 | L1 Error = 0.1169 | Cosine Sim = 0.5809
2025-08-07 17:33:06,537 - INFO - Epoch 14: KLDiv Loss = 1.4382 | L1 Error = 0.1152 | Cosine Sim = 0.5917
2025-08-07 17:33:06,660 - INFO - Epoch 15: KLDiv Loss = 1.4051 | L1 Error = 0.1132 | Cosine Sim = 0.6021
2025-08-07 17:33:06,783 - INFO - Epoch 16: KLDiv Loss = 1.3794 | L1 Error = 0.1117 | Cosine Sim = 0.6103
2025-08-07 17:33:06,908 - INFO - Epoch 17: KLDiv Loss = 1.3504 | L1 Error = 0.1101 | Cosine Sim = 0.6191
2025-08-07 17:33:07,030 - INFO - Epoch 18: KLDiv Loss = 1.3228 | L1 Error = 0.1083 | Cosine Sim = 0.6284
2025-08-07 17:33:07,153 - INFO - Epoch 19: KLDiv Loss = 1.2963 | L1 Error = 0.1065 | Cosine Sim = 0.6366
2025-08-07 17:33:07,275 - INFO - Epoch 20: KLDiv Loss = 1.2691 | L1 Error = 0.1049 | Cosine Sim = 0.6450
2025-08-07 17:33:07,398 - INFO - Epoch 21: KLDiv Loss = 1.2454 | L1 Error = 0.1030 | Cosine Sim = 0.6507
2025-08-07 17:33:07,520 - INFO - Epoch 22: KLDiv Loss = 1.2252 | L1 Error = 0.1018 | Cosine Sim = 0.6585
2025-08-07 17:33:07,643 - INFO - Epoch 23: KLDiv Loss = 1.1985 | L1 Error = 0.1000 | Cosine Sim = 0.6657
2025-08-07 17:33:07,766 - INFO - Epoch 24: KLDiv Loss = 1.1796 | L1 Error = 0.0985 | Cosine Sim = 0.6711
2025-08-07 17:33:07,890 - INFO - Epoch 25: KLDiv Loss = 1.1605 | L1 Error = 0.0971 | Cosine Sim = 0.6758
2025-08-07 17:33:08,013 - INFO - Epoch 26: KLDiv Loss = 1.1406 | L1 Error = 0.0955 | Cosine Sim = 0.6813
2025-08-07 17:33:08,136 - INFO - Epoch 27: KLDiv Loss = 1.1274 | L1 Error = 0.0943 | Cosine Sim = 0.6853
2025-08-07 17:33:08,258 - INFO - Epoch 28: KLDiv Loss = 1.1040 | L1 Error = 0.0928 | Cosine Sim = 0.6920
2025-08-07 17:33:08,381 - INFO - Epoch 29: KLDiv Loss = 1.0915 | L1 Error = 0.0915 | Cosine Sim = 0.6957
2025-08-07 17:33:08,503 - INFO - Epoch 30: KLDiv Loss = 1.0729 | L1 Error = 0.0902 | Cosine Sim = 0.7013
2025-08-07 17:33:08,625 - INFO - Epoch 31: KLDiv Loss = 1.0551 | L1 Error = 0.0889 | Cosine Sim = 0.7050
2025-08-07 17:33:08,748 - INFO - Epoch 32: KLDiv Loss = 1.0427 | L1 Error = 0.0878 | Cosine Sim = 0.7088
2025-08-07 17:33:09,507 - INFO - Test: Loss = 2.7108, Quant Error = 1.5390
2025-08-07 17:33:09,507 - INFO - Dynamic Top-K Accuracy (per sample): 19.74%
2025-08-07 17:33:09,514 - INFO - [Gradient Run 1] Training time: 7.55s
2025-08-07 17:33:09,885 - INFO - Test: Loss = 2.8688, Quant Error = 1.6166
2025-08-07 17:33:09,885 - INFO - Dynamic Top-K Accuracy (per sample): 23.29%
