2025-08-05 13:54:10,719 - INFO - ------------------------------------Gradient-------------------------------------------
2025-08-05 13:54:10,719 - INFO - [Gradient Run 1] Starting
2025-08-05 13:54:12,473 - INFO - Training on device: cuda
2025-08-05 13:54:12,721 - INFO - Epoch 01: KLDiv Loss = 2.3145 | L1 Error = 0.1484 | Cosine Sim = 0.3271
2025-08-05 13:54:12,808 - INFO - Epoch 02: KLDiv Loss = 2.2282 | L1 Error = 0.1468 | Cosine Sim = 0.3560
2025-08-05 13:54:12,897 - INFO - Epoch 03: KLDiv Loss = 2.1339 | L1 Error = 0.1447 | Cosine Sim = 0.3865
2025-08-05 13:54:12,983 - INFO - Epoch 04: KLDiv Loss = 2.0613 | L1 Error = 0.1427 | Cosine Sim = 0.4124
2025-08-05 13:54:13,069 - INFO - Epoch 05: KLDiv Loss = 1.9995 | L1 Error = 0.1408 | Cosine Sim = 0.4335
2025-08-05 13:54:13,154 - INFO - Epoch 06: KLDiv Loss = 1.9334 | L1 Error = 0.1385 | Cosine Sim = 0.4556
2025-08-05 13:54:13,240 - INFO - Epoch 07: KLDiv Loss = 1.9012 | L1 Error = 0.1376 | Cosine Sim = 0.4660
2025-08-05 13:54:13,326 - INFO - Epoch 08: KLDiv Loss = 1.8532 | L1 Error = 0.1358 | Cosine Sim = 0.4837
2025-08-05 13:54:13,412 - INFO - Epoch 09: KLDiv Loss = 1.8076 | L1 Error = 0.1340 | Cosine Sim = 0.4992
2025-08-05 13:54:13,498 - INFO - Epoch 10: KLDiv Loss = 1.7593 | L1 Error = 0.1318 | Cosine Sim = 0.5137
2025-08-05 13:54:13,583 - INFO - Epoch 11: KLDiv Loss = 1.7083 | L1 Error = 0.1292 | Cosine Sim = 0.5315
2025-08-05 13:54:13,669 - INFO - Epoch 12: KLDiv Loss = 1.6678 | L1 Error = 0.1274 | Cosine Sim = 0.5423
2025-08-05 13:54:13,755 - INFO - Epoch 13: KLDiv Loss = 1.6286 | L1 Error = 0.1256 | Cosine Sim = 0.5543
2025-08-05 13:54:13,840 - INFO - Epoch 14: KLDiv Loss = 1.5871 | L1 Error = 0.1233 | Cosine Sim = 0.5660
2025-08-05 13:54:13,926 - INFO - Epoch 15: KLDiv Loss = 1.5608 | L1 Error = 0.1216 | Cosine Sim = 0.5716
2025-08-05 13:54:14,012 - INFO - Epoch 16: KLDiv Loss = 1.5091 | L1 Error = 0.1189 | Cosine Sim = 0.5869
2025-08-05 13:54:14,097 - INFO - Epoch 17: KLDiv Loss = 1.4854 | L1 Error = 0.1177 | Cosine Sim = 0.5917
2025-08-05 13:54:14,183 - INFO - Epoch 18: KLDiv Loss = 1.4489 | L1 Error = 0.1155 | Cosine Sim = 0.6011
2025-08-05 13:54:14,269 - INFO - Epoch 19: KLDiv Loss = 1.4320 | L1 Error = 0.1147 | Cosine Sim = 0.6068
2025-08-05 13:54:14,355 - INFO - Epoch 20: KLDiv Loss = 1.4118 | L1 Error = 0.1135 | Cosine Sim = 0.6117
2025-08-05 13:54:14,440 - INFO - Epoch 21: KLDiv Loss = 1.3900 | L1 Error = 0.1123 | Cosine Sim = 0.6170
2025-08-05 13:54:14,526 - INFO - Epoch 22: KLDiv Loss = 1.3715 | L1 Error = 0.1114 | Cosine Sim = 0.6197
2025-08-05 13:54:14,611 - INFO - Epoch 23: KLDiv Loss = 1.3394 | L1 Error = 0.1094 | Cosine Sim = 0.6316
2025-08-05 13:54:14,697 - INFO - Epoch 24: KLDiv Loss = 1.3040 | L1 Error = 0.1075 | Cosine Sim = 0.6413
2025-08-05 13:54:14,782 - INFO - Epoch 25: KLDiv Loss = 1.3053 | L1 Error = 0.1077 | Cosine Sim = 0.6381
2025-08-05 13:54:14,868 - INFO - Epoch 26: KLDiv Loss = 1.2795 | L1 Error = 0.1067 | Cosine Sim = 0.6480
2025-08-05 13:54:14,954 - INFO - Epoch 27: KLDiv Loss = 1.2492 | L1 Error = 0.1051 | Cosine Sim = 0.6584
2025-08-05 13:54:15,039 - INFO - Epoch 28: KLDiv Loss = 1.2304 | L1 Error = 0.1039 | Cosine Sim = 0.6627
2025-08-05 13:54:15,125 - INFO - Epoch 29: KLDiv Loss = 1.2180 | L1 Error = 0.1028 | Cosine Sim = 0.6670
2025-08-05 13:54:15,211 - INFO - Epoch 30: KLDiv Loss = 1.1933 | L1 Error = 0.1021 | Cosine Sim = 0.6742
2025-08-05 13:54:15,296 - INFO - Epoch 31: KLDiv Loss = 1.1885 | L1 Error = 0.1016 | Cosine Sim = 0.6756
2025-08-05 13:54:15,382 - INFO - Epoch 32: KLDiv Loss = 1.1514 | L1 Error = 0.0997 | Cosine Sim = 0.6866
2025-08-05 13:54:15,468 - INFO - Epoch 33: KLDiv Loss = 1.1168 | L1 Error = 0.0974 | Cosine Sim = 0.6972
2025-08-05 13:54:15,553 - INFO - Epoch 34: KLDiv Loss = 1.1009 | L1 Error = 0.0969 | Cosine Sim = 0.7038
2025-08-05 13:54:15,640 - INFO - Epoch 35: KLDiv Loss = 1.0971 | L1 Error = 0.0968 | Cosine Sim = 0.7057
2025-08-05 13:54:15,726 - INFO - Epoch 36: KLDiv Loss = 1.0660 | L1 Error = 0.0950 | Cosine Sim = 0.7141
2025-08-05 13:54:15,811 - INFO - Epoch 37: KLDiv Loss = 1.0541 | L1 Error = 0.0942 | Cosine Sim = 0.7177
2025-08-05 13:54:15,897 - INFO - Epoch 38: KLDiv Loss = 1.0293 | L1 Error = 0.0933 | Cosine Sim = 0.7263
2025-08-05 13:54:15,982 - INFO - Epoch 39: KLDiv Loss = 1.0119 | L1 Error = 0.0921 | Cosine Sim = 0.7321
2025-08-05 13:54:16,068 - INFO - Epoch 40: KLDiv Loss = 0.9888 | L1 Error = 0.0905 | Cosine Sim = 0.7378
2025-08-05 13:54:16,154 - INFO - Epoch 41: KLDiv Loss = 0.9785 | L1 Error = 0.0898 | Cosine Sim = 0.7395
2025-08-05 13:54:16,239 - INFO - Epoch 42: KLDiv Loss = 0.9557 | L1 Error = 0.0889 | Cosine Sim = 0.7496
2025-08-05 13:54:16,325 - INFO - Epoch 43: KLDiv Loss = 0.9321 | L1 Error = 0.0878 | Cosine Sim = 0.7553
2025-08-05 13:54:16,411 - INFO - Epoch 44: KLDiv Loss = 0.9118 | L1 Error = 0.0859 | Cosine Sim = 0.7625
2025-08-05 13:54:16,496 - INFO - Epoch 45: KLDiv Loss = 0.9282 | L1 Error = 0.0869 | Cosine Sim = 0.7555
2025-08-05 13:54:16,584 - INFO - Epoch 46: KLDiv Loss = 0.8979 | L1 Error = 0.0855 | Cosine Sim = 0.7670
2025-08-05 13:54:16,669 - INFO - Epoch 47: KLDiv Loss = 0.8852 | L1 Error = 0.0850 | Cosine Sim = 0.7696
2025-08-05 13:54:16,755 - INFO - Epoch 48: KLDiv Loss = 0.8615 | L1 Error = 0.0836 | Cosine Sim = 0.7807
2025-08-05 13:54:16,840 - INFO - Epoch 49: KLDiv Loss = 0.8506 | L1 Error = 0.0827 | Cosine Sim = 0.7821
2025-08-05 13:54:16,926 - INFO - Epoch 50: KLDiv Loss = 0.8381 | L1 Error = 0.0819 | Cosine Sim = 0.7860
2025-08-05 13:54:17,012 - INFO - Epoch 51: KLDiv Loss = 0.8130 | L1 Error = 0.0799 | Cosine Sim = 0.7926
2025-08-05 13:54:17,097 - INFO - Epoch 52: KLDiv Loss = 0.7965 | L1 Error = 0.0790 | Cosine Sim = 0.7996
2025-08-05 13:54:17,183 - INFO - Epoch 53: KLDiv Loss = 0.7731 | L1 Error = 0.0771 | Cosine Sim = 0.8061
2025-08-05 13:54:17,268 - INFO - Epoch 54: KLDiv Loss = 0.7617 | L1 Error = 0.0760 | Cosine Sim = 0.8106
2025-08-05 13:54:17,354 - INFO - Epoch 55: KLDiv Loss = 0.7642 | L1 Error = 0.0766 | Cosine Sim = 0.8109
2025-08-05 13:54:17,440 - INFO - Epoch 56: KLDiv Loss = 0.7592 | L1 Error = 0.0762 | Cosine Sim = 0.8115
2025-08-05 13:54:17,527 - INFO - Epoch 57: KLDiv Loss = 0.7523 | L1 Error = 0.0754 | Cosine Sim = 0.8126
2025-08-05 13:54:17,613 - INFO - Epoch 58: KLDiv Loss = 0.7314 | L1 Error = 0.0745 | Cosine Sim = 0.8217
2025-08-05 13:54:17,698 - INFO - Epoch 59: KLDiv Loss = 0.7050 | L1 Error = 0.0722 | Cosine Sim = 0.8276
2025-08-05 13:54:17,784 - INFO - Epoch 60: KLDiv Loss = 0.6965 | L1 Error = 0.0712 | Cosine Sim = 0.8292
2025-08-05 13:54:17,869 - INFO - Epoch 61: KLDiv Loss = 0.6840 | L1 Error = 0.0706 | Cosine Sim = 0.8341
2025-08-05 13:54:17,955 - INFO - Epoch 62: KLDiv Loss = 0.6781 | L1 Error = 0.0703 | Cosine Sim = 0.8357
2025-08-05 13:54:18,040 - INFO - Epoch 63: KLDiv Loss = 0.6614 | L1 Error = 0.0691 | Cosine Sim = 0.8412
2025-08-05 13:54:18,126 - INFO - Epoch 64: KLDiv Loss = 0.6552 | L1 Error = 0.0685 | Cosine Sim = 0.8398
2025-08-05 13:54:18,212 - INFO - Epoch 65: KLDiv Loss = 0.6371 | L1 Error = 0.0671 | Cosine Sim = 0.8455
2025-08-05 13:54:18,297 - INFO - Epoch 66: KLDiv Loss = 0.6193 | L1 Error = 0.0656 | Cosine Sim = 0.8543
2025-08-05 13:54:18,383 - INFO - Epoch 67: KLDiv Loss = 0.6200 | L1 Error = 0.0658 | Cosine Sim = 0.8511
2025-08-05 13:54:18,469 - INFO - Epoch 68: KLDiv Loss = 0.5958 | L1 Error = 0.0634 | Cosine Sim = 0.8588
2025-08-05 13:54:18,554 - INFO - Epoch 69: KLDiv Loss = 0.5937 | L1 Error = 0.0635 | Cosine Sim = 0.8600
2025-08-05 13:54:18,640 - INFO - Epoch 70: KLDiv Loss = 0.5778 | L1 Error = 0.0623 | Cosine Sim = 0.8656
2025-08-05 13:54:18,726 - INFO - Epoch 71: KLDiv Loss = 0.5666 | L1 Error = 0.0611 | Cosine Sim = 0.8678
2025-08-05 13:54:18,811 - INFO - Epoch 72: KLDiv Loss = 0.5563 | L1 Error = 0.0601 | Cosine Sim = 0.8687
2025-08-05 13:54:18,897 - INFO - Epoch 73: KLDiv Loss = 0.5521 | L1 Error = 0.0597 | Cosine Sim = 0.8705
2025-08-05 13:54:18,982 - INFO - Epoch 74: KLDiv Loss = 0.5441 | L1 Error = 0.0589 | Cosine Sim = 0.8714
2025-08-05 13:54:19,068 - INFO - Epoch 75: KLDiv Loss = 0.5352 | L1 Error = 0.0584 | Cosine Sim = 0.8759
2025-08-05 13:54:19,154 - INFO - Epoch 76: KLDiv Loss = 0.5534 | L1 Error = 0.0591 | Cosine Sim = 0.8690
2025-08-05 13:54:19,239 - INFO - Epoch 77: KLDiv Loss = 0.5231 | L1 Error = 0.0570 | Cosine Sim = 0.8786
2025-08-05 13:54:19,326 - INFO - Epoch 78: KLDiv Loss = 0.5219 | L1 Error = 0.0570 | Cosine Sim = 0.8794
2025-08-05 13:54:19,412 - INFO - Epoch 79: KLDiv Loss = 0.5033 | L1 Error = 0.0551 | Cosine Sim = 0.8832
2025-08-05 13:54:19,498 - INFO - Epoch 80: KLDiv Loss = 0.5011 | L1 Error = 0.0550 | Cosine Sim = 0.8847
2025-08-05 13:54:19,583 - INFO - Epoch 81: KLDiv Loss = 0.4846 | L1 Error = 0.0534 | Cosine Sim = 0.8888
2025-08-05 13:54:19,669 - INFO - Epoch 82: KLDiv Loss = 0.4884 | L1 Error = 0.0539 | Cosine Sim = 0.8865
2025-08-05 13:54:19,755 - INFO - Epoch 83: KLDiv Loss = 0.4768 | L1 Error = 0.0524 | Cosine Sim = 0.8914
2025-08-05 13:54:19,841 - INFO - Epoch 84: KLDiv Loss = 0.4657 | L1 Error = 0.0520 | Cosine Sim = 0.8938
2025-08-05 13:54:19,926 - INFO - Epoch 85: KLDiv Loss = 0.4552 | L1 Error = 0.0506 | Cosine Sim = 0.8949
2025-08-05 13:54:20,012 - INFO - Epoch 86: KLDiv Loss = 0.4523 | L1 Error = 0.0504 | Cosine Sim = 0.8960
2025-08-05 13:54:20,098 - INFO - Epoch 87: KLDiv Loss = 0.4533 | L1 Error = 0.0500 | Cosine Sim = 0.8959
2025-08-05 13:54:20,183 - INFO - Epoch 88: KLDiv Loss = 0.4676 | L1 Error = 0.0501 | Cosine Sim = 0.8900
2025-08-05 13:54:20,269 - INFO - Epoch 89: KLDiv Loss = 0.4415 | L1 Error = 0.0493 | Cosine Sim = 0.8994
2025-08-05 13:54:20,354 - INFO - Epoch 90: KLDiv Loss = 0.4312 | L1 Error = 0.0478 | Cosine Sim = 0.9011
2025-08-05 13:54:20,440 - INFO - Epoch 91: KLDiv Loss = 0.4321 | L1 Error = 0.0482 | Cosine Sim = 0.9007
2025-08-05 13:54:20,526 - INFO - Epoch 92: KLDiv Loss = 0.4342 | L1 Error = 0.0485 | Cosine Sim = 0.9010
2025-08-05 13:54:20,612 - INFO - Epoch 93: KLDiv Loss = 0.4198 | L1 Error = 0.0470 | Cosine Sim = 0.9035
2025-08-05 13:54:20,698 - INFO - Epoch 94: KLDiv Loss = 0.4137 | L1 Error = 0.0461 | Cosine Sim = 0.9055
2025-08-05 13:54:20,784 - INFO - Epoch 95: KLDiv Loss = 0.3970 | L1 Error = 0.0450 | Cosine Sim = 0.9107
2025-08-05 13:54:20,869 - INFO - Epoch 96: KLDiv Loss = 0.4118 | L1 Error = 0.0454 | Cosine Sim = 0.9023
2025-08-05 13:54:20,955 - INFO - Epoch 97: KLDiv Loss = 0.3900 | L1 Error = 0.0438 | Cosine Sim = 0.9119
2025-08-05 13:54:21,040 - INFO - Epoch 98: KLDiv Loss = 0.3823 | L1 Error = 0.0435 | Cosine Sim = 0.9135
2025-08-05 13:54:21,126 - INFO - Epoch 99: KLDiv Loss = 0.3815 | L1 Error = 0.0431 | Cosine Sim = 0.9140
2025-08-05 13:54:21,212 - INFO - Epoch 100: KLDiv Loss = 0.3874 | L1 Error = 0.0431 | Cosine Sim = 0.9112
2025-08-05 13:54:21,297 - INFO - Epoch 101: KLDiv Loss = 0.3729 | L1 Error = 0.0419 | Cosine Sim = 0.9143
2025-08-05 13:54:21,383 - INFO - Epoch 102: KLDiv Loss = 0.3647 | L1 Error = 0.0411 | Cosine Sim = 0.9166
2025-08-05 13:54:21,468 - INFO - Epoch 103: KLDiv Loss = 0.3626 | L1 Error = 0.0408 | Cosine Sim = 0.9179
2025-08-05 13:54:21,554 - INFO - Epoch 104: KLDiv Loss = 0.3731 | L1 Error = 0.0415 | Cosine Sim = 0.9105
2025-08-05 13:54:21,640 - INFO - Epoch 105: KLDiv Loss = 0.3612 | L1 Error = 0.0402 | Cosine Sim = 0.9176
2025-08-05 13:54:21,726 - INFO - Epoch 106: KLDiv Loss = 0.3624 | L1 Error = 0.0399 | Cosine Sim = 0.9171
2025-08-05 13:54:21,812 - INFO - Epoch 107: KLDiv Loss = 0.3471 | L1 Error = 0.0390 | Cosine Sim = 0.9202
2025-08-05 13:54:21,898 - INFO - Epoch 108: KLDiv Loss = 0.3632 | L1 Error = 0.0391 | Cosine Sim = 0.9137
2025-08-05 13:54:21,983 - INFO - Epoch 109: KLDiv Loss = 0.3344 | L1 Error = 0.0373 | Cosine Sim = 0.9243
2025-08-05 13:54:22,069 - INFO - Epoch 110: KLDiv Loss = 0.3304 | L1 Error = 0.0374 | Cosine Sim = 0.9243
2025-08-05 13:54:22,155 - INFO - Epoch 111: KLDiv Loss = 0.3361 | L1 Error = 0.0365 | Cosine Sim = 0.9220
2025-08-05 13:54:22,240 - INFO - Epoch 112: KLDiv Loss = 0.3263 | L1 Error = 0.0363 | Cosine Sim = 0.9244
2025-08-05 13:54:22,326 - INFO - Epoch 113: KLDiv Loss = 0.3283 | L1 Error = 0.0366 | Cosine Sim = 0.9234
2025-08-05 13:54:22,412 - INFO - Epoch 114: KLDiv Loss = 0.3432 | L1 Error = 0.0370 | Cosine Sim = 0.9169
2025-08-05 13:54:22,497 - INFO - Epoch 115: KLDiv Loss = 0.3176 | L1 Error = 0.0361 | Cosine Sim = 0.9256
2025-08-05 13:54:22,583 - INFO - Epoch 116: KLDiv Loss = 0.3101 | L1 Error = 0.0347 | Cosine Sim = 0.9282
2025-08-05 13:54:22,669 - INFO - Epoch 117: KLDiv Loss = 0.3203 | L1 Error = 0.0359 | Cosine Sim = 0.9235
2025-08-05 13:54:22,754 - INFO - Epoch 118: KLDiv Loss = 0.3012 | L1 Error = 0.0341 | Cosine Sim = 0.9293
2025-08-05 13:54:22,840 - INFO - Epoch 119: KLDiv Loss = 0.3056 | L1 Error = 0.0345 | Cosine Sim = 0.9276
2025-08-05 13:54:22,925 - INFO - Epoch 120: KLDiv Loss = 0.2997 | L1 Error = 0.0341 | Cosine Sim = 0.9305
2025-08-05 13:54:23,012 - INFO - Epoch 121: KLDiv Loss = 0.2907 | L1 Error = 0.0334 | Cosine Sim = 0.9316
2025-08-05 13:54:23,098 - INFO - Epoch 122: KLDiv Loss = 0.2942 | L1 Error = 0.0332 | Cosine Sim = 0.9312
2025-08-05 13:54:23,184 - INFO - Epoch 123: KLDiv Loss = 0.2906 | L1 Error = 0.0321 | Cosine Sim = 0.9310
2025-08-05 13:54:23,269 - INFO - Epoch 124: KLDiv Loss = 0.2830 | L1 Error = 0.0318 | Cosine Sim = 0.9336
2025-08-05 13:54:23,355 - INFO - Epoch 125: KLDiv Loss = 0.2793 | L1 Error = 0.0313 | Cosine Sim = 0.9339
2025-08-05 13:54:23,441 - INFO - Epoch 126: KLDiv Loss = 0.3031 | L1 Error = 0.0330 | Cosine Sim = 0.9242
2025-08-05 13:54:23,527 - INFO - Epoch 127: KLDiv Loss = 0.2699 | L1 Error = 0.0307 | Cosine Sim = 0.9368
2025-08-05 13:54:23,612 - INFO - Epoch 128: KLDiv Loss = 0.2754 | L1 Error = 0.0305 | Cosine Sim = 0.9331
2025-08-05 13:54:23,698 - INFO - Epoch 129: KLDiv Loss = 0.2751 | L1 Error = 0.0302 | Cosine Sim = 0.9327
2025-08-05 13:54:23,783 - INFO - Epoch 130: KLDiv Loss = 0.2825 | L1 Error = 0.0312 | Cosine Sim = 0.9291
2025-08-05 13:54:23,869 - INFO - Epoch 131: KLDiv Loss = 0.2557 | L1 Error = 0.0290 | Cosine Sim = 0.9399
2025-08-05 13:54:23,955 - INFO - Epoch 132: KLDiv Loss = 0.2594 | L1 Error = 0.0288 | Cosine Sim = 0.9378
2025-08-05 13:54:24,041 - INFO - Epoch 133: KLDiv Loss = 0.2873 | L1 Error = 0.0301 | Cosine Sim = 0.9289
2025-08-05 13:54:24,127 - INFO - Epoch 134: KLDiv Loss = 0.2445 | L1 Error = 0.0278 | Cosine Sim = 0.9415
2025-08-05 13:54:24,213 - INFO - Epoch 135: KLDiv Loss = 0.2577 | L1 Error = 0.0295 | Cosine Sim = 0.9354
2025-08-05 13:54:24,299 - INFO - Epoch 136: KLDiv Loss = 0.2392 | L1 Error = 0.0274 | Cosine Sim = 0.9434
2025-08-05 13:54:24,385 - INFO - Epoch 137: KLDiv Loss = 0.2408 | L1 Error = 0.0274 | Cosine Sim = 0.9424
2025-08-05 13:54:24,470 - INFO - Epoch 138: KLDiv Loss = 0.2392 | L1 Error = 0.0271 | Cosine Sim = 0.9430
2025-08-05 13:54:24,556 - INFO - Epoch 139: KLDiv Loss = 0.2528 | L1 Error = 0.0276 | Cosine Sim = 0.9388
2025-08-05 13:54:24,642 - INFO - Epoch 140: KLDiv Loss = 0.2681 | L1 Error = 0.0284 | Cosine Sim = 0.9333
2025-08-05 13:54:24,727 - INFO - Epoch 141: KLDiv Loss = 0.2336 | L1 Error = 0.0264 | Cosine Sim = 0.9441
2025-08-05 13:54:24,813 - INFO - Epoch 142: KLDiv Loss = 0.2279 | L1 Error = 0.0260 | Cosine Sim = 0.9457
2025-08-05 13:54:24,899 - INFO - Epoch 143: KLDiv Loss = 0.2341 | L1 Error = 0.0258 | Cosine Sim = 0.9439
2025-08-05 13:54:24,984 - INFO - Epoch 144: KLDiv Loss = 0.2323 | L1 Error = 0.0258 | Cosine Sim = 0.9427
2025-08-05 13:54:25,070 - INFO - Epoch 145: KLDiv Loss = 0.2193 | L1 Error = 0.0253 | Cosine Sim = 0.9482
2025-08-05 13:54:25,156 - INFO - Epoch 146: KLDiv Loss = 0.2373 | L1 Error = 0.0258 | Cosine Sim = 0.9423
2025-08-05 13:54:25,241 - INFO - Epoch 147: KLDiv Loss = 0.2317 | L1 Error = 0.0255 | Cosine Sim = 0.9432
2025-08-05 13:54:25,327 - INFO - Epoch 148: KLDiv Loss = 0.2152 | L1 Error = 0.0247 | Cosine Sim = 0.9503
2025-08-05 13:54:25,413 - INFO - Epoch 149: KLDiv Loss = 0.2137 | L1 Error = 0.0242 | Cosine Sim = 0.9481
2025-08-05 13:54:25,498 - INFO - Epoch 150: KLDiv Loss = 0.2203 | L1 Error = 0.0247 | Cosine Sim = 0.9461
2025-08-05 13:54:25,584 - INFO - Epoch 151: KLDiv Loss = 0.2251 | L1 Error = 0.0252 | Cosine Sim = 0.9424
2025-08-05 13:54:25,670 - INFO - Epoch 152: KLDiv Loss = 0.2063 | L1 Error = 0.0238 | Cosine Sim = 0.9506
2025-08-05 13:54:25,755 - INFO - Epoch 153: KLDiv Loss = 0.2074 | L1 Error = 0.0241 | Cosine Sim = 0.9501
2025-08-05 13:54:25,841 - INFO - Epoch 154: KLDiv Loss = 0.2065 | L1 Error = 0.0234 | Cosine Sim = 0.9506
2025-08-05 13:54:25,926 - INFO - Epoch 155: KLDiv Loss = 0.2026 | L1 Error = 0.0232 | Cosine Sim = 0.9506
2025-08-05 13:54:26,012 - INFO - Epoch 156: KLDiv Loss = 0.2002 | L1 Error = 0.0228 | Cosine Sim = 0.9522
2025-08-05 13:54:26,098 - INFO - Epoch 157: KLDiv Loss = 0.1995 | L1 Error = 0.0224 | Cosine Sim = 0.9513
2025-08-05 13:54:26,183 - INFO - Epoch 158: KLDiv Loss = 0.1974 | L1 Error = 0.0229 | Cosine Sim = 0.9514
2025-08-05 13:54:26,269 - INFO - Epoch 159: KLDiv Loss = 0.1832 | L1 Error = 0.0217 | Cosine Sim = 0.9574
2025-08-05 13:54:26,355 - INFO - Epoch 160: KLDiv Loss = 0.1933 | L1 Error = 0.0222 | Cosine Sim = 0.9539
2025-08-05 13:54:26,440 - INFO - Epoch 161: KLDiv Loss = 0.1848 | L1 Error = 0.0219 | Cosine Sim = 0.9567
2025-08-05 13:54:26,526 - INFO - Epoch 162: KLDiv Loss = 0.1990 | L1 Error = 0.0214 | Cosine Sim = 0.9522
2025-08-05 13:54:26,611 - INFO - Epoch 163: KLDiv Loss = 0.1881 | L1 Error = 0.0219 | Cosine Sim = 0.9552
2025-08-05 13:54:26,697 - INFO - Epoch 164: KLDiv Loss = 0.1727 | L1 Error = 0.0204 | Cosine Sim = 0.9598
2025-08-05 13:54:26,783 - INFO - Epoch 165: KLDiv Loss = 0.1725 | L1 Error = 0.0201 | Cosine Sim = 0.9591
2025-08-05 13:54:26,869 - INFO - Epoch 166: KLDiv Loss = 0.1760 | L1 Error = 0.0205 | Cosine Sim = 0.9597
2025-08-05 13:54:26,955 - INFO - Epoch 167: KLDiv Loss = 0.1738 | L1 Error = 0.0203 | Cosine Sim = 0.9581
2025-08-05 13:54:27,040 - INFO - Epoch 168: KLDiv Loss = 0.1720 | L1 Error = 0.0200 | Cosine Sim = 0.9593
2025-08-05 13:54:27,126 - INFO - Epoch 169: KLDiv Loss = 0.1881 | L1 Error = 0.0211 | Cosine Sim = 0.9541
2025-08-05 13:54:27,211 - INFO - Epoch 170: KLDiv Loss = 0.1677 | L1 Error = 0.0191 | Cosine Sim = 0.9619
2025-08-05 13:54:27,297 - INFO - Epoch 171: KLDiv Loss = 0.1690 | L1 Error = 0.0193 | Cosine Sim = 0.9609
2025-08-05 13:54:27,383 - INFO - Epoch 172: KLDiv Loss = 0.1615 | L1 Error = 0.0188 | Cosine Sim = 0.9613
2025-08-05 13:54:27,468 - INFO - Epoch 173: KLDiv Loss = 0.1674 | L1 Error = 0.0186 | Cosine Sim = 0.9604
2025-08-05 13:54:27,554 - INFO - Epoch 174: KLDiv Loss = 0.1630 | L1 Error = 0.0188 | Cosine Sim = 0.9615
2025-08-05 13:54:27,639 - INFO - Epoch 175: KLDiv Loss = 0.1700 | L1 Error = 0.0193 | Cosine Sim = 0.9597
2025-08-05 13:54:27,725 - INFO - Epoch 176: KLDiv Loss = 0.1572 | L1 Error = 0.0183 | Cosine Sim = 0.9646
2025-08-05 13:54:27,811 - INFO - Epoch 177: KLDiv Loss = 0.1548 | L1 Error = 0.0180 | Cosine Sim = 0.9633
2025-08-05 13:54:27,896 - INFO - Epoch 178: KLDiv Loss = 0.1470 | L1 Error = 0.0174 | Cosine Sim = 0.9664
2025-08-05 13:54:27,982 - INFO - Epoch 179: KLDiv Loss = 0.1474 | L1 Error = 0.0168 | Cosine Sim = 0.9666
2025-08-05 13:54:28,068 - INFO - Epoch 180: KLDiv Loss = 0.1505 | L1 Error = 0.0170 | Cosine Sim = 0.9661
2025-08-05 13:54:28,153 - INFO - Epoch 181: KLDiv Loss = 0.1462 | L1 Error = 0.0172 | Cosine Sim = 0.9651
2025-08-05 13:54:28,239 - INFO - Epoch 182: KLDiv Loss = 0.1544 | L1 Error = 0.0178 | Cosine Sim = 0.9631
2025-08-05 13:54:28,325 - INFO - Epoch 183: KLDiv Loss = 0.1498 | L1 Error = 0.0177 | Cosine Sim = 0.9637
2025-08-05 13:54:28,411 - INFO - Epoch 184: KLDiv Loss = 0.1387 | L1 Error = 0.0162 | Cosine Sim = 0.9687
2025-08-05 13:54:28,497 - INFO - Epoch 185: KLDiv Loss = 0.1496 | L1 Error = 0.0172 | Cosine Sim = 0.9646
2025-08-05 13:54:28,583 - INFO - Epoch 186: KLDiv Loss = 0.1405 | L1 Error = 0.0158 | Cosine Sim = 0.9681
2025-08-05 13:54:28,669 - INFO - Epoch 187: KLDiv Loss = 0.1493 | L1 Error = 0.0161 | Cosine Sim = 0.9651
2025-08-05 13:54:28,754 - INFO - Epoch 188: KLDiv Loss = 0.1392 | L1 Error = 0.0160 | Cosine Sim = 0.9680
2025-08-05 13:54:28,840 - INFO - Epoch 189: KLDiv Loss = 0.1341 | L1 Error = 0.0157 | Cosine Sim = 0.9695
2025-08-05 13:54:28,926 - INFO - Epoch 190: KLDiv Loss = 0.1341 | L1 Error = 0.0155 | Cosine Sim = 0.9678
2025-08-05 13:54:29,011 - INFO - Epoch 191: KLDiv Loss = 0.1469 | L1 Error = 0.0154 | Cosine Sim = 0.9656
2025-08-05 13:54:29,097 - INFO - Epoch 192: KLDiv Loss = 0.1350 | L1 Error = 0.0150 | Cosine Sim = 0.9685
2025-08-05 13:54:29,183 - INFO - Epoch 193: KLDiv Loss = 0.1396 | L1 Error = 0.0152 | Cosine Sim = 0.9661
2025-08-05 13:54:29,269 - INFO - Epoch 194: KLDiv Loss = 0.1439 | L1 Error = 0.0161 | Cosine Sim = 0.9643
2025-08-05 13:54:29,354 - INFO - Epoch 195: KLDiv Loss = 0.1392 | L1 Error = 0.0150 | Cosine Sim = 0.9654
2025-08-05 13:54:29,440 - INFO - Epoch 196: KLDiv Loss = 0.1296 | L1 Error = 0.0150 | Cosine Sim = 0.9680
2025-08-05 13:54:29,526 - INFO - Epoch 197: KLDiv Loss = 0.1316 | L1 Error = 0.0148 | Cosine Sim = 0.9686
2025-08-05 13:54:29,611 - INFO - Epoch 198: KLDiv Loss = 0.1589 | L1 Error = 0.0165 | Cosine Sim = 0.9606
2025-08-05 13:54:29,697 - INFO - Epoch 199: KLDiv Loss = 0.1414 | L1 Error = 0.0155 | Cosine Sim = 0.9655
2025-08-05 13:54:29,783 - INFO - Epoch 200: KLDiv Loss = 0.1264 | L1 Error = 0.0146 | Cosine Sim = 0.9706
2025-08-05 13:54:29,868 - INFO - Epoch 201: KLDiv Loss = 0.1244 | L1 Error = 0.0145 | Cosine Sim = 0.9696
2025-08-05 13:54:29,955 - INFO - Epoch 202: KLDiv Loss = 0.1592 | L1 Error = 0.0165 | Cosine Sim = 0.9582
2025-08-05 13:54:30,041 - INFO - Epoch 203: KLDiv Loss = 0.1300 | L1 Error = 0.0147 | Cosine Sim = 0.9689
2025-08-05 13:54:30,127 - INFO - Epoch 204: KLDiv Loss = 0.1436 | L1 Error = 0.0153 | Cosine Sim = 0.9648
2025-08-05 13:54:30,212 - INFO - Epoch 205: KLDiv Loss = 0.1209 | L1 Error = 0.0138 | Cosine Sim = 0.9716
2025-08-05 13:54:30,298 - INFO - Epoch 206: KLDiv Loss = 0.1253 | L1 Error = 0.0141 | Cosine Sim = 0.9691
2025-08-05 13:54:30,384 - INFO - Epoch 207: KLDiv Loss = 0.1186 | L1 Error = 0.0133 | Cosine Sim = 0.9721
2025-08-05 13:54:30,469 - INFO - Epoch 208: KLDiv Loss = 0.1206 | L1 Error = 0.0139 | Cosine Sim = 0.9704
2025-08-05 13:54:30,555 - INFO - Epoch 209: KLDiv Loss = 0.1170 | L1 Error = 0.0142 | Cosine Sim = 0.9711
2025-08-05 13:54:30,641 - INFO - Epoch 210: KLDiv Loss = 0.1229 | L1 Error = 0.0134 | Cosine Sim = 0.9701
2025-08-05 13:54:30,727 - INFO - Epoch 211: KLDiv Loss = 0.1153 | L1 Error = 0.0128 | Cosine Sim = 0.9703
2025-08-05 13:54:30,812 - INFO - Epoch 212: KLDiv Loss = 0.1157 | L1 Error = 0.0127 | Cosine Sim = 0.9729
2025-08-05 13:54:30,898 - INFO - Epoch 213: KLDiv Loss = 0.1226 | L1 Error = 0.0135 | Cosine Sim = 0.9695
2025-08-05 13:54:30,983 - INFO - Epoch 214: KLDiv Loss = 0.1096 | L1 Error = 0.0127 | Cosine Sim = 0.9737
2025-08-05 13:54:31,069 - INFO - Epoch 215: KLDiv Loss = 0.1075 | L1 Error = 0.0123 | Cosine Sim = 0.9748
2025-08-05 13:54:31,155 - INFO - Epoch 216: KLDiv Loss = 0.1145 | L1 Error = 0.0127 | Cosine Sim = 0.9704
2025-08-05 13:54:31,241 - INFO - Epoch 217: KLDiv Loss = 0.1235 | L1 Error = 0.0139 | Cosine Sim = 0.9682
2025-08-05 13:54:31,326 - INFO - Epoch 218: KLDiv Loss = 0.1166 | L1 Error = 0.0133 | Cosine Sim = 0.9720
2025-08-05 13:54:31,412 - INFO - Epoch 219: KLDiv Loss = 0.1099 | L1 Error = 0.0118 | Cosine Sim = 0.9737
2025-08-05 13:54:31,498 - INFO - Epoch 220: KLDiv Loss = 0.1032 | L1 Error = 0.0125 | Cosine Sim = 0.9745
2025-08-05 13:54:31,584 - INFO - Epoch 221: KLDiv Loss = 0.1485 | L1 Error = 0.0140 | Cosine Sim = 0.9622
2025-08-05 13:54:31,670 - INFO - Epoch 222: KLDiv Loss = 0.1115 | L1 Error = 0.0120 | Cosine Sim = 0.9731
2025-08-05 13:54:31,756 - INFO - Epoch 223: KLDiv Loss = 0.1027 | L1 Error = 0.0115 | Cosine Sim = 0.9757
2025-08-05 13:54:31,841 - INFO - Epoch 224: KLDiv Loss = 0.1124 | L1 Error = 0.0124 | Cosine Sim = 0.9698
2025-08-05 13:54:31,927 - INFO - Epoch 225: KLDiv Loss = 0.1007 | L1 Error = 0.0118 | Cosine Sim = 0.9748
2025-08-05 13:54:32,013 - INFO - Epoch 226: KLDiv Loss = 0.1337 | L1 Error = 0.0139 | Cosine Sim = 0.9614
2025-08-05 13:54:32,098 - INFO - Epoch 227: KLDiv Loss = 0.0939 | L1 Error = 0.0113 | Cosine Sim = 0.9761
2025-08-05 13:54:32,184 - INFO - Epoch 228: KLDiv Loss = 0.0936 | L1 Error = 0.0111 | Cosine Sim = 0.9768
2025-08-05 13:54:32,270 - INFO - Epoch 229: KLDiv Loss = 0.1063 | L1 Error = 0.0118 | Cosine Sim = 0.9734
2025-08-05 13:54:32,355 - INFO - Epoch 230: KLDiv Loss = 0.1006 | L1 Error = 0.0119 | Cosine Sim = 0.9744
2025-08-05 13:54:32,441 - INFO - Epoch 231: KLDiv Loss = 0.1213 | L1 Error = 0.0124 | Cosine Sim = 0.9679
2025-08-05 13:54:32,527 - INFO - Epoch 232: KLDiv Loss = 0.1124 | L1 Error = 0.0117 | Cosine Sim = 0.9716
2025-08-05 13:54:32,612 - INFO - Epoch 233: KLDiv Loss = 0.0967 | L1 Error = 0.0108 | Cosine Sim = 0.9754
2025-08-05 13:54:32,698 - INFO - Epoch 234: KLDiv Loss = 0.0903 | L1 Error = 0.0102 | Cosine Sim = 0.9793
2025-08-05 13:54:32,784 - INFO - Epoch 235: KLDiv Loss = 0.0974 | L1 Error = 0.0110 | Cosine Sim = 0.9751
2025-08-05 13:54:32,869 - INFO - Epoch 236: KLDiv Loss = 0.0974 | L1 Error = 0.0107 | Cosine Sim = 0.9763
2025-08-05 13:54:32,955 - INFO - Epoch 237: KLDiv Loss = 0.0956 | L1 Error = 0.0103 | Cosine Sim = 0.9762
2025-08-05 13:54:33,041 - INFO - Epoch 238: KLDiv Loss = 0.1282 | L1 Error = 0.0117 | Cosine Sim = 0.9668
2025-08-05 13:54:33,127 - INFO - Epoch 239: KLDiv Loss = 0.1016 | L1 Error = 0.0105 | Cosine Sim = 0.9731
2025-08-05 13:54:33,212 - INFO - Epoch 240: KLDiv Loss = 0.1117 | L1 Error = 0.0116 | Cosine Sim = 0.9698
2025-08-05 13:54:33,298 - INFO - Epoch 241: KLDiv Loss = 0.0920 | L1 Error = 0.0106 | Cosine Sim = 0.9779
2025-08-05 13:54:33,384 - INFO - Epoch 242: KLDiv Loss = 0.0956 | L1 Error = 0.0112 | Cosine Sim = 0.9753
2025-08-05 13:54:33,470 - INFO - Epoch 243: KLDiv Loss = 0.1021 | L1 Error = 0.0110 | Cosine Sim = 0.9740
2025-08-05 13:54:33,556 - INFO - Epoch 244: KLDiv Loss = 0.1149 | L1 Error = 0.0117 | Cosine Sim = 0.9679
2025-08-05 13:54:33,642 - INFO - Epoch 245: KLDiv Loss = 0.0900 | L1 Error = 0.0101 | Cosine Sim = 0.9774
2025-08-05 13:54:33,728 - INFO - Epoch 246: KLDiv Loss = 0.0949 | L1 Error = 0.0099 | Cosine Sim = 0.9757
2025-08-05 13:54:33,813 - INFO - Epoch 247: KLDiv Loss = 0.0970 | L1 Error = 0.0101 | Cosine Sim = 0.9749
2025-08-05 13:54:33,899 - INFO - Epoch 248: KLDiv Loss = 0.1050 | L1 Error = 0.0104 | Cosine Sim = 0.9723
2025-08-05 13:54:33,985 - INFO - Epoch 249: KLDiv Loss = 0.0933 | L1 Error = 0.0102 | Cosine Sim = 0.9758
2025-08-05 13:54:34,071 - INFO - Epoch 250: KLDiv Loss = 0.0965 | L1 Error = 0.0102 | Cosine Sim = 0.9743
2025-08-05 13:54:34,156 - INFO - Epoch 251: KLDiv Loss = 0.0963 | L1 Error = 0.0111 | Cosine Sim = 0.9747
2025-08-05 13:54:34,242 - INFO - Epoch 252: KLDiv Loss = 0.0832 | L1 Error = 0.0098 | Cosine Sim = 0.9781
2025-08-05 13:54:34,328 - INFO - Epoch 253: KLDiv Loss = 0.0892 | L1 Error = 0.0096 | Cosine Sim = 0.9763
2025-08-05 13:54:34,414 - INFO - Epoch 254: KLDiv Loss = 0.0972 | L1 Error = 0.0101 | Cosine Sim = 0.9727
2025-08-05 13:54:34,501 - INFO - Epoch 255: KLDiv Loss = 0.0920 | L1 Error = 0.0100 | Cosine Sim = 0.9745
2025-08-05 13:54:34,587 - INFO - Epoch 256: KLDiv Loss = 0.0946 | L1 Error = 0.0098 | Cosine Sim = 0.9750
2025-08-05 13:54:34,971 - INFO - Test: Loss = 10.2981, Quant Error = 1.6947
2025-08-05 13:54:34,971 - INFO - Dynamic Top-K Accuracy (per sample): 27.52%
2025-08-05 13:54:34,978 - INFO - [Gradient Run 1] Training time: 24.26s
