2025-07-27 11:08:10,664 - INFO - ------------------------------------Gradient-------------------------------------------
2025-07-27 11:08:10,664 - INFO - [Gradient Run 1] Starting
2025-07-27 11:08:13,217 - INFO - Training on device: cuda
2025-07-27 11:08:13,532 - INFO - Epoch 01: Loss = 2.3656
2025-07-27 11:08:13,625 - INFO - Epoch 02: Loss = 2.3008
2025-07-27 11:08:13,718 - INFO - Epoch 03: Loss = 2.2503
2025-07-27 11:08:13,810 - INFO - Epoch 04: Loss = 2.2071
2025-07-27 11:08:13,902 - INFO - Epoch 05: Loss = 2.1741
2025-07-27 11:08:13,994 - INFO - Epoch 06: Loss = 2.1396
2025-07-27 11:08:14,089 - INFO - Epoch 07: Loss = 2.1066
2025-07-27 11:08:14,182 - INFO - Epoch 08: Loss = 2.0755
2025-07-27 11:08:14,274 - INFO - Epoch 09: Loss = 2.0479
2025-07-27 11:08:14,366 - INFO - Epoch 10: Loss = 2.0175
2025-07-27 11:08:14,458 - INFO - Epoch 11: Loss = 1.9891
2025-07-27 11:08:14,551 - INFO - Epoch 12: Loss = 1.9607
2025-07-27 11:08:14,643 - INFO - Epoch 13: Loss = 1.9357
2025-07-27 11:08:14,735 - INFO - Epoch 14: Loss = 1.9112
2025-07-27 11:08:14,827 - INFO - Epoch 15: Loss = 1.8866
2025-07-27 11:08:14,920 - INFO - Epoch 16: Loss = 1.8649
2025-07-27 11:08:15,012 - INFO - Epoch 17: Loss = 1.8427
2025-07-27 11:08:15,104 - INFO - Epoch 18: Loss = 1.8210
2025-07-27 11:08:15,197 - INFO - Epoch 19: Loss = 1.7973
2025-07-27 11:08:15,289 - INFO - Epoch 20: Loss = 1.7764
2025-07-27 11:08:15,381 - INFO - Epoch 21: Loss = 1.7583
2025-07-27 11:08:15,473 - INFO - Epoch 22: Loss = 1.7383
2025-07-27 11:08:15,566 - INFO - Epoch 23: Loss = 1.7186
2025-07-27 11:08:15,658 - INFO - Epoch 24: Loss = 1.6996
2025-07-27 11:08:15,751 - INFO - Epoch 25: Loss = 1.6801
2025-07-27 11:08:15,844 - INFO - Epoch 26: Loss = 1.6615
2025-07-27 11:08:15,936 - INFO - Epoch 27: Loss = 1.6402
2025-07-27 11:08:16,028 - INFO - Epoch 28: Loss = 1.6152
2025-07-27 11:08:16,121 - INFO - Epoch 29: Loss = 1.5952
2025-07-27 11:08:16,213 - INFO - Epoch 30: Loss = 1.5754
2025-07-27 11:08:16,305 - INFO - Epoch 31: Loss = 1.5577
2025-07-27 11:08:16,397 - INFO - Epoch 32: Loss = 1.5408
2025-07-27 11:08:16,489 - INFO - Epoch 33: Loss = 1.5270
2025-07-27 11:08:16,582 - INFO - Epoch 34: Loss = 1.5114
2025-07-27 11:08:16,676 - INFO - Epoch 35: Loss = 1.4969
2025-07-27 11:08:16,768 - INFO - Epoch 36: Loss = 1.4777
2025-07-27 11:08:16,860 - INFO - Epoch 37: Loss = 1.4572
2025-07-27 11:08:16,952 - INFO - Epoch 38: Loss = 1.4379
2025-07-27 11:08:17,045 - INFO - Epoch 39: Loss = 1.4222
2025-07-27 11:08:17,137 - INFO - Epoch 40: Loss = 1.4066
2025-07-27 11:08:17,229 - INFO - Epoch 41: Loss = 1.3903
2025-07-27 11:08:17,321 - INFO - Epoch 42: Loss = 1.3736
2025-07-27 11:08:17,413 - INFO - Epoch 43: Loss = 1.3592
2025-07-27 11:08:17,506 - INFO - Epoch 44: Loss = 1.3446
2025-07-27 11:08:17,598 - INFO - Epoch 45: Loss = 1.3280
2025-07-27 11:08:17,690 - INFO - Epoch 46: Loss = 1.3156
2025-07-27 11:08:17,782 - INFO - Epoch 47: Loss = 1.3031
2025-07-27 11:08:17,874 - INFO - Epoch 48: Loss = 1.2915
2025-07-27 11:08:17,966 - INFO - Epoch 49: Loss = 1.2794
2025-07-27 11:08:18,059 - INFO - Epoch 50: Loss = 1.2668
2025-07-27 11:08:18,151 - INFO - Epoch 51: Loss = 1.2568
2025-07-27 11:08:18,243 - INFO - Epoch 52: Loss = 1.2423
2025-07-27 11:08:18,335 - INFO - Epoch 53: Loss = 1.2318
2025-07-27 11:08:18,427 - INFO - Epoch 54: Loss = 1.2218
2025-07-27 11:08:18,521 - INFO - Epoch 55: Loss = 1.2103
2025-07-27 11:08:18,613 - INFO - Epoch 56: Loss = 1.2009
2025-07-27 11:08:18,706 - INFO - Epoch 57: Loss = 1.1895
2025-07-27 11:08:18,798 - INFO - Epoch 58: Loss = 1.1770
2025-07-27 11:08:18,890 - INFO - Epoch 59: Loss = 1.1676
2025-07-27 11:08:18,982 - INFO - Epoch 60: Loss = 1.1566
2025-07-27 11:08:19,075 - INFO - Epoch 61: Loss = 1.1482
2025-07-27 11:08:19,167 - INFO - Epoch 62: Loss = 1.1423
2025-07-27 11:08:19,259 - INFO - Epoch 63: Loss = 1.1341
2025-07-27 11:08:19,351 - INFO - Epoch 64: Loss = 1.1202
2025-07-27 11:08:19,443 - INFO - Epoch 65: Loss = 1.1101
2025-07-27 11:08:19,537 - INFO - Epoch 66: Loss = 1.1003
2025-07-27 11:08:19,629 - INFO - Epoch 67: Loss = 1.0938
2025-07-27 11:08:19,721 - INFO - Epoch 68: Loss = 1.0854
2025-07-27 11:08:19,814 - INFO - Epoch 69: Loss = 1.0755
2025-07-27 11:08:19,906 - INFO - Epoch 70: Loss = 1.0690
2025-07-27 11:08:19,998 - INFO - Epoch 71: Loss = 1.0593
2025-07-27 11:08:20,091 - INFO - Epoch 72: Loss = 1.0519
2025-07-27 11:08:20,183 - INFO - Epoch 73: Loss = 1.0446
2025-07-27 11:08:20,275 - INFO - Epoch 74: Loss = 1.0360
2025-07-27 11:08:20,367 - INFO - Epoch 75: Loss = 1.0280
2025-07-27 11:08:20,459 - INFO - Epoch 76: Loss = 1.0187
2025-07-27 11:08:20,552 - INFO - Epoch 77: Loss = 1.0084
2025-07-27 11:08:20,645 - INFO - Epoch 78: Loss = 1.0008
2025-07-27 11:08:20,737 - INFO - Epoch 79: Loss = 0.9929
2025-07-27 11:08:20,829 - INFO - Epoch 80: Loss = 0.9830
2025-07-27 11:08:20,921 - INFO - Epoch 81: Loss = 0.9737
2025-07-27 11:08:21,013 - INFO - Epoch 82: Loss = 0.9687
2025-07-27 11:08:21,105 - INFO - Epoch 83: Loss = 0.9583
2025-07-27 11:08:21,197 - INFO - Epoch 84: Loss = 0.9505
2025-07-27 11:08:21,290 - INFO - Epoch 85: Loss = 0.9473
2025-07-27 11:08:21,382 - INFO - Epoch 86: Loss = 0.9348
2025-07-27 11:08:21,474 - INFO - Epoch 87: Loss = 0.9287
2025-07-27 11:08:21,566 - INFO - Epoch 88: Loss = 0.9251
2025-07-27 11:08:21,658 - INFO - Epoch 89: Loss = 0.9135
2025-07-27 11:08:21,751 - INFO - Epoch 90: Loss = 0.9055
2025-07-27 11:08:21,844 - INFO - Epoch 91: Loss = 0.8962
2025-07-27 11:08:21,936 - INFO - Epoch 92: Loss = 0.8928
2025-07-27 11:08:22,028 - INFO - Epoch 93: Loss = 0.8833
2025-07-27 11:08:22,120 - INFO - Epoch 94: Loss = 0.8749
2025-07-27 11:08:22,212 - INFO - Epoch 95: Loss = 0.8670
2025-07-27 11:08:22,305 - INFO - Epoch 96: Loss = 0.8606
2025-07-27 11:08:22,397 - INFO - Epoch 97: Loss = 0.8509
2025-07-27 11:08:22,489 - INFO - Epoch 98: Loss = 0.8475
2025-07-27 11:08:22,581 - INFO - Epoch 99: Loss = 0.8414
2025-07-27 11:08:22,673 - INFO - Epoch 100: Loss = 0.8341
2025-07-27 11:08:22,765 - INFO - Epoch 101: Loss = 0.8293
2025-07-27 11:08:22,857 - INFO - Epoch 102: Loss = 0.8196
2025-07-27 11:08:22,951 - INFO - Epoch 103: Loss = 0.8205
2025-07-27 11:08:23,043 - INFO - Epoch 104: Loss = 0.8096
2025-07-27 11:08:23,135 - INFO - Epoch 105: Loss = 0.8034
2025-07-27 11:08:23,228 - INFO - Epoch 106: Loss = 0.7954
2025-07-27 11:08:23,320 - INFO - Epoch 107: Loss = 0.7900
2025-07-27 11:08:23,412 - INFO - Epoch 108: Loss = 0.7840
2025-07-27 11:08:23,504 - INFO - Epoch 109: Loss = 0.7792
2025-07-27 11:08:23,596 - INFO - Epoch 110: Loss = 0.7719
2025-07-27 11:08:23,688 - INFO - Epoch 111: Loss = 0.7679
2025-07-27 11:08:23,780 - INFO - Epoch 112: Loss = 0.7625
2025-07-27 11:08:23,873 - INFO - Epoch 113: Loss = 0.7582
2025-07-27 11:08:23,965 - INFO - Epoch 114: Loss = 0.7511
2025-07-27 11:08:24,057 - INFO - Epoch 115: Loss = 0.7442
2025-07-27 11:08:24,150 - INFO - Epoch 116: Loss = 0.7385
2025-07-27 11:08:24,242 - INFO - Epoch 117: Loss = 0.7297
2025-07-27 11:08:24,335 - INFO - Epoch 118: Loss = 0.7266
2025-07-27 11:08:24,427 - INFO - Epoch 119: Loss = 0.7204
2025-07-27 11:08:24,519 - INFO - Epoch 120: Loss = 0.7170
2025-07-27 11:08:24,611 - INFO - Epoch 121: Loss = 0.7105
2025-07-27 11:08:24,703 - INFO - Epoch 122: Loss = 0.7042
2025-07-27 11:08:24,795 - INFO - Epoch 123: Loss = 0.6966
2025-07-27 11:08:24,887 - INFO - Epoch 124: Loss = 0.6962
2025-07-27 11:08:24,979 - INFO - Epoch 125: Loss = 0.6907
2025-07-27 11:08:25,071 - INFO - Epoch 126: Loss = 0.6829
2025-07-27 11:08:25,163 - INFO - Epoch 127: Loss = 0.6840
2025-07-27 11:08:25,256 - INFO - Epoch 128: Loss = 0.6738
2025-07-27 11:08:25,348 - INFO - Epoch 129: Loss = 0.6769
2025-07-27 11:08:25,440 - INFO - Epoch 130: Loss = 0.6651
2025-07-27 11:08:25,532 - INFO - Epoch 131: Loss = 0.6633
2025-07-27 11:08:25,626 - INFO - Epoch 132: Loss = 0.6562
2025-07-27 11:08:25,718 - INFO - Epoch 133: Loss = 0.6476
2025-07-27 11:08:25,811 - INFO - Epoch 134: Loss = 0.6485
2025-07-27 11:08:25,903 - INFO - Epoch 135: Loss = 0.6377
2025-07-27 11:08:25,996 - INFO - Epoch 136: Loss = 0.6363
2025-07-27 11:08:26,088 - INFO - Epoch 137: Loss = 0.6289
2025-07-27 11:08:26,180 - INFO - Epoch 138: Loss = 0.6231
2025-07-27 11:08:26,272 - INFO - Epoch 139: Loss = 0.6176
2025-07-27 11:08:26,365 - INFO - Epoch 140: Loss = 0.6126
2025-07-27 11:08:26,457 - INFO - Epoch 141: Loss = 0.6076
2025-07-27 11:08:26,549 - INFO - Epoch 142: Loss = 0.6027
2025-07-27 11:08:26,641 - INFO - Epoch 143: Loss = 0.6038
2025-07-27 11:08:26,733 - INFO - Epoch 144: Loss = 0.5963
2025-07-27 11:08:26,825 - INFO - Epoch 145: Loss = 0.5954
2025-07-27 11:08:26,917 - INFO - Epoch 146: Loss = 0.5853
2025-07-27 11:08:27,009 - INFO - Epoch 147: Loss = 0.5850
2025-07-27 11:08:27,103 - INFO - Epoch 148: Loss = 0.5727
2025-07-27 11:08:27,196 - INFO - Epoch 149: Loss = 0.5767
2025-07-27 11:08:27,288 - INFO - Epoch 150: Loss = 0.5671
2025-07-27 11:08:27,380 - INFO - Epoch 151: Loss = 0.5660
2025-07-27 11:08:27,472 - INFO - Epoch 152: Loss = 0.5643
2025-07-27 11:08:27,564 - INFO - Epoch 153: Loss = 0.5619
2025-07-27 11:08:27,657 - INFO - Epoch 154: Loss = 0.5537
2025-07-27 11:08:27,749 - INFO - Epoch 155: Loss = 0.5486
2025-07-27 11:08:27,841 - INFO - Epoch 156: Loss = 0.5537
2025-07-27 11:08:27,933 - INFO - Epoch 157: Loss = 0.5437
2025-07-27 11:08:28,025 - INFO - Epoch 158: Loss = 0.5378
2025-07-27 11:08:28,117 - INFO - Epoch 159: Loss = 0.5313
2025-07-27 11:08:28,210 - INFO - Epoch 160: Loss = 0.5343
2025-07-27 11:08:28,302 - INFO - Epoch 161: Loss = 0.5224
2025-07-27 11:08:28,394 - INFO - Epoch 162: Loss = 0.5270
2025-07-27 11:08:28,486 - INFO - Epoch 163: Loss = 0.5191
2025-07-27 11:08:28,580 - INFO - Epoch 164: Loss = 0.5199
2025-07-27 11:08:28,672 - INFO - Epoch 165: Loss = 0.5138
2025-07-27 11:08:28,764 - INFO - Epoch 166: Loss = 0.5081
2025-07-27 11:08:28,856 - INFO - Epoch 167: Loss = 0.5053
2025-07-27 11:08:28,948 - INFO - Epoch 168: Loss = 0.5008
2025-07-27 11:08:29,041 - INFO - Epoch 169: Loss = 0.4981
2025-07-27 11:08:29,133 - INFO - Epoch 170: Loss = 0.4971
2025-07-27 11:08:29,225 - INFO - Epoch 171: Loss = 0.4899
2025-07-27 11:08:29,317 - INFO - Epoch 172: Loss = 0.4882
2025-07-27 11:08:29,409 - INFO - Epoch 173: Loss = 0.4869
2025-07-27 11:08:29,501 - INFO - Epoch 174: Loss = 0.4808
2025-07-27 11:08:29,593 - INFO - Epoch 175: Loss = 0.4839
2025-07-27 11:08:29,686 - INFO - Epoch 176: Loss = 0.4819
2025-07-27 11:08:29,778 - INFO - Epoch 177: Loss = 0.4787
2025-07-27 11:08:29,870 - INFO - Epoch 178: Loss = 0.4887
2025-07-27 11:08:29,962 - INFO - Epoch 179: Loss = 0.4729
2025-07-27 11:08:30,054 - INFO - Epoch 180: Loss = 0.4634
2025-07-27 11:08:30,146 - INFO - Epoch 181: Loss = 0.4605
2025-07-27 11:08:30,238 - INFO - Epoch 182: Loss = 0.4643
2025-07-27 11:08:30,332 - INFO - Epoch 183: Loss = 0.4596
2025-07-27 11:08:30,424 - INFO - Epoch 184: Loss = 0.4500
2025-07-27 11:08:30,517 - INFO - Epoch 185: Loss = 0.4505
2025-07-27 11:08:30,609 - INFO - Epoch 186: Loss = 0.4475
2025-07-27 11:08:30,701 - INFO - Epoch 187: Loss = 0.4419
2025-07-27 11:08:30,793 - INFO - Epoch 188: Loss = 0.4479
2025-07-27 11:08:30,886 - INFO - Epoch 189: Loss = 0.4450
2025-07-27 11:08:30,978 - INFO - Epoch 190: Loss = 0.4370
2025-07-27 11:08:31,070 - INFO - Epoch 191: Loss = 0.4336
2025-07-27 11:08:31,162 - INFO - Epoch 192: Loss = 0.4287
2025-07-27 11:08:31,254 - INFO - Epoch 193: Loss = 0.4339
2025-07-27 11:08:31,346 - INFO - Epoch 194: Loss = 0.4293
2025-07-27 11:08:31,439 - INFO - Epoch 195: Loss = 0.4267
2025-07-27 11:08:31,531 - INFO - Epoch 196: Loss = 0.4163
2025-07-27 11:08:31,623 - INFO - Epoch 197: Loss = 0.4166
2025-07-27 11:08:31,715 - INFO - Epoch 198: Loss = 0.4174
2025-07-27 11:08:31,807 - INFO - Epoch 199: Loss = 0.4104
2025-07-27 11:08:31,899 - INFO - Epoch 200: Loss = 0.4137
2025-07-27 11:08:31,992 - INFO - Epoch 201: Loss = 0.4115
2025-07-27 11:08:32,085 - INFO - Epoch 202: Loss = 0.4067
2025-07-27 11:08:32,177 - INFO - Epoch 203: Loss = 0.4028
2025-07-27 11:08:32,270 - INFO - Epoch 204: Loss = 0.3967
2025-07-27 11:08:32,362 - INFO - Epoch 205: Loss = 0.3975
2025-07-27 11:08:32,454 - INFO - Epoch 206: Loss = 0.3961
2025-07-27 11:08:32,546 - INFO - Epoch 207: Loss = 0.3976
2025-07-27 11:08:32,638 - INFO - Epoch 208: Loss = 0.3949
2025-07-27 11:08:32,730 - INFO - Epoch 209: Loss = 0.3932
2025-07-27 11:08:32,823 - INFO - Epoch 210: Loss = 0.3912
2025-07-27 11:08:32,915 - INFO - Epoch 211: Loss = 0.3895
2025-07-27 11:08:33,007 - INFO - Epoch 212: Loss = 0.3864
2025-07-27 11:08:33,099 - INFO - Epoch 213: Loss = 0.3800
2025-07-27 11:08:33,191 - INFO - Epoch 214: Loss = 0.3774
2025-07-27 11:08:33,284 - INFO - Epoch 215: Loss = 0.3775
2025-07-27 11:08:33,376 - INFO - Epoch 216: Loss = 0.3861
2025-07-27 11:08:33,468 - INFO - Epoch 217: Loss = 0.3749
2025-07-27 11:08:33,560 - INFO - Epoch 218: Loss = 0.3727
2025-07-27 11:08:33,652 - INFO - Epoch 219: Loss = 0.3825
2025-07-27 11:08:33,744 - INFO - Epoch 220: Loss = 0.3737
2025-07-27 11:08:33,838 - INFO - Epoch 221: Loss = 0.3664
2025-07-27 11:08:33,930 - INFO - Epoch 222: Loss = 0.3659
2025-07-27 11:08:34,022 - INFO - Epoch 223: Loss = 0.3672
2025-07-27 11:08:34,114 - INFO - Epoch 224: Loss = 0.3642
2025-07-27 11:08:34,206 - INFO - Epoch 225: Loss = 0.3560
2025-07-27 11:08:34,298 - INFO - Epoch 226: Loss = 0.3516
2025-07-27 11:08:34,391 - INFO - Epoch 227: Loss = 0.3578
2025-07-27 11:08:34,483 - INFO - Epoch 228: Loss = 0.3516
2025-07-27 11:08:34,575 - INFO - Epoch 229: Loss = 0.3550
2025-07-27 11:08:34,667 - INFO - Epoch 230: Loss = 0.3487
2025-07-27 11:08:34,759 - INFO - Epoch 231: Loss = 0.3648
2025-07-27 11:08:34,851 - INFO - Epoch 232: Loss = 0.3648
2025-07-27 11:08:34,943 - INFO - Epoch 233: Loss = 0.3455
2025-07-27 11:08:35,035 - INFO - Epoch 234: Loss = 0.3402
2025-07-27 11:08:35,127 - INFO - Epoch 235: Loss = 0.3494
2025-07-27 11:08:35,219 - INFO - Epoch 236: Loss = 0.3459
2025-07-27 11:08:35,312 - INFO - Epoch 237: Loss = 0.3532
2025-07-27 11:08:35,404 - INFO - Epoch 238: Loss = 0.3413
2025-07-27 11:08:35,496 - INFO - Epoch 239: Loss = 0.3377
2025-07-27 11:08:35,588 - INFO - Epoch 240: Loss = 0.3359
2025-07-27 11:08:35,682 - INFO - Epoch 241: Loss = 0.3389
2025-07-27 11:08:35,774 - INFO - Epoch 242: Loss = 0.3371
2025-07-27 11:08:35,867 - INFO - Epoch 243: Loss = 0.3363
2025-07-27 11:08:35,959 - INFO - Epoch 244: Loss = 0.3311
2025-07-27 11:08:36,051 - INFO - Epoch 245: Loss = 0.3340
2025-07-27 11:08:36,144 - INFO - Epoch 246: Loss = 0.3246
2025-07-27 11:08:36,236 - INFO - Epoch 247: Loss = 0.3197
2025-07-27 11:08:36,328 - INFO - Epoch 248: Loss = 0.3271
2025-07-27 11:08:36,420 - INFO - Epoch 249: Loss = 0.3186
2025-07-27 11:08:36,513 - INFO - Epoch 250: Loss = 0.3275
2025-07-27 11:08:36,605 - INFO - Epoch 251: Loss = 0.3194
2025-07-27 11:08:36,697 - INFO - Epoch 252: Loss = 0.3313
2025-07-27 11:08:36,789 - INFO - Epoch 253: Loss = 0.3228
2025-07-27 11:08:36,881 - INFO - Epoch 254: Loss = 0.3219
2025-07-27 11:08:36,973 - INFO - Epoch 255: Loss = 0.3173
2025-07-27 11:08:37,066 - INFO - Epoch 256: Loss = 0.3088
2025-07-27 11:08:37,088 - INFO - Test: Loss = 0.3373, Accuracy = 80.48%
2025-07-27 11:08:37,088 - INFO - [Gradient Run 1] Training time: 26.42s
