2025-08-05 15:44:15,767 - INFO - ------------------------------------Gradient-------------------------------------------
2025-08-05 15:44:15,767 - INFO - [Gradient Run 1] Starting
2025-08-05 15:44:17,646 - INFO - Training on device: cuda
2025-08-05 15:44:17,912 - INFO - Epoch 01: KLDiv Loss = 2.2779 | L1 Error = 0.1480 | Cosine Sim = 0.3334
2025-08-05 15:44:18,012 - INFO - Epoch 02: KLDiv Loss = 2.1829 | L1 Error = 0.1459 | Cosine Sim = 0.3644
2025-08-05 15:44:18,111 - INFO - Epoch 03: KLDiv Loss = 2.1114 | L1 Error = 0.1442 | Cosine Sim = 0.3898
2025-08-05 15:44:18,210 - INFO - Epoch 04: KLDiv Loss = 2.0492 | L1 Error = 0.1425 | Cosine Sim = 0.4117
2025-08-05 15:44:18,309 - INFO - Epoch 05: KLDiv Loss = 1.9972 | L1 Error = 0.1410 | Cosine Sim = 0.4301
2025-08-05 15:44:18,408 - INFO - Epoch 06: KLDiv Loss = 1.9571 | L1 Error = 0.1397 | Cosine Sim = 0.4449
2025-08-05 15:44:18,507 - INFO - Epoch 07: KLDiv Loss = 1.9119 | L1 Error = 0.1383 | Cosine Sim = 0.4622
2025-08-05 15:44:18,606 - INFO - Epoch 08: KLDiv Loss = 1.8688 | L1 Error = 0.1368 | Cosine Sim = 0.4779
2025-08-05 15:44:18,705 - INFO - Epoch 09: KLDiv Loss = 1.8271 | L1 Error = 0.1353 | Cosine Sim = 0.4931
2025-08-05 15:44:18,804 - INFO - Epoch 10: KLDiv Loss = 1.7922 | L1 Error = 0.1340 | Cosine Sim = 0.5055
2025-08-05 15:44:18,903 - INFO - Epoch 11: KLDiv Loss = 1.7517 | L1 Error = 0.1325 | Cosine Sim = 0.5203
2025-08-05 15:44:19,002 - INFO - Epoch 12: KLDiv Loss = 1.7212 | L1 Error = 0.1312 | Cosine Sim = 0.5308
2025-08-05 15:44:19,101 - INFO - Epoch 13: KLDiv Loss = 1.6837 | L1 Error = 0.1297 | Cosine Sim = 0.5436
2025-08-05 15:44:19,200 - INFO - Epoch 14: KLDiv Loss = 1.6514 | L1 Error = 0.1283 | Cosine Sim = 0.5546
2025-08-05 15:44:19,299 - INFO - Epoch 15: KLDiv Loss = 1.6261 | L1 Error = 0.1273 | Cosine Sim = 0.5625
2025-08-05 15:44:19,398 - INFO - Epoch 16: KLDiv Loss = 1.5862 | L1 Error = 0.1254 | Cosine Sim = 0.5755
2025-08-05 15:44:19,497 - INFO - Epoch 17: KLDiv Loss = 1.5588 | L1 Error = 0.1241 | Cosine Sim = 0.5851
2025-08-05 15:44:19,596 - INFO - Epoch 18: KLDiv Loss = 1.5356 | L1 Error = 0.1230 | Cosine Sim = 0.5913
2025-08-05 15:44:19,695 - INFO - Epoch 19: KLDiv Loss = 1.5008 | L1 Error = 0.1216 | Cosine Sim = 0.6031
2025-08-05 15:44:19,793 - INFO - Epoch 20: KLDiv Loss = 1.4709 | L1 Error = 0.1202 | Cosine Sim = 0.6125
2025-08-05 15:44:19,892 - INFO - Epoch 21: KLDiv Loss = 1.4394 | L1 Error = 0.1186 | Cosine Sim = 0.6223
2025-08-05 15:44:19,991 - INFO - Epoch 22: KLDiv Loss = 1.4196 | L1 Error = 0.1178 | Cosine Sim = 0.6287
2025-08-05 15:44:20,090 - INFO - Epoch 23: KLDiv Loss = 1.3955 | L1 Error = 0.1165 | Cosine Sim = 0.6355
2025-08-05 15:44:20,189 - INFO - Epoch 24: KLDiv Loss = 1.3655 | L1 Error = 0.1150 | Cosine Sim = 0.6437
2025-08-05 15:44:20,288 - INFO - Epoch 25: KLDiv Loss = 1.3393 | L1 Error = 0.1138 | Cosine Sim = 0.6510
2025-08-05 15:44:20,387 - INFO - Epoch 26: KLDiv Loss = 1.3214 | L1 Error = 0.1128 | Cosine Sim = 0.6579
2025-08-05 15:44:20,487 - INFO - Epoch 27: KLDiv Loss = 1.2968 | L1 Error = 0.1116 | Cosine Sim = 0.6642
2025-08-05 15:44:20,586 - INFO - Epoch 28: KLDiv Loss = 1.2718 | L1 Error = 0.1104 | Cosine Sim = 0.6720
2025-08-05 15:44:20,685 - INFO - Epoch 29: KLDiv Loss = 1.2399 | L1 Error = 0.1088 | Cosine Sim = 0.6814
2025-08-05 15:44:20,784 - INFO - Epoch 30: KLDiv Loss = 1.2233 | L1 Error = 0.1079 | Cosine Sim = 0.6865
2025-08-05 15:44:20,883 - INFO - Epoch 31: KLDiv Loss = 1.1979 | L1 Error = 0.1067 | Cosine Sim = 0.6930
2025-08-05 15:44:20,982 - INFO - Epoch 32: KLDiv Loss = 1.1809 | L1 Error = 0.1056 | Cosine Sim = 0.6967
2025-08-05 15:44:21,080 - INFO - Epoch 33: KLDiv Loss = 1.1567 | L1 Error = 0.1042 | Cosine Sim = 0.7056
2025-08-05 15:44:21,179 - INFO - Epoch 34: KLDiv Loss = 1.1452 | L1 Error = 0.1034 | Cosine Sim = 0.7089
2025-08-05 15:44:21,278 - INFO - Epoch 35: KLDiv Loss = 1.1196 | L1 Error = 0.1022 | Cosine Sim = 0.7157
2025-08-05 15:44:21,377 - INFO - Epoch 36: KLDiv Loss = 1.1059 | L1 Error = 0.1013 | Cosine Sim = 0.7197
2025-08-05 15:44:21,478 - INFO - Epoch 37: KLDiv Loss = 1.0799 | L1 Error = 0.0998 | Cosine Sim = 0.7283
2025-08-05 15:44:21,576 - INFO - Epoch 38: KLDiv Loss = 1.0665 | L1 Error = 0.0992 | Cosine Sim = 0.7329
2025-08-05 15:44:21,675 - INFO - Epoch 39: KLDiv Loss = 1.0485 | L1 Error = 0.0980 | Cosine Sim = 0.7363
2025-08-05 15:44:21,774 - INFO - Epoch 40: KLDiv Loss = 1.0222 | L1 Error = 0.0965 | Cosine Sim = 0.7446
2025-08-05 15:44:21,873 - INFO - Epoch 41: KLDiv Loss = 1.0159 | L1 Error = 0.0958 | Cosine Sim = 0.7477
2025-08-05 15:44:21,972 - INFO - Epoch 42: KLDiv Loss = 0.9906 | L1 Error = 0.0945 | Cosine Sim = 0.7556
2025-08-05 15:44:22,071 - INFO - Epoch 43: KLDiv Loss = 0.9724 | L1 Error = 0.0935 | Cosine Sim = 0.7602
2025-08-05 15:44:22,170 - INFO - Epoch 44: KLDiv Loss = 0.9529 | L1 Error = 0.0924 | Cosine Sim = 0.7653
2025-08-05 15:44:22,268 - INFO - Epoch 45: KLDiv Loss = 0.9334 | L1 Error = 0.0909 | Cosine Sim = 0.7704
2025-08-05 15:44:22,369 - INFO - Epoch 46: KLDiv Loss = 0.9316 | L1 Error = 0.0905 | Cosine Sim = 0.7737
2025-08-05 15:44:22,468 - INFO - Epoch 47: KLDiv Loss = 0.9073 | L1 Error = 0.0891 | Cosine Sim = 0.7789
2025-08-05 15:44:22,566 - INFO - Epoch 48: KLDiv Loss = 0.8974 | L1 Error = 0.0883 | Cosine Sim = 0.7828
2025-08-05 15:44:22,665 - INFO - Epoch 49: KLDiv Loss = 0.8743 | L1 Error = 0.0869 | Cosine Sim = 0.7889
2025-08-05 15:44:22,764 - INFO - Epoch 50: KLDiv Loss = 0.8687 | L1 Error = 0.0867 | Cosine Sim = 0.7892
2025-08-05 15:44:22,863 - INFO - Epoch 51: KLDiv Loss = 0.8451 | L1 Error = 0.0852 | Cosine Sim = 0.7972
2025-08-05 15:44:22,962 - INFO - Epoch 52: KLDiv Loss = 0.8283 | L1 Error = 0.0837 | Cosine Sim = 0.8018
2025-08-05 15:44:23,061 - INFO - Epoch 53: KLDiv Loss = 0.8220 | L1 Error = 0.0832 | Cosine Sim = 0.8034
2025-08-05 15:44:23,160 - INFO - Epoch 54: KLDiv Loss = 0.8028 | L1 Error = 0.0818 | Cosine Sim = 0.8107
2025-08-05 15:44:23,259 - INFO - Epoch 55: KLDiv Loss = 0.7949 | L1 Error = 0.0811 | Cosine Sim = 0.8113
2025-08-05 15:44:23,358 - INFO - Epoch 56: KLDiv Loss = 0.7757 | L1 Error = 0.0800 | Cosine Sim = 0.8170
2025-08-05 15:44:23,457 - INFO - Epoch 57: KLDiv Loss = 0.7556 | L1 Error = 0.0785 | Cosine Sim = 0.8233
2025-08-05 15:44:23,556 - INFO - Epoch 58: KLDiv Loss = 0.7514 | L1 Error = 0.0779 | Cosine Sim = 0.8232
2025-08-05 15:44:23,655 - INFO - Epoch 59: KLDiv Loss = 0.7332 | L1 Error = 0.0769 | Cosine Sim = 0.8299
2025-08-05 15:44:23,754 - INFO - Epoch 60: KLDiv Loss = 0.7234 | L1 Error = 0.0757 | Cosine Sim = 0.8327
2025-08-05 15:44:23,852 - INFO - Epoch 61: KLDiv Loss = 0.7132 | L1 Error = 0.0748 | Cosine Sim = 0.8355
2025-08-05 15:44:23,951 - INFO - Epoch 62: KLDiv Loss = 0.6965 | L1 Error = 0.0736 | Cosine Sim = 0.8400
2025-08-05 15:44:24,050 - INFO - Epoch 63: KLDiv Loss = 0.6801 | L1 Error = 0.0725 | Cosine Sim = 0.8442
2025-08-05 15:44:24,149 - INFO - Epoch 64: KLDiv Loss = 0.6730 | L1 Error = 0.0718 | Cosine Sim = 0.8432
2025-08-05 15:44:24,248 - INFO - Epoch 65: KLDiv Loss = 0.6652 | L1 Error = 0.0708 | Cosine Sim = 0.8473
2025-08-05 15:44:24,347 - INFO - Epoch 66: KLDiv Loss = 0.6486 | L1 Error = 0.0699 | Cosine Sim = 0.8523
2025-08-05 15:44:24,447 - INFO - Epoch 67: KLDiv Loss = 0.6416 | L1 Error = 0.0694 | Cosine Sim = 0.8521
2025-08-05 15:44:24,546 - INFO - Epoch 68: KLDiv Loss = 0.6305 | L1 Error = 0.0680 | Cosine Sim = 0.8538
2025-08-05 15:44:24,645 - INFO - Epoch 69: KLDiv Loss = 0.6127 | L1 Error = 0.0670 | Cosine Sim = 0.8608
2025-08-05 15:44:24,744 - INFO - Epoch 70: KLDiv Loss = 0.5987 | L1 Error = 0.0657 | Cosine Sim = 0.8636
2025-08-05 15:44:24,843 - INFO - Epoch 71: KLDiv Loss = 0.5927 | L1 Error = 0.0651 | Cosine Sim = 0.8647
2025-08-05 15:44:24,942 - INFO - Epoch 72: KLDiv Loss = 0.5830 | L1 Error = 0.0638 | Cosine Sim = 0.8659
2025-08-05 15:44:25,041 - INFO - Epoch 73: KLDiv Loss = 0.5727 | L1 Error = 0.0629 | Cosine Sim = 0.8700
2025-08-05 15:44:25,140 - INFO - Epoch 74: KLDiv Loss = 0.5592 | L1 Error = 0.0622 | Cosine Sim = 0.8740
2025-08-05 15:44:25,239 - INFO - Epoch 75: KLDiv Loss = 0.5487 | L1 Error = 0.0613 | Cosine Sim = 0.8764
2025-08-05 15:44:25,337 - INFO - Epoch 76: KLDiv Loss = 0.5446 | L1 Error = 0.0608 | Cosine Sim = 0.8772
2025-08-05 15:44:25,437 - INFO - Epoch 77: KLDiv Loss = 0.5361 | L1 Error = 0.0601 | Cosine Sim = 0.8786
2025-08-05 15:44:25,537 - INFO - Epoch 78: KLDiv Loss = 0.5252 | L1 Error = 0.0589 | Cosine Sim = 0.8808
2025-08-05 15:44:25,636 - INFO - Epoch 79: KLDiv Loss = 0.5208 | L1 Error = 0.0582 | Cosine Sim = 0.8806
2025-08-05 15:44:25,734 - INFO - Epoch 80: KLDiv Loss = 0.5004 | L1 Error = 0.0567 | Cosine Sim = 0.8879
2025-08-05 15:44:25,833 - INFO - Epoch 81: KLDiv Loss = 0.4935 | L1 Error = 0.0558 | Cosine Sim = 0.8893
2025-08-05 15:44:25,932 - INFO - Epoch 82: KLDiv Loss = 0.4816 | L1 Error = 0.0547 | Cosine Sim = 0.8917
2025-08-05 15:44:26,031 - INFO - Epoch 83: KLDiv Loss = 0.4730 | L1 Error = 0.0540 | Cosine Sim = 0.8944
2025-08-05 15:44:26,130 - INFO - Epoch 84: KLDiv Loss = 0.4680 | L1 Error = 0.0533 | Cosine Sim = 0.8936
2025-08-05 15:44:26,229 - INFO - Epoch 85: KLDiv Loss = 0.4645 | L1 Error = 0.0528 | Cosine Sim = 0.8949
2025-08-05 15:44:26,327 - INFO - Epoch 86: KLDiv Loss = 0.4530 | L1 Error = 0.0517 | Cosine Sim = 0.8991
2025-08-05 15:44:26,426 - INFO - Epoch 87: KLDiv Loss = 0.4549 | L1 Error = 0.0510 | Cosine Sim = 0.8984
2025-08-05 15:44:26,526 - INFO - Epoch 88: KLDiv Loss = 0.4369 | L1 Error = 0.0505 | Cosine Sim = 0.9005
2025-08-05 15:44:26,625 - INFO - Epoch 89: KLDiv Loss = 0.4229 | L1 Error = 0.0491 | Cosine Sim = 0.9052
2025-08-05 15:44:26,724 - INFO - Epoch 90: KLDiv Loss = 0.4179 | L1 Error = 0.0484 | Cosine Sim = 0.9066
2025-08-05 15:44:26,823 - INFO - Epoch 91: KLDiv Loss = 0.4154 | L1 Error = 0.0478 | Cosine Sim = 0.9058
2025-08-05 15:44:26,921 - INFO - Epoch 92: KLDiv Loss = 0.4023 | L1 Error = 0.0469 | Cosine Sim = 0.9091
2025-08-05 15:44:27,020 - INFO - Epoch 93: KLDiv Loss = 0.4010 | L1 Error = 0.0466 | Cosine Sim = 0.9106
2025-08-05 15:44:27,119 - INFO - Epoch 94: KLDiv Loss = 0.3919 | L1 Error = 0.0455 | Cosine Sim = 0.9113
2025-08-05 15:44:27,218 - INFO - Epoch 95: KLDiv Loss = 0.3860 | L1 Error = 0.0449 | Cosine Sim = 0.9133
2025-08-05 15:44:27,317 - INFO - Epoch 96: KLDiv Loss = 0.3759 | L1 Error = 0.0442 | Cosine Sim = 0.9164
2025-08-05 15:44:27,415 - INFO - Epoch 97: KLDiv Loss = 0.3697 | L1 Error = 0.0435 | Cosine Sim = 0.9185
2025-08-05 15:44:27,514 - INFO - Epoch 98: KLDiv Loss = 0.3615 | L1 Error = 0.0429 | Cosine Sim = 0.9197
2025-08-05 15:44:27,613 - INFO - Epoch 99: KLDiv Loss = 0.3607 | L1 Error = 0.0424 | Cosine Sim = 0.9206
2025-08-05 15:44:27,712 - INFO - Epoch 100: KLDiv Loss = 0.3637 | L1 Error = 0.0426 | Cosine Sim = 0.9167
2025-08-05 15:44:27,812 - INFO - Epoch 101: KLDiv Loss = 0.3490 | L1 Error = 0.0411 | Cosine Sim = 0.9220
2025-08-05 15:44:27,911 - INFO - Epoch 102: KLDiv Loss = 0.3403 | L1 Error = 0.0404 | Cosine Sim = 0.9240
2025-08-05 15:44:28,010 - INFO - Epoch 103: KLDiv Loss = 0.3369 | L1 Error = 0.0403 | Cosine Sim = 0.9249
2025-08-05 15:44:28,109 - INFO - Epoch 104: KLDiv Loss = 0.3357 | L1 Error = 0.0392 | Cosine Sim = 0.9237
2025-08-05 15:44:28,208 - INFO - Epoch 105: KLDiv Loss = 0.3268 | L1 Error = 0.0389 | Cosine Sim = 0.9272
2025-08-05 15:44:28,307 - INFO - Epoch 106: KLDiv Loss = 0.3220 | L1 Error = 0.0384 | Cosine Sim = 0.9265
2025-08-05 15:44:28,406 - INFO - Epoch 107: KLDiv Loss = 0.3201 | L1 Error = 0.0378 | Cosine Sim = 0.9276
2025-08-05 15:44:28,505 - INFO - Epoch 108: KLDiv Loss = 0.3158 | L1 Error = 0.0376 | Cosine Sim = 0.9298
2025-08-05 15:44:28,603 - INFO - Epoch 109: KLDiv Loss = 0.3072 | L1 Error = 0.0367 | Cosine Sim = 0.9318
2025-08-05 15:44:28,702 - INFO - Epoch 110: KLDiv Loss = 0.3039 | L1 Error = 0.0360 | Cosine Sim = 0.9322
2025-08-05 15:44:28,801 - INFO - Epoch 111: KLDiv Loss = 0.2906 | L1 Error = 0.0349 | Cosine Sim = 0.9356
2025-08-05 15:44:28,900 - INFO - Epoch 112: KLDiv Loss = 0.3067 | L1 Error = 0.0356 | Cosine Sim = 0.9298
2025-08-05 15:44:28,999 - INFO - Epoch 113: KLDiv Loss = 0.2856 | L1 Error = 0.0344 | Cosine Sim = 0.9350
2025-08-05 15:44:29,099 - INFO - Epoch 114: KLDiv Loss = 0.2930 | L1 Error = 0.0350 | Cosine Sim = 0.9330
2025-08-05 15:44:29,198 - INFO - Epoch 115: KLDiv Loss = 0.2845 | L1 Error = 0.0345 | Cosine Sim = 0.9344
2025-08-05 15:44:29,297 - INFO - Epoch 116: KLDiv Loss = 0.2783 | L1 Error = 0.0333 | Cosine Sim = 0.9372
2025-08-05 15:44:29,395 - INFO - Epoch 117: KLDiv Loss = 0.2929 | L1 Error = 0.0339 | Cosine Sim = 0.9326
2025-08-05 15:44:29,494 - INFO - Epoch 118: KLDiv Loss = 0.2889 | L1 Error = 0.0335 | Cosine Sim = 0.9326
2025-08-05 15:44:29,593 - INFO - Epoch 119: KLDiv Loss = 0.2824 | L1 Error = 0.0332 | Cosine Sim = 0.9309
2025-08-05 15:44:29,692 - INFO - Epoch 120: KLDiv Loss = 0.2712 | L1 Error = 0.0321 | Cosine Sim = 0.9375
2025-08-05 15:44:29,791 - INFO - Epoch 121: KLDiv Loss = 0.2704 | L1 Error = 0.0322 | Cosine Sim = 0.9373
2025-08-05 15:44:29,890 - INFO - Epoch 122: KLDiv Loss = 0.2540 | L1 Error = 0.0303 | Cosine Sim = 0.9422
2025-08-05 15:44:29,989 - INFO - Epoch 123: KLDiv Loss = 0.2548 | L1 Error = 0.0305 | Cosine Sim = 0.9417
2025-08-05 15:44:30,087 - INFO - Epoch 124: KLDiv Loss = 0.2481 | L1 Error = 0.0303 | Cosine Sim = 0.9436
2025-08-05 15:44:30,186 - INFO - Epoch 125: KLDiv Loss = 0.2417 | L1 Error = 0.0296 | Cosine Sim = 0.9468
2025-08-05 15:44:30,285 - INFO - Epoch 126: KLDiv Loss = 0.2342 | L1 Error = 0.0288 | Cosine Sim = 0.9472
2025-08-05 15:44:30,385 - INFO - Epoch 127: KLDiv Loss = 0.2356 | L1 Error = 0.0290 | Cosine Sim = 0.9477
2025-08-05 15:44:30,484 - INFO - Epoch 128: KLDiv Loss = 0.2270 | L1 Error = 0.0281 | Cosine Sim = 0.9491
2025-08-05 15:44:30,583 - INFO - Epoch 129: KLDiv Loss = 0.2372 | L1 Error = 0.0282 | Cosine Sim = 0.9472
2025-08-05 15:44:30,682 - INFO - Epoch 130: KLDiv Loss = 0.2223 | L1 Error = 0.0271 | Cosine Sim = 0.9509
2025-08-05 15:44:30,781 - INFO - Epoch 131: KLDiv Loss = 0.2200 | L1 Error = 0.0271 | Cosine Sim = 0.9501
2025-08-05 15:44:30,880 - INFO - Epoch 132: KLDiv Loss = 0.2136 | L1 Error = 0.0262 | Cosine Sim = 0.9521
2025-08-05 15:44:30,979 - INFO - Epoch 133: KLDiv Loss = 0.2353 | L1 Error = 0.0271 | Cosine Sim = 0.9459
2025-08-05 15:44:31,078 - INFO - Epoch 134: KLDiv Loss = 0.2359 | L1 Error = 0.0278 | Cosine Sim = 0.9460
2025-08-05 15:44:31,177 - INFO - Epoch 135: KLDiv Loss = 0.2064 | L1 Error = 0.0257 | Cosine Sim = 0.9532
2025-08-05 15:44:31,276 - INFO - Epoch 136: KLDiv Loss = 0.2066 | L1 Error = 0.0254 | Cosine Sim = 0.9528
2025-08-05 15:44:31,374 - INFO - Epoch 137: KLDiv Loss = 0.2034 | L1 Error = 0.0250 | Cosine Sim = 0.9543
2025-08-05 15:44:31,473 - INFO - Epoch 138: KLDiv Loss = 0.2033 | L1 Error = 0.0249 | Cosine Sim = 0.9526
2025-08-05 15:44:31,572 - INFO - Epoch 139: KLDiv Loss = 0.1995 | L1 Error = 0.0242 | Cosine Sim = 0.9536
2025-08-05 15:44:31,671 - INFO - Epoch 140: KLDiv Loss = 0.1975 | L1 Error = 0.0241 | Cosine Sim = 0.9539
2025-08-05 15:44:31,770 - INFO - Epoch 141: KLDiv Loss = 0.1959 | L1 Error = 0.0240 | Cosine Sim = 0.9533
2025-08-05 15:44:31,869 - INFO - Epoch 142: KLDiv Loss = 0.1966 | L1 Error = 0.0236 | Cosine Sim = 0.9549
2025-08-05 15:44:31,969 - INFO - Epoch 143: KLDiv Loss = 0.1946 | L1 Error = 0.0237 | Cosine Sim = 0.9531
2025-08-05 15:44:32,068 - INFO - Epoch 144: KLDiv Loss = 0.1985 | L1 Error = 0.0238 | Cosine Sim = 0.9517
2025-08-05 15:44:32,167 - INFO - Epoch 145: KLDiv Loss = 0.2011 | L1 Error = 0.0238 | Cosine Sim = 0.9505
2025-08-05 15:44:32,266 - INFO - Epoch 146: KLDiv Loss = 0.1844 | L1 Error = 0.0227 | Cosine Sim = 0.9576
2025-08-05 15:44:32,365 - INFO - Epoch 147: KLDiv Loss = 0.1907 | L1 Error = 0.0230 | Cosine Sim = 0.9540
2025-08-05 15:44:32,464 - INFO - Epoch 148: KLDiv Loss = 0.1861 | L1 Error = 0.0228 | Cosine Sim = 0.9545
2025-08-05 15:44:32,563 - INFO - Epoch 149: KLDiv Loss = 0.1852 | L1 Error = 0.0223 | Cosine Sim = 0.9550
2025-08-05 15:44:32,662 - INFO - Epoch 150: KLDiv Loss = 0.1935 | L1 Error = 0.0230 | Cosine Sim = 0.9528
2025-08-05 15:44:32,761 - INFO - Epoch 151: KLDiv Loss = 0.1824 | L1 Error = 0.0222 | Cosine Sim = 0.9570
2025-08-05 15:44:32,859 - INFO - Epoch 152: KLDiv Loss = 0.1753 | L1 Error = 0.0214 | Cosine Sim = 0.9583
2025-08-05 15:44:32,958 - INFO - Epoch 153: KLDiv Loss = 0.1797 | L1 Error = 0.0218 | Cosine Sim = 0.9562
2025-08-05 15:44:33,057 - INFO - Epoch 154: KLDiv Loss = 0.1770 | L1 Error = 0.0212 | Cosine Sim = 0.9566
2025-08-05 15:44:33,156 - INFO - Epoch 155: KLDiv Loss = 0.1702 | L1 Error = 0.0209 | Cosine Sim = 0.9604
2025-08-05 15:44:33,255 - INFO - Epoch 156: KLDiv Loss = 0.1677 | L1 Error = 0.0204 | Cosine Sim = 0.9597
2025-08-05 15:44:33,354 - INFO - Epoch 157: KLDiv Loss = 0.1728 | L1 Error = 0.0205 | Cosine Sim = 0.9592
2025-08-05 15:44:33,454 - INFO - Epoch 158: KLDiv Loss = 0.1704 | L1 Error = 0.0203 | Cosine Sim = 0.9588
2025-08-05 15:44:33,553 - INFO - Epoch 159: KLDiv Loss = 0.1623 | L1 Error = 0.0200 | Cosine Sim = 0.9604
2025-08-05 15:44:33,652 - INFO - Epoch 160: KLDiv Loss = 0.1668 | L1 Error = 0.0198 | Cosine Sim = 0.9600
2025-08-05 15:44:33,751 - INFO - Epoch 161: KLDiv Loss = 0.1599 | L1 Error = 0.0196 | Cosine Sim = 0.9623
2025-08-05 15:44:33,849 - INFO - Epoch 162: KLDiv Loss = 0.1650 | L1 Error = 0.0203 | Cosine Sim = 0.9594
2025-08-05 15:44:33,948 - INFO - Epoch 163: KLDiv Loss = 0.1779 | L1 Error = 0.0204 | Cosine Sim = 0.9548
2025-08-05 15:44:34,047 - INFO - Epoch 164: KLDiv Loss = 0.1503 | L1 Error = 0.0188 | Cosine Sim = 0.9653
2025-08-05 15:44:34,146 - INFO - Epoch 165: KLDiv Loss = 0.1625 | L1 Error = 0.0193 | Cosine Sim = 0.9595
2025-08-05 15:44:34,245 - INFO - Epoch 166: KLDiv Loss = 0.1570 | L1 Error = 0.0191 | Cosine Sim = 0.9609
2025-08-05 15:44:34,344 - INFO - Epoch 167: KLDiv Loss = 0.1710 | L1 Error = 0.0195 | Cosine Sim = 0.9566
2025-08-05 15:44:34,443 - INFO - Epoch 168: KLDiv Loss = 0.1522 | L1 Error = 0.0184 | Cosine Sim = 0.9625
2025-08-05 15:44:34,542 - INFO - Epoch 169: KLDiv Loss = 0.1473 | L1 Error = 0.0181 | Cosine Sim = 0.9647
2025-08-05 15:44:34,640 - INFO - Epoch 170: KLDiv Loss = 0.1418 | L1 Error = 0.0175 | Cosine Sim = 0.9659
2025-08-05 15:44:34,739 - INFO - Epoch 171: KLDiv Loss = 0.1480 | L1 Error = 0.0176 | Cosine Sim = 0.9620
2025-08-05 15:44:34,838 - INFO - Epoch 172: KLDiv Loss = 0.1517 | L1 Error = 0.0182 | Cosine Sim = 0.9603
2025-08-05 15:44:34,937 - INFO - Epoch 173: KLDiv Loss = 0.1442 | L1 Error = 0.0174 | Cosine Sim = 0.9648
2025-08-05 15:44:35,037 - INFO - Epoch 174: KLDiv Loss = 0.1434 | L1 Error = 0.0170 | Cosine Sim = 0.9657
2025-08-05 15:44:35,136 - INFO - Epoch 175: KLDiv Loss = 0.1480 | L1 Error = 0.0174 | Cosine Sim = 0.9612
2025-08-05 15:44:35,235 - INFO - Epoch 176: KLDiv Loss = 0.1355 | L1 Error = 0.0171 | Cosine Sim = 0.9663
2025-08-05 15:44:35,334 - INFO - Epoch 177: KLDiv Loss = 0.1443 | L1 Error = 0.0172 | Cosine Sim = 0.9636
2025-08-05 15:44:35,433 - INFO - Epoch 178: KLDiv Loss = 0.1363 | L1 Error = 0.0172 | Cosine Sim = 0.9651
2025-08-05 15:44:35,532 - INFO - Epoch 179: KLDiv Loss = 0.1280 | L1 Error = 0.0161 | Cosine Sim = 0.9696
2025-08-05 15:44:35,631 - INFO - Epoch 180: KLDiv Loss = 0.1374 | L1 Error = 0.0166 | Cosine Sim = 0.9653
2025-08-05 15:44:35,731 - INFO - Epoch 181: KLDiv Loss = 0.1372 | L1 Error = 0.0168 | Cosine Sim = 0.9650
2025-08-05 15:44:35,830 - INFO - Epoch 182: KLDiv Loss = 0.1283 | L1 Error = 0.0155 | Cosine Sim = 0.9690
2025-08-05 15:44:35,929 - INFO - Epoch 183: KLDiv Loss = 0.1389 | L1 Error = 0.0158 | Cosine Sim = 0.9655
2025-08-05 15:44:36,028 - INFO - Epoch 184: KLDiv Loss = 0.1285 | L1 Error = 0.0161 | Cosine Sim = 0.9681
2025-08-05 15:44:36,127 - INFO - Epoch 185: KLDiv Loss = 0.1322 | L1 Error = 0.0160 | Cosine Sim = 0.9663
2025-08-05 15:44:36,226 - INFO - Epoch 186: KLDiv Loss = 0.1234 | L1 Error = 0.0155 | Cosine Sim = 0.9710
2025-08-05 15:44:36,325 - INFO - Epoch 187: KLDiv Loss = 0.1183 | L1 Error = 0.0152 | Cosine Sim = 0.9726
2025-08-05 15:44:36,424 - INFO - Epoch 188: KLDiv Loss = 0.1340 | L1 Error = 0.0158 | Cosine Sim = 0.9656
2025-08-05 15:44:36,522 - INFO - Epoch 189: KLDiv Loss = 0.1334 | L1 Error = 0.0159 | Cosine Sim = 0.9661
2025-08-05 15:44:36,621 - INFO - Epoch 190: KLDiv Loss = 0.1148 | L1 Error = 0.0145 | Cosine Sim = 0.9719
2025-08-05 15:44:36,720 - INFO - Epoch 191: KLDiv Loss = 0.1194 | L1 Error = 0.0145 | Cosine Sim = 0.9711
2025-08-05 15:44:36,819 - INFO - Epoch 192: KLDiv Loss = 0.1195 | L1 Error = 0.0145 | Cosine Sim = 0.9719
2025-08-05 15:44:36,919 - INFO - Epoch 193: KLDiv Loss = 0.1206 | L1 Error = 0.0147 | Cosine Sim = 0.9710
2025-08-05 15:44:37,019 - INFO - Epoch 194: KLDiv Loss = 0.1216 | L1 Error = 0.0147 | Cosine Sim = 0.9710
2025-08-05 15:44:37,118 - INFO - Epoch 195: KLDiv Loss = 0.1159 | L1 Error = 0.0145 | Cosine Sim = 0.9721
2025-08-05 15:44:37,217 - INFO - Epoch 196: KLDiv Loss = 0.1146 | L1 Error = 0.0146 | Cosine Sim = 0.9717
2025-08-05 15:44:37,316 - INFO - Epoch 197: KLDiv Loss = 0.1178 | L1 Error = 0.0142 | Cosine Sim = 0.9715
2025-08-05 15:44:37,415 - INFO - Epoch 198: KLDiv Loss = 0.1287 | L1 Error = 0.0147 | Cosine Sim = 0.9676
2025-08-05 15:44:37,514 - INFO - Epoch 199: KLDiv Loss = 0.1145 | L1 Error = 0.0139 | Cosine Sim = 0.9712
2025-08-05 15:44:37,613 - INFO - Epoch 200: KLDiv Loss = 0.1180 | L1 Error = 0.0139 | Cosine Sim = 0.9701
2025-08-05 15:44:37,712 - INFO - Epoch 201: KLDiv Loss = 0.1270 | L1 Error = 0.0147 | Cosine Sim = 0.9673
2025-08-05 15:44:37,811 - INFO - Epoch 202: KLDiv Loss = 0.1074 | L1 Error = 0.0133 | Cosine Sim = 0.9734
2025-08-05 15:44:37,910 - INFO - Epoch 203: KLDiv Loss = 0.1087 | L1 Error = 0.0135 | Cosine Sim = 0.9722
2025-08-05 15:44:38,010 - INFO - Epoch 204: KLDiv Loss = 0.1101 | L1 Error = 0.0131 | Cosine Sim = 0.9714
2025-08-05 15:44:38,109 - INFO - Epoch 205: KLDiv Loss = 0.1335 | L1 Error = 0.0141 | Cosine Sim = 0.9667
2025-08-05 15:44:38,208 - INFO - Epoch 206: KLDiv Loss = 0.1088 | L1 Error = 0.0129 | Cosine Sim = 0.9725
2025-08-05 15:44:38,307 - INFO - Epoch 207: KLDiv Loss = 0.1093 | L1 Error = 0.0132 | Cosine Sim = 0.9715
2025-08-05 15:44:38,406 - INFO - Epoch 208: KLDiv Loss = 0.1123 | L1 Error = 0.0131 | Cosine Sim = 0.9722
2025-08-05 15:44:38,505 - INFO - Epoch 209: KLDiv Loss = 0.1049 | L1 Error = 0.0124 | Cosine Sim = 0.9723
2025-08-05 15:44:38,604 - INFO - Epoch 210: KLDiv Loss = 0.1166 | L1 Error = 0.0133 | Cosine Sim = 0.9705
2025-08-05 15:44:38,703 - INFO - Epoch 211: KLDiv Loss = 0.0946 | L1 Error = 0.0121 | Cosine Sim = 0.9756
2025-08-05 15:44:38,803 - INFO - Epoch 212: KLDiv Loss = 0.1198 | L1 Error = 0.0132 | Cosine Sim = 0.9687
2025-08-05 15:44:38,903 - INFO - Epoch 213: KLDiv Loss = 0.1138 | L1 Error = 0.0127 | Cosine Sim = 0.9702
2025-08-05 15:44:39,002 - INFO - Epoch 214: KLDiv Loss = 0.0918 | L1 Error = 0.0117 | Cosine Sim = 0.9765
2025-08-05 15:44:39,101 - INFO - Epoch 215: KLDiv Loss = 0.1018 | L1 Error = 0.0121 | Cosine Sim = 0.9721
2025-08-05 15:44:39,200 - INFO - Epoch 216: KLDiv Loss = 0.1042 | L1 Error = 0.0118 | Cosine Sim = 0.9722
2025-08-05 15:44:39,299 - INFO - Epoch 217: KLDiv Loss = 0.1082 | L1 Error = 0.0125 | Cosine Sim = 0.9712
2025-08-05 15:44:39,398 - INFO - Epoch 218: KLDiv Loss = 0.1163 | L1 Error = 0.0128 | Cosine Sim = 0.9689
2025-08-05 15:44:39,497 - INFO - Epoch 219: KLDiv Loss = 0.0977 | L1 Error = 0.0117 | Cosine Sim = 0.9744
2025-08-05 15:44:39,596 - INFO - Epoch 220: KLDiv Loss = 0.1099 | L1 Error = 0.0125 | Cosine Sim = 0.9711
2025-08-05 15:44:39,695 - INFO - Epoch 221: KLDiv Loss = 0.0950 | L1 Error = 0.0116 | Cosine Sim = 0.9744
2025-08-05 15:44:39,794 - INFO - Epoch 222: KLDiv Loss = 0.1004 | L1 Error = 0.0115 | Cosine Sim = 0.9737
2025-08-05 15:44:39,893 - INFO - Epoch 223: KLDiv Loss = 0.0961 | L1 Error = 0.0115 | Cosine Sim = 0.9744
2025-08-05 15:44:39,992 - INFO - Epoch 224: KLDiv Loss = 0.1080 | L1 Error = 0.0120 | Cosine Sim = 0.9710
2025-08-05 15:44:40,091 - INFO - Epoch 225: KLDiv Loss = 0.1106 | L1 Error = 0.0127 | Cosine Sim = 0.9692
2025-08-05 15:44:40,190 - INFO - Epoch 226: KLDiv Loss = 0.0857 | L1 Error = 0.0111 | Cosine Sim = 0.9779
2025-08-05 15:44:40,290 - INFO - Epoch 227: KLDiv Loss = 0.1178 | L1 Error = 0.0120 | Cosine Sim = 0.9685
2025-08-05 15:44:40,389 - INFO - Epoch 228: KLDiv Loss = 0.1186 | L1 Error = 0.0126 | Cosine Sim = 0.9676
2025-08-05 15:44:40,488 - INFO - Epoch 229: KLDiv Loss = 0.1027 | L1 Error = 0.0122 | Cosine Sim = 0.9703
2025-08-05 15:44:40,588 - INFO - Epoch 230: KLDiv Loss = 0.0941 | L1 Error = 0.0111 | Cosine Sim = 0.9736
2025-08-05 15:44:40,687 - INFO - Epoch 231: KLDiv Loss = 0.0858 | L1 Error = 0.0104 | Cosine Sim = 0.9768
2025-08-05 15:44:40,786 - INFO - Epoch 232: KLDiv Loss = 0.1082 | L1 Error = 0.0119 | Cosine Sim = 0.9701
2025-08-05 15:44:40,885 - INFO - Epoch 233: KLDiv Loss = 0.0979 | L1 Error = 0.0109 | Cosine Sim = 0.9729
2025-08-05 15:44:40,984 - INFO - Epoch 234: KLDiv Loss = 0.0803 | L1 Error = 0.0102 | Cosine Sim = 0.9774
2025-08-05 15:44:41,083 - INFO - Epoch 235: KLDiv Loss = 0.0987 | L1 Error = 0.0108 | Cosine Sim = 0.9739
2025-08-05 15:44:41,182 - INFO - Epoch 236: KLDiv Loss = 0.0817 | L1 Error = 0.0101 | Cosine Sim = 0.9770
2025-08-05 15:44:41,281 - INFO - Epoch 237: KLDiv Loss = 0.0941 | L1 Error = 0.0105 | Cosine Sim = 0.9749
2025-08-05 15:44:41,380 - INFO - Epoch 238: KLDiv Loss = 0.0866 | L1 Error = 0.0105 | Cosine Sim = 0.9757
2025-08-05 15:44:41,479 - INFO - Epoch 239: KLDiv Loss = 0.0864 | L1 Error = 0.0100 | Cosine Sim = 0.9768
2025-08-05 15:44:41,578 - INFO - Epoch 240: KLDiv Loss = 0.0802 | L1 Error = 0.0100 | Cosine Sim = 0.9769
2025-08-05 15:44:41,677 - INFO - Epoch 241: KLDiv Loss = 0.0906 | L1 Error = 0.0111 | Cosine Sim = 0.9731
2025-08-05 15:44:41,776 - INFO - Epoch 242: KLDiv Loss = 0.0862 | L1 Error = 0.0104 | Cosine Sim = 0.9755
2025-08-05 15:44:41,875 - INFO - Epoch 243: KLDiv Loss = 0.0981 | L1 Error = 0.0106 | Cosine Sim = 0.9726
2025-08-05 15:44:41,974 - INFO - Epoch 244: KLDiv Loss = 0.0864 | L1 Error = 0.0102 | Cosine Sim = 0.9762
2025-08-05 15:44:42,073 - INFO - Epoch 245: KLDiv Loss = 0.0843 | L1 Error = 0.0101 | Cosine Sim = 0.9762
2025-08-05 15:44:42,172 - INFO - Epoch 246: KLDiv Loss = 0.0813 | L1 Error = 0.0094 | Cosine Sim = 0.9780
2025-08-05 15:44:42,271 - INFO - Epoch 247: KLDiv Loss = 0.0987 | L1 Error = 0.0104 | Cosine Sim = 0.9712
2025-08-05 15:44:42,370 - INFO - Epoch 248: KLDiv Loss = 0.0937 | L1 Error = 0.0108 | Cosine Sim = 0.9729
2025-08-05 15:44:42,469 - INFO - Epoch 249: KLDiv Loss = 0.0814 | L1 Error = 0.0099 | Cosine Sim = 0.9782
2025-08-05 15:44:42,568 - INFO - Epoch 250: KLDiv Loss = 0.0907 | L1 Error = 0.0097 | Cosine Sim = 0.9753
2025-08-05 15:44:42,667 - INFO - Epoch 251: KLDiv Loss = 0.0891 | L1 Error = 0.0100 | Cosine Sim = 0.9757
2025-08-05 15:44:42,766 - INFO - Epoch 252: KLDiv Loss = 0.0676 | L1 Error = 0.0085 | Cosine Sim = 0.9813
2025-08-05 15:44:42,866 - INFO - Epoch 253: KLDiv Loss = 0.0850 | L1 Error = 0.0093 | Cosine Sim = 0.9773
2025-08-05 15:44:42,964 - INFO - Epoch 254: KLDiv Loss = 0.0802 | L1 Error = 0.0093 | Cosine Sim = 0.9786
2025-08-05 15:44:43,063 - INFO - Epoch 255: KLDiv Loss = 0.1042 | L1 Error = 0.0108 | Cosine Sim = 0.9697
2025-08-05 15:44:43,162 - INFO - Epoch 256: KLDiv Loss = 0.0930 | L1 Error = 0.0096 | Cosine Sim = 0.9747
2025-08-05 15:44:43,431 - INFO - Test: Loss = 1.0678, Quant Error = 0.3393
2025-08-05 15:44:43,431 - INFO - Dynamic Top-K Accuracy (per sample): 88.43%
2025-08-05 15:44:43,439 - INFO - [Gradient Run 1] Training time: 27.67s
