2025-07-27 11:16:31,126 - INFO - ------------------------------------Gradient-------------------------------------------
2025-07-27 11:16:31,126 - INFO - [Gradient Run 1] Starting
2025-07-27 11:16:33,434 - INFO - Training on device: cuda
2025-07-27 11:16:33,749 - INFO - Epoch 01: Loss = 2.4119
2025-07-27 11:16:33,840 - INFO - Epoch 02: Loss = 2.3798
2025-07-27 11:16:33,930 - INFO - Epoch 03: Loss = 2.3550
2025-07-27 11:16:34,020 - INFO - Epoch 04: Loss = 2.3375
2025-07-27 11:16:34,110 - INFO - Epoch 05: Loss = 2.3204
2025-07-27 11:16:34,201 - INFO - Epoch 06: Loss = 2.2978
2025-07-27 11:16:34,294 - INFO - Epoch 07: Loss = 2.2812
2025-07-27 11:16:34,384 - INFO - Epoch 08: Loss = 2.2640
2025-07-27 11:16:34,474 - INFO - Epoch 09: Loss = 2.2436
2025-07-27 11:16:34,565 - INFO - Epoch 10: Loss = 2.2281
2025-07-27 11:16:34,655 - INFO - Epoch 11: Loss = 2.2121
2025-07-27 11:16:34,745 - INFO - Epoch 12: Loss = 2.1957
2025-07-27 11:16:34,835 - INFO - Epoch 13: Loss = 2.1778
2025-07-27 11:16:34,925 - INFO - Epoch 14: Loss = 2.1628
2025-07-27 11:16:35,015 - INFO - Epoch 15: Loss = 2.1452
2025-07-27 11:16:35,105 - INFO - Epoch 16: Loss = 2.1319
2025-07-27 11:16:35,196 - INFO - Epoch 17: Loss = 2.1186
2025-07-27 11:16:35,286 - INFO - Epoch 18: Loss = 2.1000
2025-07-27 11:16:35,376 - INFO - Epoch 19: Loss = 2.0836
2025-07-27 11:16:35,466 - INFO - Epoch 20: Loss = 2.0648
2025-07-27 11:16:35,556 - INFO - Epoch 21: Loss = 2.0464
2025-07-27 11:16:35,646 - INFO - Epoch 22: Loss = 2.0327
2025-07-27 11:16:35,736 - INFO - Epoch 23: Loss = 2.0161
2025-07-27 11:16:35,826 - INFO - Epoch 24: Loss = 2.0024
2025-07-27 11:16:35,916 - INFO - Epoch 25: Loss = 1.9839
2025-07-27 11:16:36,007 - INFO - Epoch 26: Loss = 1.9664
2025-07-27 11:16:36,098 - INFO - Epoch 27: Loss = 1.9499
2025-07-27 11:16:36,188 - INFO - Epoch 28: Loss = 1.9338
2025-07-27 11:16:36,278 - INFO - Epoch 29: Loss = 1.9178
2025-07-27 11:16:36,368 - INFO - Epoch 30: Loss = 1.9028
2025-07-27 11:16:36,458 - INFO - Epoch 31: Loss = 1.8844
2025-07-27 11:16:36,548 - INFO - Epoch 32: Loss = 1.8689
2025-07-27 11:16:36,638 - INFO - Epoch 33: Loss = 1.8530
2025-07-27 11:16:36,728 - INFO - Epoch 34: Loss = 1.8393
2025-07-27 11:16:36,818 - INFO - Epoch 35: Loss = 1.8258
2025-07-27 11:16:36,910 - INFO - Epoch 36: Loss = 1.8109
2025-07-27 11:16:37,000 - INFO - Epoch 37: Loss = 1.7969
2025-07-27 11:16:37,090 - INFO - Epoch 38: Loss = 1.7853
2025-07-27 11:16:37,180 - INFO - Epoch 39: Loss = 1.7702
2025-07-27 11:16:37,270 - INFO - Epoch 40: Loss = 1.7574
2025-07-27 11:16:37,360 - INFO - Epoch 41: Loss = 1.7425
2025-07-27 11:16:37,450 - INFO - Epoch 42: Loss = 1.7281
2025-07-27 11:16:37,540 - INFO - Epoch 43: Loss = 1.7162
2025-07-27 11:16:37,630 - INFO - Epoch 44: Loss = 1.7055
2025-07-27 11:16:37,720 - INFO - Epoch 45: Loss = 1.6951
2025-07-27 11:16:37,810 - INFO - Epoch 46: Loss = 1.6825
2025-07-27 11:16:37,900 - INFO - Epoch 47: Loss = 1.6717
2025-07-27 11:16:37,990 - INFO - Epoch 48: Loss = 1.6591
2025-07-27 11:16:38,080 - INFO - Epoch 49: Loss = 1.6486
2025-07-27 11:16:38,170 - INFO - Epoch 50: Loss = 1.6372
2025-07-27 11:16:38,260 - INFO - Epoch 51: Loss = 1.6300
2025-07-27 11:16:38,350 - INFO - Epoch 52: Loss = 1.6178
2025-07-27 11:16:38,440 - INFO - Epoch 53: Loss = 1.6047
2025-07-27 11:16:38,530 - INFO - Epoch 54: Loss = 1.5949
2025-07-27 11:16:38,620 - INFO - Epoch 55: Loss = 1.5825
2025-07-27 11:16:38,710 - INFO - Epoch 56: Loss = 1.5717
2025-07-27 11:16:38,801 - INFO - Epoch 57: Loss = 1.5611
2025-07-27 11:16:38,891 - INFO - Epoch 58: Loss = 1.5531
2025-07-27 11:16:38,981 - INFO - Epoch 59: Loss = 1.5420
2025-07-27 11:16:39,071 - INFO - Epoch 60: Loss = 1.5314
2025-07-27 11:16:39,161 - INFO - Epoch 61: Loss = 1.5215
2025-07-27 11:16:39,251 - INFO - Epoch 62: Loss = 1.5117
2025-07-27 11:16:39,341 - INFO - Epoch 63: Loss = 1.5014
2025-07-27 11:16:39,431 - INFO - Epoch 64: Loss = 1.4924
2025-07-27 11:16:39,521 - INFO - Epoch 65: Loss = 1.4828
2025-07-27 11:16:39,612 - INFO - Epoch 66: Loss = 1.4735
2025-07-27 11:16:39,702 - INFO - Epoch 67: Loss = 1.4644
2025-07-27 11:16:39,793 - INFO - Epoch 68: Loss = 1.4577
2025-07-27 11:16:39,883 - INFO - Epoch 69: Loss = 1.4499
2025-07-27 11:16:39,973 - INFO - Epoch 70: Loss = 1.4400
2025-07-27 11:16:40,063 - INFO - Epoch 71: Loss = 1.4336
2025-07-27 11:16:40,154 - INFO - Epoch 72: Loss = 1.4253
2025-07-27 11:16:40,244 - INFO - Epoch 73: Loss = 1.4146
2025-07-27 11:16:40,334 - INFO - Epoch 74: Loss = 1.4048
2025-07-27 11:16:40,424 - INFO - Epoch 75: Loss = 1.3922
2025-07-27 11:16:40,514 - INFO - Epoch 76: Loss = 1.3861
2025-07-27 11:16:40,604 - INFO - Epoch 77: Loss = 1.3758
2025-07-27 11:16:40,694 - INFO - Epoch 78: Loss = 1.3654
2025-07-27 11:16:40,784 - INFO - Epoch 79: Loss = 1.3601
2025-07-27 11:16:40,875 - INFO - Epoch 80: Loss = 1.3502
2025-07-27 11:16:40,965 - INFO - Epoch 81: Loss = 1.3411
2025-07-27 11:16:41,055 - INFO - Epoch 82: Loss = 1.3353
2025-07-27 11:16:41,145 - INFO - Epoch 83: Loss = 1.3281
2025-07-27 11:16:41,235 - INFO - Epoch 84: Loss = 1.3239
2025-07-27 11:16:41,325 - INFO - Epoch 85: Loss = 1.3158
2025-07-27 11:16:41,415 - INFO - Epoch 86: Loss = 1.3109
2025-07-27 11:16:41,505 - INFO - Epoch 87: Loss = 1.3027
2025-07-27 11:16:41,595 - INFO - Epoch 88: Loss = 1.2970
2025-07-27 11:16:41,685 - INFO - Epoch 89: Loss = 1.2888
2025-07-27 11:16:41,775 - INFO - Epoch 90: Loss = 1.2828
2025-07-27 11:16:41,865 - INFO - Epoch 91: Loss = 1.2767
2025-07-27 11:16:41,955 - INFO - Epoch 92: Loss = 1.2692
2025-07-27 11:16:42,047 - INFO - Epoch 93: Loss = 1.2629
2025-07-27 11:16:42,137 - INFO - Epoch 94: Loss = 1.2568
2025-07-27 11:16:42,228 - INFO - Epoch 95: Loss = 1.2534
2025-07-27 11:16:42,318 - INFO - Epoch 96: Loss = 1.2451
2025-07-27 11:16:42,408 - INFO - Epoch 97: Loss = 1.2411
2025-07-27 11:16:42,498 - INFO - Epoch 98: Loss = 1.2337
2025-07-27 11:16:42,588 - INFO - Epoch 99: Loss = 1.2280
2025-07-27 11:16:42,679 - INFO - Epoch 100: Loss = 1.2201
2025-07-27 11:16:42,769 - INFO - Epoch 101: Loss = 1.2152
2025-07-27 11:16:42,859 - INFO - Epoch 102: Loss = 1.2118
2025-07-27 11:16:42,949 - INFO - Epoch 103: Loss = 1.2038
2025-07-27 11:16:43,039 - INFO - Epoch 104: Loss = 1.1997
2025-07-27 11:16:43,129 - INFO - Epoch 105: Loss = 1.1982
2025-07-27 11:16:43,219 - INFO - Epoch 106: Loss = 1.1909
2025-07-27 11:16:43,309 - INFO - Epoch 107: Loss = 1.1842
2025-07-27 11:16:43,400 - INFO - Epoch 108: Loss = 1.1790
2025-07-27 11:16:43,490 - INFO - Epoch 109: Loss = 1.1740
2025-07-27 11:16:43,580 - INFO - Epoch 110: Loss = 1.1673
2025-07-27 11:16:43,670 - INFO - Epoch 111: Loss = 1.1638
2025-07-27 11:16:43,760 - INFO - Epoch 112: Loss = 1.1575
2025-07-27 11:16:43,850 - INFO - Epoch 113: Loss = 1.1587
2025-07-27 11:16:43,940 - INFO - Epoch 114: Loss = 1.1514
2025-07-27 11:16:44,030 - INFO - Epoch 115: Loss = 1.1453
2025-07-27 11:16:44,120 - INFO - Epoch 116: Loss = 1.1441
2025-07-27 11:16:44,211 - INFO - Epoch 117: Loss = 1.1358
2025-07-27 11:16:44,301 - INFO - Epoch 118: Loss = 1.1295
2025-07-27 11:16:44,391 - INFO - Epoch 119: Loss = 1.1279
2025-07-27 11:16:44,482 - INFO - Epoch 120: Loss = 1.1202
2025-07-27 11:16:44,573 - INFO - Epoch 121: Loss = 1.1155
2025-07-27 11:16:44,663 - INFO - Epoch 122: Loss = 1.1112
2025-07-27 11:16:44,753 - INFO - Epoch 123: Loss = 1.1056
2025-07-27 11:16:44,843 - INFO - Epoch 124: Loss = 1.1030
2025-07-27 11:16:44,933 - INFO - Epoch 125: Loss = 1.0976
2025-07-27 11:16:45,023 - INFO - Epoch 126: Loss = 1.0926
2025-07-27 11:16:45,113 - INFO - Epoch 127: Loss = 1.0880
2025-07-27 11:16:45,203 - INFO - Epoch 128: Loss = 1.0829
2025-07-27 11:16:45,293 - INFO - Epoch 129: Loss = 1.0794
2025-07-27 11:16:45,383 - INFO - Epoch 130: Loss = 1.0791
2025-07-27 11:16:45,473 - INFO - Epoch 131: Loss = 1.0744
2025-07-27 11:16:45,563 - INFO - Epoch 132: Loss = 1.0692
2025-07-27 11:16:45,654 - INFO - Epoch 133: Loss = 1.0646
2025-07-27 11:16:45,745 - INFO - Epoch 134: Loss = 1.0613
2025-07-27 11:16:45,835 - INFO - Epoch 135: Loss = 1.0606
2025-07-27 11:16:45,925 - INFO - Epoch 136: Loss = 1.0538
2025-07-27 11:16:46,015 - INFO - Epoch 137: Loss = 1.0479
2025-07-27 11:16:46,105 - INFO - Epoch 138: Loss = 1.0454
2025-07-27 11:16:46,195 - INFO - Epoch 139: Loss = 1.0404
2025-07-27 11:16:46,286 - INFO - Epoch 140: Loss = 1.0339
2025-07-27 11:16:46,376 - INFO - Epoch 141: Loss = 1.0323
2025-07-27 11:16:46,466 - INFO - Epoch 142: Loss = 1.0288
2025-07-27 11:16:46,556 - INFO - Epoch 143: Loss = 1.0256
2025-07-27 11:16:46,646 - INFO - Epoch 144: Loss = 1.0215
2025-07-27 11:16:46,736 - INFO - Epoch 145: Loss = 1.0161
2025-07-27 11:16:46,827 - INFO - Epoch 146: Loss = 1.0175
2025-07-27 11:16:46,917 - INFO - Epoch 147: Loss = 1.0115
2025-07-27 11:16:47,007 - INFO - Epoch 148: Loss = 1.0071
2025-07-27 11:16:47,097 - INFO - Epoch 149: Loss = 1.0018
2025-07-27 11:16:47,189 - INFO - Epoch 150: Loss = 0.9980
2025-07-27 11:16:47,279 - INFO - Epoch 151: Loss = 1.0009
2025-07-27 11:16:47,369 - INFO - Epoch 152: Loss = 0.9948
2025-07-27 11:16:47,459 - INFO - Epoch 153: Loss = 0.9897
2025-07-27 11:16:47,550 - INFO - Epoch 154: Loss = 0.9869
2025-07-27 11:16:47,640 - INFO - Epoch 155: Loss = 0.9864
2025-07-27 11:16:47,730 - INFO - Epoch 156: Loss = 0.9802
2025-07-27 11:16:47,820 - INFO - Epoch 157: Loss = 0.9762
2025-07-27 11:16:47,911 - INFO - Epoch 158: Loss = 0.9746
2025-07-27 11:16:48,001 - INFO - Epoch 159: Loss = 0.9697
2025-07-27 11:16:48,091 - INFO - Epoch 160: Loss = 0.9675
2025-07-27 11:16:48,181 - INFO - Epoch 161: Loss = 0.9634
2025-07-27 11:16:48,271 - INFO - Epoch 162: Loss = 0.9600
2025-07-27 11:16:48,362 - INFO - Epoch 163: Loss = 0.9558
2025-07-27 11:16:48,452 - INFO - Epoch 164: Loss = 0.9536
2025-07-27 11:16:48,542 - INFO - Epoch 165: Loss = 0.9506
2025-07-27 11:16:48,634 - INFO - Epoch 166: Loss = 0.9480
2025-07-27 11:16:48,724 - INFO - Epoch 167: Loss = 0.9443
2025-07-27 11:16:48,814 - INFO - Epoch 168: Loss = 0.9438
2025-07-27 11:16:48,905 - INFO - Epoch 169: Loss = 0.9396
2025-07-27 11:16:48,995 - INFO - Epoch 170: Loss = 0.9349
2025-07-27 11:16:49,085 - INFO - Epoch 171: Loss = 0.9388
2025-07-27 11:16:49,175 - INFO - Epoch 172: Loss = 0.9287
2025-07-27 11:16:49,265 - INFO - Epoch 173: Loss = 0.9287
2025-07-27 11:16:49,355 - INFO - Epoch 174: Loss = 0.9283
2025-07-27 11:16:49,446 - INFO - Epoch 175: Loss = 0.9231
2025-07-27 11:16:49,536 - INFO - Epoch 176: Loss = 0.9174
2025-07-27 11:16:49,626 - INFO - Epoch 177: Loss = 0.9180
2025-07-27 11:16:49,716 - INFO - Epoch 178: Loss = 0.9179
2025-07-27 11:16:49,806 - INFO - Epoch 179: Loss = 0.9124
2025-07-27 11:16:49,896 - INFO - Epoch 180: Loss = 0.9078
2025-07-27 11:16:49,987 - INFO - Epoch 181: Loss = 0.9153
2025-07-27 11:16:50,077 - INFO - Epoch 182: Loss = 0.9025
2025-07-27 11:16:50,169 - INFO - Epoch 183: Loss = 0.9031
2025-07-27 11:16:50,259 - INFO - Epoch 184: Loss = 0.8965
2025-07-27 11:16:50,350 - INFO - Epoch 185: Loss = 0.9011
2025-07-27 11:16:50,440 - INFO - Epoch 186: Loss = 0.8929
2025-07-27 11:16:50,530 - INFO - Epoch 187: Loss = 0.8903
2025-07-27 11:16:50,620 - INFO - Epoch 188: Loss = 0.8901
2025-07-27 11:16:50,710 - INFO - Epoch 189: Loss = 0.8854
2025-07-27 11:16:50,801 - INFO - Epoch 190: Loss = 0.8859
2025-07-27 11:16:50,891 - INFO - Epoch 191: Loss = 0.8791
2025-07-27 11:16:50,981 - INFO - Epoch 192: Loss = 0.8790
2025-07-27 11:16:51,071 - INFO - Epoch 193: Loss = 0.8752
2025-07-27 11:16:51,161 - INFO - Epoch 194: Loss = 0.8739
2025-07-27 11:16:51,251 - INFO - Epoch 195: Loss = 0.8756
2025-07-27 11:16:51,342 - INFO - Epoch 196: Loss = 0.8713
2025-07-27 11:16:51,432 - INFO - Epoch 197: Loss = 0.8666
2025-07-27 11:16:51,522 - INFO - Epoch 198: Loss = 0.8650
2025-07-27 11:16:51,612 - INFO - Epoch 199: Loss = 0.8590
2025-07-27 11:16:51,702 - INFO - Epoch 200: Loss = 0.8584
2025-07-27 11:16:51,793 - INFO - Epoch 201: Loss = 0.8542
2025-07-27 11:16:51,884 - INFO - Epoch 202: Loss = 0.8528
2025-07-27 11:16:51,975 - INFO - Epoch 203: Loss = 0.8548
2025-07-27 11:16:52,065 - INFO - Epoch 204: Loss = 0.8468
2025-07-27 11:16:52,155 - INFO - Epoch 205: Loss = 0.8482
2025-07-27 11:16:52,246 - INFO - Epoch 206: Loss = 0.8469
2025-07-27 11:16:52,336 - INFO - Epoch 207: Loss = 0.8391
2025-07-27 11:16:52,426 - INFO - Epoch 208: Loss = 0.8414
2025-07-27 11:16:52,516 - INFO - Epoch 209: Loss = 0.8338
2025-07-27 11:16:52,607 - INFO - Epoch 210: Loss = 0.8341
2025-07-27 11:16:52,697 - INFO - Epoch 211: Loss = 0.8306
2025-07-27 11:16:52,787 - INFO - Epoch 212: Loss = 0.8288
2025-07-27 11:16:52,877 - INFO - Epoch 213: Loss = 0.8263
2025-07-27 11:16:52,967 - INFO - Epoch 214: Loss = 0.8251
2025-07-27 11:16:53,058 - INFO - Epoch 215: Loss = 0.8219
2025-07-27 11:16:53,148 - INFO - Epoch 216: Loss = 0.8196
2025-07-27 11:16:53,238 - INFO - Epoch 217: Loss = 0.8184
2025-07-27 11:16:53,328 - INFO - Epoch 218: Loss = 0.8173
2025-07-27 11:16:53,418 - INFO - Epoch 219: Loss = 0.8135
2025-07-27 11:16:53,509 - INFO - Epoch 220: Loss = 0.8125
2025-07-27 11:16:53,599 - INFO - Epoch 221: Loss = 0.8121
2025-07-27 11:16:53,691 - INFO - Epoch 222: Loss = 0.8084
2025-07-27 11:16:53,781 - INFO - Epoch 223: Loss = 0.8028
2025-07-27 11:16:53,871 - INFO - Epoch 224: Loss = 0.8022
2025-07-27 11:16:53,962 - INFO - Epoch 225: Loss = 0.8019
2025-07-27 11:16:54,052 - INFO - Epoch 226: Loss = 0.8049
2025-07-27 11:16:54,142 - INFO - Epoch 227: Loss = 0.7978
2025-07-27 11:16:54,232 - INFO - Epoch 228: Loss = 0.7966
2025-07-27 11:16:54,322 - INFO - Epoch 229: Loss = 0.7934
2025-07-27 11:16:54,413 - INFO - Epoch 230: Loss = 0.7900
2025-07-27 11:16:54,503 - INFO - Epoch 231: Loss = 0.7948
2025-07-27 11:16:54,593 - INFO - Epoch 232: Loss = 0.7893
2025-07-27 11:16:54,683 - INFO - Epoch 233: Loss = 0.7889
2025-07-27 11:16:54,773 - INFO - Epoch 234: Loss = 0.7838
2025-07-27 11:16:54,863 - INFO - Epoch 235: Loss = 0.7809
2025-07-27 11:16:54,953 - INFO - Epoch 236: Loss = 0.7791
2025-07-27 11:16:55,043 - INFO - Epoch 237: Loss = 0.7750
2025-07-27 11:16:55,133 - INFO - Epoch 238: Loss = 0.7740
2025-07-27 11:16:55,223 - INFO - Epoch 239: Loss = 0.7714
2025-07-27 11:16:55,314 - INFO - Epoch 240: Loss = 0.7740
2025-07-27 11:16:55,405 - INFO - Epoch 241: Loss = 0.7649
2025-07-27 11:16:55,495 - INFO - Epoch 242: Loss = 0.7681
2025-07-27 11:16:55,585 - INFO - Epoch 243: Loss = 0.7655
2025-07-27 11:16:55,675 - INFO - Epoch 244: Loss = 0.7619
2025-07-27 11:16:55,765 - INFO - Epoch 245: Loss = 0.7614
2025-07-27 11:16:55,855 - INFO - Epoch 246: Loss = 0.7577
2025-07-27 11:16:55,945 - INFO - Epoch 247: Loss = 0.7574
2025-07-27 11:16:56,035 - INFO - Epoch 248: Loss = 0.7558
2025-07-27 11:16:56,126 - INFO - Epoch 249: Loss = 0.7564
2025-07-27 11:16:56,216 - INFO - Epoch 250: Loss = 0.7500
2025-07-27 11:16:56,306 - INFO - Epoch 251: Loss = 0.7463
2025-07-27 11:16:56,396 - INFO - Epoch 252: Loss = 0.7454
2025-07-27 11:16:56,486 - INFO - Epoch 253: Loss = 0.7425
2025-07-27 11:16:56,576 - INFO - Epoch 254: Loss = 0.7431
2025-07-27 11:16:56,666 - INFO - Epoch 255: Loss = 0.7413
2025-07-27 11:16:56,756 - INFO - Epoch 256: Loss = 0.7393
2025-07-27 11:16:56,997 - INFO - Test: Loss = 0.7429, Accuracy = 74.94%
2025-07-27 11:16:56,997 - INFO - [Gradient Run 1] Training time: 25.87s
