2025-08-06 00:09:24,248 - INFO - ------------------------------------Gradient-------------------------------------------
2025-08-06 00:09:24,248 - INFO - [Gradient Run 1] Starting
2025-08-06 00:09:29,686 - INFO - Training on device: cuda
2025-08-06 00:09:30,300 - INFO - Epoch 01: KLDiv Loss = 2.2484 | L1 Error = 0.1471 | Cosine Sim = 0.3429
2025-08-06 00:09:30,421 - INFO - Epoch 02: KLDiv Loss = 2.1548 | L1 Error = 0.1452 | Cosine Sim = 0.3731
2025-08-06 00:09:30,542 - INFO - Epoch 03: KLDiv Loss = 2.0833 | L1 Error = 0.1435 | Cosine Sim = 0.3984
2025-08-06 00:09:30,662 - INFO - Epoch 04: KLDiv Loss = 2.0095 | L1 Error = 0.1416 | Cosine Sim = 0.4246
2025-08-06 00:09:30,783 - INFO - Epoch 05: KLDiv Loss = 1.9452 | L1 Error = 0.1398 | Cosine Sim = 0.4474
2025-08-06 00:09:30,903 - INFO - Epoch 06: KLDiv Loss = 1.8862 | L1 Error = 0.1380 | Cosine Sim = 0.4682
2025-08-06 00:09:31,023 - INFO - Epoch 07: KLDiv Loss = 1.8254 | L1 Error = 0.1359 | Cosine Sim = 0.4895
2025-08-06 00:09:31,144 - INFO - Epoch 08: KLDiv Loss = 1.7710 | L1 Error = 0.1339 | Cosine Sim = 0.5079
2025-08-06 00:09:31,264 - INFO - Epoch 09: KLDiv Loss = 1.7160 | L1 Error = 0.1318 | Cosine Sim = 0.5259
2025-08-06 00:09:31,384 - INFO - Epoch 10: KLDiv Loss = 1.6660 | L1 Error = 0.1298 | Cosine Sim = 0.5416
2025-08-06 00:09:31,504 - INFO - Epoch 11: KLDiv Loss = 1.6170 | L1 Error = 0.1279 | Cosine Sim = 0.5579
2025-08-06 00:09:31,624 - INFO - Epoch 12: KLDiv Loss = 1.5739 | L1 Error = 0.1258 | Cosine Sim = 0.5718
2025-08-06 00:09:31,744 - INFO - Epoch 13: KLDiv Loss = 1.5284 | L1 Error = 0.1238 | Cosine Sim = 0.5858
2025-08-06 00:09:31,866 - INFO - Epoch 14: KLDiv Loss = 1.4871 | L1 Error = 0.1218 | Cosine Sim = 0.5997
2025-08-06 00:09:31,987 - INFO - Epoch 15: KLDiv Loss = 1.4485 | L1 Error = 0.1199 | Cosine Sim = 0.6121
2025-08-06 00:09:32,107 - INFO - Epoch 16: KLDiv Loss = 1.4068 | L1 Error = 0.1179 | Cosine Sim = 0.6255
2025-08-06 00:09:32,227 - INFO - Epoch 17: KLDiv Loss = 1.3726 | L1 Error = 0.1160 | Cosine Sim = 0.6360
2025-08-06 00:09:32,347 - INFO - Epoch 18: KLDiv Loss = 1.3435 | L1 Error = 0.1143 | Cosine Sim = 0.6451
2025-08-06 00:09:32,467 - INFO - Epoch 19: KLDiv Loss = 1.3087 | L1 Error = 0.1123 | Cosine Sim = 0.6553
2025-08-06 00:09:32,588 - INFO - Epoch 20: KLDiv Loss = 1.2772 | L1 Error = 0.1106 | Cosine Sim = 0.6648
2025-08-06 00:09:32,708 - INFO - Epoch 21: KLDiv Loss = 1.2523 | L1 Error = 0.1092 | Cosine Sim = 0.6728
2025-08-06 00:09:32,829 - INFO - Epoch 22: KLDiv Loss = 1.2214 | L1 Error = 0.1076 | Cosine Sim = 0.6820
2025-08-06 00:09:32,949 - INFO - Epoch 23: KLDiv Loss = 1.1949 | L1 Error = 0.1059 | Cosine Sim = 0.6898
2025-08-06 00:09:33,069 - INFO - Epoch 24: KLDiv Loss = 1.1685 | L1 Error = 0.1042 | Cosine Sim = 0.6974
2025-08-06 00:09:33,189 - INFO - Epoch 25: KLDiv Loss = 1.1385 | L1 Error = 0.1023 | Cosine Sim = 0.7063
2025-08-06 00:09:33,309 - INFO - Epoch 26: KLDiv Loss = 1.1151 | L1 Error = 0.1009 | Cosine Sim = 0.7119
2025-08-06 00:09:33,429 - INFO - Epoch 27: KLDiv Loss = 1.0898 | L1 Error = 0.0994 | Cosine Sim = 0.7197
2025-08-06 00:09:33,551 - INFO - Epoch 28: KLDiv Loss = 1.0671 | L1 Error = 0.0979 | Cosine Sim = 0.7253
2025-08-06 00:09:33,672 - INFO - Epoch 29: KLDiv Loss = 1.0430 | L1 Error = 0.0965 | Cosine Sim = 0.7317
2025-08-06 00:09:33,792 - INFO - Epoch 30: KLDiv Loss = 1.0192 | L1 Error = 0.0949 | Cosine Sim = 0.7383
2025-08-06 00:09:33,912 - INFO - Epoch 31: KLDiv Loss = 1.0017 | L1 Error = 0.0937 | Cosine Sim = 0.7428
2025-08-06 00:09:34,033 - INFO - Epoch 32: KLDiv Loss = 0.9822 | L1 Error = 0.0925 | Cosine Sim = 0.7477
2025-08-06 00:09:34,153 - INFO - Epoch 33: KLDiv Loss = 0.9575 | L1 Error = 0.0909 | Cosine Sim = 0.7540
2025-08-06 00:09:34,273 - INFO - Epoch 34: KLDiv Loss = 0.9352 | L1 Error = 0.0893 | Cosine Sim = 0.7608
2025-08-06 00:09:34,393 - INFO - Epoch 35: KLDiv Loss = 0.9148 | L1 Error = 0.0879 | Cosine Sim = 0.7660
2025-08-06 00:09:34,513 - INFO - Epoch 36: KLDiv Loss = 0.9010 | L1 Error = 0.0868 | Cosine Sim = 0.7691
2025-08-06 00:09:34,633 - INFO - Epoch 37: KLDiv Loss = 0.8818 | L1 Error = 0.0857 | Cosine Sim = 0.7745
2025-08-06 00:09:34,754 - INFO - Epoch 38: KLDiv Loss = 0.8676 | L1 Error = 0.0845 | Cosine Sim = 0.7779
2025-08-06 00:09:34,874 - INFO - Epoch 39: KLDiv Loss = 0.8463 | L1 Error = 0.0832 | Cosine Sim = 0.7844
2025-08-06 00:09:34,994 - INFO - Epoch 40: KLDiv Loss = 0.8289 | L1 Error = 0.0818 | Cosine Sim = 0.7882
2025-08-06 00:09:35,114 - INFO - Epoch 41: KLDiv Loss = 0.8136 | L1 Error = 0.0805 | Cosine Sim = 0.7929
2025-08-06 00:09:35,235 - INFO - Epoch 42: KLDiv Loss = 0.7988 | L1 Error = 0.0795 | Cosine Sim = 0.7961
2025-08-06 00:09:35,355 - INFO - Epoch 43: KLDiv Loss = 0.7816 | L1 Error = 0.0783 | Cosine Sim = 0.8023
2025-08-06 00:09:35,476 - INFO - Epoch 44: KLDiv Loss = 0.7719 | L1 Error = 0.0773 | Cosine Sim = 0.8035
2025-08-06 00:09:35,596 - INFO - Epoch 45: KLDiv Loss = 0.7547 | L1 Error = 0.0764 | Cosine Sim = 0.8092
2025-08-06 00:09:35,716 - INFO - Epoch 46: KLDiv Loss = 0.7400 | L1 Error = 0.0754 | Cosine Sim = 0.8138
2025-08-06 00:09:35,836 - INFO - Epoch 47: KLDiv Loss = 0.7237 | L1 Error = 0.0743 | Cosine Sim = 0.8189
2025-08-06 00:09:35,956 - INFO - Epoch 48: KLDiv Loss = 0.7103 | L1 Error = 0.0731 | Cosine Sim = 0.8222
2025-08-06 00:09:36,077 - INFO - Epoch 49: KLDiv Loss = 0.6971 | L1 Error = 0.0718 | Cosine Sim = 0.8262
2025-08-06 00:09:36,197 - INFO - Epoch 50: KLDiv Loss = 0.6853 | L1 Error = 0.0709 | Cosine Sim = 0.8298
2025-08-06 00:09:36,317 - INFO - Epoch 51: KLDiv Loss = 0.6705 | L1 Error = 0.0696 | Cosine Sim = 0.8341
2025-08-06 00:09:36,439 - INFO - Epoch 52: KLDiv Loss = 0.6595 | L1 Error = 0.0689 | Cosine Sim = 0.8373
2025-08-06 00:09:36,559 - INFO - Epoch 53: KLDiv Loss = 0.6465 | L1 Error = 0.0681 | Cosine Sim = 0.8416
2025-08-06 00:09:36,679 - INFO - Epoch 54: KLDiv Loss = 0.6402 | L1 Error = 0.0676 | Cosine Sim = 0.8418
2025-08-06 00:09:36,799 - INFO - Epoch 55: KLDiv Loss = 0.6207 | L1 Error = 0.0655 | Cosine Sim = 0.8485
2025-08-06 00:09:36,919 - INFO - Epoch 56: KLDiv Loss = 0.6158 | L1 Error = 0.0650 | Cosine Sim = 0.8489
2025-08-06 00:09:37,039 - INFO - Epoch 57: KLDiv Loss = 0.6059 | L1 Error = 0.0643 | Cosine Sim = 0.8519
2025-08-06 00:09:37,159 - INFO - Epoch 58: KLDiv Loss = 0.5860 | L1 Error = 0.0627 | Cosine Sim = 0.8581
2025-08-06 00:09:37,279 - INFO - Epoch 59: KLDiv Loss = 0.5771 | L1 Error = 0.0620 | Cosine Sim = 0.8610
2025-08-06 00:09:37,399 - INFO - Epoch 60: KLDiv Loss = 0.5702 | L1 Error = 0.0611 | Cosine Sim = 0.8624
2025-08-06 00:09:37,520 - INFO - Epoch 61: KLDiv Loss = 0.5587 | L1 Error = 0.0603 | Cosine Sim = 0.8647
2025-08-06 00:09:37,640 - INFO - Epoch 62: KLDiv Loss = 0.5469 | L1 Error = 0.0593 | Cosine Sim = 0.8687
2025-08-06 00:09:37,760 - INFO - Epoch 63: KLDiv Loss = 0.5397 | L1 Error = 0.0585 | Cosine Sim = 0.8705
2025-08-06 00:09:37,880 - INFO - Epoch 64: KLDiv Loss = 0.5294 | L1 Error = 0.0577 | Cosine Sim = 0.8726
2025-08-06 00:09:38,000 - INFO - Epoch 65: KLDiv Loss = 0.5226 | L1 Error = 0.0571 | Cosine Sim = 0.8737
2025-08-06 00:09:38,120 - INFO - Epoch 66: KLDiv Loss = 0.5062 | L1 Error = 0.0559 | Cosine Sim = 0.8796
2025-08-06 00:09:38,240 - INFO - Epoch 67: KLDiv Loss = 0.5043 | L1 Error = 0.0554 | Cosine Sim = 0.8789
2025-08-06 00:09:38,360 - INFO - Epoch 68: KLDiv Loss = 0.4899 | L1 Error = 0.0544 | Cosine Sim = 0.8822
2025-08-06 00:09:38,480 - INFO - Epoch 69: KLDiv Loss = 0.4876 | L1 Error = 0.0542 | Cosine Sim = 0.8826
2025-08-06 00:09:38,601 - INFO - Epoch 70: KLDiv Loss = 0.4766 | L1 Error = 0.0529 | Cosine Sim = 0.8854
2025-08-06 00:09:38,721 - INFO - Epoch 71: KLDiv Loss = 0.4708 | L1 Error = 0.0523 | Cosine Sim = 0.8865
2025-08-06 00:09:38,841 - INFO - Epoch 72: KLDiv Loss = 0.4574 | L1 Error = 0.0511 | Cosine Sim = 0.8907
2025-08-06 00:09:38,962 - INFO - Epoch 73: KLDiv Loss = 0.4528 | L1 Error = 0.0502 | Cosine Sim = 0.8921
2025-08-06 00:09:39,082 - INFO - Epoch 74: KLDiv Loss = 0.4393 | L1 Error = 0.0494 | Cosine Sim = 0.8955
2025-08-06 00:09:39,203 - INFO - Epoch 75: KLDiv Loss = 0.4390 | L1 Error = 0.0488 | Cosine Sim = 0.8941
2025-08-06 00:09:39,323 - INFO - Epoch 76: KLDiv Loss = 0.4238 | L1 Error = 0.0479 | Cosine Sim = 0.8993
2025-08-06 00:09:39,443 - INFO - Epoch 77: KLDiv Loss = 0.4189 | L1 Error = 0.0470 | Cosine Sim = 0.8993
2025-08-06 00:09:39,563 - INFO - Epoch 78: KLDiv Loss = 0.4164 | L1 Error = 0.0460 | Cosine Sim = 0.8991
2025-08-06 00:09:39,683 - INFO - Epoch 79: KLDiv Loss = 0.4043 | L1 Error = 0.0453 | Cosine Sim = 0.9032
2025-08-06 00:09:39,803 - INFO - Epoch 80: KLDiv Loss = 0.3991 | L1 Error = 0.0445 | Cosine Sim = 0.9026
2025-08-06 00:09:39,923 - INFO - Epoch 81: KLDiv Loss = 0.3881 | L1 Error = 0.0435 | Cosine Sim = 0.9074
2025-08-06 00:09:40,044 - INFO - Epoch 82: KLDiv Loss = 0.3881 | L1 Error = 0.0433 | Cosine Sim = 0.9055
2025-08-06 00:09:40,164 - INFO - Epoch 83: KLDiv Loss = 0.3768 | L1 Error = 0.0422 | Cosine Sim = 0.9080
2025-08-06 00:09:40,284 - INFO - Epoch 84: KLDiv Loss = 0.3736 | L1 Error = 0.0420 | Cosine Sim = 0.9085
2025-08-06 00:09:40,405 - INFO - Epoch 85: KLDiv Loss = 0.3696 | L1 Error = 0.0412 | Cosine Sim = 0.9098
2025-08-06 00:09:40,525 - INFO - Epoch 86: KLDiv Loss = 0.3649 | L1 Error = 0.0407 | Cosine Sim = 0.9107
2025-08-06 00:09:40,645 - INFO - Epoch 87: KLDiv Loss = 0.3548 | L1 Error = 0.0404 | Cosine Sim = 0.9133
2025-08-06 00:09:40,766 - INFO - Epoch 88: KLDiv Loss = 0.3496 | L1 Error = 0.0397 | Cosine Sim = 0.9133
2025-08-06 00:09:40,886 - INFO - Epoch 89: KLDiv Loss = 0.3434 | L1 Error = 0.0385 | Cosine Sim = 0.9155
2025-08-06 00:09:41,006 - INFO - Epoch 90: KLDiv Loss = 0.3412 | L1 Error = 0.0383 | Cosine Sim = 0.9158
2025-08-06 00:09:41,126 - INFO - Epoch 91: KLDiv Loss = 0.3375 | L1 Error = 0.0377 | Cosine Sim = 0.9159
2025-08-06 00:09:41,246 - INFO - Epoch 92: KLDiv Loss = 0.3330 | L1 Error = 0.0369 | Cosine Sim = 0.9175
2025-08-06 00:09:41,366 - INFO - Epoch 93: KLDiv Loss = 0.3207 | L1 Error = 0.0360 | Cosine Sim = 0.9197
2025-08-06 00:09:41,486 - INFO - Epoch 94: KLDiv Loss = 0.3159 | L1 Error = 0.0360 | Cosine Sim = 0.9207
2025-08-06 00:09:41,606 - INFO - Epoch 95: KLDiv Loss = 0.3134 | L1 Error = 0.0354 | Cosine Sim = 0.9211
2025-08-06 00:09:41,727 - INFO - Epoch 96: KLDiv Loss = 0.3077 | L1 Error = 0.0348 | Cosine Sim = 0.9217
2025-08-06 00:09:41,848 - INFO - Epoch 97: KLDiv Loss = 0.2991 | L1 Error = 0.0343 | Cosine Sim = 0.9250
2025-08-06 00:09:41,968 - INFO - Epoch 98: KLDiv Loss = 0.2985 | L1 Error = 0.0337 | Cosine Sim = 0.9241
2025-08-06 00:09:42,088 - INFO - Epoch 99: KLDiv Loss = 0.2911 | L1 Error = 0.0331 | Cosine Sim = 0.9265
2025-08-06 00:09:42,208 - INFO - Epoch 100: KLDiv Loss = 0.2938 | L1 Error = 0.0325 | Cosine Sim = 0.9246
2025-08-06 00:09:42,328 - INFO - Epoch 101: KLDiv Loss = 0.2867 | L1 Error = 0.0322 | Cosine Sim = 0.9265
2025-08-06 00:09:42,448 - INFO - Epoch 102: KLDiv Loss = 0.2962 | L1 Error = 0.0328 | Cosine Sim = 0.9235
2025-08-06 00:09:42,568 - INFO - Epoch 103: KLDiv Loss = 0.2854 | L1 Error = 0.0322 | Cosine Sim = 0.9255
2025-08-06 00:09:42,688 - INFO - Epoch 104: KLDiv Loss = 0.2784 | L1 Error = 0.0312 | Cosine Sim = 0.9281
2025-08-06 00:09:42,808 - INFO - Epoch 105: KLDiv Loss = 0.2742 | L1 Error = 0.0311 | Cosine Sim = 0.9289
2025-08-06 00:09:42,928 - INFO - Epoch 106: KLDiv Loss = 0.2680 | L1 Error = 0.0304 | Cosine Sim = 0.9296
2025-08-06 00:09:43,049 - INFO - Epoch 107: KLDiv Loss = 0.2694 | L1 Error = 0.0309 | Cosine Sim = 0.9296
2025-08-06 00:09:43,169 - INFO - Epoch 108: KLDiv Loss = 0.2636 | L1 Error = 0.0298 | Cosine Sim = 0.9315
2025-08-06 00:09:43,289 - INFO - Epoch 109: KLDiv Loss = 0.2613 | L1 Error = 0.0297 | Cosine Sim = 0.9329
2025-08-06 00:09:43,410 - INFO - Epoch 110: KLDiv Loss = 0.2738 | L1 Error = 0.0298 | Cosine Sim = 0.9272
2025-08-06 00:09:43,531 - INFO - Epoch 111: KLDiv Loss = 0.2536 | L1 Error = 0.0289 | Cosine Sim = 0.9334
2025-08-06 00:09:43,651 - INFO - Epoch 112: KLDiv Loss = 0.2528 | L1 Error = 0.0283 | Cosine Sim = 0.9331
2025-08-06 00:09:43,771 - INFO - Epoch 113: KLDiv Loss = 0.2566 | L1 Error = 0.0287 | Cosine Sim = 0.9321
2025-08-06 00:09:43,891 - INFO - Epoch 114: KLDiv Loss = 0.2480 | L1 Error = 0.0282 | Cosine Sim = 0.9354
2025-08-06 00:09:44,011 - INFO - Epoch 115: KLDiv Loss = 0.2460 | L1 Error = 0.0277 | Cosine Sim = 0.9349
2025-08-06 00:09:44,131 - INFO - Epoch 116: KLDiv Loss = 0.2378 | L1 Error = 0.0271 | Cosine Sim = 0.9374
2025-08-06 00:09:44,251 - INFO - Epoch 117: KLDiv Loss = 0.2384 | L1 Error = 0.0272 | Cosine Sim = 0.9372
2025-08-06 00:09:44,371 - INFO - Epoch 118: KLDiv Loss = 0.2369 | L1 Error = 0.0267 | Cosine Sim = 0.9376
2025-08-06 00:09:44,492 - INFO - Epoch 119: KLDiv Loss = 0.2327 | L1 Error = 0.0260 | Cosine Sim = 0.9388
2025-08-06 00:09:44,612 - INFO - Epoch 120: KLDiv Loss = 0.2306 | L1 Error = 0.0259 | Cosine Sim = 0.9396
2025-08-06 00:09:44,732 - INFO - Epoch 121: KLDiv Loss = 0.2215 | L1 Error = 0.0252 | Cosine Sim = 0.9417
2025-08-06 00:09:44,852 - INFO - Epoch 122: KLDiv Loss = 0.2193 | L1 Error = 0.0251 | Cosine Sim = 0.9434
2025-08-06 00:09:44,972 - INFO - Epoch 123: KLDiv Loss = 0.2189 | L1 Error = 0.0248 | Cosine Sim = 0.9435
2025-08-06 00:09:45,093 - INFO - Epoch 124: KLDiv Loss = 0.2104 | L1 Error = 0.0241 | Cosine Sim = 0.9457
2025-08-06 00:09:45,213 - INFO - Epoch 125: KLDiv Loss = 0.2210 | L1 Error = 0.0249 | Cosine Sim = 0.9412
2025-08-06 00:09:45,334 - INFO - Epoch 126: KLDiv Loss = 0.2170 | L1 Error = 0.0246 | Cosine Sim = 0.9428
2025-08-06 00:09:45,454 - INFO - Epoch 127: KLDiv Loss = 0.2129 | L1 Error = 0.0240 | Cosine Sim = 0.9442
2025-08-06 00:09:45,574 - INFO - Epoch 128: KLDiv Loss = 0.2140 | L1 Error = 0.0243 | Cosine Sim = 0.9424
2025-08-06 00:09:46,308 - INFO - Test: Loss = 1.1086, Quant Error = 0.4762
2025-08-06 00:09:46,308 - INFO - Dynamic Top-K Accuracy (per sample): 92.48%
2025-08-06 00:09:46,314 - INFO - [Gradient Run 1] Training time: 22.07s
2025-08-06 00:09:46,667 - INFO - Test: Loss = 4.8980, Quant Error = 1.7634
2025-08-06 00:09:46,667 - INFO - Dynamic Top-K Accuracy (per sample): 22.19%
