2025-07-27 11:22:16,387 - INFO - ------------------------------------Gradient-------------------------------------------
2025-07-27 11:22:16,387 - INFO - [Gradient Run 1] Starting
2025-07-27 11:22:18,699 - INFO - Training on device: cuda
2025-07-27 11:22:19,016 - INFO - Epoch 01: Loss = 2.3483
2025-07-27 11:22:19,107 - INFO - Epoch 02: Loss = 2.3198
2025-07-27 11:22:19,198 - INFO - Epoch 03: Loss = 2.2981
2025-07-27 11:22:19,289 - INFO - Epoch 04: Loss = 2.2803
2025-07-27 11:22:19,380 - INFO - Epoch 05: Loss = 2.2638
2025-07-27 11:22:19,471 - INFO - Epoch 06: Loss = 2.2478
2025-07-27 11:22:19,565 - INFO - Epoch 07: Loss = 2.2334
2025-07-27 11:22:19,656 - INFO - Epoch 08: Loss = 2.2182
2025-07-27 11:22:19,747 - INFO - Epoch 09: Loss = 2.2030
2025-07-27 11:22:19,838 - INFO - Epoch 10: Loss = 2.1877
2025-07-27 11:22:19,928 - INFO - Epoch 11: Loss = 2.1699
2025-07-27 11:22:20,019 - INFO - Epoch 12: Loss = 2.1556
2025-07-27 11:22:20,110 - INFO - Epoch 13: Loss = 2.1419
2025-07-27 11:22:20,201 - INFO - Epoch 14: Loss = 2.1271
2025-07-27 11:22:20,291 - INFO - Epoch 15: Loss = 2.1125
2025-07-27 11:22:20,382 - INFO - Epoch 16: Loss = 2.0974
2025-07-27 11:22:20,474 - INFO - Epoch 17: Loss = 2.0832
2025-07-27 11:22:20,565 - INFO - Epoch 18: Loss = 2.0701
2025-07-27 11:22:20,655 - INFO - Epoch 19: Loss = 2.0559
2025-07-27 11:22:20,746 - INFO - Epoch 20: Loss = 2.0433
2025-07-27 11:22:20,836 - INFO - Epoch 21: Loss = 2.0264
2025-07-27 11:22:20,927 - INFO - Epoch 22: Loss = 2.0130
2025-07-27 11:22:21,018 - INFO - Epoch 23: Loss = 1.9996
2025-07-27 11:22:21,108 - INFO - Epoch 24: Loss = 1.9836
2025-07-27 11:22:21,199 - INFO - Epoch 25: Loss = 1.9723
2025-07-27 11:22:21,290 - INFO - Epoch 26: Loss = 1.9597
2025-07-27 11:22:21,382 - INFO - Epoch 27: Loss = 1.9476
2025-07-27 11:22:21,473 - INFO - Epoch 28: Loss = 1.9359
2025-07-27 11:22:21,564 - INFO - Epoch 29: Loss = 1.9224
2025-07-27 11:22:21,654 - INFO - Epoch 30: Loss = 1.9099
2025-07-27 11:22:21,745 - INFO - Epoch 31: Loss = 1.8961
2025-07-27 11:22:21,835 - INFO - Epoch 32: Loss = 1.8831
2025-07-27 11:22:21,926 - INFO - Epoch 33: Loss = 1.8732
2025-07-27 11:22:22,016 - INFO - Epoch 34: Loss = 1.8614
2025-07-27 11:22:22,107 - INFO - Epoch 35: Loss = 1.8492
2025-07-27 11:22:22,197 - INFO - Epoch 36: Loss = 1.8372
2025-07-27 11:22:22,290 - INFO - Epoch 37: Loss = 1.8256
2025-07-27 11:22:22,381 - INFO - Epoch 38: Loss = 1.8148
2025-07-27 11:22:22,471 - INFO - Epoch 39: Loss = 1.8033
2025-07-27 11:22:22,562 - INFO - Epoch 40: Loss = 1.7921
2025-07-27 11:22:22,652 - INFO - Epoch 41: Loss = 1.7805
2025-07-27 11:22:22,743 - INFO - Epoch 42: Loss = 1.7689
2025-07-27 11:22:22,833 - INFO - Epoch 43: Loss = 1.7578
2025-07-27 11:22:22,924 - INFO - Epoch 44: Loss = 1.7480
2025-07-27 11:22:23,014 - INFO - Epoch 45: Loss = 1.7367
2025-07-27 11:22:23,105 - INFO - Epoch 46: Loss = 1.7273
2025-07-27 11:22:23,196 - INFO - Epoch 47: Loss = 1.7193
2025-07-27 11:22:23,286 - INFO - Epoch 48: Loss = 1.7102
2025-07-27 11:22:23,377 - INFO - Epoch 49: Loss = 1.6999
2025-07-27 11:22:23,467 - INFO - Epoch 50: Loss = 1.6915
2025-07-27 11:22:23,558 - INFO - Epoch 51: Loss = 1.6816
2025-07-27 11:22:23,648 - INFO - Epoch 52: Loss = 1.6724
2025-07-27 11:22:23,739 - INFO - Epoch 53: Loss = 1.6609
2025-07-27 11:22:23,829 - INFO - Epoch 54: Loss = 1.6526
2025-07-27 11:22:23,920 - INFO - Epoch 55: Loss = 1.6380
2025-07-27 11:22:24,010 - INFO - Epoch 56: Loss = 1.6323
2025-07-27 11:22:24,101 - INFO - Epoch 57: Loss = 1.6224
2025-07-27 11:22:24,193 - INFO - Epoch 58: Loss = 1.6147
2025-07-27 11:22:24,284 - INFO - Epoch 59: Loss = 1.6056
2025-07-27 11:22:24,374 - INFO - Epoch 60: Loss = 1.5961
2025-07-27 11:22:24,465 - INFO - Epoch 61: Loss = 1.5874
2025-07-27 11:22:24,555 - INFO - Epoch 62: Loss = 1.5806
2025-07-27 11:22:24,646 - INFO - Epoch 63: Loss = 1.5726
2025-07-27 11:22:24,736 - INFO - Epoch 64: Loss = 1.5640
2025-07-27 11:22:24,827 - INFO - Epoch 65: Loss = 1.5550
2025-07-27 11:22:24,917 - INFO - Epoch 66: Loss = 1.5445
2025-07-27 11:22:25,008 - INFO - Epoch 67: Loss = 1.5396
2025-07-27 11:22:25,098 - INFO - Epoch 68: Loss = 1.5337
2025-07-27 11:22:25,191 - INFO - Epoch 69: Loss = 1.5254
2025-07-27 11:22:25,281 - INFO - Epoch 70: Loss = 1.5191
2025-07-27 11:22:25,372 - INFO - Epoch 71: Loss = 1.5126
2025-07-27 11:22:25,462 - INFO - Epoch 72: Loss = 1.5049
2025-07-27 11:22:25,553 - INFO - Epoch 73: Loss = 1.4986
2025-07-27 11:22:25,644 - INFO - Epoch 74: Loss = 1.4921
2025-07-27 11:22:25,734 - INFO - Epoch 75: Loss = 1.4869
2025-07-27 11:22:25,825 - INFO - Epoch 76: Loss = 1.4803
2025-07-27 11:22:25,915 - INFO - Epoch 77: Loss = 1.4770
2025-07-27 11:22:26,006 - INFO - Epoch 78: Loss = 1.4694
2025-07-27 11:22:26,096 - INFO - Epoch 79: Loss = 1.4662
2025-07-27 11:22:26,188 - INFO - Epoch 80: Loss = 1.4591
2025-07-27 11:22:26,279 - INFO - Epoch 81: Loss = 1.4547
2025-07-27 11:22:26,369 - INFO - Epoch 82: Loss = 1.4493
2025-07-27 11:22:26,460 - INFO - Epoch 83: Loss = 1.4433
2025-07-27 11:22:26,550 - INFO - Epoch 84: Loss = 1.4384
2025-07-27 11:22:26,641 - INFO - Epoch 85: Loss = 1.4339
2025-07-27 11:22:26,731 - INFO - Epoch 86: Loss = 1.4282
2025-07-27 11:22:26,822 - INFO - Epoch 87: Loss = 1.4243
2025-07-27 11:22:26,914 - INFO - Epoch 88: Loss = 1.4184
2025-07-27 11:22:27,005 - INFO - Epoch 89: Loss = 1.4124
2025-07-27 11:22:27,096 - INFO - Epoch 90: Loss = 1.4092
2025-07-27 11:22:27,186 - INFO - Epoch 91: Loss = 1.4030
2025-07-27 11:22:27,277 - INFO - Epoch 92: Loss = 1.3976
2025-07-27 11:22:27,367 - INFO - Epoch 93: Loss = 1.3949
2025-07-27 11:22:27,458 - INFO - Epoch 94: Loss = 1.3886
2025-07-27 11:22:27,548 - INFO - Epoch 95: Loss = 1.3845
2025-07-27 11:22:27,639 - INFO - Epoch 96: Loss = 1.3794
2025-07-27 11:22:27,729 - INFO - Epoch 97: Loss = 1.3735
2025-07-27 11:22:27,820 - INFO - Epoch 98: Loss = 1.3703
2025-07-27 11:22:27,910 - INFO - Epoch 99: Loss = 1.3658
2025-07-27 11:22:28,001 - INFO - Epoch 100: Loss = 1.3621
2025-07-27 11:22:28,091 - INFO - Epoch 101: Loss = 1.3565
2025-07-27 11:22:28,182 - INFO - Epoch 102: Loss = 1.3533
2025-07-27 11:22:28,272 - INFO - Epoch 103: Loss = 1.3494
2025-07-27 11:22:28,363 - INFO - Epoch 104: Loss = 1.3441
2025-07-27 11:22:28,453 - INFO - Epoch 105: Loss = 1.3414
2025-07-27 11:22:28,544 - INFO - Epoch 106: Loss = 1.3363
2025-07-27 11:22:28,636 - INFO - Epoch 107: Loss = 1.3333
2025-07-27 11:22:28,726 - INFO - Epoch 108: Loss = 1.3277
2025-07-27 11:22:28,817 - INFO - Epoch 109: Loss = 1.3244
2025-07-27 11:22:28,907 - INFO - Epoch 110: Loss = 1.3236
2025-07-27 11:22:28,998 - INFO - Epoch 111: Loss = 1.3216
2025-07-27 11:22:29,088 - INFO - Epoch 112: Loss = 1.3188
2025-07-27 11:22:29,178 - INFO - Epoch 113: Loss = 1.3138
2025-07-27 11:22:29,269 - INFO - Epoch 114: Loss = 1.3107
2025-07-27 11:22:29,359 - INFO - Epoch 115: Loss = 1.3056
2025-07-27 11:22:29,450 - INFO - Epoch 116: Loss = 1.3006
2025-07-27 11:22:29,540 - INFO - Epoch 117: Loss = 1.2954
2025-07-27 11:22:29,631 - INFO - Epoch 118: Loss = 1.2904
2025-07-27 11:22:29,721 - INFO - Epoch 119: Loss = 1.2902
2025-07-27 11:22:29,813 - INFO - Epoch 120: Loss = 1.2839
2025-07-27 11:22:29,903 - INFO - Epoch 121: Loss = 1.2809
2025-07-27 11:22:29,994 - INFO - Epoch 122: Loss = 1.2787
2025-07-27 11:22:30,084 - INFO - Epoch 123: Loss = 1.2755
2025-07-27 11:22:30,175 - INFO - Epoch 124: Loss = 1.2713
2025-07-27 11:22:30,265 - INFO - Epoch 125: Loss = 1.2682
2025-07-27 11:22:30,356 - INFO - Epoch 126: Loss = 1.2664
2025-07-27 11:22:30,446 - INFO - Epoch 127: Loss = 1.2628
2025-07-27 11:22:30,537 - INFO - Epoch 128: Loss = 1.2606
2025-07-27 11:22:30,627 - INFO - Epoch 129: Loss = 1.2580
2025-07-27 11:22:30,718 - INFO - Epoch 130: Loss = 1.2547
2025-07-27 11:22:30,808 - INFO - Epoch 131: Loss = 1.2522
2025-07-27 11:22:30,899 - INFO - Epoch 132: Loss = 1.2469
2025-07-27 11:22:30,989 - INFO - Epoch 133: Loss = 1.2443
2025-07-27 11:22:31,080 - INFO - Epoch 134: Loss = 1.2415
2025-07-27 11:22:31,170 - INFO - Epoch 135: Loss = 1.2361
2025-07-27 11:22:31,262 - INFO - Epoch 136: Loss = 1.2308
2025-07-27 11:22:31,353 - INFO - Epoch 137: Loss = 1.2277
2025-07-27 11:22:31,444 - INFO - Epoch 138: Loss = 1.2225
2025-07-27 11:22:31,534 - INFO - Epoch 139: Loss = 1.2216
2025-07-27 11:22:31,625 - INFO - Epoch 140: Loss = 1.2178
2025-07-27 11:22:31,715 - INFO - Epoch 141: Loss = 1.2148
2025-07-27 11:22:31,806 - INFO - Epoch 142: Loss = 1.2095
2025-07-27 11:22:31,896 - INFO - Epoch 143: Loss = 1.2080
2025-07-27 11:22:31,987 - INFO - Epoch 144: Loss = 1.2041
2025-07-27 11:22:32,077 - INFO - Epoch 145: Loss = 1.2030
2025-07-27 11:22:32,168 - INFO - Epoch 146: Loss = 1.1986
2025-07-27 11:22:32,258 - INFO - Epoch 147: Loss = 1.1961
2025-07-27 11:22:32,349 - INFO - Epoch 148: Loss = 1.1930
2025-07-27 11:22:32,439 - INFO - Epoch 149: Loss = 1.1907
2025-07-27 11:22:32,529 - INFO - Epoch 150: Loss = 1.1854
2025-07-27 11:22:32,620 - INFO - Epoch 151: Loss = 1.1849
2025-07-27 11:22:32,710 - INFO - Epoch 152: Loss = 1.1804
2025-07-27 11:22:32,802 - INFO - Epoch 153: Loss = 1.1787
2025-07-27 11:22:32,893 - INFO - Epoch 154: Loss = 1.1741
2025-07-27 11:22:32,983 - INFO - Epoch 155: Loss = 1.1696
2025-07-27 11:22:33,074 - INFO - Epoch 156: Loss = 1.1666
2025-07-27 11:22:33,164 - INFO - Epoch 157: Loss = 1.1646
2025-07-27 11:22:33,255 - INFO - Epoch 158: Loss = 1.1621
2025-07-27 11:22:33,345 - INFO - Epoch 159: Loss = 1.1599
2025-07-27 11:22:33,436 - INFO - Epoch 160: Loss = 1.1577
2025-07-27 11:22:33,526 - INFO - Epoch 161: Loss = 1.1567
2025-07-27 11:22:33,617 - INFO - Epoch 162: Loss = 1.1539
2025-07-27 11:22:33,707 - INFO - Epoch 163: Loss = 1.1487
2025-07-27 11:22:33,798 - INFO - Epoch 164: Loss = 1.1488
2025-07-27 11:22:33,888 - INFO - Epoch 165: Loss = 1.1459
2025-07-27 11:22:33,979 - INFO - Epoch 166: Loss = 1.1418
2025-07-27 11:22:34,069 - INFO - Epoch 167: Loss = 1.1388
2025-07-27 11:22:34,160 - INFO - Epoch 168: Loss = 1.1335
2025-07-27 11:22:34,251 - INFO - Epoch 169: Loss = 1.1346
2025-07-27 11:22:34,342 - INFO - Epoch 170: Loss = 1.1300
2025-07-27 11:22:34,432 - INFO - Epoch 171: Loss = 1.1291
2025-07-27 11:22:34,523 - INFO - Epoch 172: Loss = 1.1262
2025-07-27 11:22:34,614 - INFO - Epoch 173: Loss = 1.1219
2025-07-27 11:22:34,704 - INFO - Epoch 174: Loss = 1.1190
2025-07-27 11:22:34,794 - INFO - Epoch 175: Loss = 1.1128
2025-07-27 11:22:34,885 - INFO - Epoch 176: Loss = 1.1112
2025-07-27 11:22:34,975 - INFO - Epoch 177: Loss = 1.1081
2025-07-27 11:22:35,066 - INFO - Epoch 178: Loss = 1.1016
2025-07-27 11:22:35,156 - INFO - Epoch 179: Loss = 1.1004
2025-07-27 11:22:35,247 - INFO - Epoch 180: Loss = 1.0974
2025-07-27 11:22:35,337 - INFO - Epoch 181: Loss = 1.0963
2025-07-27 11:22:35,428 - INFO - Epoch 182: Loss = 1.0905
2025-07-27 11:22:35,518 - INFO - Epoch 183: Loss = 1.0901
2025-07-27 11:22:35,609 - INFO - Epoch 184: Loss = 1.0875
2025-07-27 11:22:35,699 - INFO - Epoch 185: Loss = 1.0841
2025-07-27 11:22:35,790 - INFO - Epoch 186: Loss = 1.0825
2025-07-27 11:22:35,880 - INFO - Epoch 187: Loss = 1.0792
2025-07-27 11:22:35,972 - INFO - Epoch 188: Loss = 1.0755
2025-07-27 11:22:36,063 - INFO - Epoch 189: Loss = 1.0723
2025-07-27 11:22:36,154 - INFO - Epoch 190: Loss = 1.0705
2025-07-27 11:22:36,244 - INFO - Epoch 191: Loss = 1.0677
2025-07-27 11:22:36,335 - INFO - Epoch 192: Loss = 1.0654
2025-07-27 11:22:36,426 - INFO - Epoch 193: Loss = 1.0666
2025-07-27 11:22:36,516 - INFO - Epoch 194: Loss = 1.0576
2025-07-27 11:22:36,607 - INFO - Epoch 195: Loss = 1.0553
2025-07-27 11:22:36,697 - INFO - Epoch 196: Loss = 1.0540
2025-07-27 11:22:36,788 - INFO - Epoch 197: Loss = 1.0538
2025-07-27 11:22:36,879 - INFO - Epoch 198: Loss = 1.0488
2025-07-27 11:22:36,969 - INFO - Epoch 199: Loss = 1.0474
2025-07-27 11:22:37,060 - INFO - Epoch 200: Loss = 1.0437
2025-07-27 11:22:37,150 - INFO - Epoch 201: Loss = 1.0405
2025-07-27 11:22:37,240 - INFO - Epoch 202: Loss = 1.0367
2025-07-27 11:22:37,331 - INFO - Epoch 203: Loss = 1.0348
2025-07-27 11:22:37,421 - INFO - Epoch 204: Loss = 1.0297
2025-07-27 11:22:37,512 - INFO - Epoch 205: Loss = 1.0288
2025-07-27 11:22:37,602 - INFO - Epoch 206: Loss = 1.0276
2025-07-27 11:22:37,693 - INFO - Epoch 207: Loss = 1.0255
2025-07-27 11:22:37,785 - INFO - Epoch 208: Loss = 1.0243
2025-07-27 11:22:37,876 - INFO - Epoch 209: Loss = 1.0175
2025-07-27 11:22:37,966 - INFO - Epoch 210: Loss = 1.0164
2025-07-27 11:22:38,057 - INFO - Epoch 211: Loss = 1.0157
2025-07-27 11:22:38,147 - INFO - Epoch 212: Loss = 1.0131
2025-07-27 11:22:38,238 - INFO - Epoch 213: Loss = 1.0105
2025-07-27 11:22:38,329 - INFO - Epoch 214: Loss = 1.0086
2025-07-27 11:22:38,419 - INFO - Epoch 215: Loss = 1.0028
2025-07-27 11:22:38,510 - INFO - Epoch 216: Loss = 1.0015
2025-07-27 11:22:38,600 - INFO - Epoch 217: Loss = 0.9967
2025-07-27 11:22:38,691 - INFO - Epoch 218: Loss = 0.9943
2025-07-27 11:22:38,781 - INFO - Epoch 219: Loss = 0.9925
2025-07-27 11:22:38,871 - INFO - Epoch 220: Loss = 0.9922
2025-07-27 11:22:38,962 - INFO - Epoch 221: Loss = 0.9886
2025-07-27 11:22:39,053 - INFO - Epoch 222: Loss = 0.9909
2025-07-27 11:22:39,143 - INFO - Epoch 223: Loss = 0.9828
2025-07-27 11:22:39,233 - INFO - Epoch 224: Loss = 0.9816
2025-07-27 11:22:39,324 - INFO - Epoch 225: Loss = 0.9767
2025-07-27 11:22:39,414 - INFO - Epoch 226: Loss = 0.9723
2025-07-27 11:22:39,506 - INFO - Epoch 227: Loss = 0.9784
2025-07-27 11:22:39,597 - INFO - Epoch 228: Loss = 0.9701
2025-07-27 11:22:39,687 - INFO - Epoch 229: Loss = 0.9663
2025-07-27 11:22:39,778 - INFO - Epoch 230: Loss = 0.9631
2025-07-27 11:22:39,868 - INFO - Epoch 231: Loss = 0.9587
2025-07-27 11:22:39,959 - INFO - Epoch 232: Loss = 0.9603
2025-07-27 11:22:40,049 - INFO - Epoch 233: Loss = 0.9581
2025-07-27 11:22:40,140 - INFO - Epoch 234: Loss = 0.9508
2025-07-27 11:22:40,230 - INFO - Epoch 235: Loss = 0.9496
2025-07-27 11:22:40,321 - INFO - Epoch 236: Loss = 0.9466
2025-07-27 11:22:40,412 - INFO - Epoch 237: Loss = 0.9488
2025-07-27 11:22:40,502 - INFO - Epoch 238: Loss = 0.9433
2025-07-27 11:22:40,592 - INFO - Epoch 239: Loss = 0.9395
2025-07-27 11:22:40,683 - INFO - Epoch 240: Loss = 0.9348
2025-07-27 11:22:40,774 - INFO - Epoch 241: Loss = 0.9352
2025-07-27 11:22:40,864 - INFO - Epoch 242: Loss = 0.9308
2025-07-27 11:22:40,955 - INFO - Epoch 243: Loss = 0.9278
2025-07-27 11:22:41,045 - INFO - Epoch 244: Loss = 0.9322
2025-07-27 11:22:41,135 - INFO - Epoch 245: Loss = 0.9286
2025-07-27 11:22:41,226 - INFO - Epoch 246: Loss = 0.9220
2025-07-27 11:22:41,316 - INFO - Epoch 247: Loss = 0.9175
2025-07-27 11:22:41,407 - INFO - Epoch 248: Loss = 0.9154
2025-07-27 11:22:41,499 - INFO - Epoch 249: Loss = 0.9186
2025-07-27 11:22:41,590 - INFO - Epoch 250: Loss = 0.9116
2025-07-27 11:22:41,680 - INFO - Epoch 251: Loss = 0.9084
2025-07-27 11:22:41,771 - INFO - Epoch 252: Loss = 0.9034
2025-07-27 11:22:41,861 - INFO - Epoch 253: Loss = 0.9050
2025-07-27 11:22:41,952 - INFO - Epoch 254: Loss = 0.8990
2025-07-27 11:22:42,042 - INFO - Epoch 255: Loss = 0.8993
2025-07-27 11:22:42,133 - INFO - Epoch 256: Loss = 0.8981
2025-07-27 11:22:42,364 - INFO - Test: Loss = 0.9061, Accuracy = 67.71%
2025-07-27 11:22:42,365 - INFO - [Gradient Run 1] Training time: 25.98s
