2025-08-05 14:23:54,507 - INFO - ------------------------------------Gradient-------------------------------------------
2025-08-05 14:23:54,507 - INFO - [Gradient Run 1] Starting
2025-08-05 14:23:56,044 - INFO - Training on device: cuda
2025-08-05 14:23:56,303 - INFO - Epoch 01: KLDiv Loss = 2.3400 | L1 Error = 0.1488 | Cosine Sim = 0.3121
2025-08-05 14:23:56,398 - INFO - Epoch 02: KLDiv Loss = 2.1948 | L1 Error = 0.1463 | Cosine Sim = 0.3590
2025-08-05 14:23:56,495 - INFO - Epoch 03: KLDiv Loss = 2.0816 | L1 Error = 0.1436 | Cosine Sim = 0.3972
2025-08-05 14:23:56,590 - INFO - Epoch 04: KLDiv Loss = 2.0009 | L1 Error = 0.1414 | Cosine Sim = 0.4273
2025-08-05 14:23:56,684 - INFO - Epoch 05: KLDiv Loss = 1.9186 | L1 Error = 0.1390 | Cosine Sim = 0.4570
2025-08-05 14:23:56,779 - INFO - Epoch 06: KLDiv Loss = 1.8445 | L1 Error = 0.1365 | Cosine Sim = 0.4841
2025-08-05 14:23:56,873 - INFO - Epoch 07: KLDiv Loss = 1.7959 | L1 Error = 0.1343 | Cosine Sim = 0.4993
2025-08-05 14:23:56,968 - INFO - Epoch 08: KLDiv Loss = 1.7304 | L1 Error = 0.1319 | Cosine Sim = 0.5236
2025-08-05 14:23:57,062 - INFO - Epoch 09: KLDiv Loss = 1.6812 | L1 Error = 0.1296 | Cosine Sim = 0.5398
2025-08-05 14:23:57,156 - INFO - Epoch 10: KLDiv Loss = 1.6331 | L1 Error = 0.1276 | Cosine Sim = 0.5568
2025-08-05 14:23:57,251 - INFO - Epoch 11: KLDiv Loss = 1.5830 | L1 Error = 0.1251 | Cosine Sim = 0.5714
2025-08-05 14:23:57,345 - INFO - Epoch 12: KLDiv Loss = 1.5363 | L1 Error = 0.1228 | Cosine Sim = 0.5863
2025-08-05 14:23:57,439 - INFO - Epoch 13: KLDiv Loss = 1.5079 | L1 Error = 0.1216 | Cosine Sim = 0.5960
2025-08-05 14:23:57,533 - INFO - Epoch 14: KLDiv Loss = 1.4630 | L1 Error = 0.1194 | Cosine Sim = 0.6101
2025-08-05 14:23:57,628 - INFO - Epoch 15: KLDiv Loss = 1.4383 | L1 Error = 0.1181 | Cosine Sim = 0.6164
2025-08-05 14:23:57,722 - INFO - Epoch 16: KLDiv Loss = 1.3975 | L1 Error = 0.1157 | Cosine Sim = 0.6296
2025-08-05 14:23:57,816 - INFO - Epoch 17: KLDiv Loss = 1.3623 | L1 Error = 0.1143 | Cosine Sim = 0.6381
2025-08-05 14:23:57,910 - INFO - Epoch 18: KLDiv Loss = 1.3417 | L1 Error = 0.1127 | Cosine Sim = 0.6412
2025-08-05 14:23:58,004 - INFO - Epoch 19: KLDiv Loss = 1.2976 | L1 Error = 0.1106 | Cosine Sim = 0.6567
2025-08-05 14:23:58,099 - INFO - Epoch 20: KLDiv Loss = 1.2854 | L1 Error = 0.1097 | Cosine Sim = 0.6558
2025-08-05 14:23:58,193 - INFO - Epoch 21: KLDiv Loss = 1.2412 | L1 Error = 0.1074 | Cosine Sim = 0.6699
2025-08-05 14:23:58,287 - INFO - Epoch 22: KLDiv Loss = 1.2104 | L1 Error = 0.1056 | Cosine Sim = 0.6784
2025-08-05 14:23:58,381 - INFO - Epoch 23: KLDiv Loss = 1.1949 | L1 Error = 0.1045 | Cosine Sim = 0.6795
2025-08-05 14:23:58,476 - INFO - Epoch 24: KLDiv Loss = 1.1694 | L1 Error = 0.1032 | Cosine Sim = 0.6869
2025-08-05 14:23:58,570 - INFO - Epoch 25: KLDiv Loss = 1.1301 | L1 Error = 0.1008 | Cosine Sim = 0.6981
2025-08-05 14:23:58,664 - INFO - Epoch 26: KLDiv Loss = 1.1175 | L1 Error = 0.1003 | Cosine Sim = 0.7020
2025-08-05 14:23:58,758 - INFO - Epoch 27: KLDiv Loss = 1.1066 | L1 Error = 0.0997 | Cosine Sim = 0.7015
2025-08-05 14:23:58,852 - INFO - Epoch 28: KLDiv Loss = 1.0907 | L1 Error = 0.0986 | Cosine Sim = 0.7049
2025-08-05 14:23:58,947 - INFO - Epoch 29: KLDiv Loss = 1.0576 | L1 Error = 0.0965 | Cosine Sim = 0.7176
2025-08-05 14:23:59,041 - INFO - Epoch 30: KLDiv Loss = 1.0712 | L1 Error = 0.0965 | Cosine Sim = 0.7091
2025-08-05 14:23:59,135 - INFO - Epoch 31: KLDiv Loss = 1.0237 | L1 Error = 0.0945 | Cosine Sim = 0.7256
2025-08-05 14:23:59,230 - INFO - Epoch 32: KLDiv Loss = 0.9976 | L1 Error = 0.0922 | Cosine Sim = 0.7303
2025-08-05 14:23:59,325 - INFO - Epoch 33: KLDiv Loss = 0.9939 | L1 Error = 0.0923 | Cosine Sim = 0.7301
2025-08-05 14:23:59,419 - INFO - Epoch 34: KLDiv Loss = 0.9725 | L1 Error = 0.0912 | Cosine Sim = 0.7374
2025-08-05 14:23:59,513 - INFO - Epoch 35: KLDiv Loss = 0.9627 | L1 Error = 0.0900 | Cosine Sim = 0.7379
2025-08-05 14:23:59,607 - INFO - Epoch 36: KLDiv Loss = 0.9530 | L1 Error = 0.0889 | Cosine Sim = 0.7415
2025-08-05 14:23:59,701 - INFO - Epoch 37: KLDiv Loss = 0.9251 | L1 Error = 0.0877 | Cosine Sim = 0.7470
2025-08-05 14:23:59,795 - INFO - Epoch 38: KLDiv Loss = 0.9092 | L1 Error = 0.0869 | Cosine Sim = 0.7531
2025-08-05 14:23:59,890 - INFO - Epoch 39: KLDiv Loss = 0.9037 | L1 Error = 0.0866 | Cosine Sim = 0.7541
2025-08-05 14:23:59,984 - INFO - Epoch 40: KLDiv Loss = 0.8768 | L1 Error = 0.0846 | Cosine Sim = 0.7616
2025-08-05 14:24:00,078 - INFO - Epoch 41: KLDiv Loss = 0.8826 | L1 Error = 0.0850 | Cosine Sim = 0.7595
2025-08-05 14:24:00,174 - INFO - Epoch 42: KLDiv Loss = 0.8505 | L1 Error = 0.0826 | Cosine Sim = 0.7693
2025-08-05 14:24:00,268 - INFO - Epoch 43: KLDiv Loss = 0.8360 | L1 Error = 0.0816 | Cosine Sim = 0.7732
2025-08-05 14:24:00,362 - INFO - Epoch 44: KLDiv Loss = 0.8267 | L1 Error = 0.0810 | Cosine Sim = 0.7781
2025-08-05 14:24:00,456 - INFO - Epoch 45: KLDiv Loss = 0.8132 | L1 Error = 0.0801 | Cosine Sim = 0.7802
2025-08-05 14:24:00,550 - INFO - Epoch 46: KLDiv Loss = 0.8063 | L1 Error = 0.0791 | Cosine Sim = 0.7820
2025-08-05 14:24:00,645 - INFO - Epoch 47: KLDiv Loss = 0.8009 | L1 Error = 0.0789 | Cosine Sim = 0.7834
2025-08-05 14:24:00,739 - INFO - Epoch 48: KLDiv Loss = 0.7683 | L1 Error = 0.0767 | Cosine Sim = 0.7931
2025-08-05 14:24:00,833 - INFO - Epoch 49: KLDiv Loss = 0.7629 | L1 Error = 0.0766 | Cosine Sim = 0.7960
2025-08-05 14:24:00,927 - INFO - Epoch 50: KLDiv Loss = 0.7613 | L1 Error = 0.0764 | Cosine Sim = 0.7962
2025-08-05 14:24:01,021 - INFO - Epoch 51: KLDiv Loss = 0.7360 | L1 Error = 0.0746 | Cosine Sim = 0.8045
2025-08-05 14:24:01,117 - INFO - Epoch 52: KLDiv Loss = 0.7353 | L1 Error = 0.0746 | Cosine Sim = 0.8033
2025-08-05 14:24:01,211 - INFO - Epoch 53: KLDiv Loss = 0.7139 | L1 Error = 0.0727 | Cosine Sim = 0.8106
2025-08-05 14:24:01,305 - INFO - Epoch 54: KLDiv Loss = 0.7160 | L1 Error = 0.0732 | Cosine Sim = 0.8092
2025-08-05 14:24:01,399 - INFO - Epoch 55: KLDiv Loss = 0.6990 | L1 Error = 0.0714 | Cosine Sim = 0.8152
2025-08-05 14:24:01,494 - INFO - Epoch 56: KLDiv Loss = 0.6863 | L1 Error = 0.0708 | Cosine Sim = 0.8198
2025-08-05 14:24:01,588 - INFO - Epoch 57: KLDiv Loss = 0.6724 | L1 Error = 0.0695 | Cosine Sim = 0.8180
2025-08-05 14:24:01,682 - INFO - Epoch 58: KLDiv Loss = 0.6651 | L1 Error = 0.0689 | Cosine Sim = 0.8230
2025-08-05 14:24:01,776 - INFO - Epoch 59: KLDiv Loss = 0.6527 | L1 Error = 0.0678 | Cosine Sim = 0.8277
2025-08-05 14:24:01,870 - INFO - Epoch 60: KLDiv Loss = 0.6392 | L1 Error = 0.0666 | Cosine Sim = 0.8325
2025-08-05 14:24:01,964 - INFO - Epoch 61: KLDiv Loss = 0.6271 | L1 Error = 0.0654 | Cosine Sim = 0.8343
2025-08-05 14:24:02,058 - INFO - Epoch 62: KLDiv Loss = 0.6406 | L1 Error = 0.0659 | Cosine Sim = 0.8288
2025-08-05 14:24:02,152 - INFO - Epoch 63: KLDiv Loss = 0.6229 | L1 Error = 0.0651 | Cosine Sim = 0.8356
2025-08-05 14:24:02,247 - INFO - Epoch 64: KLDiv Loss = 0.6042 | L1 Error = 0.0636 | Cosine Sim = 0.8407
2025-08-05 14:24:02,341 - INFO - Epoch 65: KLDiv Loss = 0.6075 | L1 Error = 0.0639 | Cosine Sim = 0.8394
2025-08-05 14:24:02,435 - INFO - Epoch 66: KLDiv Loss = 0.5886 | L1 Error = 0.0625 | Cosine Sim = 0.8446
2025-08-05 14:24:02,529 - INFO - Epoch 67: KLDiv Loss = 0.5941 | L1 Error = 0.0626 | Cosine Sim = 0.8401
2025-08-05 14:24:02,623 - INFO - Epoch 68: KLDiv Loss = 0.5713 | L1 Error = 0.0609 | Cosine Sim = 0.8512
2025-08-05 14:24:02,717 - INFO - Epoch 69: KLDiv Loss = 0.5616 | L1 Error = 0.0602 | Cosine Sim = 0.8544
2025-08-05 14:24:02,811 - INFO - Epoch 70: KLDiv Loss = 0.5556 | L1 Error = 0.0593 | Cosine Sim = 0.8533
2025-08-05 14:24:02,905 - INFO - Epoch 71: KLDiv Loss = 0.5562 | L1 Error = 0.0599 | Cosine Sim = 0.8560
2025-08-05 14:24:03,000 - INFO - Epoch 72: KLDiv Loss = 0.5467 | L1 Error = 0.0586 | Cosine Sim = 0.8587
2025-08-05 14:24:03,095 - INFO - Epoch 73: KLDiv Loss = 0.5480 | L1 Error = 0.0585 | Cosine Sim = 0.8552
2025-08-05 14:24:03,189 - INFO - Epoch 74: KLDiv Loss = 0.5295 | L1 Error = 0.0572 | Cosine Sim = 0.8625
2025-08-05 14:24:03,283 - INFO - Epoch 75: KLDiv Loss = 0.5172 | L1 Error = 0.0562 | Cosine Sim = 0.8653
2025-08-05 14:24:03,377 - INFO - Epoch 76: KLDiv Loss = 0.5098 | L1 Error = 0.0554 | Cosine Sim = 0.8666
2025-08-05 14:24:03,471 - INFO - Epoch 77: KLDiv Loss = 0.4942 | L1 Error = 0.0540 | Cosine Sim = 0.8724
2025-08-05 14:24:03,565 - INFO - Epoch 78: KLDiv Loss = 0.5190 | L1 Error = 0.0548 | Cosine Sim = 0.8647
2025-08-05 14:24:03,660 - INFO - Epoch 79: KLDiv Loss = 0.4859 | L1 Error = 0.0530 | Cosine Sim = 0.8746
2025-08-05 14:24:03,754 - INFO - Epoch 80: KLDiv Loss = 0.4822 | L1 Error = 0.0527 | Cosine Sim = 0.8754
2025-08-05 14:24:03,848 - INFO - Epoch 81: KLDiv Loss = 0.4797 | L1 Error = 0.0527 | Cosine Sim = 0.8773
2025-08-05 14:24:03,942 - INFO - Epoch 82: KLDiv Loss = 0.4615 | L1 Error = 0.0506 | Cosine Sim = 0.8819
2025-08-05 14:24:04,036 - INFO - Epoch 83: KLDiv Loss = 0.4780 | L1 Error = 0.0525 | Cosine Sim = 0.8771
2025-08-05 14:24:04,130 - INFO - Epoch 84: KLDiv Loss = 0.4588 | L1 Error = 0.0499 | Cosine Sim = 0.8804
2025-08-05 14:24:04,224 - INFO - Epoch 85: KLDiv Loss = 0.4606 | L1 Error = 0.0504 | Cosine Sim = 0.8814
2025-08-05 14:24:04,318 - INFO - Epoch 86: KLDiv Loss = 0.4518 | L1 Error = 0.0497 | Cosine Sim = 0.8828
2025-08-05 14:24:04,413 - INFO - Epoch 87: KLDiv Loss = 0.4440 | L1 Error = 0.0491 | Cosine Sim = 0.8878
2025-08-05 14:24:04,507 - INFO - Epoch 88: KLDiv Loss = 0.4466 | L1 Error = 0.0490 | Cosine Sim = 0.8843
2025-08-05 14:24:04,601 - INFO - Epoch 89: KLDiv Loss = 0.4360 | L1 Error = 0.0483 | Cosine Sim = 0.8868
2025-08-05 14:24:04,695 - INFO - Epoch 90: KLDiv Loss = 0.4192 | L1 Error = 0.0464 | Cosine Sim = 0.8939
2025-08-05 14:24:04,789 - INFO - Epoch 91: KLDiv Loss = 0.4213 | L1 Error = 0.0468 | Cosine Sim = 0.8929
2025-08-05 14:24:04,883 - INFO - Epoch 92: KLDiv Loss = 0.4210 | L1 Error = 0.0468 | Cosine Sim = 0.8935
2025-08-05 14:24:04,977 - INFO - Epoch 93: KLDiv Loss = 0.4106 | L1 Error = 0.0457 | Cosine Sim = 0.8965
2025-08-05 14:24:05,071 - INFO - Epoch 94: KLDiv Loss = 0.4079 | L1 Error = 0.0454 | Cosine Sim = 0.8972
2025-08-05 14:24:05,165 - INFO - Epoch 95: KLDiv Loss = 0.4033 | L1 Error = 0.0451 | Cosine Sim = 0.8975
2025-08-05 14:24:05,260 - INFO - Epoch 96: KLDiv Loss = 0.3941 | L1 Error = 0.0440 | Cosine Sim = 0.8999
2025-08-05 14:24:05,354 - INFO - Epoch 97: KLDiv Loss = 0.3892 | L1 Error = 0.0436 | Cosine Sim = 0.9028
2025-08-05 14:24:05,449 - INFO - Epoch 98: KLDiv Loss = 0.3953 | L1 Error = 0.0443 | Cosine Sim = 0.8986
2025-08-05 14:24:05,543 - INFO - Epoch 99: KLDiv Loss = 0.3879 | L1 Error = 0.0437 | Cosine Sim = 0.9007
2025-08-05 14:24:05,637 - INFO - Epoch 100: KLDiv Loss = 0.3950 | L1 Error = 0.0438 | Cosine Sim = 0.8980
2025-08-05 14:24:05,731 - INFO - Epoch 101: KLDiv Loss = 0.3728 | L1 Error = 0.0419 | Cosine Sim = 0.9073
2025-08-05 14:24:05,825 - INFO - Epoch 102: KLDiv Loss = 0.3671 | L1 Error = 0.0414 | Cosine Sim = 0.9084
2025-08-05 14:24:05,919 - INFO - Epoch 103: KLDiv Loss = 0.3583 | L1 Error = 0.0404 | Cosine Sim = 0.9100
2025-08-05 14:24:06,013 - INFO - Epoch 104: KLDiv Loss = 0.3951 | L1 Error = 0.0420 | Cosine Sim = 0.8970
2025-08-05 14:24:06,107 - INFO - Epoch 105: KLDiv Loss = 0.3511 | L1 Error = 0.0397 | Cosine Sim = 0.9122
2025-08-05 14:24:06,202 - INFO - Epoch 106: KLDiv Loss = 0.3571 | L1 Error = 0.0399 | Cosine Sim = 0.9089
2025-08-05 14:24:06,297 - INFO - Epoch 107: KLDiv Loss = 0.3452 | L1 Error = 0.0389 | Cosine Sim = 0.9128
2025-08-05 14:24:06,391 - INFO - Epoch 108: KLDiv Loss = 0.3416 | L1 Error = 0.0386 | Cosine Sim = 0.9141
2025-08-05 14:24:06,485 - INFO - Epoch 109: KLDiv Loss = 0.3338 | L1 Error = 0.0376 | Cosine Sim = 0.9172
2025-08-05 14:24:06,579 - INFO - Epoch 110: KLDiv Loss = 0.3253 | L1 Error = 0.0371 | Cosine Sim = 0.9191
2025-08-05 14:24:06,673 - INFO - Epoch 111: KLDiv Loss = 0.3367 | L1 Error = 0.0380 | Cosine Sim = 0.9133
2025-08-05 14:24:06,767 - INFO - Epoch 112: KLDiv Loss = 0.3278 | L1 Error = 0.0371 | Cosine Sim = 0.9186
2025-08-05 14:24:06,862 - INFO - Epoch 113: KLDiv Loss = 0.3233 | L1 Error = 0.0367 | Cosine Sim = 0.9203
2025-08-05 14:24:06,956 - INFO - Epoch 114: KLDiv Loss = 0.3133 | L1 Error = 0.0358 | Cosine Sim = 0.9233
2025-08-05 14:24:07,050 - INFO - Epoch 115: KLDiv Loss = 0.3077 | L1 Error = 0.0351 | Cosine Sim = 0.9231
2025-08-05 14:24:07,144 - INFO - Epoch 116: KLDiv Loss = 0.3050 | L1 Error = 0.0349 | Cosine Sim = 0.9240
2025-08-05 14:24:07,238 - INFO - Epoch 117: KLDiv Loss = 0.3114 | L1 Error = 0.0351 | Cosine Sim = 0.9205
2025-08-05 14:24:07,332 - INFO - Epoch 118: KLDiv Loss = 0.2966 | L1 Error = 0.0338 | Cosine Sim = 0.9262
2025-08-05 14:24:07,426 - INFO - Epoch 119: KLDiv Loss = 0.3009 | L1 Error = 0.0344 | Cosine Sim = 0.9241
2025-08-05 14:24:07,520 - INFO - Epoch 120: KLDiv Loss = 0.2895 | L1 Error = 0.0333 | Cosine Sim = 0.9287
2025-08-05 14:24:07,616 - INFO - Epoch 121: KLDiv Loss = 0.2873 | L1 Error = 0.0330 | Cosine Sim = 0.9280
2025-08-05 14:24:07,710 - INFO - Epoch 122: KLDiv Loss = 0.2875 | L1 Error = 0.0329 | Cosine Sim = 0.9279
2025-08-05 14:24:07,804 - INFO - Epoch 123: KLDiv Loss = 0.2847 | L1 Error = 0.0328 | Cosine Sim = 0.9304
2025-08-05 14:24:07,898 - INFO - Epoch 124: KLDiv Loss = 0.2756 | L1 Error = 0.0321 | Cosine Sim = 0.9323
2025-08-05 14:24:07,993 - INFO - Epoch 125: KLDiv Loss = 0.2806 | L1 Error = 0.0318 | Cosine Sim = 0.9302
2025-08-05 14:24:08,087 - INFO - Epoch 126: KLDiv Loss = 0.2689 | L1 Error = 0.0308 | Cosine Sim = 0.9323
2025-08-05 14:24:08,181 - INFO - Epoch 127: KLDiv Loss = 0.2691 | L1 Error = 0.0309 | Cosine Sim = 0.9351
2025-08-05 14:24:08,275 - INFO - Epoch 128: KLDiv Loss = 0.2659 | L1 Error = 0.0308 | Cosine Sim = 0.9349
2025-08-05 14:24:08,369 - INFO - Epoch 129: KLDiv Loss = 0.2601 | L1 Error = 0.0298 | Cosine Sim = 0.9352
2025-08-05 14:24:08,463 - INFO - Epoch 130: KLDiv Loss = 0.2745 | L1 Error = 0.0308 | Cosine Sim = 0.9300
2025-08-05 14:24:08,558 - INFO - Epoch 131: KLDiv Loss = 0.2521 | L1 Error = 0.0291 | Cosine Sim = 0.9370
2025-08-05 14:24:08,652 - INFO - Epoch 132: KLDiv Loss = 0.2521 | L1 Error = 0.0290 | Cosine Sim = 0.9381
2025-08-05 14:24:08,746 - INFO - Epoch 133: KLDiv Loss = 0.2517 | L1 Error = 0.0290 | Cosine Sim = 0.9367
2025-08-05 14:24:08,840 - INFO - Epoch 134: KLDiv Loss = 0.2490 | L1 Error = 0.0286 | Cosine Sim = 0.9379
2025-08-05 14:24:08,935 - INFO - Epoch 135: KLDiv Loss = 0.2443 | L1 Error = 0.0283 | Cosine Sim = 0.9391
2025-08-05 14:24:09,030 - INFO - Epoch 136: KLDiv Loss = 0.2410 | L1 Error = 0.0280 | Cosine Sim = 0.9405
2025-08-05 14:24:09,124 - INFO - Epoch 137: KLDiv Loss = 0.2398 | L1 Error = 0.0279 | Cosine Sim = 0.9417
2025-08-05 14:24:09,218 - INFO - Epoch 138: KLDiv Loss = 0.2394 | L1 Error = 0.0275 | Cosine Sim = 0.9400
2025-08-05 14:24:09,312 - INFO - Epoch 139: KLDiv Loss = 0.2410 | L1 Error = 0.0281 | Cosine Sim = 0.9382
2025-08-05 14:24:09,406 - INFO - Epoch 140: KLDiv Loss = 0.2595 | L1 Error = 0.0286 | Cosine Sim = 0.9316
2025-08-05 14:24:09,500 - INFO - Epoch 141: KLDiv Loss = 0.2333 | L1 Error = 0.0271 | Cosine Sim = 0.9423
2025-08-05 14:24:09,594 - INFO - Epoch 142: KLDiv Loss = 0.2325 | L1 Error = 0.0266 | Cosine Sim = 0.9391
2025-08-05 14:24:09,689 - INFO - Epoch 143: KLDiv Loss = 0.2288 | L1 Error = 0.0264 | Cosine Sim = 0.9416
2025-08-05 14:24:09,783 - INFO - Epoch 144: KLDiv Loss = 0.2280 | L1 Error = 0.0261 | Cosine Sim = 0.9415
2025-08-05 14:24:09,877 - INFO - Epoch 145: KLDiv Loss = 0.2213 | L1 Error = 0.0256 | Cosine Sim = 0.9453
2025-08-05 14:24:09,971 - INFO - Epoch 146: KLDiv Loss = 0.2258 | L1 Error = 0.0259 | Cosine Sim = 0.9428
2025-08-05 14:24:10,065 - INFO - Epoch 147: KLDiv Loss = 0.2295 | L1 Error = 0.0260 | Cosine Sim = 0.9401
2025-08-05 14:24:10,160 - INFO - Epoch 148: KLDiv Loss = 0.2115 | L1 Error = 0.0244 | Cosine Sim = 0.9468
2025-08-05 14:24:10,254 - INFO - Epoch 149: KLDiv Loss = 0.2230 | L1 Error = 0.0255 | Cosine Sim = 0.9427
2025-08-05 14:24:10,349 - INFO - Epoch 150: KLDiv Loss = 0.2111 | L1 Error = 0.0245 | Cosine Sim = 0.9471
2025-08-05 14:24:10,443 - INFO - Epoch 151: KLDiv Loss = 0.2100 | L1 Error = 0.0246 | Cosine Sim = 0.9472
2025-08-05 14:24:10,537 - INFO - Epoch 152: KLDiv Loss = 0.2057 | L1 Error = 0.0237 | Cosine Sim = 0.9480
2025-08-05 14:24:10,631 - INFO - Epoch 153: KLDiv Loss = 0.2035 | L1 Error = 0.0241 | Cosine Sim = 0.9487
2025-08-05 14:24:10,725 - INFO - Epoch 154: KLDiv Loss = 0.2068 | L1 Error = 0.0241 | Cosine Sim = 0.9454
2025-08-05 14:24:10,819 - INFO - Epoch 155: KLDiv Loss = 0.1990 | L1 Error = 0.0231 | Cosine Sim = 0.9497
2025-08-05 14:24:10,913 - INFO - Epoch 156: KLDiv Loss = 0.1975 | L1 Error = 0.0234 | Cosine Sim = 0.9509
2025-08-05 14:24:11,007 - INFO - Epoch 157: KLDiv Loss = 0.1954 | L1 Error = 0.0225 | Cosine Sim = 0.9505
2025-08-05 14:24:11,102 - INFO - Epoch 158: KLDiv Loss = 0.1953 | L1 Error = 0.0231 | Cosine Sim = 0.9506
2025-08-05 14:24:11,196 - INFO - Epoch 159: KLDiv Loss = 0.2149 | L1 Error = 0.0236 | Cosine Sim = 0.9418
2025-08-05 14:24:11,290 - INFO - Epoch 160: KLDiv Loss = 0.1900 | L1 Error = 0.0221 | Cosine Sim = 0.9521
2025-08-05 14:24:11,384 - INFO - Epoch 161: KLDiv Loss = 0.1908 | L1 Error = 0.0225 | Cosine Sim = 0.9505
2025-08-05 14:24:11,478 - INFO - Epoch 162: KLDiv Loss = 0.1822 | L1 Error = 0.0212 | Cosine Sim = 0.9541
2025-08-05 14:24:11,572 - INFO - Epoch 163: KLDiv Loss = 0.1876 | L1 Error = 0.0220 | Cosine Sim = 0.9530
2025-08-05 14:24:11,666 - INFO - Epoch 164: KLDiv Loss = 0.1882 | L1 Error = 0.0221 | Cosine Sim = 0.9504
2025-08-05 14:24:11,762 - INFO - Epoch 165: KLDiv Loss = 0.1801 | L1 Error = 0.0208 | Cosine Sim = 0.9547
2025-08-05 14:24:11,856 - INFO - Epoch 166: KLDiv Loss = 0.1822 | L1 Error = 0.0211 | Cosine Sim = 0.9527
2025-08-05 14:24:11,950 - INFO - Epoch 167: KLDiv Loss = 0.1754 | L1 Error = 0.0204 | Cosine Sim = 0.9556
2025-08-05 14:24:12,044 - INFO - Epoch 168: KLDiv Loss = 0.1872 | L1 Error = 0.0211 | Cosine Sim = 0.9521
2025-08-05 14:24:12,138 - INFO - Epoch 169: KLDiv Loss = 0.1756 | L1 Error = 0.0206 | Cosine Sim = 0.9563
2025-08-05 14:24:12,233 - INFO - Epoch 170: KLDiv Loss = 0.1744 | L1 Error = 0.0205 | Cosine Sim = 0.9576
2025-08-05 14:24:12,327 - INFO - Epoch 171: KLDiv Loss = 0.1697 | L1 Error = 0.0202 | Cosine Sim = 0.9578
2025-08-05 14:24:12,421 - INFO - Epoch 172: KLDiv Loss = 0.1734 | L1 Error = 0.0201 | Cosine Sim = 0.9564
2025-08-05 14:24:12,515 - INFO - Epoch 173: KLDiv Loss = 0.1707 | L1 Error = 0.0201 | Cosine Sim = 0.9568
2025-08-05 14:24:12,609 - INFO - Epoch 174: KLDiv Loss = 0.1750 | L1 Error = 0.0204 | Cosine Sim = 0.9548
2025-08-05 14:24:12,704 - INFO - Epoch 175: KLDiv Loss = 0.1698 | L1 Error = 0.0200 | Cosine Sim = 0.9571
2025-08-05 14:24:12,798 - INFO - Epoch 176: KLDiv Loss = 0.1705 | L1 Error = 0.0197 | Cosine Sim = 0.9565
2025-08-05 14:24:12,892 - INFO - Epoch 177: KLDiv Loss = 0.1717 | L1 Error = 0.0203 | Cosine Sim = 0.9563
2025-08-05 14:24:12,986 - INFO - Epoch 178: KLDiv Loss = 0.1665 | L1 Error = 0.0194 | Cosine Sim = 0.9584
2025-08-05 14:24:13,080 - INFO - Epoch 179: KLDiv Loss = 0.1755 | L1 Error = 0.0198 | Cosine Sim = 0.9572
2025-08-05 14:24:13,174 - INFO - Epoch 180: KLDiv Loss = 0.1577 | L1 Error = 0.0190 | Cosine Sim = 0.9618
2025-08-05 14:24:13,270 - INFO - Epoch 181: KLDiv Loss = 0.1582 | L1 Error = 0.0186 | Cosine Sim = 0.9599
2025-08-05 14:24:13,364 - INFO - Epoch 182: KLDiv Loss = 0.1656 | L1 Error = 0.0190 | Cosine Sim = 0.9563
2025-08-05 14:24:13,458 - INFO - Epoch 183: KLDiv Loss = 0.1600 | L1 Error = 0.0187 | Cosine Sim = 0.9579
2025-08-05 14:24:13,552 - INFO - Epoch 184: KLDiv Loss = 0.1561 | L1 Error = 0.0186 | Cosine Sim = 0.9593
2025-08-05 14:24:13,646 - INFO - Epoch 185: KLDiv Loss = 0.1579 | L1 Error = 0.0183 | Cosine Sim = 0.9592
2025-08-05 14:24:13,740 - INFO - Epoch 186: KLDiv Loss = 0.1520 | L1 Error = 0.0182 | Cosine Sim = 0.9607
2025-08-05 14:24:13,834 - INFO - Epoch 187: KLDiv Loss = 0.1503 | L1 Error = 0.0176 | Cosine Sim = 0.9615
2025-08-05 14:24:13,929 - INFO - Epoch 188: KLDiv Loss = 0.1555 | L1 Error = 0.0183 | Cosine Sim = 0.9588
2025-08-05 14:24:14,023 - INFO - Epoch 189: KLDiv Loss = 0.1542 | L1 Error = 0.0183 | Cosine Sim = 0.9598
2025-08-05 14:24:14,117 - INFO - Epoch 190: KLDiv Loss = 0.1474 | L1 Error = 0.0177 | Cosine Sim = 0.9626
2025-08-05 14:24:14,211 - INFO - Epoch 191: KLDiv Loss = 0.1590 | L1 Error = 0.0184 | Cosine Sim = 0.9577
2025-08-05 14:24:14,305 - INFO - Epoch 192: KLDiv Loss = 0.1450 | L1 Error = 0.0175 | Cosine Sim = 0.9633
2025-08-05 14:24:14,399 - INFO - Epoch 193: KLDiv Loss = 0.1466 | L1 Error = 0.0176 | Cosine Sim = 0.9624
2025-08-05 14:24:14,493 - INFO - Epoch 194: KLDiv Loss = 0.1462 | L1 Error = 0.0177 | Cosine Sim = 0.9619
2025-08-05 14:24:14,587 - INFO - Epoch 195: KLDiv Loss = 0.1447 | L1 Error = 0.0172 | Cosine Sim = 0.9620
2025-08-05 14:24:14,682 - INFO - Epoch 196: KLDiv Loss = 0.1403 | L1 Error = 0.0167 | Cosine Sim = 0.9642
2025-08-05 14:24:14,776 - INFO - Epoch 197: KLDiv Loss = 0.1368 | L1 Error = 0.0162 | Cosine Sim = 0.9650
2025-08-05 14:24:14,871 - INFO - Epoch 198: KLDiv Loss = 0.1501 | L1 Error = 0.0176 | Cosine Sim = 0.9591
2025-08-05 14:24:14,965 - INFO - Epoch 199: KLDiv Loss = 0.1349 | L1 Error = 0.0162 | Cosine Sim = 0.9661
2025-08-05 14:24:15,059 - INFO - Epoch 200: KLDiv Loss = 0.1354 | L1 Error = 0.0163 | Cosine Sim = 0.9666
2025-08-05 14:24:15,153 - INFO - Epoch 201: KLDiv Loss = 0.1362 | L1 Error = 0.0162 | Cosine Sim = 0.9643
2025-08-05 14:24:15,247 - INFO - Epoch 202: KLDiv Loss = 0.1426 | L1 Error = 0.0171 | Cosine Sim = 0.9630
2025-08-05 14:24:15,341 - INFO - Epoch 203: KLDiv Loss = 0.1323 | L1 Error = 0.0159 | Cosine Sim = 0.9658
2025-08-05 14:24:15,435 - INFO - Epoch 204: KLDiv Loss = 0.1337 | L1 Error = 0.0157 | Cosine Sim = 0.9637
2025-08-05 14:24:15,529 - INFO - Epoch 205: KLDiv Loss = 0.1372 | L1 Error = 0.0153 | Cosine Sim = 0.9656
2025-08-05 14:24:15,624 - INFO - Epoch 206: KLDiv Loss = 0.1290 | L1 Error = 0.0149 | Cosine Sim = 0.9666
2025-08-05 14:24:15,718 - INFO - Epoch 207: KLDiv Loss = 0.1335 | L1 Error = 0.0157 | Cosine Sim = 0.9646
2025-08-05 14:24:15,812 - INFO - Epoch 208: KLDiv Loss = 0.1339 | L1 Error = 0.0160 | Cosine Sim = 0.9642
2025-08-05 14:24:15,906 - INFO - Epoch 209: KLDiv Loss = 0.1301 | L1 Error = 0.0156 | Cosine Sim = 0.9662
2025-08-05 14:24:16,000 - INFO - Epoch 210: KLDiv Loss = 0.1288 | L1 Error = 0.0155 | Cosine Sim = 0.9666
2025-08-05 14:24:16,094 - INFO - Epoch 211: KLDiv Loss = 0.1228 | L1 Error = 0.0147 | Cosine Sim = 0.9691
2025-08-05 14:24:16,188 - INFO - Epoch 212: KLDiv Loss = 0.1267 | L1 Error = 0.0151 | Cosine Sim = 0.9678
2025-08-05 14:24:16,282 - INFO - Epoch 213: KLDiv Loss = 0.1305 | L1 Error = 0.0151 | Cosine Sim = 0.9649
2025-08-05 14:24:16,376 - INFO - Epoch 214: KLDiv Loss = 0.1271 | L1 Error = 0.0149 | Cosine Sim = 0.9670
2025-08-05 14:24:16,471 - INFO - Epoch 215: KLDiv Loss = 0.1226 | L1 Error = 0.0141 | Cosine Sim = 0.9683
2025-08-05 14:24:16,565 - INFO - Epoch 216: KLDiv Loss = 0.1250 | L1 Error = 0.0144 | Cosine Sim = 0.9671
2025-08-05 14:24:16,660 - INFO - Epoch 217: KLDiv Loss = 0.1236 | L1 Error = 0.0143 | Cosine Sim = 0.9688
2025-08-05 14:24:16,754 - INFO - Epoch 218: KLDiv Loss = 0.1191 | L1 Error = 0.0141 | Cosine Sim = 0.9693
2025-08-05 14:24:16,849 - INFO - Epoch 219: KLDiv Loss = 0.1320 | L1 Error = 0.0152 | Cosine Sim = 0.9637
2025-08-05 14:24:16,943 - INFO - Epoch 220: KLDiv Loss = 0.1223 | L1 Error = 0.0145 | Cosine Sim = 0.9671
2025-08-05 14:24:17,037 - INFO - Epoch 221: KLDiv Loss = 0.1189 | L1 Error = 0.0139 | Cosine Sim = 0.9693
2025-08-05 14:24:17,131 - INFO - Epoch 222: KLDiv Loss = 0.1238 | L1 Error = 0.0140 | Cosine Sim = 0.9687
2025-08-05 14:24:17,225 - INFO - Epoch 223: KLDiv Loss = 0.1171 | L1 Error = 0.0140 | Cosine Sim = 0.9695
2025-08-05 14:24:17,319 - INFO - Epoch 224: KLDiv Loss = 0.1230 | L1 Error = 0.0145 | Cosine Sim = 0.9680
2025-08-05 14:24:17,413 - INFO - Epoch 225: KLDiv Loss = 0.1155 | L1 Error = 0.0138 | Cosine Sim = 0.9703
2025-08-05 14:24:17,507 - INFO - Epoch 226: KLDiv Loss = 0.1175 | L1 Error = 0.0141 | Cosine Sim = 0.9697
2025-08-05 14:24:17,601 - INFO - Epoch 227: KLDiv Loss = 0.1172 | L1 Error = 0.0139 | Cosine Sim = 0.9692
2025-08-05 14:24:17,696 - INFO - Epoch 228: KLDiv Loss = 0.1285 | L1 Error = 0.0148 | Cosine Sim = 0.9643
2025-08-05 14:24:17,790 - INFO - Epoch 229: KLDiv Loss = 0.1178 | L1 Error = 0.0136 | Cosine Sim = 0.9693
2025-08-05 14:24:17,884 - INFO - Epoch 230: KLDiv Loss = 0.1173 | L1 Error = 0.0144 | Cosine Sim = 0.9683
2025-08-05 14:24:17,978 - INFO - Epoch 231: KLDiv Loss = 0.1209 | L1 Error = 0.0146 | Cosine Sim = 0.9667
2025-08-05 14:24:18,072 - INFO - Epoch 232: KLDiv Loss = 0.1296 | L1 Error = 0.0146 | Cosine Sim = 0.9633
2025-08-05 14:24:18,166 - INFO - Epoch 233: KLDiv Loss = 0.1141 | L1 Error = 0.0135 | Cosine Sim = 0.9696
2025-08-05 14:24:18,260 - INFO - Epoch 234: KLDiv Loss = 0.1156 | L1 Error = 0.0138 | Cosine Sim = 0.9702
2025-08-05 14:24:18,354 - INFO - Epoch 235: KLDiv Loss = 0.1161 | L1 Error = 0.0133 | Cosine Sim = 0.9694
2025-08-05 14:24:18,449 - INFO - Epoch 236: KLDiv Loss = 0.1131 | L1 Error = 0.0140 | Cosine Sim = 0.9683
2025-08-05 14:24:18,544 - INFO - Epoch 237: KLDiv Loss = 0.1072 | L1 Error = 0.0130 | Cosine Sim = 0.9713
2025-08-05 14:24:18,638 - INFO - Epoch 238: KLDiv Loss = 0.1148 | L1 Error = 0.0132 | Cosine Sim = 0.9693
2025-08-05 14:24:18,732 - INFO - Epoch 239: KLDiv Loss = 0.1105 | L1 Error = 0.0128 | Cosine Sim = 0.9709
2025-08-05 14:24:18,826 - INFO - Epoch 240: KLDiv Loss = 0.1107 | L1 Error = 0.0134 | Cosine Sim = 0.9705
2025-08-05 14:24:18,920 - INFO - Epoch 241: KLDiv Loss = 0.1007 | L1 Error = 0.0126 | Cosine Sim = 0.9737
2025-08-05 14:24:19,014 - INFO - Epoch 242: KLDiv Loss = 0.1116 | L1 Error = 0.0131 | Cosine Sim = 0.9705
2025-08-05 14:24:19,109 - INFO - Epoch 243: KLDiv Loss = 0.1163 | L1 Error = 0.0141 | Cosine Sim = 0.9673
2025-08-05 14:24:19,203 - INFO - Epoch 244: KLDiv Loss = 0.1121 | L1 Error = 0.0134 | Cosine Sim = 0.9687
2025-08-05 14:24:19,297 - INFO - Epoch 245: KLDiv Loss = 0.1204 | L1 Error = 0.0140 | Cosine Sim = 0.9655
2025-08-05 14:24:19,391 - INFO - Epoch 246: KLDiv Loss = 0.1110 | L1 Error = 0.0132 | Cosine Sim = 0.9691
2025-08-05 14:24:19,485 - INFO - Epoch 247: KLDiv Loss = 0.1162 | L1 Error = 0.0133 | Cosine Sim = 0.9683
2025-08-05 14:24:19,580 - INFO - Epoch 248: KLDiv Loss = 0.1207 | L1 Error = 0.0135 | Cosine Sim = 0.9680
2025-08-05 14:24:19,674 - INFO - Epoch 249: KLDiv Loss = 0.1095 | L1 Error = 0.0135 | Cosine Sim = 0.9698
2025-08-05 14:24:19,768 - INFO - Epoch 250: KLDiv Loss = 0.1050 | L1 Error = 0.0128 | Cosine Sim = 0.9718
2025-08-05 14:24:19,862 - INFO - Epoch 251: KLDiv Loss = 0.1034 | L1 Error = 0.0128 | Cosine Sim = 0.9717
2025-08-05 14:24:19,956 - INFO - Epoch 252: KLDiv Loss = 0.1217 | L1 Error = 0.0131 | Cosine Sim = 0.9653
2025-08-05 14:24:20,050 - INFO - Epoch 253: KLDiv Loss = 0.1098 | L1 Error = 0.0129 | Cosine Sim = 0.9692
2025-08-05 14:24:20,144 - INFO - Epoch 254: KLDiv Loss = 0.1009 | L1 Error = 0.0118 | Cosine Sim = 0.9725
2025-08-05 14:24:20,238 - INFO - Epoch 255: KLDiv Loss = 0.0952 | L1 Error = 0.0117 | Cosine Sim = 0.9748
2025-08-05 14:24:20,332 - INFO - Epoch 256: KLDiv Loss = 0.1017 | L1 Error = 0.0117 | Cosine Sim = 0.9723
2025-08-05 14:24:20,639 - INFO - Test: Loss = 8.4863, Quant Error = 1.8516
2025-08-05 14:24:20,639 - INFO - Dynamic Top-K Accuracy (per sample): 16.08%
2025-08-05 14:24:20,646 - INFO - [Gradient Run 1] Training time: 26.14s
