2025-08-07 17:33:57,934 - INFO - ------------------------------------Gradient-------------------------------------------
2025-08-07 17:33:57,934 - INFO - [Gradient Run 1] Starting
2025-08-07 17:34:00,102 - INFO - Training on device: cuda
2025-08-07 17:34:00,412 - INFO - Epoch 01: KLDiv Loss = 2.2997 | L1 Error = 0.1480 | Cosine Sim = 0.3282
2025-08-07 17:34:00,533 - INFO - Epoch 02: KLDiv Loss = 2.2070 | L1 Error = 0.1463 | Cosine Sim = 0.3579
2025-08-07 17:34:00,655 - INFO - Epoch 03: KLDiv Loss = 2.1011 | L1 Error = 0.1439 | Cosine Sim = 0.3923
2025-08-07 17:34:00,776 - INFO - Epoch 04: KLDiv Loss = 1.9805 | L1 Error = 0.1402 | Cosine Sim = 0.4300
2025-08-07 17:34:00,897 - INFO - Epoch 05: KLDiv Loss = 1.8811 | L1 Error = 0.1368 | Cosine Sim = 0.4620
2025-08-07 17:34:01,018 - INFO - Epoch 06: KLDiv Loss = 1.7961 | L1 Error = 0.1334 | Cosine Sim = 0.4880
2025-08-07 17:34:01,139 - INFO - Epoch 07: KLDiv Loss = 1.7218 | L1 Error = 0.1302 | Cosine Sim = 0.5107
2025-08-07 17:34:01,260 - INFO - Epoch 08: KLDiv Loss = 1.6607 | L1 Error = 0.1272 | Cosine Sim = 0.5289
2025-08-07 17:34:01,381 - INFO - Epoch 09: KLDiv Loss = 1.6086 | L1 Error = 0.1247 | Cosine Sim = 0.5447
2025-08-07 17:34:01,503 - INFO - Epoch 10: KLDiv Loss = 1.5556 | L1 Error = 0.1221 | Cosine Sim = 0.5611
2025-08-07 17:34:01,624 - INFO - Epoch 11: KLDiv Loss = 1.5114 | L1 Error = 0.1196 | Cosine Sim = 0.5753
2025-08-07 17:34:01,748 - INFO - Epoch 12: KLDiv Loss = 1.4725 | L1 Error = 0.1175 | Cosine Sim = 0.5867
2025-08-07 17:34:01,869 - INFO - Epoch 13: KLDiv Loss = 1.4303 | L1 Error = 0.1149 | Cosine Sim = 0.6003
2025-08-07 17:34:01,990 - INFO - Epoch 14: KLDiv Loss = 1.3927 | L1 Error = 0.1127 | Cosine Sim = 0.6121
2025-08-07 17:34:02,111 - INFO - Epoch 15: KLDiv Loss = 1.3587 | L1 Error = 0.1106 | Cosine Sim = 0.6228
2025-08-07 17:34:02,232 - INFO - Epoch 16: KLDiv Loss = 1.3240 | L1 Error = 0.1086 | Cosine Sim = 0.6338
2025-08-07 17:34:02,354 - INFO - Epoch 17: KLDiv Loss = 1.2962 | L1 Error = 0.1064 | Cosine Sim = 0.6425
2025-08-07 17:34:02,475 - INFO - Epoch 18: KLDiv Loss = 1.2666 | L1 Error = 0.1045 | Cosine Sim = 0.6520
2025-08-07 17:34:02,596 - INFO - Epoch 19: KLDiv Loss = 1.2366 | L1 Error = 0.1024 | Cosine Sim = 0.6602
2025-08-07 17:34:02,717 - INFO - Epoch 20: KLDiv Loss = 1.2094 | L1 Error = 0.1005 | Cosine Sim = 0.6688
2025-08-07 17:34:02,839 - INFO - Epoch 21: KLDiv Loss = 1.1827 | L1 Error = 0.0987 | Cosine Sim = 0.6761
2025-08-07 17:34:02,960 - INFO - Epoch 22: KLDiv Loss = 1.1566 | L1 Error = 0.0969 | Cosine Sim = 0.6831
2025-08-07 17:34:03,081 - INFO - Epoch 23: KLDiv Loss = 1.1337 | L1 Error = 0.0953 | Cosine Sim = 0.6895
2025-08-07 17:34:03,202 - INFO - Epoch 24: KLDiv Loss = 1.1143 | L1 Error = 0.0937 | Cosine Sim = 0.6954
2025-08-07 17:34:03,323 - INFO - Epoch 25: KLDiv Loss = 1.0904 | L1 Error = 0.0921 | Cosine Sim = 0.7018
2025-08-07 17:34:03,443 - INFO - Epoch 26: KLDiv Loss = 1.0738 | L1 Error = 0.0906 | Cosine Sim = 0.7059
2025-08-07 17:34:03,564 - INFO - Epoch 27: KLDiv Loss = 1.0566 | L1 Error = 0.0893 | Cosine Sim = 0.7099
2025-08-07 17:34:03,685 - INFO - Epoch 28: KLDiv Loss = 1.0352 | L1 Error = 0.0875 | Cosine Sim = 0.7160
2025-08-07 17:34:03,808 - INFO - Epoch 29: KLDiv Loss = 1.0177 | L1 Error = 0.0861 | Cosine Sim = 0.7208
2025-08-07 17:34:03,929 - INFO - Epoch 30: KLDiv Loss = 0.9989 | L1 Error = 0.0847 | Cosine Sim = 0.7257
2025-08-07 17:34:04,050 - INFO - Epoch 31: KLDiv Loss = 0.9809 | L1 Error = 0.0833 | Cosine Sim = 0.7290
2025-08-07 17:34:04,171 - INFO - Epoch 32: KLDiv Loss = 0.9680 | L1 Error = 0.0821 | Cosine Sim = 0.7326
2025-08-07 17:34:04,291 - INFO - Epoch 33: KLDiv Loss = 0.9560 | L1 Error = 0.0813 | Cosine Sim = 0.7355
2025-08-07 17:34:04,412 - INFO - Epoch 34: KLDiv Loss = 0.9350 | L1 Error = 0.0797 | Cosine Sim = 0.7421
2025-08-07 17:34:04,533 - INFO - Epoch 35: KLDiv Loss = 0.9236 | L1 Error = 0.0785 | Cosine Sim = 0.7442
2025-08-07 17:34:04,654 - INFO - Epoch 36: KLDiv Loss = 0.9059 | L1 Error = 0.0773 | Cosine Sim = 0.7484
2025-08-07 17:34:04,774 - INFO - Epoch 37: KLDiv Loss = 0.8914 | L1 Error = 0.0763 | Cosine Sim = 0.7535
2025-08-07 17:34:04,897 - INFO - Epoch 38: KLDiv Loss = 0.8810 | L1 Error = 0.0751 | Cosine Sim = 0.7554
2025-08-07 17:34:05,018 - INFO - Epoch 39: KLDiv Loss = 0.8698 | L1 Error = 0.0742 | Cosine Sim = 0.7578
2025-08-07 17:34:05,138 - INFO - Epoch 40: KLDiv Loss = 0.8531 | L1 Error = 0.0730 | Cosine Sim = 0.7635
2025-08-07 17:34:05,259 - INFO - Epoch 41: KLDiv Loss = 0.8448 | L1 Error = 0.0721 | Cosine Sim = 0.7654
2025-08-07 17:34:05,380 - INFO - Epoch 42: KLDiv Loss = 0.8340 | L1 Error = 0.0714 | Cosine Sim = 0.7687
2025-08-07 17:34:05,501 - INFO - Epoch 43: KLDiv Loss = 0.8202 | L1 Error = 0.0703 | Cosine Sim = 0.7718
2025-08-07 17:34:05,621 - INFO - Epoch 44: KLDiv Loss = 0.8107 | L1 Error = 0.0696 | Cosine Sim = 0.7732
2025-08-07 17:34:05,742 - INFO - Epoch 45: KLDiv Loss = 0.8030 | L1 Error = 0.0687 | Cosine Sim = 0.7763
2025-08-07 17:34:05,864 - INFO - Epoch 46: KLDiv Loss = 0.7888 | L1 Error = 0.0678 | Cosine Sim = 0.7802
2025-08-07 17:34:05,984 - INFO - Epoch 47: KLDiv Loss = 0.7744 | L1 Error = 0.0669 | Cosine Sim = 0.7849
2025-08-07 17:34:06,105 - INFO - Epoch 48: KLDiv Loss = 0.7708 | L1 Error = 0.0665 | Cosine Sim = 0.7846
2025-08-07 17:34:06,226 - INFO - Epoch 49: KLDiv Loss = 0.7583 | L1 Error = 0.0656 | Cosine Sim = 0.7884
2025-08-07 17:34:06,346 - INFO - Epoch 50: KLDiv Loss = 0.7475 | L1 Error = 0.0647 | Cosine Sim = 0.7921
2025-08-07 17:34:06,467 - INFO - Epoch 51: KLDiv Loss = 0.7380 | L1 Error = 0.0637 | Cosine Sim = 0.7939
2025-08-07 17:34:06,588 - INFO - Epoch 52: KLDiv Loss = 0.7234 | L1 Error = 0.0629 | Cosine Sim = 0.7988
2025-08-07 17:34:06,709 - INFO - Epoch 53: KLDiv Loss = 0.7163 | L1 Error = 0.0623 | Cosine Sim = 0.8000
2025-08-07 17:34:06,830 - INFO - Epoch 54: KLDiv Loss = 0.7023 | L1 Error = 0.0615 | Cosine Sim = 0.8048
2025-08-07 17:34:06,952 - INFO - Epoch 55: KLDiv Loss = 0.7000 | L1 Error = 0.0607 | Cosine Sim = 0.8041
2025-08-07 17:34:07,073 - INFO - Epoch 56: KLDiv Loss = 0.6943 | L1 Error = 0.0605 | Cosine Sim = 0.8063
2025-08-07 17:34:07,194 - INFO - Epoch 57: KLDiv Loss = 0.6852 | L1 Error = 0.0596 | Cosine Sim = 0.8084
2025-08-07 17:34:07,315 - INFO - Epoch 58: KLDiv Loss = 0.6768 | L1 Error = 0.0592 | Cosine Sim = 0.8112
2025-08-07 17:34:07,436 - INFO - Epoch 59: KLDiv Loss = 0.6673 | L1 Error = 0.0584 | Cosine Sim = 0.8144
2025-08-07 17:34:07,557 - INFO - Epoch 60: KLDiv Loss = 0.6578 | L1 Error = 0.0576 | Cosine Sim = 0.8161
2025-08-07 17:34:07,678 - INFO - Epoch 61: KLDiv Loss = 0.6511 | L1 Error = 0.0571 | Cosine Sim = 0.8176
2025-08-07 17:34:07,799 - INFO - Epoch 62: KLDiv Loss = 0.6369 | L1 Error = 0.0561 | Cosine Sim = 0.8218
2025-08-07 17:34:07,920 - INFO - Epoch 63: KLDiv Loss = 0.6364 | L1 Error = 0.0562 | Cosine Sim = 0.8222
2025-08-07 17:34:08,041 - INFO - Epoch 64: KLDiv Loss = 0.6293 | L1 Error = 0.0552 | Cosine Sim = 0.8234
2025-08-07 17:34:08,162 - INFO - Epoch 65: KLDiv Loss = 0.6226 | L1 Error = 0.0549 | Cosine Sim = 0.8253
2025-08-07 17:34:08,283 - INFO - Epoch 66: KLDiv Loss = 0.6054 | L1 Error = 0.0539 | Cosine Sim = 0.8315
2025-08-07 17:34:08,405 - INFO - Epoch 67: KLDiv Loss = 0.6022 | L1 Error = 0.0534 | Cosine Sim = 0.8314
2025-08-07 17:34:08,526 - INFO - Epoch 68: KLDiv Loss = 0.5951 | L1 Error = 0.0528 | Cosine Sim = 0.8335
2025-08-07 17:34:08,647 - INFO - Epoch 69: KLDiv Loss = 0.5887 | L1 Error = 0.0523 | Cosine Sim = 0.8351
2025-08-07 17:34:08,768 - INFO - Epoch 70: KLDiv Loss = 0.5820 | L1 Error = 0.0516 | Cosine Sim = 0.8374
2025-08-07 17:34:08,889 - INFO - Epoch 71: KLDiv Loss = 0.5715 | L1 Error = 0.0513 | Cosine Sim = 0.8391
2025-08-07 17:34:09,010 - INFO - Epoch 72: KLDiv Loss = 0.5650 | L1 Error = 0.0507 | Cosine Sim = 0.8410
2025-08-07 17:34:09,131 - INFO - Epoch 73: KLDiv Loss = 0.5532 | L1 Error = 0.0501 | Cosine Sim = 0.8447
2025-08-07 17:34:09,252 - INFO - Epoch 74: KLDiv Loss = 0.5527 | L1 Error = 0.0500 | Cosine Sim = 0.8466
2025-08-07 17:34:09,373 - INFO - Epoch 75: KLDiv Loss = 0.5409 | L1 Error = 0.0490 | Cosine Sim = 0.8479
2025-08-07 17:34:09,494 - INFO - Epoch 76: KLDiv Loss = 0.5410 | L1 Error = 0.0486 | Cosine Sim = 0.8493
2025-08-07 17:34:09,615 - INFO - Epoch 77: KLDiv Loss = 0.5227 | L1 Error = 0.0474 | Cosine Sim = 0.8555
2025-08-07 17:34:09,737 - INFO - Epoch 78: KLDiv Loss = 0.5234 | L1 Error = 0.0474 | Cosine Sim = 0.8547
2025-08-07 17:34:09,858 - INFO - Epoch 79: KLDiv Loss = 0.5083 | L1 Error = 0.0469 | Cosine Sim = 0.8585
2025-08-07 17:34:09,979 - INFO - Epoch 80: KLDiv Loss = 0.5023 | L1 Error = 0.0461 | Cosine Sim = 0.8604
2025-08-07 17:34:10,100 - INFO - Epoch 81: KLDiv Loss = 0.4990 | L1 Error = 0.0458 | Cosine Sim = 0.8599
2025-08-07 17:34:10,221 - INFO - Epoch 82: KLDiv Loss = 0.4927 | L1 Error = 0.0451 | Cosine Sim = 0.8624
2025-08-07 17:34:10,342 - INFO - Epoch 83: KLDiv Loss = 0.4918 | L1 Error = 0.0454 | Cosine Sim = 0.8618
2025-08-07 17:34:10,463 - INFO - Epoch 84: KLDiv Loss = 0.4836 | L1 Error = 0.0445 | Cosine Sim = 0.8655
2025-08-07 17:34:10,584 - INFO - Epoch 85: KLDiv Loss = 0.4630 | L1 Error = 0.0433 | Cosine Sim = 0.8719
2025-08-07 17:34:10,705 - INFO - Epoch 86: KLDiv Loss = 0.4652 | L1 Error = 0.0432 | Cosine Sim = 0.8710
2025-08-07 17:34:10,826 - INFO - Epoch 87: KLDiv Loss = 0.4615 | L1 Error = 0.0431 | Cosine Sim = 0.8710
2025-08-07 17:34:10,948 - INFO - Epoch 88: KLDiv Loss = 0.4429 | L1 Error = 0.0419 | Cosine Sim = 0.8781
2025-08-07 17:34:11,068 - INFO - Epoch 89: KLDiv Loss = 0.4409 | L1 Error = 0.0414 | Cosine Sim = 0.8779
2025-08-07 17:34:11,191 - INFO - Epoch 90: KLDiv Loss = 0.4379 | L1 Error = 0.0410 | Cosine Sim = 0.8788
2025-08-07 17:34:11,312 - INFO - Epoch 91: KLDiv Loss = 0.4241 | L1 Error = 0.0403 | Cosine Sim = 0.8825
2025-08-07 17:34:11,433 - INFO - Epoch 92: KLDiv Loss = 0.4266 | L1 Error = 0.0404 | Cosine Sim = 0.8820
2025-08-07 17:34:11,555 - INFO - Epoch 93: KLDiv Loss = 0.4204 | L1 Error = 0.0396 | Cosine Sim = 0.8838
2025-08-07 17:34:11,676 - INFO - Epoch 94: KLDiv Loss = 0.4113 | L1 Error = 0.0392 | Cosine Sim = 0.8865
2025-08-07 17:34:11,797 - INFO - Epoch 95: KLDiv Loss = 0.4108 | L1 Error = 0.0389 | Cosine Sim = 0.8866
2025-08-07 17:34:11,918 - INFO - Epoch 96: KLDiv Loss = 0.4060 | L1 Error = 0.0389 | Cosine Sim = 0.8866
2025-08-07 17:34:12,040 - INFO - Epoch 97: KLDiv Loss = 0.3835 | L1 Error = 0.0375 | Cosine Sim = 0.8953
2025-08-07 17:34:12,162 - INFO - Epoch 98: KLDiv Loss = 0.3819 | L1 Error = 0.0371 | Cosine Sim = 0.8952
2025-08-07 17:34:12,284 - INFO - Epoch 99: KLDiv Loss = 0.3905 | L1 Error = 0.0375 | Cosine Sim = 0.8909
2025-08-07 17:34:12,406 - INFO - Epoch 100: KLDiv Loss = 0.3747 | L1 Error = 0.0366 | Cosine Sim = 0.8977
2025-08-07 17:34:12,527 - INFO - Epoch 101: KLDiv Loss = 0.3623 | L1 Error = 0.0356 | Cosine Sim = 0.9015
2025-08-07 17:34:12,649 - INFO - Epoch 102: KLDiv Loss = 0.3574 | L1 Error = 0.0354 | Cosine Sim = 0.9020
2025-08-07 17:34:12,771 - INFO - Epoch 103: KLDiv Loss = 0.3590 | L1 Error = 0.0351 | Cosine Sim = 0.9022
2025-08-07 17:34:12,893 - INFO - Epoch 104: KLDiv Loss = 0.3542 | L1 Error = 0.0346 | Cosine Sim = 0.9030
2025-08-07 17:34:13,014 - INFO - Epoch 105: KLDiv Loss = 0.3406 | L1 Error = 0.0343 | Cosine Sim = 0.9076
2025-08-07 17:34:13,136 - INFO - Epoch 106: KLDiv Loss = 0.3346 | L1 Error = 0.0337 | Cosine Sim = 0.9083
2025-08-07 17:34:13,257 - INFO - Epoch 107: KLDiv Loss = 0.3355 | L1 Error = 0.0335 | Cosine Sim = 0.9084
2025-08-07 17:34:13,379 - INFO - Epoch 108: KLDiv Loss = 0.3320 | L1 Error = 0.0330 | Cosine Sim = 0.9097
2025-08-07 17:34:13,500 - INFO - Epoch 109: KLDiv Loss = 0.3228 | L1 Error = 0.0326 | Cosine Sim = 0.9108
2025-08-07 17:34:13,621 - INFO - Epoch 110: KLDiv Loss = 0.3247 | L1 Error = 0.0324 | Cosine Sim = 0.9117
2025-08-07 17:34:13,742 - INFO - Epoch 111: KLDiv Loss = 0.3111 | L1 Error = 0.0318 | Cosine Sim = 0.9152
2025-08-07 17:34:13,864 - INFO - Epoch 112: KLDiv Loss = 0.3026 | L1 Error = 0.0311 | Cosine Sim = 0.9186
2025-08-07 17:34:13,985 - INFO - Epoch 113: KLDiv Loss = 0.2922 | L1 Error = 0.0303 | Cosine Sim = 0.9209
2025-08-07 17:34:14,106 - INFO - Epoch 114: KLDiv Loss = 0.2960 | L1 Error = 0.0305 | Cosine Sim = 0.9196
2025-08-07 17:34:14,229 - INFO - Epoch 115: KLDiv Loss = 0.2914 | L1 Error = 0.0302 | Cosine Sim = 0.9206
2025-08-07 17:34:14,351 - INFO - Epoch 116: KLDiv Loss = 0.2769 | L1 Error = 0.0291 | Cosine Sim = 0.9266
2025-08-07 17:34:14,472 - INFO - Epoch 117: KLDiv Loss = 0.2726 | L1 Error = 0.0289 | Cosine Sim = 0.9264
2025-08-07 17:34:14,594 - INFO - Epoch 118: KLDiv Loss = 0.2673 | L1 Error = 0.0283 | Cosine Sim = 0.9281
2025-08-07 17:34:14,715 - INFO - Epoch 119: KLDiv Loss = 0.2613 | L1 Error = 0.0278 | Cosine Sim = 0.9302
2025-08-07 17:34:14,836 - INFO - Epoch 120: KLDiv Loss = 0.2663 | L1 Error = 0.0281 | Cosine Sim = 0.9272
2025-08-07 17:34:14,958 - INFO - Epoch 121: KLDiv Loss = 0.2566 | L1 Error = 0.0272 | Cosine Sim = 0.9318
2025-08-07 17:34:15,079 - INFO - Epoch 122: KLDiv Loss = 0.2539 | L1 Error = 0.0272 | Cosine Sim = 0.9311
2025-08-07 17:34:15,201 - INFO - Epoch 123: KLDiv Loss = 0.2493 | L1 Error = 0.0268 | Cosine Sim = 0.9333
2025-08-07 17:34:15,323 - INFO - Epoch 124: KLDiv Loss = 0.2431 | L1 Error = 0.0262 | Cosine Sim = 0.9337
2025-08-07 17:34:15,445 - INFO - Epoch 125: KLDiv Loss = 0.2465 | L1 Error = 0.0264 | Cosine Sim = 0.9334
2025-08-07 17:34:15,567 - INFO - Epoch 126: KLDiv Loss = 0.2399 | L1 Error = 0.0259 | Cosine Sim = 0.9358
2025-08-07 17:34:15,689 - INFO - Epoch 127: KLDiv Loss = 0.2358 | L1 Error = 0.0255 | Cosine Sim = 0.9366
2025-08-07 17:34:15,810 - INFO - Epoch 128: KLDiv Loss = 0.2351 | L1 Error = 0.0254 | Cosine Sim = 0.9367
2025-08-07 17:34:16,534 - INFO - Test: Loss = 4.4715, Quant Error = 1.6077
2025-08-07 17:34:16,534 - INFO - Dynamic Top-K Accuracy (per sample): 21.89%
2025-08-07 17:34:16,541 - INFO - [Gradient Run 1] Training time: 18.61s
2025-08-07 17:34:16,912 - INFO - Test: Loss = 3.5949, Quant Error = 1.5451
2025-08-07 17:34:16,912 - INFO - Dynamic Top-K Accuracy (per sample): 25.62%
