2025-07-28 21:00:49,399 - INFO - ------------------------------------Gradient-------------------------------------------
2025-07-28 21:00:49,399 - INFO - [Gradient Run 1] Starting
2025-07-28 21:00:51,747 - INFO - Training on device: cuda
2025-07-28 21:00:52,106 - INFO - Epoch 01: Loss = 2.1889
2025-07-28 21:00:52,228 - INFO - Epoch 02: Loss = 2.0740
2025-07-28 21:00:52,349 - INFO - Epoch 03: Loss = 1.9828
2025-07-28 21:00:52,471 - INFO - Epoch 04: Loss = 1.9038
2025-07-28 21:00:52,596 - INFO - Epoch 05: Loss = 1.8293
2025-07-28 21:00:52,717 - INFO - Epoch 06: Loss = 1.7633
2025-07-28 21:00:52,839 - INFO - Epoch 07: Loss = 1.7080
2025-07-28 21:00:52,960 - INFO - Epoch 08: Loss = 1.6636
2025-07-28 21:00:53,081 - INFO - Epoch 09: Loss = 1.6147
2025-07-28 21:00:53,202 - INFO - Epoch 10: Loss = 1.5649
2025-07-28 21:00:53,323 - INFO - Epoch 11: Loss = 1.5245
2025-07-28 21:00:53,444 - INFO - Epoch 12: Loss = 1.4887
2025-07-28 21:00:53,567 - INFO - Epoch 13: Loss = 1.4518
2025-07-28 21:00:53,687 - INFO - Epoch 14: Loss = 1.4211
2025-07-28 21:00:53,808 - INFO - Epoch 15: Loss = 1.3895
2025-07-28 21:00:53,929 - INFO - Epoch 16: Loss = 1.3584
2025-07-28 21:00:54,050 - INFO - Epoch 17: Loss = 1.3289
2025-07-28 21:00:54,171 - INFO - Epoch 18: Loss = 1.3005
2025-07-28 21:00:54,291 - INFO - Epoch 19: Loss = 1.2747
2025-07-28 21:00:54,412 - INFO - Epoch 20: Loss = 1.2516
2025-07-28 21:00:54,535 - INFO - Epoch 21: Loss = 1.2283
2025-07-28 21:00:54,656 - INFO - Epoch 22: Loss = 1.2085
2025-07-28 21:00:54,775 - INFO - Epoch 23: Loss = 1.1923
2025-07-28 21:00:54,895 - INFO - Epoch 24: Loss = 1.1702
2025-07-28 21:00:55,015 - INFO - Epoch 25: Loss = 1.1522
2025-07-28 21:00:55,135 - INFO - Epoch 26: Loss = 1.1317
2025-07-28 21:00:55,256 - INFO - Epoch 27: Loss = 1.1155
2025-07-28 21:00:55,377 - INFO - Epoch 28: Loss = 1.1009
2025-07-28 21:00:55,502 - INFO - Epoch 29: Loss = 1.0852
2025-07-28 21:00:55,624 - INFO - Epoch 30: Loss = 1.0714
2025-07-28 21:00:55,746 - INFO - Epoch 31: Loss = 1.0564
2025-07-28 21:00:55,867 - INFO - Epoch 32: Loss = 1.0386
2025-07-28 21:00:55,988 - INFO - Epoch 33: Loss = 1.0231
2025-07-28 21:00:56,110 - INFO - Epoch 34: Loss = 1.0080
2025-07-28 21:00:56,232 - INFO - Epoch 35: Loss = 0.9926
2025-07-28 21:00:56,354 - INFO - Epoch 36: Loss = 0.9777
2025-07-28 21:00:56,476 - INFO - Epoch 37: Loss = 0.9640
2025-07-28 21:00:56,597 - INFO - Epoch 38: Loss = 0.9536
2025-07-28 21:00:56,719 - INFO - Epoch 39: Loss = 0.9414
2025-07-28 21:00:56,841 - INFO - Epoch 40: Loss = 0.9313
2025-07-28 21:00:56,962 - INFO - Epoch 41: Loss = 0.9251
2025-07-28 21:00:57,083 - INFO - Epoch 42: Loss = 0.9035
2025-07-28 21:00:57,204 - INFO - Epoch 43: Loss = 0.8904
2025-07-28 21:00:57,325 - INFO - Epoch 44: Loss = 0.8751
2025-07-28 21:00:57,447 - INFO - Epoch 45: Loss = 0.8659
2025-07-28 21:00:57,570 - INFO - Epoch 46: Loss = 0.8555
2025-07-28 21:00:57,691 - INFO - Epoch 47: Loss = 0.8404
2025-07-28 21:00:57,813 - INFO - Epoch 48: Loss = 0.8253
2025-07-28 21:00:57,934 - INFO - Epoch 49: Loss = 0.8134
2025-07-28 21:00:58,056 - INFO - Epoch 50: Loss = 0.7994
2025-07-28 21:00:58,178 - INFO - Epoch 51: Loss = 0.7895
2025-07-28 21:00:58,299 - INFO - Epoch 52: Loss = 0.7747
2025-07-28 21:00:58,422 - INFO - Epoch 53: Loss = 0.7628
2025-07-28 21:00:58,543 - INFO - Epoch 54: Loss = 0.7501
2025-07-28 21:00:58,665 - INFO - Epoch 55: Loss = 0.7337
2025-07-28 21:00:58,787 - INFO - Epoch 56: Loss = 0.7238
2025-07-28 21:00:58,908 - INFO - Epoch 57: Loss = 0.7146
2025-07-28 21:00:59,029 - INFO - Epoch 58: Loss = 0.7021
2025-07-28 21:00:59,151 - INFO - Epoch 59: Loss = 0.6919
2025-07-28 21:00:59,272 - INFO - Epoch 60: Loss = 0.6804
2025-07-28 21:00:59,395 - INFO - Epoch 61: Loss = 0.6723
2025-07-28 21:00:59,516 - INFO - Epoch 62: Loss = 0.6630
2025-07-28 21:00:59,637 - INFO - Epoch 63: Loss = 0.6550
2025-07-28 21:00:59,760 - INFO - Epoch 64: Loss = 0.6414
2025-07-28 21:00:59,882 - INFO - Epoch 65: Loss = 0.6303
2025-07-28 21:01:00,004 - INFO - Epoch 66: Loss = 0.6232
2025-07-28 21:01:00,126 - INFO - Epoch 67: Loss = 0.6099
2025-07-28 21:01:00,248 - INFO - Epoch 68: Loss = 0.5998
2025-07-28 21:01:00,369 - INFO - Epoch 69: Loss = 0.5918
2025-07-28 21:01:00,491 - INFO - Epoch 70: Loss = 0.5824
2025-07-28 21:01:00,613 - INFO - Epoch 71: Loss = 0.5726
2025-07-28 21:01:00,735 - INFO - Epoch 72: Loss = 0.5595
2025-07-28 21:01:00,856 - INFO - Epoch 73: Loss = 0.5476
2025-07-28 21:01:00,978 - INFO - Epoch 74: Loss = 0.5388
2025-07-28 21:01:01,101 - INFO - Epoch 75: Loss = 0.5283
2025-07-28 21:01:01,223 - INFO - Epoch 76: Loss = 0.5174
2025-07-28 21:01:01,345 - INFO - Epoch 77: Loss = 0.5100
2025-07-28 21:01:01,467 - INFO - Epoch 78: Loss = 0.5027
2025-07-28 21:01:01,588 - INFO - Epoch 79: Loss = 0.4905
2025-07-28 21:01:01,709 - INFO - Epoch 80: Loss = 0.4833
2025-07-28 21:01:01,831 - INFO - Epoch 81: Loss = 0.4762
2025-07-28 21:01:01,952 - INFO - Epoch 82: Loss = 0.4654
2025-07-28 21:01:02,074 - INFO - Epoch 83: Loss = 0.4614
2025-07-28 21:01:02,196 - INFO - Epoch 84: Loss = 0.4495
2025-07-28 21:01:02,317 - INFO - Epoch 85: Loss = 0.4425
2025-07-28 21:01:02,440 - INFO - Epoch 86: Loss = 0.4361
2025-07-28 21:01:02,561 - INFO - Epoch 87: Loss = 0.4281
2025-07-28 21:01:02,683 - INFO - Epoch 88: Loss = 0.4222
2025-07-28 21:01:02,804 - INFO - Epoch 89: Loss = 0.4157
2025-07-28 21:01:02,925 - INFO - Epoch 90: Loss = 0.4084
2025-07-28 21:01:03,047 - INFO - Epoch 91: Loss = 0.3995
2025-07-28 21:01:03,169 - INFO - Epoch 92: Loss = 0.3898
2025-07-28 21:01:03,291 - INFO - Epoch 93: Loss = 0.3840
2025-07-28 21:01:03,412 - INFO - Epoch 94: Loss = 0.3763
2025-07-28 21:01:03,533 - INFO - Epoch 95: Loss = 0.3718
2025-07-28 21:01:03,655 - INFO - Epoch 96: Loss = 0.3622
2025-07-28 21:01:03,778 - INFO - Epoch 97: Loss = 0.3581
2025-07-28 21:01:03,901 - INFO - Epoch 98: Loss = 0.3522
2025-07-28 21:01:04,022 - INFO - Epoch 99: Loss = 0.3523
2025-07-28 21:01:04,143 - INFO - Epoch 100: Loss = 0.3396
2025-07-28 21:01:04,265 - INFO - Epoch 101: Loss = 0.3282
2025-07-28 21:01:04,387 - INFO - Epoch 102: Loss = 0.3308
2025-07-28 21:01:04,509 - INFO - Epoch 103: Loss = 0.3179
2025-07-28 21:01:04,631 - INFO - Epoch 104: Loss = 0.3157
2025-07-28 21:01:04,752 - INFO - Epoch 105: Loss = 0.3106
2025-07-28 21:01:04,874 - INFO - Epoch 106: Loss = 0.3051
2025-07-28 21:01:04,996 - INFO - Epoch 107: Loss = 0.2967
2025-07-28 21:01:05,118 - INFO - Epoch 108: Loss = 0.3015
2025-07-28 21:01:05,239 - INFO - Epoch 109: Loss = 0.2948
2025-07-28 21:01:05,362 - INFO - Epoch 110: Loss = 0.2880
2025-07-28 21:01:05,483 - INFO - Epoch 111: Loss = 0.2819
2025-07-28 21:01:05,605 - INFO - Epoch 112: Loss = 0.2822
2025-07-28 21:01:05,727 - INFO - Epoch 113: Loss = 0.2785
2025-07-28 21:01:05,849 - INFO - Epoch 114: Loss = 0.2665
2025-07-28 21:01:05,970 - INFO - Epoch 115: Loss = 0.2655
2025-07-28 21:01:06,092 - INFO - Epoch 116: Loss = 0.2582
2025-07-28 21:01:06,213 - INFO - Epoch 117: Loss = 0.2458
2025-07-28 21:01:06,335 - INFO - Epoch 118: Loss = 0.2428
2025-07-28 21:01:06,457 - INFO - Epoch 119: Loss = 0.2452
2025-07-28 21:01:06,579 - INFO - Epoch 120: Loss = 0.2439
2025-07-28 21:01:06,700 - INFO - Epoch 121: Loss = 0.2361
2025-07-28 21:01:06,821 - INFO - Epoch 122: Loss = 0.2356
2025-07-28 21:01:06,944 - INFO - Epoch 123: Loss = 0.2288
2025-07-28 21:01:07,066 - INFO - Epoch 124: Loss = 0.2233
2025-07-28 21:01:07,188 - INFO - Epoch 125: Loss = 0.2240
2025-07-28 21:01:07,309 - INFO - Epoch 126: Loss = 0.2217
2025-07-28 21:01:07,430 - INFO - Epoch 127: Loss = 0.2153
2025-07-28 21:01:07,552 - INFO - Epoch 128: Loss = 0.2157
2025-07-28 21:01:07,674 - INFO - Epoch 129: Loss = 0.2104
2025-07-28 21:01:07,795 - INFO - Epoch 130: Loss = 0.2024
2025-07-28 21:01:07,916 - INFO - Epoch 131: Loss = 0.2044
2025-07-28 21:01:08,038 - INFO - Epoch 132: Loss = 0.1997
2025-07-28 21:01:08,160 - INFO - Epoch 133: Loss = 0.2016
2025-07-28 21:01:08,282 - INFO - Epoch 134: Loss = 0.1985
2025-07-28 21:01:08,404 - INFO - Epoch 135: Loss = 0.1919
2025-07-28 21:01:08,527 - INFO - Epoch 136: Loss = 0.1949
2025-07-28 21:01:08,648 - INFO - Epoch 137: Loss = 0.1823
2025-07-28 21:01:08,770 - INFO - Epoch 138: Loss = 0.1837
2025-07-28 21:01:08,892 - INFO - Epoch 139: Loss = 0.1857
2025-07-28 21:01:09,014 - INFO - Epoch 140: Loss = 0.1804
2025-07-28 21:01:09,136 - INFO - Epoch 141: Loss = 0.1870
2025-07-28 21:01:09,257 - INFO - Epoch 142: Loss = 0.1796
2025-07-28 21:01:09,378 - INFO - Epoch 143: Loss = 0.1727
2025-07-28 21:01:09,501 - INFO - Epoch 144: Loss = 0.1746
2025-07-28 21:01:09,623 - INFO - Epoch 145: Loss = 0.1652
2025-07-28 21:01:09,745 - INFO - Epoch 146: Loss = 0.1709
2025-07-28 21:01:09,866 - INFO - Epoch 147: Loss = 0.1672
2025-07-28 21:01:09,987 - INFO - Epoch 148: Loss = 0.1678
2025-07-28 21:01:10,109 - INFO - Epoch 149: Loss = 0.1586
2025-07-28 21:01:10,232 - INFO - Epoch 150: Loss = 0.1555
2025-07-28 21:01:10,355 - INFO - Epoch 151: Loss = 0.1615
2025-07-28 21:01:10,476 - INFO - Epoch 152: Loss = 0.1555
2025-07-28 21:01:10,598 - INFO - Epoch 153: Loss = 0.1587
2025-07-28 21:01:10,720 - INFO - Epoch 154: Loss = 0.1619
2025-07-28 21:01:10,842 - INFO - Epoch 155: Loss = 0.1508
2025-07-28 21:01:10,964 - INFO - Epoch 156: Loss = 0.1518
2025-07-28 21:01:11,085 - INFO - Epoch 157: Loss = 0.1479
2025-07-28 21:01:11,206 - INFO - Epoch 158: Loss = 0.1496
2025-07-28 21:01:11,328 - INFO - Epoch 159: Loss = 0.1552
2025-07-28 21:01:11,450 - INFO - Epoch 160: Loss = 0.1416
2025-07-28 21:01:11,572 - INFO - Epoch 161: Loss = 0.1471
2025-07-28 21:01:11,693 - INFO - Epoch 162: Loss = 0.1406
2025-07-28 21:01:11,814 - INFO - Epoch 163: Loss = 0.1405
2025-07-28 21:01:11,936 - INFO - Epoch 164: Loss = 0.1362
2025-07-28 21:01:12,058 - INFO - Epoch 165: Loss = 0.1452
2025-07-28 21:01:12,180 - INFO - Epoch 166: Loss = 0.1353
2025-07-28 21:01:12,304 - INFO - Epoch 167: Loss = 0.1416
2025-07-28 21:01:12,425 - INFO - Epoch 168: Loss = 0.1336
2025-07-28 21:01:12,546 - INFO - Epoch 169: Loss = 0.1285
2025-07-28 21:01:12,669 - INFO - Epoch 170: Loss = 0.1437
2025-07-28 21:01:12,790 - INFO - Epoch 171: Loss = 0.1309
2025-07-28 21:01:12,912 - INFO - Epoch 172: Loss = 0.1309
2025-07-28 21:01:13,034 - INFO - Epoch 173: Loss = 0.1271
2025-07-28 21:01:13,155 - INFO - Epoch 174: Loss = 0.1305
2025-07-28 21:01:13,276 - INFO - Epoch 175: Loss = 0.1251
2025-07-28 21:01:13,397 - INFO - Epoch 176: Loss = 0.1301
2025-07-28 21:01:13,517 - INFO - Epoch 177: Loss = 0.1338
2025-07-28 21:01:13,638 - INFO - Epoch 178: Loss = 0.1253
2025-07-28 21:01:13,759 - INFO - Epoch 179: Loss = 0.1220
2025-07-28 21:01:13,880 - INFO - Epoch 180: Loss = 0.1249
2025-07-28 21:01:14,000 - INFO - Epoch 181: Loss = 0.1241
2025-07-28 21:01:14,122 - INFO - Epoch 182: Loss = 0.1193
2025-07-28 21:01:14,243 - INFO - Epoch 183: Loss = 0.1221
2025-07-28 21:01:14,364 - INFO - Epoch 184: Loss = 0.1148
2025-07-28 21:01:14,484 - INFO - Epoch 185: Loss = 0.1203
2025-07-28 21:01:14,605 - INFO - Epoch 186: Loss = 0.1196
2025-07-28 21:01:14,725 - INFO - Epoch 187: Loss = 0.1170
2025-07-28 21:01:14,845 - INFO - Epoch 188: Loss = 0.1098
2025-07-28 21:01:14,966 - INFO - Epoch 189: Loss = 0.1166
2025-07-28 21:01:15,086 - INFO - Epoch 190: Loss = 0.1225
2025-07-28 21:01:15,207 - INFO - Epoch 191: Loss = 0.1136
2025-07-28 21:01:15,327 - INFO - Epoch 192: Loss = 0.1233
2025-07-28 21:01:15,447 - INFO - Epoch 193: Loss = 0.1129
2025-07-28 21:01:15,568 - INFO - Epoch 194: Loss = 0.1079
2025-07-28 21:01:15,688 - INFO - Epoch 195: Loss = 0.1069
2025-07-28 21:01:15,808 - INFO - Epoch 196: Loss = 0.1067
2025-07-28 21:01:15,929 - INFO - Epoch 197: Loss = 0.1127
2025-07-28 21:01:16,050 - INFO - Epoch 198: Loss = 0.1260
2025-07-28 21:01:16,171 - INFO - Epoch 199: Loss = 0.0981
2025-07-28 21:01:16,291 - INFO - Epoch 200: Loss = 0.1038
2025-07-28 21:01:16,413 - INFO - Epoch 201: Loss = 0.1023
2025-07-28 21:01:16,534 - INFO - Epoch 202: Loss = 0.1045
2025-07-28 21:01:16,655 - INFO - Epoch 203: Loss = 0.1022
2025-07-28 21:01:16,776 - INFO - Epoch 204: Loss = 0.0995
2025-07-28 21:01:16,897 - INFO - Epoch 205: Loss = 0.0942
2025-07-28 21:01:17,018 - INFO - Epoch 206: Loss = 0.0971
2025-07-28 21:01:17,138 - INFO - Epoch 207: Loss = 0.1062
2025-07-28 21:01:17,259 - INFO - Epoch 208: Loss = 0.0918
2025-07-28 21:01:17,380 - INFO - Epoch 209: Loss = 0.0922
2025-07-28 21:01:17,501 - INFO - Epoch 210: Loss = 0.0886
2025-07-28 21:01:17,621 - INFO - Epoch 211: Loss = 0.1005
2025-07-28 21:01:17,742 - INFO - Epoch 212: Loss = 0.0959
2025-07-28 21:01:17,863 - INFO - Epoch 213: Loss = 0.0934
2025-07-28 21:01:17,984 - INFO - Epoch 214: Loss = 0.0893
2025-07-28 21:01:18,106 - INFO - Epoch 215: Loss = 0.0924
2025-07-28 21:01:18,229 - INFO - Epoch 216: Loss = 0.0976
2025-07-28 21:01:18,350 - INFO - Epoch 217: Loss = 0.0964
2025-07-28 21:01:18,471 - INFO - Epoch 218: Loss = 0.0947
2025-07-28 21:01:18,592 - INFO - Epoch 219: Loss = 0.0815
2025-07-28 21:01:18,715 - INFO - Epoch 220: Loss = 0.0873
2025-07-28 21:01:18,836 - INFO - Epoch 221: Loss = 0.0816
2025-07-28 21:01:18,956 - INFO - Epoch 222: Loss = 0.0925
2025-07-28 21:01:19,077 - INFO - Epoch 223: Loss = 0.0865
2025-07-28 21:01:19,197 - INFO - Epoch 224: Loss = 0.0787
2025-07-28 21:01:19,318 - INFO - Epoch 225: Loss = 0.0852
2025-07-28 21:01:19,438 - INFO - Epoch 226: Loss = 0.0931
2025-07-28 21:01:19,559 - INFO - Epoch 227: Loss = 0.0861
2025-07-28 21:01:19,679 - INFO - Epoch 228: Loss = 0.0848
2025-07-28 21:01:19,800 - INFO - Epoch 229: Loss = 0.0788
2025-07-28 21:01:19,921 - INFO - Epoch 230: Loss = 0.0826
2025-07-28 21:01:20,041 - INFO - Epoch 231: Loss = 0.0776
2025-07-28 21:01:20,162 - INFO - Epoch 232: Loss = 0.0868
2025-07-28 21:01:20,282 - INFO - Epoch 233: Loss = 0.0783
2025-07-28 21:01:20,403 - INFO - Epoch 234: Loss = 0.0922
2025-07-28 21:01:20,523 - INFO - Epoch 235: Loss = 0.0829
2025-07-28 21:01:20,644 - INFO - Epoch 236: Loss = 0.0809
2025-07-28 21:01:20,765 - INFO - Epoch 237: Loss = 0.0749
2025-07-28 21:01:20,885 - INFO - Epoch 238: Loss = 0.0938
2025-07-28 21:01:21,007 - INFO - Epoch 239: Loss = 0.0814
2025-07-28 21:01:21,127 - INFO - Epoch 240: Loss = 0.0726
2025-07-28 21:01:21,248 - INFO - Epoch 241: Loss = 0.0756
2025-07-28 21:01:21,368 - INFO - Epoch 242: Loss = 0.0806
2025-07-28 21:01:21,488 - INFO - Epoch 243: Loss = 0.0696
2025-07-28 21:01:21,609 - INFO - Epoch 244: Loss = 0.0699
2025-07-28 21:01:21,729 - INFO - Epoch 245: Loss = 0.0884
2025-07-28 21:01:21,850 - INFO - Epoch 246: Loss = 0.0854
2025-07-28 21:01:21,970 - INFO - Epoch 247: Loss = 0.0744
2025-07-28 21:01:22,091 - INFO - Epoch 248: Loss = 0.0757
2025-07-28 21:01:22,212 - INFO - Epoch 249: Loss = 0.0769
2025-07-28 21:01:22,332 - INFO - Epoch 250: Loss = 0.0799
2025-07-28 21:01:22,453 - INFO - Epoch 251: Loss = 0.0697
2025-07-28 21:01:22,573 - INFO - Epoch 252: Loss = 0.0828
2025-07-28 21:01:22,694 - INFO - Epoch 253: Loss = 0.0709
2025-07-28 21:01:22,815 - INFO - Epoch 254: Loss = 0.0754
2025-07-28 21:01:22,935 - INFO - Epoch 255: Loss = 0.0709
2025-07-28 21:01:23,056 - INFO - Epoch 256: Loss = 0.0735
2025-07-28 21:01:23,357 - INFO - Test: Loss = 0.2700, Accuracy = 92.71%, Quant Error = 0.0131
2025-07-28 21:01:23,365 - INFO - [Gradient Run 1] Training time: 33.97s
