2025-08-04 13:22:55,183 - INFO - ------------------------------------Gradient-------------------------------------------
2025-08-04 13:22:55,183 - INFO - [Gradient Run 1] Starting
2025-08-04 13:22:57,418 - INFO - Training on device: cuda
2025-08-04 13:22:57,769 - INFO - Epoch 01: Loss = 2.1866
2025-08-04 13:22:57,882 - INFO - Epoch 02: Loss = 2.0905
2025-08-04 13:22:57,995 - INFO - Epoch 03: Loss = 2.0196
2025-08-04 13:22:58,107 - INFO - Epoch 04: Loss = 1.9539
2025-08-04 13:22:58,219 - INFO - Epoch 05: Loss = 1.9007
2025-08-04 13:22:58,336 - INFO - Epoch 06: Loss = 1.8561
2025-08-04 13:22:58,448 - INFO - Epoch 07: Loss = 1.8102
2025-08-04 13:22:58,561 - INFO - Epoch 08: Loss = 1.7688
2025-08-04 13:22:58,674 - INFO - Epoch 09: Loss = 1.7264
2025-08-04 13:22:58,786 - INFO - Epoch 10: Loss = 1.6836
2025-08-04 13:22:58,899 - INFO - Epoch 11: Loss = 1.6351
2025-08-04 13:22:59,011 - INFO - Epoch 12: Loss = 1.5963
2025-08-04 13:22:59,124 - INFO - Epoch 13: Loss = 1.5617
2025-08-04 13:22:59,236 - INFO - Epoch 14: Loss = 1.5227
2025-08-04 13:22:59,351 - INFO - Epoch 15: Loss = 1.4838
2025-08-04 13:22:59,463 - INFO - Epoch 16: Loss = 1.4512
2025-08-04 13:22:59,575 - INFO - Epoch 17: Loss = 1.4193
2025-08-04 13:22:59,688 - INFO - Epoch 18: Loss = 1.3840
2025-08-04 13:22:59,800 - INFO - Epoch 19: Loss = 1.3440
2025-08-04 13:22:59,913 - INFO - Epoch 20: Loss = 1.3148
2025-08-04 13:23:00,025 - INFO - Epoch 21: Loss = 1.2852
2025-08-04 13:23:00,138 - INFO - Epoch 22: Loss = 1.2546
2025-08-04 13:23:00,252 - INFO - Epoch 23: Loss = 1.2251
2025-08-04 13:23:00,364 - INFO - Epoch 24: Loss = 1.1979
2025-08-04 13:23:00,477 - INFO - Epoch 25: Loss = 1.1669
2025-08-04 13:23:00,589 - INFO - Epoch 26: Loss = 1.1401
2025-08-04 13:23:00,701 - INFO - Epoch 27: Loss = 1.1142
2025-08-04 13:23:00,814 - INFO - Epoch 28: Loss = 1.0853
2025-08-04 13:23:00,926 - INFO - Epoch 29: Loss = 1.0632
2025-08-04 13:23:01,039 - INFO - Epoch 30: Loss = 1.0376
2025-08-04 13:23:01,151 - INFO - Epoch 31: Loss = 1.0190
2025-08-04 13:23:01,266 - INFO - Epoch 32: Loss = 1.0006
2025-08-04 13:23:01,378 - INFO - Epoch 33: Loss = 0.9787
2025-08-04 13:23:01,491 - INFO - Epoch 34: Loss = 0.9581
2025-08-04 13:23:01,603 - INFO - Epoch 35: Loss = 0.9469
2025-08-04 13:23:01,716 - INFO - Epoch 36: Loss = 0.9286
2025-08-04 13:23:01,828 - INFO - Epoch 37: Loss = 0.9095
2025-08-04 13:23:01,940 - INFO - Epoch 38: Loss = 0.8931
2025-08-04 13:23:02,053 - INFO - Epoch 39: Loss = 0.8713
2025-08-04 13:23:02,166 - INFO - Epoch 40: Loss = 0.8609
2025-08-04 13:23:02,278 - INFO - Epoch 41: Loss = 0.8500
2025-08-04 13:23:02,390 - INFO - Epoch 42: Loss = 0.8276
2025-08-04 13:23:02,503 - INFO - Epoch 43: Loss = 0.8181
2025-08-04 13:23:02,615 - INFO - Epoch 44: Loss = 0.8009
2025-08-04 13:23:02,727 - INFO - Epoch 45: Loss = 0.7861
2025-08-04 13:23:02,840 - INFO - Epoch 46: Loss = 0.7731
2025-08-04 13:23:02,952 - INFO - Epoch 47: Loss = 0.7600
2025-08-04 13:23:03,065 - INFO - Epoch 48: Loss = 0.7460
2025-08-04 13:23:03,177 - INFO - Epoch 49: Loss = 0.7321
2025-08-04 13:23:03,291 - INFO - Epoch 50: Loss = 0.7092
2025-08-04 13:23:03,403 - INFO - Epoch 51: Loss = 0.6984
2025-08-04 13:23:03,516 - INFO - Epoch 52: Loss = 0.6889
2025-08-04 13:23:03,628 - INFO - Epoch 53: Loss = 0.6743
2025-08-04 13:23:03,741 - INFO - Epoch 54: Loss = 0.6653
2025-08-04 13:23:03,853 - INFO - Epoch 55: Loss = 0.6531
2025-08-04 13:23:03,965 - INFO - Epoch 56: Loss = 0.6459
2025-08-04 13:23:04,078 - INFO - Epoch 57: Loss = 0.6270
2025-08-04 13:23:04,192 - INFO - Epoch 58: Loss = 0.6226
2025-08-04 13:23:04,304 - INFO - Epoch 59: Loss = 0.6091
2025-08-04 13:23:04,417 - INFO - Epoch 60: Loss = 0.5923
2025-08-04 13:23:04,529 - INFO - Epoch 61: Loss = 0.5790
2025-08-04 13:23:04,642 - INFO - Epoch 62: Loss = 0.5753
2025-08-04 13:23:04,754 - INFO - Epoch 63: Loss = 0.5656
2025-08-04 13:23:04,866 - INFO - Epoch 64: Loss = 0.5513
2025-08-04 13:23:04,979 - INFO - Epoch 65: Loss = 0.5442
2025-08-04 13:23:05,091 - INFO - Epoch 66: Loss = 0.5323
2025-08-04 13:23:05,204 - INFO - Epoch 67: Loss = 0.5236
2025-08-04 13:23:05,316 - INFO - Epoch 68: Loss = 0.5208
2025-08-04 13:23:05,430 - INFO - Epoch 69: Loss = 0.5017
2025-08-04 13:23:05,542 - INFO - Epoch 70: Loss = 0.5004
2025-08-04 13:23:05,655 - INFO - Epoch 71: Loss = 0.4914
2025-08-04 13:23:05,767 - INFO - Epoch 72: Loss = 0.4731
2025-08-04 13:23:05,880 - INFO - Epoch 73: Loss = 0.4735
2025-08-04 13:23:05,992 - INFO - Epoch 74: Loss = 0.4672
2025-08-04 13:23:06,104 - INFO - Epoch 75: Loss = 0.4515
2025-08-04 13:23:06,217 - INFO - Epoch 76: Loss = 0.4447
2025-08-04 13:23:06,329 - INFO - Epoch 77: Loss = 0.4409
2025-08-04 13:23:06,442 - INFO - Epoch 78: Loss = 0.4267
2025-08-04 13:23:06,554 - INFO - Epoch 79: Loss = 0.4357
2025-08-04 13:23:06,666 - INFO - Epoch 80: Loss = 0.4166
2025-08-04 13:23:06,780 - INFO - Epoch 81: Loss = 0.4132
2025-08-04 13:23:06,893 - INFO - Epoch 82: Loss = 0.4083
2025-08-04 13:23:07,005 - INFO - Epoch 83: Loss = 0.4010
2025-08-04 13:23:07,118 - INFO - Epoch 84: Loss = 0.3956
2025-08-04 13:23:07,230 - INFO - Epoch 85: Loss = 0.3913
2025-08-04 13:23:07,343 - INFO - Epoch 86: Loss = 0.3888
2025-08-04 13:23:07,455 - INFO - Epoch 87: Loss = 0.3794
2025-08-04 13:23:07,568 - INFO - Epoch 88: Loss = 0.3646
2025-08-04 13:23:07,680 - INFO - Epoch 89: Loss = 0.3644
2025-08-04 13:23:07,793 - INFO - Epoch 90: Loss = 0.3621
2025-08-04 13:23:07,905 - INFO - Epoch 91: Loss = 0.3580
2025-08-04 13:23:08,018 - INFO - Epoch 92: Loss = 0.3523
2025-08-04 13:23:08,131 - INFO - Epoch 93: Loss = 0.3515
2025-08-04 13:23:08,244 - INFO - Epoch 94: Loss = 0.3360
2025-08-04 13:23:08,356 - INFO - Epoch 95: Loss = 0.3357
2025-08-04 13:23:08,469 - INFO - Epoch 96: Loss = 0.3320
2025-08-04 13:23:08,581 - INFO - Epoch 97: Loss = 0.3210
2025-08-04 13:23:08,693 - INFO - Epoch 98: Loss = 0.3144
2025-08-04 13:23:08,806 - INFO - Epoch 99: Loss = 0.3080
2025-08-04 13:23:08,918 - INFO - Epoch 100: Loss = 0.3078
2025-08-04 13:23:09,030 - INFO - Epoch 101: Loss = 0.2992
2025-08-04 13:23:09,143 - INFO - Epoch 102: Loss = 0.3083
2025-08-04 13:23:09,255 - INFO - Epoch 103: Loss = 0.3035
2025-08-04 13:23:09,369 - INFO - Epoch 104: Loss = 0.2914
2025-08-04 13:23:09,481 - INFO - Epoch 105: Loss = 0.2814
2025-08-04 13:23:09,594 - INFO - Epoch 106: Loss = 0.2814
2025-08-04 13:23:09,706 - INFO - Epoch 107: Loss = 0.2789
2025-08-04 13:23:09,819 - INFO - Epoch 108: Loss = 0.2793
2025-08-04 13:23:09,931 - INFO - Epoch 109: Loss = 0.2774
2025-08-04 13:23:10,043 - INFO - Epoch 110: Loss = 0.2650
2025-08-04 13:23:10,156 - INFO - Epoch 111: Loss = 0.2575
2025-08-04 13:23:10,268 - INFO - Epoch 112: Loss = 0.2633
2025-08-04 13:23:10,381 - INFO - Epoch 113: Loss = 0.2518
2025-08-04 13:23:10,493 - INFO - Epoch 114: Loss = 0.2448
2025-08-04 13:23:10,606 - INFO - Epoch 115: Loss = 0.2512
2025-08-04 13:23:10,718 - INFO - Epoch 116: Loss = 0.2401
2025-08-04 13:23:10,832 - INFO - Epoch 117: Loss = 0.2389
2025-08-04 13:23:10,945 - INFO - Epoch 118: Loss = 0.2368
2025-08-04 13:23:11,057 - INFO - Epoch 119: Loss = 0.2314
2025-08-04 13:23:11,170 - INFO - Epoch 120: Loss = 0.2323
2025-08-04 13:23:11,282 - INFO - Epoch 121: Loss = 0.2217
2025-08-04 13:23:11,394 - INFO - Epoch 122: Loss = 0.2360
2025-08-04 13:23:11,507 - INFO - Epoch 123: Loss = 0.2203
2025-08-04 13:23:11,619 - INFO - Epoch 124: Loss = 0.2191
2025-08-04 13:23:11,732 - INFO - Epoch 125: Loss = 0.2126
2025-08-04 13:23:11,844 - INFO - Epoch 126: Loss = 0.2098
2025-08-04 13:23:11,956 - INFO - Epoch 127: Loss = 0.2099
2025-08-04 13:23:12,069 - INFO - Epoch 128: Loss = 0.2022
2025-08-04 13:23:12,181 - INFO - Epoch 129: Loss = 0.2022
2025-08-04 13:23:12,295 - INFO - Epoch 130: Loss = 0.2006
2025-08-04 13:23:12,408 - INFO - Epoch 131: Loss = 0.2186
2025-08-04 13:23:12,520 - INFO - Epoch 132: Loss = 0.1980
2025-08-04 13:23:12,632 - INFO - Epoch 133: Loss = 0.2041
2025-08-04 13:23:12,745 - INFO - Epoch 134: Loss = 0.1952
2025-08-04 13:23:12,857 - INFO - Epoch 135: Loss = 0.1859
2025-08-04 13:23:12,970 - INFO - Epoch 136: Loss = 0.1984
2025-08-04 13:23:13,082 - INFO - Epoch 137: Loss = 0.2017
2025-08-04 13:23:13,195 - INFO - Epoch 138: Loss = 0.1888
2025-08-04 13:23:13,307 - INFO - Epoch 139: Loss = 0.1831
2025-08-04 13:23:13,420 - INFO - Epoch 140: Loss = 0.1809
2025-08-04 13:23:13,532 - INFO - Epoch 141: Loss = 0.1784
2025-08-04 13:23:13,644 - INFO - Epoch 142: Loss = 0.1944
2025-08-04 13:23:13,758 - INFO - Epoch 143: Loss = 0.1767
2025-08-04 13:23:13,871 - INFO - Epoch 144: Loss = 0.1724
2025-08-04 13:23:13,983 - INFO - Epoch 145: Loss = 0.1748
2025-08-04 13:23:14,096 - INFO - Epoch 146: Loss = 0.1683
2025-08-04 13:23:14,208 - INFO - Epoch 147: Loss = 0.1688
2025-08-04 13:23:14,320 - INFO - Epoch 148: Loss = 0.1622
2025-08-04 13:23:14,433 - INFO - Epoch 149: Loss = 0.1658
2025-08-04 13:23:14,545 - INFO - Epoch 150: Loss = 0.1610
2025-08-04 13:23:14,658 - INFO - Epoch 151: Loss = 0.1623
2025-08-04 13:23:14,770 - INFO - Epoch 152: Loss = 0.1616
2025-08-04 13:23:14,883 - INFO - Epoch 153: Loss = 0.1517
2025-08-04 13:23:14,995 - INFO - Epoch 154: Loss = 0.1452
2025-08-04 13:23:15,108 - INFO - Epoch 155: Loss = 0.1540
2025-08-04 13:23:15,220 - INFO - Epoch 156: Loss = 0.1467
2025-08-04 13:23:15,333 - INFO - Epoch 157: Loss = 0.1592
2025-08-04 13:23:15,447 - INFO - Epoch 158: Loss = 0.1462
2025-08-04 13:23:15,560 - INFO - Epoch 159: Loss = 0.1471
2025-08-04 13:23:15,672 - INFO - Epoch 160: Loss = 0.1526
2025-08-04 13:23:15,785 - INFO - Epoch 161: Loss = 0.1431
2025-08-04 13:23:15,897 - INFO - Epoch 162: Loss = 0.1452
2025-08-04 13:23:16,010 - INFO - Epoch 163: Loss = 0.1448
2025-08-04 13:23:16,122 - INFO - Epoch 164: Loss = 0.1471
2025-08-04 13:23:16,235 - INFO - Epoch 165: Loss = 0.1390
2025-08-04 13:23:16,347 - INFO - Epoch 166: Loss = 0.1306
2025-08-04 13:23:16,460 - INFO - Epoch 167: Loss = 0.1452
2025-08-04 13:23:16,572 - INFO - Epoch 168: Loss = 0.1226
2025-08-04 13:23:16,684 - INFO - Epoch 169: Loss = 0.1349
2025-08-04 13:23:16,797 - INFO - Epoch 170: Loss = 0.1340
2025-08-04 13:23:16,909 - INFO - Epoch 171: Loss = 0.1522
2025-08-04 13:23:17,022 - INFO - Epoch 172: Loss = 0.1401
2025-08-04 13:23:17,134 - INFO - Epoch 173: Loss = 0.1324
2025-08-04 13:23:17,247 - INFO - Epoch 174: Loss = 0.1347
2025-08-04 13:23:17,359 - INFO - Epoch 175: Loss = 0.1263
2025-08-04 13:23:17,472 - INFO - Epoch 176: Loss = 0.1362
2025-08-04 13:23:17,584 - INFO - Epoch 177: Loss = 0.1348
2025-08-04 13:23:17,697 - INFO - Epoch 178: Loss = 0.1298
2025-08-04 13:23:17,809 - INFO - Epoch 179: Loss = 0.1236
2025-08-04 13:23:17,921 - INFO - Epoch 180: Loss = 0.1225
2025-08-04 13:23:18,034 - INFO - Epoch 181: Loss = 0.1244
2025-08-04 13:23:18,146 - INFO - Epoch 182: Loss = 0.1229
2025-08-04 13:23:18,259 - INFO - Epoch 183: Loss = 0.1175
2025-08-04 13:23:18,371 - INFO - Epoch 184: Loss = 0.1214
2025-08-04 13:23:18,484 - INFO - Epoch 185: Loss = 0.1170
2025-08-04 13:23:18,596 - INFO - Epoch 186: Loss = 0.1119
2025-08-04 13:23:18,709 - INFO - Epoch 187: Loss = 0.1162
2025-08-04 13:23:18,821 - INFO - Epoch 188: Loss = 0.1123
2025-08-04 13:23:18,935 - INFO - Epoch 189: Loss = 0.1323
2025-08-04 13:23:19,047 - INFO - Epoch 190: Loss = 0.1131
2025-08-04 13:23:19,160 - INFO - Epoch 191: Loss = 0.1264
2025-08-04 13:23:19,272 - INFO - Epoch 192: Loss = 0.1238
2025-08-04 13:23:19,385 - INFO - Epoch 193: Loss = 0.1130
2025-08-04 13:23:19,497 - INFO - Epoch 194: Loss = 0.1171
2025-08-04 13:23:19,609 - INFO - Epoch 195: Loss = 0.1139
2025-08-04 13:23:19,722 - INFO - Epoch 196: Loss = 0.1114
2025-08-04 13:23:19,835 - INFO - Epoch 197: Loss = 0.1189
2025-08-04 13:23:19,947 - INFO - Epoch 198: Loss = 0.1048
2025-08-04 13:23:20,059 - INFO - Epoch 199: Loss = 0.1072
2025-08-04 13:23:20,172 - INFO - Epoch 200: Loss = 0.0995
2025-08-04 13:23:20,284 - INFO - Epoch 201: Loss = 0.1060
2025-08-04 13:23:20,396 - INFO - Epoch 202: Loss = 0.0946
2025-08-04 13:23:20,509 - INFO - Epoch 203: Loss = 0.1070
2025-08-04 13:23:20,622 - INFO - Epoch 204: Loss = 0.1168
2025-08-04 13:23:20,735 - INFO - Epoch 205: Loss = 0.1058
2025-08-04 13:23:20,847 - INFO - Epoch 206: Loss = 0.1052
2025-08-04 13:23:20,960 - INFO - Epoch 207: Loss = 0.0947
2025-08-04 13:23:21,072 - INFO - Epoch 208: Loss = 0.0979
2025-08-04 13:23:21,185 - INFO - Epoch 209: Loss = 0.1055
2025-08-04 13:23:21,297 - INFO - Epoch 210: Loss = 0.1044
2025-08-04 13:23:21,410 - INFO - Epoch 211: Loss = 0.0943
2025-08-04 13:23:21,522 - INFO - Epoch 212: Loss = 0.0916
2025-08-04 13:23:21,635 - INFO - Epoch 213: Loss = 0.0998
2025-08-04 13:23:21,747 - INFO - Epoch 214: Loss = 0.1104
2025-08-04 13:23:21,860 - INFO - Epoch 215: Loss = 0.0992
2025-08-04 13:23:21,972 - INFO - Epoch 216: Loss = 0.0993
2025-08-04 13:23:22,084 - INFO - Epoch 217: Loss = 0.0930
2025-08-04 13:23:22,197 - INFO - Epoch 218: Loss = 0.1105
2025-08-04 13:23:22,309 - INFO - Epoch 219: Loss = 0.0924
2025-08-04 13:23:22,421 - INFO - Epoch 220: Loss = 0.1014
2025-08-04 13:23:22,534 - INFO - Epoch 221: Loss = 0.0989
2025-08-04 13:23:22,646 - INFO - Epoch 222: Loss = 0.0976
2025-08-04 13:23:22,760 - INFO - Epoch 223: Loss = 0.1014
2025-08-04 13:23:22,873 - INFO - Epoch 224: Loss = 0.1089
2025-08-04 13:23:22,985 - INFO - Epoch 225: Loss = 0.0969
2025-08-04 13:23:23,098 - INFO - Epoch 226: Loss = 0.1093
2025-08-04 13:23:23,210 - INFO - Epoch 227: Loss = 0.0806
2025-08-04 13:23:23,323 - INFO - Epoch 228: Loss = 0.0791
2025-08-04 13:23:23,436 - INFO - Epoch 229: Loss = 0.0895
2025-08-04 13:23:23,548 - INFO - Epoch 230: Loss = 0.0872
2025-08-04 13:23:23,660 - INFO - Epoch 231: Loss = 0.0859
2025-08-04 13:23:23,773 - INFO - Epoch 232: Loss = 0.0887
2025-08-04 13:23:23,885 - INFO - Epoch 233: Loss = 0.0843
2025-08-04 13:23:23,998 - INFO - Epoch 234: Loss = 0.0892
2025-08-04 13:23:24,110 - INFO - Epoch 235: Loss = 0.0818
2025-08-04 13:23:24,223 - INFO - Epoch 236: Loss = 0.0917
2025-08-04 13:23:24,335 - INFO - Epoch 237: Loss = 0.0887
2025-08-04 13:23:24,447 - INFO - Epoch 238: Loss = 0.0964
2025-08-04 13:23:24,560 - INFO - Epoch 239: Loss = 0.0862
2025-08-04 13:23:24,672 - INFO - Epoch 240: Loss = 0.0810
2025-08-04 13:23:24,786 - INFO - Epoch 241: Loss = 0.0887
2025-08-04 13:23:24,898 - INFO - Epoch 242: Loss = 0.0823
2025-08-04 13:23:25,011 - INFO - Epoch 243: Loss = 0.0834
2025-08-04 13:23:25,123 - INFO - Epoch 244: Loss = 0.0789
2025-08-04 13:23:25,236 - INFO - Epoch 245: Loss = 0.0709
2025-08-04 13:23:25,349 - INFO - Epoch 246: Loss = 0.0938
2025-08-04 13:23:25,461 - INFO - Epoch 247: Loss = 0.0820
2025-08-04 13:23:25,574 - INFO - Epoch 248: Loss = 0.1007
2025-08-04 13:23:25,686 - INFO - Epoch 249: Loss = 0.0912
2025-08-04 13:23:25,799 - INFO - Epoch 250: Loss = 0.0868
2025-08-04 13:23:25,911 - INFO - Epoch 251: Loss = 0.0902
2025-08-04 13:23:26,024 - INFO - Epoch 252: Loss = 0.0954
2025-08-04 13:23:26,136 - INFO - Epoch 253: Loss = 0.1006
2025-08-04 13:23:26,248 - INFO - Epoch 254: Loss = 0.0824
2025-08-04 13:23:26,361 - INFO - Epoch 255: Loss = 0.0980
2025-08-04 13:23:26,473 - INFO - Epoch 256: Loss = 0.0876
2025-08-04 13:23:26,869 - INFO - Test: Loss = 1.0563, Accuracy = 78.81%, Quant Error = 0.0334
2025-08-04 13:23:26,876 - INFO - [Gradient Run 1] Training time: 31.69s
