2025-07-27 11:10:43,450 - INFO - ------------------------------------Gradient-------------------------------------------
2025-07-27 11:10:43,450 - INFO - [Gradient Run 1] Starting
2025-07-27 11:10:45,850 - INFO - Training on device: cuda
2025-07-27 11:10:46,166 - INFO - Epoch 01: Loss = 2.3519
2025-07-27 11:10:46,258 - INFO - Epoch 02: Loss = 2.3179
2025-07-27 11:10:46,349 - INFO - Epoch 03: Loss = 2.2901
2025-07-27 11:10:46,441 - INFO - Epoch 04: Loss = 2.2662
2025-07-27 11:10:46,532 - INFO - Epoch 05: Loss = 2.2419
2025-07-27 11:10:46,627 - INFO - Epoch 06: Loss = 2.2227
2025-07-27 11:10:46,719 - INFO - Epoch 07: Loss = 2.1989
2025-07-27 11:10:46,811 - INFO - Epoch 08: Loss = 2.1783
2025-07-27 11:10:46,902 - INFO - Epoch 09: Loss = 2.1594
2025-07-27 11:10:46,994 - INFO - Epoch 10: Loss = 2.1417
2025-07-27 11:10:47,085 - INFO - Epoch 11: Loss = 2.1247
2025-07-27 11:10:47,177 - INFO - Epoch 12: Loss = 2.1076
2025-07-27 11:10:47,268 - INFO - Epoch 13: Loss = 2.0917
2025-07-27 11:10:47,360 - INFO - Epoch 14: Loss = 2.0753
2025-07-27 11:10:47,451 - INFO - Epoch 15: Loss = 2.0602
2025-07-27 11:10:47,544 - INFO - Epoch 16: Loss = 2.0468
2025-07-27 11:10:47,635 - INFO - Epoch 17: Loss = 2.0321
2025-07-27 11:10:47,726 - INFO - Epoch 18: Loss = 2.0193
2025-07-27 11:10:47,818 - INFO - Epoch 19: Loss = 2.0058
2025-07-27 11:10:47,909 - INFO - Epoch 20: Loss = 1.9912
2025-07-27 11:10:48,001 - INFO - Epoch 21: Loss = 1.9726
2025-07-27 11:10:48,092 - INFO - Epoch 22: Loss = 1.9578
2025-07-27 11:10:48,184 - INFO - Epoch 23: Loss = 1.9435
2025-07-27 11:10:48,275 - INFO - Epoch 24: Loss = 1.9277
2025-07-27 11:10:48,368 - INFO - Epoch 25: Loss = 1.9151
2025-07-27 11:10:48,460 - INFO - Epoch 26: Loss = 1.9018
2025-07-27 11:10:48,551 - INFO - Epoch 27: Loss = 1.8896
2025-07-27 11:10:48,643 - INFO - Epoch 28: Loss = 1.8752
2025-07-27 11:10:48,734 - INFO - Epoch 29: Loss = 1.8593
2025-07-27 11:10:48,825 - INFO - Epoch 30: Loss = 1.8458
2025-07-27 11:10:48,917 - INFO - Epoch 31: Loss = 1.8345
2025-07-27 11:10:49,008 - INFO - Epoch 32: Loss = 1.8198
2025-07-27 11:10:49,100 - INFO - Epoch 33: Loss = 1.8070
2025-07-27 11:10:49,193 - INFO - Epoch 34: Loss = 1.7935
2025-07-27 11:10:49,285 - INFO - Epoch 35: Loss = 1.7832
2025-07-27 11:10:49,376 - INFO - Epoch 36: Loss = 1.7697
2025-07-27 11:10:49,468 - INFO - Epoch 37: Loss = 1.7585
2025-07-27 11:10:49,559 - INFO - Epoch 38: Loss = 1.7474
2025-07-27 11:10:49,650 - INFO - Epoch 39: Loss = 1.7324
2025-07-27 11:10:49,742 - INFO - Epoch 40: Loss = 1.7198
2025-07-27 11:10:49,833 - INFO - Epoch 41: Loss = 1.7109
2025-07-27 11:10:49,924 - INFO - Epoch 42: Loss = 1.6988
2025-07-27 11:10:50,016 - INFO - Epoch 43: Loss = 1.6905
2025-07-27 11:10:50,108 - INFO - Epoch 44: Loss = 1.6751
2025-07-27 11:10:50,199 - INFO - Epoch 45: Loss = 1.6611
2025-07-27 11:10:50,291 - INFO - Epoch 46: Loss = 1.6501
2025-07-27 11:10:50,382 - INFO - Epoch 47: Loss = 1.6379
2025-07-27 11:10:50,474 - INFO - Epoch 48: Loss = 1.6243
2025-07-27 11:10:50,565 - INFO - Epoch 49: Loss = 1.6133
2025-07-27 11:10:50,657 - INFO - Epoch 50: Loss = 1.6022
2025-07-27 11:10:50,748 - INFO - Epoch 51: Loss = 1.5908
2025-07-27 11:10:50,839 - INFO - Epoch 52: Loss = 1.5801
2025-07-27 11:10:50,930 - INFO - Epoch 53: Loss = 1.5661
2025-07-27 11:10:51,022 - INFO - Epoch 54: Loss = 1.5540
2025-07-27 11:10:51,113 - INFO - Epoch 55: Loss = 1.5395
2025-07-27 11:10:51,206 - INFO - Epoch 56: Loss = 1.5277
2025-07-27 11:10:51,297 - INFO - Epoch 57: Loss = 1.5156
2025-07-27 11:10:51,389 - INFO - Epoch 58: Loss = 1.5045
2025-07-27 11:10:51,480 - INFO - Epoch 59: Loss = 1.4939
2025-07-27 11:10:51,572 - INFO - Epoch 60: Loss = 1.4833
2025-07-27 11:10:51,663 - INFO - Epoch 61: Loss = 1.4732
2025-07-27 11:10:51,755 - INFO - Epoch 62: Loss = 1.4654
2025-07-27 11:10:51,846 - INFO - Epoch 63: Loss = 1.4530
2025-07-27 11:10:51,937 - INFO - Epoch 64: Loss = 1.4447
2025-07-27 11:10:52,029 - INFO - Epoch 65: Loss = 1.4346
2025-07-27 11:10:52,121 - INFO - Epoch 66: Loss = 1.4245
2025-07-27 11:10:52,212 - INFO - Epoch 67: Loss = 1.4165
2025-07-27 11:10:52,305 - INFO - Epoch 68: Loss = 1.4062
2025-07-27 11:10:52,397 - INFO - Epoch 69: Loss = 1.3988
2025-07-27 11:10:52,488 - INFO - Epoch 70: Loss = 1.3900
2025-07-27 11:10:52,580 - INFO - Epoch 71: Loss = 1.3802
2025-07-27 11:10:52,671 - INFO - Epoch 72: Loss = 1.3719
2025-07-27 11:10:52,763 - INFO - Epoch 73: Loss = 1.3601
2025-07-27 11:10:52,854 - INFO - Epoch 74: Loss = 1.3487
2025-07-27 11:10:52,946 - INFO - Epoch 75: Loss = 1.3422
2025-07-27 11:10:53,037 - INFO - Epoch 76: Loss = 1.3371
2025-07-27 11:10:53,129 - INFO - Epoch 77: Loss = 1.3262
2025-07-27 11:10:53,220 - INFO - Epoch 78: Loss = 1.3203
2025-07-27 11:10:53,311 - INFO - Epoch 79: Loss = 1.3118
2025-07-27 11:10:53,404 - INFO - Epoch 80: Loss = 1.3060
2025-07-27 11:10:53,496 - INFO - Epoch 81: Loss = 1.2965
2025-07-27 11:10:53,587 - INFO - Epoch 82: Loss = 1.2886
2025-07-27 11:10:53,678 - INFO - Epoch 83: Loss = 1.2804
2025-07-27 11:10:53,770 - INFO - Epoch 84: Loss = 1.2713
2025-07-27 11:10:53,861 - INFO - Epoch 85: Loss = 1.2623
2025-07-27 11:10:53,953 - INFO - Epoch 86: Loss = 1.2591
2025-07-27 11:10:54,044 - INFO - Epoch 87: Loss = 1.2497
2025-07-27 11:10:54,135 - INFO - Epoch 88: Loss = 1.2415
2025-07-27 11:10:54,226 - INFO - Epoch 89: Loss = 1.2348
2025-07-27 11:10:54,318 - INFO - Epoch 90: Loss = 1.2274
2025-07-27 11:10:54,409 - INFO - Epoch 91: Loss = 1.2194
2025-07-27 11:10:54,500 - INFO - Epoch 92: Loss = 1.2140
2025-07-27 11:10:54,592 - INFO - Epoch 93: Loss = 1.2066
2025-07-27 11:10:54,685 - INFO - Epoch 94: Loss = 1.1986
2025-07-27 11:10:54,776 - INFO - Epoch 95: Loss = 1.1951
2025-07-27 11:10:54,868 - INFO - Epoch 96: Loss = 1.1863
2025-07-27 11:10:54,959 - INFO - Epoch 97: Loss = 1.1786
2025-07-27 11:10:55,050 - INFO - Epoch 98: Loss = 1.1724
2025-07-27 11:10:55,142 - INFO - Epoch 99: Loss = 1.1635
2025-07-27 11:10:55,233 - INFO - Epoch 100: Loss = 1.1561
2025-07-27 11:10:55,325 - INFO - Epoch 101: Loss = 1.1521
2025-07-27 11:10:55,416 - INFO - Epoch 102: Loss = 1.1452
2025-07-27 11:10:55,507 - INFO - Epoch 103: Loss = 1.1437
2025-07-27 11:10:55,599 - INFO - Epoch 104: Loss = 1.1324
2025-07-27 11:10:55,690 - INFO - Epoch 105: Loss = 1.1267
2025-07-27 11:10:55,782 - INFO - Epoch 106: Loss = 1.1192
2025-07-27 11:10:55,873 - INFO - Epoch 107: Loss = 1.1121
2025-07-27 11:10:55,964 - INFO - Epoch 108: Loss = 1.1054
2025-07-27 11:10:56,057 - INFO - Epoch 109: Loss = 1.1030
2025-07-27 11:10:56,149 - INFO - Epoch 110: Loss = 1.0953
2025-07-27 11:10:56,240 - INFO - Epoch 111: Loss = 1.0881
2025-07-27 11:10:56,332 - INFO - Epoch 112: Loss = 1.0834
2025-07-27 11:10:56,423 - INFO - Epoch 113: Loss = 1.0777
2025-07-27 11:10:56,514 - INFO - Epoch 114: Loss = 1.0744
2025-07-27 11:10:56,606 - INFO - Epoch 115: Loss = 1.0691
2025-07-27 11:10:56,697 - INFO - Epoch 116: Loss = 1.0652
2025-07-27 11:10:56,788 - INFO - Epoch 117: Loss = 1.0586
2025-07-27 11:10:56,880 - INFO - Epoch 118: Loss = 1.0552
2025-07-27 11:10:56,971 - INFO - Epoch 119: Loss = 1.0493
2025-07-27 11:10:57,062 - INFO - Epoch 120: Loss = 1.0450
2025-07-27 11:10:57,154 - INFO - Epoch 121: Loss = 1.0376
2025-07-27 11:10:57,245 - INFO - Epoch 122: Loss = 1.0367
2025-07-27 11:10:57,338 - INFO - Epoch 123: Loss = 1.0290
2025-07-27 11:10:57,429 - INFO - Epoch 124: Loss = 1.0256
2025-07-27 11:10:57,520 - INFO - Epoch 125: Loss = 1.0198
2025-07-27 11:10:57,612 - INFO - Epoch 126: Loss = 1.0141
2025-07-27 11:10:57,703 - INFO - Epoch 127: Loss = 1.0086
2025-07-27 11:10:57,795 - INFO - Epoch 128: Loss = 1.0032
2025-07-27 11:10:57,886 - INFO - Epoch 129: Loss = 1.0003
2025-07-27 11:10:57,977 - INFO - Epoch 130: Loss = 0.9940
2025-07-27 11:10:58,068 - INFO - Epoch 131: Loss = 0.9877
2025-07-27 11:10:58,160 - INFO - Epoch 132: Loss = 0.9840
2025-07-27 11:10:58,251 - INFO - Epoch 133: Loss = 0.9789
2025-07-27 11:10:58,342 - INFO - Epoch 134: Loss = 0.9760
2025-07-27 11:10:58,434 - INFO - Epoch 135: Loss = 0.9709
2025-07-27 11:10:58,525 - INFO - Epoch 136: Loss = 0.9616
2025-07-27 11:10:58,616 - INFO - Epoch 137: Loss = 0.9562
2025-07-27 11:10:58,707 - INFO - Epoch 138: Loss = 0.9533
2025-07-27 11:10:58,800 - INFO - Epoch 139: Loss = 0.9462
2025-07-27 11:10:58,892 - INFO - Epoch 140: Loss = 0.9513
2025-07-27 11:10:58,984 - INFO - Epoch 141: Loss = 0.9411
2025-07-27 11:10:59,075 - INFO - Epoch 142: Loss = 0.9323
2025-07-27 11:10:59,167 - INFO - Epoch 143: Loss = 0.9280
2025-07-27 11:10:59,258 - INFO - Epoch 144: Loss = 0.9213
2025-07-27 11:10:59,349 - INFO - Epoch 145: Loss = 0.9204
2025-07-27 11:10:59,441 - INFO - Epoch 146: Loss = 0.9136
2025-07-27 11:10:59,532 - INFO - Epoch 147: Loss = 0.9078
2025-07-27 11:10:59,624 - INFO - Epoch 148: Loss = 0.9082
2025-07-27 11:10:59,715 - INFO - Epoch 149: Loss = 0.9003
2025-07-27 11:10:59,806 - INFO - Epoch 150: Loss = 0.8941
2025-07-27 11:10:59,898 - INFO - Epoch 151: Loss = 0.8902
2025-07-27 11:10:59,989 - INFO - Epoch 152: Loss = 0.8862
2025-07-27 11:11:00,081 - INFO - Epoch 153: Loss = 0.8821
2025-07-27 11:11:00,172 - INFO - Epoch 154: Loss = 0.8885
2025-07-27 11:11:00,265 - INFO - Epoch 155: Loss = 0.8825
2025-07-27 11:11:00,356 - INFO - Epoch 156: Loss = 0.8812
2025-07-27 11:11:00,448 - INFO - Epoch 157: Loss = 0.8771
2025-07-27 11:11:00,539 - INFO - Epoch 158: Loss = 0.8690
2025-07-27 11:11:00,630 - INFO - Epoch 159: Loss = 0.8633
2025-07-27 11:11:00,722 - INFO - Epoch 160: Loss = 0.8559
2025-07-27 11:11:00,813 - INFO - Epoch 161: Loss = 0.8489
2025-07-27 11:11:00,904 - INFO - Epoch 162: Loss = 0.8451
2025-07-27 11:11:00,996 - INFO - Epoch 163: Loss = 0.8423
2025-07-27 11:11:01,087 - INFO - Epoch 164: Loss = 0.8377
2025-07-27 11:11:01,178 - INFO - Epoch 165: Loss = 0.8366
2025-07-27 11:11:01,270 - INFO - Epoch 166: Loss = 0.8287
2025-07-27 11:11:01,361 - INFO - Epoch 167: Loss = 0.8258
2025-07-27 11:11:01,452 - INFO - Epoch 168: Loss = 0.8286
2025-07-27 11:11:01,544 - INFO - Epoch 169: Loss = 0.8318
2025-07-27 11:11:01,635 - INFO - Epoch 170: Loss = 0.8168
2025-07-27 11:11:01,728 - INFO - Epoch 171: Loss = 0.8135
2025-07-27 11:11:01,820 - INFO - Epoch 172: Loss = 0.8111
2025-07-27 11:11:01,912 - INFO - Epoch 173: Loss = 0.8126
2025-07-27 11:11:02,003 - INFO - Epoch 174: Loss = 0.8049
2025-07-27 11:11:02,094 - INFO - Epoch 175: Loss = 0.8046
2025-07-27 11:11:02,186 - INFO - Epoch 176: Loss = 0.7982
2025-07-27 11:11:02,277 - INFO - Epoch 177: Loss = 0.7929
2025-07-27 11:11:02,369 - INFO - Epoch 178: Loss = 0.7919
2025-07-27 11:11:02,460 - INFO - Epoch 179: Loss = 0.7886
2025-07-27 11:11:02,551 - INFO - Epoch 180: Loss = 0.7839
2025-07-27 11:11:02,643 - INFO - Epoch 181: Loss = 0.7819
2025-07-27 11:11:02,734 - INFO - Epoch 182: Loss = 0.7786
2025-07-27 11:11:02,825 - INFO - Epoch 183: Loss = 0.7741
2025-07-27 11:11:02,917 - INFO - Epoch 184: Loss = 0.7694
2025-07-27 11:11:03,008 - INFO - Epoch 185: Loss = 0.7696
2025-07-27 11:11:03,100 - INFO - Epoch 186: Loss = 0.7681
2025-07-27 11:11:03,191 - INFO - Epoch 187: Loss = 0.7638
2025-07-27 11:11:03,283 - INFO - Epoch 188: Loss = 0.7600
2025-07-27 11:11:03,374 - INFO - Epoch 189: Loss = 0.7561
2025-07-27 11:11:03,467 - INFO - Epoch 190: Loss = 0.7516
2025-07-27 11:11:03,558 - INFO - Epoch 191: Loss = 0.7474
2025-07-27 11:11:03,650 - INFO - Epoch 192: Loss = 0.7460
2025-07-27 11:11:03,741 - INFO - Epoch 193: Loss = 0.7414
2025-07-27 11:11:03,833 - INFO - Epoch 194: Loss = 0.7401
2025-07-27 11:11:03,924 - INFO - Epoch 195: Loss = 0.7382
2025-07-27 11:11:04,016 - INFO - Epoch 196: Loss = 0.7396
2025-07-27 11:11:04,107 - INFO - Epoch 197: Loss = 0.7367
2025-07-27 11:11:04,198 - INFO - Epoch 198: Loss = 0.7279
2025-07-27 11:11:04,290 - INFO - Epoch 199: Loss = 0.7318
2025-07-27 11:11:04,381 - INFO - Epoch 200: Loss = 0.7230
2025-07-27 11:11:04,472 - INFO - Epoch 201: Loss = 0.7191
2025-07-27 11:11:04,564 - INFO - Epoch 202: Loss = 0.7150
2025-07-27 11:11:04,655 - INFO - Epoch 203: Loss = 0.7180
2025-07-27 11:11:04,747 - INFO - Epoch 204: Loss = 0.7173
2025-07-27 11:11:04,838 - INFO - Epoch 205: Loss = 0.7111
2025-07-27 11:11:04,929 - INFO - Epoch 206: Loss = 0.7070
2025-07-27 11:11:05,021 - INFO - Epoch 207: Loss = 0.7026
2025-07-27 11:11:05,112 - INFO - Epoch 208: Loss = 0.7042
2025-07-27 11:11:05,204 - INFO - Epoch 209: Loss = 0.7015
2025-07-27 11:11:05,296 - INFO - Epoch 210: Loss = 0.6966
2025-07-27 11:11:05,387 - INFO - Epoch 211: Loss = 0.6984
2025-07-27 11:11:05,478 - INFO - Epoch 212: Loss = 0.6927
2025-07-27 11:11:05,570 - INFO - Epoch 213: Loss = 0.6872
2025-07-27 11:11:05,661 - INFO - Epoch 214: Loss = 0.6851
2025-07-27 11:11:05,752 - INFO - Epoch 215: Loss = 0.6835
2025-07-27 11:11:05,844 - INFO - Epoch 216: Loss = 0.6848
2025-07-27 11:11:05,935 - INFO - Epoch 217: Loss = 0.6740
2025-07-27 11:11:06,026 - INFO - Epoch 218: Loss = 0.6731
2025-07-27 11:11:06,117 - INFO - Epoch 219: Loss = 0.6688
2025-07-27 11:11:06,209 - INFO - Epoch 220: Loss = 0.6667
2025-07-27 11:11:06,300 - INFO - Epoch 221: Loss = 0.6666
2025-07-27 11:11:06,391 - INFO - Epoch 222: Loss = 0.6601
2025-07-27 11:11:06,482 - INFO - Epoch 223: Loss = 0.6610
2025-07-27 11:11:06,573 - INFO - Epoch 224: Loss = 0.6583
2025-07-27 11:11:06,665 - INFO - Epoch 225: Loss = 0.6534
2025-07-27 11:11:06,756 - INFO - Epoch 226: Loss = 0.6544
2025-07-27 11:11:06,847 - INFO - Epoch 227: Loss = 0.6506
2025-07-27 11:11:06,940 - INFO - Epoch 228: Loss = 0.6516
2025-07-27 11:11:07,031 - INFO - Epoch 229: Loss = 0.6437
2025-07-27 11:11:07,122 - INFO - Epoch 230: Loss = 0.6485
2025-07-27 11:11:07,213 - INFO - Epoch 231: Loss = 0.6441
2025-07-27 11:11:07,305 - INFO - Epoch 232: Loss = 0.6379
2025-07-27 11:11:07,396 - INFO - Epoch 233: Loss = 0.6379
2025-07-27 11:11:07,487 - INFO - Epoch 234: Loss = 0.6327
2025-07-27 11:11:07,579 - INFO - Epoch 235: Loss = 0.6338
2025-07-27 11:11:07,670 - INFO - Epoch 236: Loss = 0.6280
2025-07-27 11:11:07,761 - INFO - Epoch 237: Loss = 0.6295
2025-07-27 11:11:07,853 - INFO - Epoch 238: Loss = 0.6214
2025-07-27 11:11:07,944 - INFO - Epoch 239: Loss = 0.6209
2025-07-27 11:11:08,035 - INFO - Epoch 240: Loss = 0.6157
2025-07-27 11:11:08,126 - INFO - Epoch 241: Loss = 0.6297
2025-07-27 11:11:08,218 - INFO - Epoch 242: Loss = 0.6209
2025-07-27 11:11:08,309 - INFO - Epoch 243: Loss = 0.6123
2025-07-27 11:11:08,400 - INFO - Epoch 244: Loss = 0.6186
2025-07-27 11:11:08,492 - INFO - Epoch 245: Loss = 0.6109
2025-07-27 11:11:08,583 - INFO - Epoch 246: Loss = 0.6047
2025-07-27 11:11:08,674 - INFO - Epoch 247: Loss = 0.6054
2025-07-27 11:11:08,766 - INFO - Epoch 248: Loss = 0.6034
2025-07-27 11:11:08,857 - INFO - Epoch 249: Loss = 0.6005
2025-07-27 11:11:08,948 - INFO - Epoch 250: Loss = 0.5982
2025-07-27 11:11:09,041 - INFO - Epoch 251: Loss = 0.5925
2025-07-27 11:11:09,133 - INFO - Epoch 252: Loss = 0.5942
2025-07-27 11:11:09,224 - INFO - Epoch 253: Loss = 0.5861
2025-07-27 11:11:09,315 - INFO - Epoch 254: Loss = 0.5880
2025-07-27 11:11:09,407 - INFO - Epoch 255: Loss = 0.5930
2025-07-27 11:11:09,498 - INFO - Epoch 256: Loss = 0.5795
2025-07-27 11:11:09,520 - INFO - Test: Loss = 0.6180, Accuracy = 75.90%
2025-07-27 11:11:09,521 - INFO - [Gradient Run 1] Training time: 26.07s
