2025-07-27 11:14:43,785 - INFO - ------------------------------------Gradient-------------------------------------------
2025-07-27 11:14:43,785 - INFO - [Gradient Run 1] Starting
2025-07-27 11:14:45,939 - INFO - Training on device: cuda
2025-07-27 11:14:46,253 - INFO - Epoch 01: Loss = 2.3839
2025-07-27 11:14:46,343 - INFO - Epoch 02: Loss = 2.3387
2025-07-27 11:14:46,434 - INFO - Epoch 03: Loss = 2.3142
2025-07-27 11:14:46,526 - INFO - Epoch 04: Loss = 2.2964
2025-07-27 11:14:46,616 - INFO - Epoch 05: Loss = 2.2771
2025-07-27 11:14:46,707 - INFO - Epoch 06: Loss = 2.2608
2025-07-27 11:14:46,796 - INFO - Epoch 07: Loss = 2.2440
2025-07-27 11:14:46,887 - INFO - Epoch 08: Loss = 2.2284
2025-07-27 11:14:46,977 - INFO - Epoch 09: Loss = 2.2114
2025-07-27 11:14:47,067 - INFO - Epoch 10: Loss = 2.1944
2025-07-27 11:14:47,156 - INFO - Epoch 11: Loss = 2.1726
2025-07-27 11:14:47,246 - INFO - Epoch 12: Loss = 2.1571
2025-07-27 11:14:47,336 - INFO - Epoch 13: Loss = 2.1423
2025-07-27 11:14:47,426 - INFO - Epoch 14: Loss = 2.1282
2025-07-27 11:14:47,515 - INFO - Epoch 15: Loss = 2.1139
2025-07-27 11:14:47,605 - INFO - Epoch 16: Loss = 2.0981
2025-07-27 11:14:47,695 - INFO - Epoch 17: Loss = 2.0841
2025-07-27 11:14:47,785 - INFO - Epoch 18: Loss = 2.0703
2025-07-27 11:14:47,875 - INFO - Epoch 19: Loss = 2.0593
2025-07-27 11:14:47,965 - INFO - Epoch 20: Loss = 2.0467
2025-07-27 11:14:48,055 - INFO - Epoch 21: Loss = 2.0381
2025-07-27 11:14:48,144 - INFO - Epoch 22: Loss = 2.0233
2025-07-27 11:14:48,234 - INFO - Epoch 23: Loss = 2.0113
2025-07-27 11:14:48,324 - INFO - Epoch 24: Loss = 1.9983
2025-07-27 11:14:48,414 - INFO - Epoch 25: Loss = 1.9908
2025-07-27 11:14:48,504 - INFO - Epoch 26: Loss = 1.9761
2025-07-27 11:14:48,594 - INFO - Epoch 27: Loss = 1.9635
2025-07-27 11:14:48,684 - INFO - Epoch 28: Loss = 1.9531
2025-07-27 11:14:48,774 - INFO - Epoch 29: Loss = 1.9409
2025-07-27 11:14:48,863 - INFO - Epoch 30: Loss = 1.9307
2025-07-27 11:14:48,953 - INFO - Epoch 31: Loss = 1.9177
2025-07-27 11:14:49,043 - INFO - Epoch 32: Loss = 1.9027
2025-07-27 11:14:49,134 - INFO - Epoch 33: Loss = 1.8867
2025-07-27 11:14:49,224 - INFO - Epoch 34: Loss = 1.8755
2025-07-27 11:14:49,313 - INFO - Epoch 35: Loss = 1.8611
2025-07-27 11:14:49,403 - INFO - Epoch 36: Loss = 1.8478
2025-07-27 11:14:49,492 - INFO - Epoch 37: Loss = 1.8347
2025-07-27 11:14:49,582 - INFO - Epoch 38: Loss = 1.8202
2025-07-27 11:14:49,672 - INFO - Epoch 39: Loss = 1.8050
2025-07-27 11:14:49,761 - INFO - Epoch 40: Loss = 1.7930
2025-07-27 11:14:49,851 - INFO - Epoch 41: Loss = 1.7761
2025-07-27 11:14:49,941 - INFO - Epoch 42: Loss = 1.7635
2025-07-27 11:14:50,032 - INFO - Epoch 43: Loss = 1.7545
2025-07-27 11:14:50,122 - INFO - Epoch 44: Loss = 1.7408
2025-07-27 11:14:50,211 - INFO - Epoch 45: Loss = 1.7279
2025-07-27 11:14:50,301 - INFO - Epoch 46: Loss = 1.7130
2025-07-27 11:14:50,391 - INFO - Epoch 47: Loss = 1.6996
2025-07-27 11:14:50,480 - INFO - Epoch 48: Loss = 1.6881
2025-07-27 11:14:50,570 - INFO - Epoch 49: Loss = 1.6762
2025-07-27 11:14:50,660 - INFO - Epoch 50: Loss = 1.6640
2025-07-27 11:14:50,749 - INFO - Epoch 51: Loss = 1.6554
2025-07-27 11:14:50,841 - INFO - Epoch 52: Loss = 1.6429
2025-07-27 11:14:50,931 - INFO - Epoch 53: Loss = 1.6312
2025-07-27 11:14:51,020 - INFO - Epoch 54: Loss = 1.6184
2025-07-27 11:14:51,110 - INFO - Epoch 55: Loss = 1.6092
2025-07-27 11:14:51,200 - INFO - Epoch 56: Loss = 1.5991
2025-07-27 11:14:51,289 - INFO - Epoch 57: Loss = 1.5893
2025-07-27 11:14:51,379 - INFO - Epoch 58: Loss = 1.5790
2025-07-27 11:14:51,469 - INFO - Epoch 59: Loss = 1.5692
2025-07-27 11:14:51,559 - INFO - Epoch 60: Loss = 1.5629
2025-07-27 11:14:51,648 - INFO - Epoch 61: Loss = 1.5544
2025-07-27 11:14:51,739 - INFO - Epoch 62: Loss = 1.5483
2025-07-27 11:14:51,828 - INFO - Epoch 63: Loss = 1.5400
2025-07-27 11:14:51,918 - INFO - Epoch 64: Loss = 1.5306
2025-07-27 11:14:52,008 - INFO - Epoch 65: Loss = 1.5270
2025-07-27 11:14:52,097 - INFO - Epoch 66: Loss = 1.5168
2025-07-27 11:14:52,187 - INFO - Epoch 67: Loss = 1.5077
2025-07-27 11:14:52,277 - INFO - Epoch 68: Loss = 1.4964
2025-07-27 11:14:52,366 - INFO - Epoch 69: Loss = 1.4883
2025-07-27 11:14:52,456 - INFO - Epoch 70: Loss = 1.4794
2025-07-27 11:14:52,546 - INFO - Epoch 71: Loss = 1.4721
2025-07-27 11:14:52,635 - INFO - Epoch 72: Loss = 1.4645
2025-07-27 11:14:52,727 - INFO - Epoch 73: Loss = 1.4573
2025-07-27 11:14:52,817 - INFO - Epoch 74: Loss = 1.4500
2025-07-27 11:14:52,906 - INFO - Epoch 75: Loss = 1.4446
2025-07-27 11:14:52,996 - INFO - Epoch 76: Loss = 1.4354
2025-07-27 11:14:53,086 - INFO - Epoch 77: Loss = 1.4284
2025-07-27 11:14:53,176 - INFO - Epoch 78: Loss = 1.4175
2025-07-27 11:14:53,265 - INFO - Epoch 79: Loss = 1.4173
2025-07-27 11:14:53,355 - INFO - Epoch 80: Loss = 1.4093
2025-07-27 11:14:53,445 - INFO - Epoch 81: Loss = 1.4045
2025-07-27 11:14:53,534 - INFO - Epoch 82: Loss = 1.3966
2025-07-27 11:14:53,624 - INFO - Epoch 83: Loss = 1.3935
2025-07-27 11:14:53,716 - INFO - Epoch 84: Loss = 1.3839
2025-07-27 11:14:53,805 - INFO - Epoch 85: Loss = 1.3786
2025-07-27 11:14:53,895 - INFO - Epoch 86: Loss = 1.3741
2025-07-27 11:14:53,985 - INFO - Epoch 87: Loss = 1.3692
2025-07-27 11:14:54,074 - INFO - Epoch 88: Loss = 1.3659
2025-07-27 11:14:54,164 - INFO - Epoch 89: Loss = 1.3580
2025-07-27 11:14:54,254 - INFO - Epoch 90: Loss = 1.3558
2025-07-27 11:14:54,343 - INFO - Epoch 91: Loss = 1.3530
2025-07-27 11:14:54,433 - INFO - Epoch 92: Loss = 1.3435
2025-07-27 11:14:54,523 - INFO - Epoch 93: Loss = 1.3387
2025-07-27 11:14:54,612 - INFO - Epoch 94: Loss = 1.3380
2025-07-27 11:14:54,702 - INFO - Epoch 95: Loss = 1.3298
2025-07-27 11:14:54,792 - INFO - Epoch 96: Loss = 1.3247
2025-07-27 11:14:54,882 - INFO - Epoch 97: Loss = 1.3202
2025-07-27 11:14:54,971 - INFO - Epoch 98: Loss = 1.3146
2025-07-27 11:14:55,061 - INFO - Epoch 99: Loss = 1.3107
2025-07-27 11:14:55,151 - INFO - Epoch 100: Loss = 1.3068
2025-07-27 11:14:55,240 - INFO - Epoch 101: Loss = 1.3001
2025-07-27 11:14:55,330 - INFO - Epoch 102: Loss = 1.2966
2025-07-27 11:14:55,420 - INFO - Epoch 103: Loss = 1.2871
2025-07-27 11:14:55,509 - INFO - Epoch 104: Loss = 1.2835
2025-07-27 11:14:55,599 - INFO - Epoch 105: Loss = 1.2816
2025-07-27 11:14:55,689 - INFO - Epoch 106: Loss = 1.2764
2025-07-27 11:14:55,779 - INFO - Epoch 107: Loss = 1.2709
2025-07-27 11:14:55,869 - INFO - Epoch 108: Loss = 1.2682
2025-07-27 11:14:55,959 - INFO - Epoch 109: Loss = 1.2667
2025-07-27 11:14:56,048 - INFO - Epoch 110: Loss = 1.2577
2025-07-27 11:14:56,138 - INFO - Epoch 111: Loss = 1.2563
2025-07-27 11:14:56,227 - INFO - Epoch 112: Loss = 1.2506
2025-07-27 11:14:56,317 - INFO - Epoch 113: Loss = 1.2442
2025-07-27 11:14:56,407 - INFO - Epoch 114: Loss = 1.2395
2025-07-27 11:14:56,496 - INFO - Epoch 115: Loss = 1.2366
2025-07-27 11:14:56,586 - INFO - Epoch 116: Loss = 1.2281
2025-07-27 11:14:56,676 - INFO - Epoch 117: Loss = 1.2244
2025-07-27 11:14:56,765 - INFO - Epoch 118: Loss = 1.2243
2025-07-27 11:14:56,855 - INFO - Epoch 119: Loss = 1.2196
2025-07-27 11:14:56,944 - INFO - Epoch 120: Loss = 1.2124
2025-07-27 11:14:57,036 - INFO - Epoch 121: Loss = 1.2128
2025-07-27 11:14:57,126 - INFO - Epoch 122: Loss = 1.2048
2025-07-27 11:14:57,215 - INFO - Epoch 123: Loss = 1.2071
2025-07-27 11:14:57,305 - INFO - Epoch 124: Loss = 1.2021
2025-07-27 11:14:57,395 - INFO - Epoch 125: Loss = 1.1944
2025-07-27 11:14:57,485 - INFO - Epoch 126: Loss = 1.1992
2025-07-27 11:14:57,575 - INFO - Epoch 127: Loss = 1.1879
2025-07-27 11:14:57,665 - INFO - Epoch 128: Loss = 1.1851
2025-07-27 11:14:57,754 - INFO - Epoch 129: Loss = 1.1829
2025-07-27 11:14:57,844 - INFO - Epoch 130: Loss = 1.1849
2025-07-27 11:14:57,934 - INFO - Epoch 131: Loss = 1.1860
2025-07-27 11:14:58,024 - INFO - Epoch 132: Loss = 1.1703
2025-07-27 11:14:58,114 - INFO - Epoch 133: Loss = 1.1683
2025-07-27 11:14:58,205 - INFO - Epoch 134: Loss = 1.1620
2025-07-27 11:14:58,296 - INFO - Epoch 135: Loss = 1.1623
2025-07-27 11:14:58,385 - INFO - Epoch 136: Loss = 1.1572
2025-07-27 11:14:58,475 - INFO - Epoch 137: Loss = 1.1540
2025-07-27 11:14:58,565 - INFO - Epoch 138: Loss = 1.1472
2025-07-27 11:14:58,655 - INFO - Epoch 139: Loss = 1.1466
2025-07-27 11:14:58,745 - INFO - Epoch 140: Loss = 1.1381
2025-07-27 11:14:58,834 - INFO - Epoch 141: Loss = 1.1370
2025-07-27 11:14:58,924 - INFO - Epoch 142: Loss = 1.1356
2025-07-27 11:14:59,014 - INFO - Epoch 143: Loss = 1.1297
2025-07-27 11:14:59,104 - INFO - Epoch 144: Loss = 1.1258
2025-07-27 11:14:59,194 - INFO - Epoch 145: Loss = 1.1233
2025-07-27 11:14:59,283 - INFO - Epoch 146: Loss = 1.1147
2025-07-27 11:14:59,373 - INFO - Epoch 147: Loss = 1.1145
2025-07-27 11:14:59,463 - INFO - Epoch 148: Loss = 1.1141
2025-07-27 11:14:59,552 - INFO - Epoch 149: Loss = 1.1087
2025-07-27 11:14:59,642 - INFO - Epoch 150: Loss = 1.1059
2025-07-27 11:14:59,732 - INFO - Epoch 151: Loss = 1.0985
2025-07-27 11:14:59,821 - INFO - Epoch 152: Loss = 1.1038
2025-07-27 11:14:59,911 - INFO - Epoch 153: Loss = 1.0958
2025-07-27 11:15:00,001 - INFO - Epoch 154: Loss = 1.0966
2025-07-27 11:15:00,090 - INFO - Epoch 155: Loss = 1.0901
2025-07-27 11:15:00,180 - INFO - Epoch 156: Loss = 1.0871
2025-07-27 11:15:00,270 - INFO - Epoch 157: Loss = 1.0861
2025-07-27 11:15:00,359 - INFO - Epoch 158: Loss = 1.0843
2025-07-27 11:15:00,449 - INFO - Epoch 159: Loss = 1.0759
2025-07-27 11:15:00,539 - INFO - Epoch 160: Loss = 1.0710
2025-07-27 11:15:00,628 - INFO - Epoch 161: Loss = 1.0699
2025-07-27 11:15:00,720 - INFO - Epoch 162: Loss = 1.0759
2025-07-27 11:15:00,809 - INFO - Epoch 163: Loss = 1.0695
2025-07-27 11:15:00,899 - INFO - Epoch 164: Loss = 1.0578
2025-07-27 11:15:00,989 - INFO - Epoch 165: Loss = 1.0611
2025-07-27 11:15:01,079 - INFO - Epoch 166: Loss = 1.0527
2025-07-27 11:15:01,168 - INFO - Epoch 167: Loss = 1.0513
2025-07-27 11:15:01,258 - INFO - Epoch 168: Loss = 1.0531
2025-07-27 11:15:01,348 - INFO - Epoch 169: Loss = 1.0419
2025-07-27 11:15:01,437 - INFO - Epoch 170: Loss = 1.0425
2025-07-27 11:15:01,527 - INFO - Epoch 171: Loss = 1.0358
2025-07-27 11:15:01,617 - INFO - Epoch 172: Loss = 1.0303
2025-07-27 11:15:01,706 - INFO - Epoch 173: Loss = 1.0330
2025-07-27 11:15:01,796 - INFO - Epoch 174: Loss = 1.0306
2025-07-27 11:15:01,886 - INFO - Epoch 175: Loss = 1.0320
2025-07-27 11:15:01,975 - INFO - Epoch 176: Loss = 1.0332
2025-07-27 11:15:02,065 - INFO - Epoch 177: Loss = 1.0223
2025-07-27 11:15:02,156 - INFO - Epoch 178: Loss = 1.0152
2025-07-27 11:15:02,246 - INFO - Epoch 179: Loss = 1.0140
2025-07-27 11:15:02,336 - INFO - Epoch 180: Loss = 1.0122
2025-07-27 11:15:02,425 - INFO - Epoch 181: Loss = 1.0149
2025-07-27 11:15:02,515 - INFO - Epoch 182: Loss = 1.0098
2025-07-27 11:15:02,605 - INFO - Epoch 183: Loss = 1.0049
2025-07-27 11:15:02,694 - INFO - Epoch 184: Loss = 0.9952
2025-07-27 11:15:02,784 - INFO - Epoch 185: Loss = 0.9950
2025-07-27 11:15:02,874 - INFO - Epoch 186: Loss = 0.9969
2025-07-27 11:15:02,963 - INFO - Epoch 187: Loss = 0.9902
2025-07-27 11:15:03,053 - INFO - Epoch 188: Loss = 0.9842
2025-07-27 11:15:03,143 - INFO - Epoch 189: Loss = 0.9848
2025-07-27 11:15:03,232 - INFO - Epoch 190: Loss = 0.9914
2025-07-27 11:15:03,322 - INFO - Epoch 191: Loss = 0.9779
2025-07-27 11:15:03,411 - INFO - Epoch 192: Loss = 0.9759
2025-07-27 11:15:03,501 - INFO - Epoch 193: Loss = 0.9697
2025-07-27 11:15:03,591 - INFO - Epoch 194: Loss = 0.9652
2025-07-27 11:15:03,682 - INFO - Epoch 195: Loss = 0.9589
2025-07-27 11:15:03,772 - INFO - Epoch 196: Loss = 0.9662
2025-07-27 11:15:03,861 - INFO - Epoch 197: Loss = 0.9682
2025-07-27 11:15:03,951 - INFO - Epoch 198: Loss = 0.9555
2025-07-27 11:15:04,041 - INFO - Epoch 199: Loss = 0.9566
2025-07-27 11:15:04,130 - INFO - Epoch 200: Loss = 0.9499
2025-07-27 11:15:04,220 - INFO - Epoch 201: Loss = 0.9468
2025-07-27 11:15:04,309 - INFO - Epoch 202: Loss = 0.9456
2025-07-27 11:15:04,399 - INFO - Epoch 203: Loss = 0.9404
2025-07-27 11:15:04,488 - INFO - Epoch 204: Loss = 0.9382
2025-07-27 11:15:04,578 - INFO - Epoch 205: Loss = 0.9513
2025-07-27 11:15:04,668 - INFO - Epoch 206: Loss = 0.9365
2025-07-27 11:15:04,757 - INFO - Epoch 207: Loss = 0.9316
2025-07-27 11:15:04,847 - INFO - Epoch 208: Loss = 0.9272
2025-07-27 11:15:04,936 - INFO - Epoch 209: Loss = 0.9259
2025-07-27 11:15:05,026 - INFO - Epoch 210: Loss = 0.9270
2025-07-27 11:15:05,117 - INFO - Epoch 211: Loss = 0.9218
2025-07-27 11:15:05,206 - INFO - Epoch 212: Loss = 0.9184
2025-07-27 11:15:05,296 - INFO - Epoch 213: Loss = 0.9147
2025-07-27 11:15:05,386 - INFO - Epoch 214: Loss = 0.9173
2025-07-27 11:15:05,475 - INFO - Epoch 215: Loss = 0.9167
2025-07-27 11:15:05,565 - INFO - Epoch 216: Loss = 0.9166
2025-07-27 11:15:05,655 - INFO - Epoch 217: Loss = 0.9148
2025-07-27 11:15:05,744 - INFO - Epoch 218: Loss = 0.9010
2025-07-27 11:15:05,833 - INFO - Epoch 219: Loss = 0.9153
2025-07-27 11:15:05,923 - INFO - Epoch 220: Loss = 0.8940
2025-07-27 11:15:06,013 - INFO - Epoch 221: Loss = 0.8930
2025-07-27 11:15:06,102 - INFO - Epoch 222: Loss = 0.8932
2025-07-27 11:15:06,192 - INFO - Epoch 223: Loss = 0.8939
2025-07-27 11:15:06,281 - INFO - Epoch 224: Loss = 0.9023
2025-07-27 11:15:06,371 - INFO - Epoch 225: Loss = 0.8837
2025-07-27 11:15:06,460 - INFO - Epoch 226: Loss = 0.8836
2025-07-27 11:15:06,550 - INFO - Epoch 227: Loss = 0.8861
2025-07-27 11:15:06,640 - INFO - Epoch 228: Loss = 0.8875
2025-07-27 11:15:06,729 - INFO - Epoch 229: Loss = 0.8788
2025-07-27 11:15:06,819 - INFO - Epoch 230: Loss = 0.8670
2025-07-27 11:15:06,910 - INFO - Epoch 231: Loss = 0.8772
2025-07-27 11:15:07,000 - INFO - Epoch 232: Loss = 0.8742
2025-07-27 11:15:07,089 - INFO - Epoch 233: Loss = 0.8645
2025-07-27 11:15:07,179 - INFO - Epoch 234: Loss = 0.8755
2025-07-27 11:15:07,269 - INFO - Epoch 235: Loss = 0.8716
2025-07-27 11:15:07,358 - INFO - Epoch 236: Loss = 0.8587
2025-07-27 11:15:07,448 - INFO - Epoch 237: Loss = 0.8610
2025-07-27 11:15:07,538 - INFO - Epoch 238: Loss = 0.8561
2025-07-27 11:15:07,627 - INFO - Epoch 239: Loss = 0.8575
2025-07-27 11:15:07,717 - INFO - Epoch 240: Loss = 0.8455
2025-07-27 11:15:07,806 - INFO - Epoch 241: Loss = 0.8495
2025-07-27 11:15:07,896 - INFO - Epoch 242: Loss = 0.8544
2025-07-27 11:15:07,986 - INFO - Epoch 243: Loss = 0.8397
2025-07-27 11:15:08,075 - INFO - Epoch 244: Loss = 0.8431
2025-07-27 11:15:08,165 - INFO - Epoch 245: Loss = 0.8408
2025-07-27 11:15:08,254 - INFO - Epoch 246: Loss = 0.8330
2025-07-27 11:15:08,344 - INFO - Epoch 247: Loss = 0.8451
2025-07-27 11:15:08,434 - INFO - Epoch 248: Loss = 0.8461
2025-07-27 11:15:08,523 - INFO - Epoch 249: Loss = 0.8292
2025-07-27 11:15:08,615 - INFO - Epoch 250: Loss = 0.8245
2025-07-27 11:15:08,704 - INFO - Epoch 251: Loss = 0.8243
2025-07-27 11:15:08,794 - INFO - Epoch 252: Loss = 0.8232
2025-07-27 11:15:08,884 - INFO - Epoch 253: Loss = 0.8145
2025-07-27 11:15:08,973 - INFO - Epoch 254: Loss = 0.8143
2025-07-27 11:15:09,063 - INFO - Epoch 255: Loss = 0.8186
2025-07-27 11:15:09,152 - INFO - Epoch 256: Loss = 0.8236
2025-07-27 11:15:09,425 - INFO - Test: Loss = 0.7989, Accuracy = 76.63%
2025-07-27 11:15:09,425 - INFO - [Gradient Run 1] Training time: 25.64s
