2025-08-05 13:52:17,499 - INFO - ------------------------------------Gradient-------------------------------------------
2025-08-05 13:52:17,499 - INFO - [Gradient Run 1] Starting
2025-08-05 13:52:19,267 - INFO - Training on device: cuda
2025-08-05 13:52:19,546 - INFO - Epoch 01: KLDiv Loss = 2.2828 | L1 Error = 0.1480 | Cosine Sim = 0.3361
2025-08-05 13:52:19,662 - INFO - Epoch 02: KLDiv Loss = 2.1666 | L1 Error = 0.1457 | Cosine Sim = 0.3751
2025-08-05 13:52:19,776 - INFO - Epoch 03: KLDiv Loss = 2.0776 | L1 Error = 0.1436 | Cosine Sim = 0.4048
2025-08-05 13:52:19,888 - INFO - Epoch 04: KLDiv Loss = 1.9957 | L1 Error = 0.1412 | Cosine Sim = 0.4331
2025-08-05 13:52:20,001 - INFO - Epoch 05: KLDiv Loss = 1.9197 | L1 Error = 0.1388 | Cosine Sim = 0.4595
2025-08-05 13:52:20,114 - INFO - Epoch 06: KLDiv Loss = 1.8568 | L1 Error = 0.1364 | Cosine Sim = 0.4809
2025-08-05 13:52:20,226 - INFO - Epoch 07: KLDiv Loss = 1.7990 | L1 Error = 0.1341 | Cosine Sim = 0.4986
2025-08-05 13:52:20,339 - INFO - Epoch 08: KLDiv Loss = 1.7450 | L1 Error = 0.1318 | Cosine Sim = 0.5158
2025-08-05 13:52:20,451 - INFO - Epoch 09: KLDiv Loss = 1.7002 | L1 Error = 0.1298 | Cosine Sim = 0.5298
2025-08-05 13:52:20,564 - INFO - Epoch 10: KLDiv Loss = 1.6590 | L1 Error = 0.1279 | Cosine Sim = 0.5438
2025-08-05 13:52:20,676 - INFO - Epoch 11: KLDiv Loss = 1.6179 | L1 Error = 0.1258 | Cosine Sim = 0.5570
2025-08-05 13:52:20,789 - INFO - Epoch 12: KLDiv Loss = 1.5829 | L1 Error = 0.1240 | Cosine Sim = 0.5683
2025-08-05 13:52:20,901 - INFO - Epoch 13: KLDiv Loss = 1.5483 | L1 Error = 0.1222 | Cosine Sim = 0.5797
2025-08-05 13:52:21,014 - INFO - Epoch 14: KLDiv Loss = 1.5131 | L1 Error = 0.1204 | Cosine Sim = 0.5908
2025-08-05 13:52:21,126 - INFO - Epoch 15: KLDiv Loss = 1.4837 | L1 Error = 0.1188 | Cosine Sim = 0.6000
2025-08-05 13:52:21,239 - INFO - Epoch 16: KLDiv Loss = 1.4543 | L1 Error = 0.1173 | Cosine Sim = 0.6096
2025-08-05 13:52:21,351 - INFO - Epoch 17: KLDiv Loss = 1.4254 | L1 Error = 0.1158 | Cosine Sim = 0.6183
2025-08-05 13:52:21,463 - INFO - Epoch 18: KLDiv Loss = 1.3944 | L1 Error = 0.1142 | Cosine Sim = 0.6283
2025-08-05 13:52:21,576 - INFO - Epoch 19: KLDiv Loss = 1.3571 | L1 Error = 0.1124 | Cosine Sim = 0.6416
2025-08-05 13:52:21,688 - INFO - Epoch 20: KLDiv Loss = 1.3296 | L1 Error = 0.1109 | Cosine Sim = 0.6504
2025-08-05 13:52:21,800 - INFO - Epoch 21: KLDiv Loss = 1.3007 | L1 Error = 0.1093 | Cosine Sim = 0.6599
2025-08-05 13:52:21,913 - INFO - Epoch 22: KLDiv Loss = 1.2671 | L1 Error = 0.1075 | Cosine Sim = 0.6704
2025-08-05 13:52:22,025 - INFO - Epoch 23: KLDiv Loss = 1.2355 | L1 Error = 0.1057 | Cosine Sim = 0.6811
2025-08-05 13:52:22,138 - INFO - Epoch 24: KLDiv Loss = 1.2052 | L1 Error = 0.1041 | Cosine Sim = 0.6898
2025-08-05 13:52:22,250 - INFO - Epoch 25: KLDiv Loss = 1.1781 | L1 Error = 0.1027 | Cosine Sim = 0.6978
2025-08-05 13:52:22,364 - INFO - Epoch 26: KLDiv Loss = 1.1494 | L1 Error = 0.1009 | Cosine Sim = 0.7066
2025-08-05 13:52:22,476 - INFO - Epoch 27: KLDiv Loss = 1.1233 | L1 Error = 0.0996 | Cosine Sim = 0.7149
2025-08-05 13:52:22,588 - INFO - Epoch 28: KLDiv Loss = 1.0993 | L1 Error = 0.0981 | Cosine Sim = 0.7225
2025-08-05 13:52:22,701 - INFO - Epoch 29: KLDiv Loss = 1.0751 | L1 Error = 0.0966 | Cosine Sim = 0.7296
2025-08-05 13:52:22,813 - INFO - Epoch 30: KLDiv Loss = 1.0484 | L1 Error = 0.0951 | Cosine Sim = 0.7378
2025-08-05 13:52:22,925 - INFO - Epoch 31: KLDiv Loss = 1.0268 | L1 Error = 0.0940 | Cosine Sim = 0.7443
2025-08-05 13:52:23,038 - INFO - Epoch 32: KLDiv Loss = 1.0067 | L1 Error = 0.0926 | Cosine Sim = 0.7503
2025-08-05 13:52:23,150 - INFO - Epoch 33: KLDiv Loss = 0.9853 | L1 Error = 0.0913 | Cosine Sim = 0.7560
2025-08-05 13:52:23,262 - INFO - Epoch 34: KLDiv Loss = 0.9615 | L1 Error = 0.0899 | Cosine Sim = 0.7634
2025-08-05 13:52:23,377 - INFO - Epoch 35: KLDiv Loss = 0.9399 | L1 Error = 0.0885 | Cosine Sim = 0.7686
2025-08-05 13:52:23,489 - INFO - Epoch 36: KLDiv Loss = 0.9156 | L1 Error = 0.0868 | Cosine Sim = 0.7766
2025-08-05 13:52:23,601 - INFO - Epoch 37: KLDiv Loss = 0.8961 | L1 Error = 0.0854 | Cosine Sim = 0.7817
2025-08-05 13:52:23,714 - INFO - Epoch 38: KLDiv Loss = 0.8837 | L1 Error = 0.0847 | Cosine Sim = 0.7840
2025-08-05 13:52:23,826 - INFO - Epoch 39: KLDiv Loss = 0.8634 | L1 Error = 0.0833 | Cosine Sim = 0.7906
2025-08-05 13:52:23,939 - INFO - Epoch 40: KLDiv Loss = 0.8453 | L1 Error = 0.0820 | Cosine Sim = 0.7956
2025-08-05 13:52:24,051 - INFO - Epoch 41: KLDiv Loss = 0.8347 | L1 Error = 0.0812 | Cosine Sim = 0.7976
2025-08-05 13:52:24,163 - INFO - Epoch 42: KLDiv Loss = 0.8119 | L1 Error = 0.0797 | Cosine Sim = 0.8045
2025-08-05 13:52:24,277 - INFO - Epoch 43: KLDiv Loss = 0.7967 | L1 Error = 0.0786 | Cosine Sim = 0.8094
2025-08-05 13:52:24,389 - INFO - Epoch 44: KLDiv Loss = 0.7807 | L1 Error = 0.0774 | Cosine Sim = 0.8140
2025-08-05 13:52:24,502 - INFO - Epoch 45: KLDiv Loss = 0.7657 | L1 Error = 0.0762 | Cosine Sim = 0.8164
2025-08-05 13:52:24,614 - INFO - Epoch 46: KLDiv Loss = 0.7521 | L1 Error = 0.0754 | Cosine Sim = 0.8217
2025-08-05 13:52:24,726 - INFO - Epoch 47: KLDiv Loss = 0.7386 | L1 Error = 0.0744 | Cosine Sim = 0.8244
2025-08-05 13:52:24,839 - INFO - Epoch 48: KLDiv Loss = 0.7253 | L1 Error = 0.0734 | Cosine Sim = 0.8280
2025-08-05 13:52:24,951 - INFO - Epoch 49: KLDiv Loss = 0.7085 | L1 Error = 0.0722 | Cosine Sim = 0.8334
2025-08-05 13:52:25,063 - INFO - Epoch 50: KLDiv Loss = 0.7025 | L1 Error = 0.0715 | Cosine Sim = 0.8339
2025-08-05 13:52:25,176 - INFO - Epoch 51: KLDiv Loss = 0.6831 | L1 Error = 0.0701 | Cosine Sim = 0.8392
2025-08-05 13:52:25,289 - INFO - Epoch 52: KLDiv Loss = 0.6685 | L1 Error = 0.0691 | Cosine Sim = 0.8440
2025-08-05 13:52:25,401 - INFO - Epoch 53: KLDiv Loss = 0.6552 | L1 Error = 0.0677 | Cosine Sim = 0.8465
2025-08-05 13:52:25,513 - INFO - Epoch 54: KLDiv Loss = 0.6432 | L1 Error = 0.0669 | Cosine Sim = 0.8493
2025-08-05 13:52:25,625 - INFO - Epoch 55: KLDiv Loss = 0.6278 | L1 Error = 0.0656 | Cosine Sim = 0.8536
2025-08-05 13:52:25,738 - INFO - Epoch 56: KLDiv Loss = 0.6080 | L1 Error = 0.0641 | Cosine Sim = 0.8599
2025-08-05 13:52:25,850 - INFO - Epoch 57: KLDiv Loss = 0.5963 | L1 Error = 0.0630 | Cosine Sim = 0.8627
2025-08-05 13:52:25,962 - INFO - Epoch 58: KLDiv Loss = 0.5873 | L1 Error = 0.0622 | Cosine Sim = 0.8639
2025-08-05 13:52:26,075 - INFO - Epoch 59: KLDiv Loss = 0.5739 | L1 Error = 0.0613 | Cosine Sim = 0.8688
2025-08-05 13:52:26,188 - INFO - Epoch 60: KLDiv Loss = 0.5612 | L1 Error = 0.0601 | Cosine Sim = 0.8708
2025-08-05 13:52:26,301 - INFO - Epoch 61: KLDiv Loss = 0.5511 | L1 Error = 0.0589 | Cosine Sim = 0.8720
2025-08-05 13:52:26,414 - INFO - Epoch 62: KLDiv Loss = 0.5405 | L1 Error = 0.0581 | Cosine Sim = 0.8760
2025-08-05 13:52:26,526 - INFO - Epoch 63: KLDiv Loss = 0.5301 | L1 Error = 0.0574 | Cosine Sim = 0.8776
2025-08-05 13:52:26,639 - INFO - Epoch 64: KLDiv Loss = 0.5177 | L1 Error = 0.0560 | Cosine Sim = 0.8804
2025-08-05 13:52:26,751 - INFO - Epoch 65: KLDiv Loss = 0.5109 | L1 Error = 0.0552 | Cosine Sim = 0.8817
2025-08-05 13:52:26,863 - INFO - Epoch 66: KLDiv Loss = 0.4975 | L1 Error = 0.0543 | Cosine Sim = 0.8860
2025-08-05 13:52:26,976 - INFO - Epoch 67: KLDiv Loss = 0.4869 | L1 Error = 0.0534 | Cosine Sim = 0.8881
2025-08-05 13:52:27,088 - INFO - Epoch 68: KLDiv Loss = 0.4814 | L1 Error = 0.0526 | Cosine Sim = 0.8890
2025-08-05 13:52:27,201 - INFO - Epoch 69: KLDiv Loss = 0.4689 | L1 Error = 0.0515 | Cosine Sim = 0.8933
2025-08-05 13:52:27,313 - INFO - Epoch 70: KLDiv Loss = 0.4635 | L1 Error = 0.0509 | Cosine Sim = 0.8932
2025-08-05 13:52:27,426 - INFO - Epoch 71: KLDiv Loss = 0.4511 | L1 Error = 0.0500 | Cosine Sim = 0.8972
2025-08-05 13:52:27,538 - INFO - Epoch 72: KLDiv Loss = 0.4380 | L1 Error = 0.0484 | Cosine Sim = 0.9006
2025-08-05 13:52:27,651 - INFO - Epoch 73: KLDiv Loss = 0.4317 | L1 Error = 0.0481 | Cosine Sim = 0.9001
2025-08-05 13:52:27,763 - INFO - Epoch 74: KLDiv Loss = 0.4283 | L1 Error = 0.0474 | Cosine Sim = 0.9002
2025-08-05 13:52:27,875 - INFO - Epoch 75: KLDiv Loss = 0.4209 | L1 Error = 0.0468 | Cosine Sim = 0.9027
2025-08-05 13:52:27,988 - INFO - Epoch 76: KLDiv Loss = 0.4132 | L1 Error = 0.0457 | Cosine Sim = 0.9046
2025-08-05 13:52:28,100 - INFO - Epoch 77: KLDiv Loss = 0.4066 | L1 Error = 0.0451 | Cosine Sim = 0.9065
2025-08-05 13:52:28,213 - INFO - Epoch 78: KLDiv Loss = 0.4008 | L1 Error = 0.0447 | Cosine Sim = 0.9078
2025-08-05 13:52:28,325 - INFO - Epoch 79: KLDiv Loss = 0.3928 | L1 Error = 0.0441 | Cosine Sim = 0.9093
2025-08-05 13:52:28,439 - INFO - Epoch 80: KLDiv Loss = 0.3887 | L1 Error = 0.0434 | Cosine Sim = 0.9099
2025-08-05 13:52:28,551 - INFO - Epoch 81: KLDiv Loss = 0.3858 | L1 Error = 0.0428 | Cosine Sim = 0.9093
2025-08-05 13:52:28,664 - INFO - Epoch 82: KLDiv Loss = 0.3734 | L1 Error = 0.0420 | Cosine Sim = 0.9128
2025-08-05 13:52:28,776 - INFO - Epoch 83: KLDiv Loss = 0.3731 | L1 Error = 0.0420 | Cosine Sim = 0.9127
2025-08-05 13:52:28,889 - INFO - Epoch 84: KLDiv Loss = 0.3719 | L1 Error = 0.0412 | Cosine Sim = 0.9119
2025-08-05 13:52:29,001 - INFO - Epoch 85: KLDiv Loss = 0.3607 | L1 Error = 0.0408 | Cosine Sim = 0.9145
2025-08-05 13:52:29,114 - INFO - Epoch 86: KLDiv Loss = 0.3578 | L1 Error = 0.0399 | Cosine Sim = 0.9146
2025-08-05 13:52:29,226 - INFO - Epoch 87: KLDiv Loss = 0.3474 | L1 Error = 0.0396 | Cosine Sim = 0.9186
2025-08-05 13:52:29,339 - INFO - Epoch 88: KLDiv Loss = 0.3465 | L1 Error = 0.0388 | Cosine Sim = 0.9191
2025-08-05 13:52:29,453 - INFO - Epoch 89: KLDiv Loss = 0.3459 | L1 Error = 0.0390 | Cosine Sim = 0.9181
2025-08-05 13:52:29,565 - INFO - Epoch 90: KLDiv Loss = 0.3304 | L1 Error = 0.0378 | Cosine Sim = 0.9234
2025-08-05 13:52:29,678 - INFO - Epoch 91: KLDiv Loss = 0.3271 | L1 Error = 0.0372 | Cosine Sim = 0.9228
2025-08-05 13:52:29,790 - INFO - Epoch 92: KLDiv Loss = 0.3230 | L1 Error = 0.0365 | Cosine Sim = 0.9233
2025-08-05 13:52:29,903 - INFO - Epoch 93: KLDiv Loss = 0.3219 | L1 Error = 0.0360 | Cosine Sim = 0.9229
2025-08-05 13:52:30,015 - INFO - Epoch 94: KLDiv Loss = 0.3172 | L1 Error = 0.0355 | Cosine Sim = 0.9233
2025-08-05 13:52:30,128 - INFO - Epoch 95: KLDiv Loss = 0.3104 | L1 Error = 0.0353 | Cosine Sim = 0.9256
2025-08-05 13:52:30,240 - INFO - Epoch 96: KLDiv Loss = 0.3114 | L1 Error = 0.0352 | Cosine Sim = 0.9247
2025-08-05 13:52:30,353 - INFO - Epoch 97: KLDiv Loss = 0.3054 | L1 Error = 0.0341 | Cosine Sim = 0.9258
2025-08-05 13:52:30,465 - INFO - Epoch 98: KLDiv Loss = 0.2949 | L1 Error = 0.0333 | Cosine Sim = 0.9289
2025-08-05 13:52:30,578 - INFO - Epoch 99: KLDiv Loss = 0.2901 | L1 Error = 0.0328 | Cosine Sim = 0.9297
2025-08-05 13:52:30,690 - INFO - Epoch 100: KLDiv Loss = 0.2888 | L1 Error = 0.0325 | Cosine Sim = 0.9295
2025-08-05 13:52:30,804 - INFO - Epoch 101: KLDiv Loss = 0.2869 | L1 Error = 0.0330 | Cosine Sim = 0.9301
2025-08-05 13:52:30,918 - INFO - Epoch 102: KLDiv Loss = 0.2809 | L1 Error = 0.0319 | Cosine Sim = 0.9322
2025-08-05 13:52:31,032 - INFO - Epoch 103: KLDiv Loss = 0.2711 | L1 Error = 0.0310 | Cosine Sim = 0.9354
2025-08-05 13:52:31,146 - INFO - Epoch 104: KLDiv Loss = 0.2711 | L1 Error = 0.0309 | Cosine Sim = 0.9347
2025-08-05 13:52:31,260 - INFO - Epoch 105: KLDiv Loss = 0.2792 | L1 Error = 0.0311 | Cosine Sim = 0.9316
2025-08-05 13:52:31,374 - INFO - Epoch 106: KLDiv Loss = 0.2639 | L1 Error = 0.0304 | Cosine Sim = 0.9353
2025-08-05 13:52:31,488 - INFO - Epoch 107: KLDiv Loss = 0.2737 | L1 Error = 0.0306 | Cosine Sim = 0.9325
2025-08-05 13:52:31,602 - INFO - Epoch 108: KLDiv Loss = 0.2612 | L1 Error = 0.0297 | Cosine Sim = 0.9357
2025-08-05 13:52:31,716 - INFO - Epoch 109: KLDiv Loss = 0.2569 | L1 Error = 0.0297 | Cosine Sim = 0.9378
2025-08-05 13:52:31,829 - INFO - Epoch 110: KLDiv Loss = 0.2589 | L1 Error = 0.0293 | Cosine Sim = 0.9358
2025-08-05 13:52:31,943 - INFO - Epoch 111: KLDiv Loss = 0.2566 | L1 Error = 0.0290 | Cosine Sim = 0.9367
2025-08-05 13:52:32,058 - INFO - Epoch 112: KLDiv Loss = 0.2427 | L1 Error = 0.0279 | Cosine Sim = 0.9400
2025-08-05 13:52:32,172 - INFO - Epoch 113: KLDiv Loss = 0.2347 | L1 Error = 0.0274 | Cosine Sim = 0.9430
2025-08-05 13:52:32,285 - INFO - Epoch 114: KLDiv Loss = 0.2408 | L1 Error = 0.0279 | Cosine Sim = 0.9411
2025-08-05 13:52:32,399 - INFO - Epoch 115: KLDiv Loss = 0.2332 | L1 Error = 0.0273 | Cosine Sim = 0.9430
2025-08-05 13:52:32,514 - INFO - Epoch 116: KLDiv Loss = 0.2300 | L1 Error = 0.0268 | Cosine Sim = 0.9435
2025-08-05 13:52:32,628 - INFO - Epoch 117: KLDiv Loss = 0.2283 | L1 Error = 0.0266 | Cosine Sim = 0.9446
2025-08-05 13:52:32,742 - INFO - Epoch 118: KLDiv Loss = 0.2254 | L1 Error = 0.0261 | Cosine Sim = 0.9444
2025-08-05 13:52:32,856 - INFO - Epoch 119: KLDiv Loss = 0.2297 | L1 Error = 0.0264 | Cosine Sim = 0.9424
2025-08-05 13:52:32,970 - INFO - Epoch 120: KLDiv Loss = 0.2285 | L1 Error = 0.0261 | Cosine Sim = 0.9430
2025-08-05 13:52:33,084 - INFO - Epoch 121: KLDiv Loss = 0.2169 | L1 Error = 0.0253 | Cosine Sim = 0.9469
2025-08-05 13:52:33,198 - INFO - Epoch 122: KLDiv Loss = 0.2167 | L1 Error = 0.0247 | Cosine Sim = 0.9456
2025-08-05 13:52:33,313 - INFO - Epoch 123: KLDiv Loss = 0.2158 | L1 Error = 0.0250 | Cosine Sim = 0.9470
2025-08-05 13:52:33,427 - INFO - Epoch 124: KLDiv Loss = 0.2124 | L1 Error = 0.0247 | Cosine Sim = 0.9478
2025-08-05 13:52:33,541 - INFO - Epoch 125: KLDiv Loss = 0.2175 | L1 Error = 0.0247 | Cosine Sim = 0.9460
2025-08-05 13:52:33,655 - INFO - Epoch 126: KLDiv Loss = 0.2012 | L1 Error = 0.0237 | Cosine Sim = 0.9507
2025-08-05 13:52:33,768 - INFO - Epoch 127: KLDiv Loss = 0.2035 | L1 Error = 0.0238 | Cosine Sim = 0.9489
2025-08-05 13:52:33,882 - INFO - Epoch 128: KLDiv Loss = 0.1935 | L1 Error = 0.0230 | Cosine Sim = 0.9534
2025-08-05 13:52:33,996 - INFO - Epoch 129: KLDiv Loss = 0.1986 | L1 Error = 0.0230 | Cosine Sim = 0.9505
2025-08-05 13:52:34,108 - INFO - Epoch 130: KLDiv Loss = 0.1960 | L1 Error = 0.0229 | Cosine Sim = 0.9510
2025-08-05 13:52:34,221 - INFO - Epoch 131: KLDiv Loss = 0.1954 | L1 Error = 0.0228 | Cosine Sim = 0.9502
2025-08-05 13:52:34,334 - INFO - Epoch 132: KLDiv Loss = 0.1886 | L1 Error = 0.0224 | Cosine Sim = 0.9547
2025-08-05 13:52:34,446 - INFO - Epoch 133: KLDiv Loss = 0.1997 | L1 Error = 0.0230 | Cosine Sim = 0.9505
2025-08-05 13:52:34,559 - INFO - Epoch 134: KLDiv Loss = 0.1951 | L1 Error = 0.0227 | Cosine Sim = 0.9511
2025-08-05 13:52:34,671 - INFO - Epoch 135: KLDiv Loss = 0.1948 | L1 Error = 0.0225 | Cosine Sim = 0.9500
2025-08-05 13:52:34,784 - INFO - Epoch 136: KLDiv Loss = 0.1905 | L1 Error = 0.0218 | Cosine Sim = 0.9525
2025-08-05 13:52:34,897 - INFO - Epoch 137: KLDiv Loss = 0.1905 | L1 Error = 0.0215 | Cosine Sim = 0.9521
2025-08-05 13:52:35,010 - INFO - Epoch 138: KLDiv Loss = 0.1988 | L1 Error = 0.0227 | Cosine Sim = 0.9476
2025-08-05 13:52:35,123 - INFO - Epoch 139: KLDiv Loss = 0.1776 | L1 Error = 0.0208 | Cosine Sim = 0.9567
2025-08-05 13:52:35,235 - INFO - Epoch 140: KLDiv Loss = 0.1852 | L1 Error = 0.0219 | Cosine Sim = 0.9541
2025-08-05 13:52:35,348 - INFO - Epoch 141: KLDiv Loss = 0.1822 | L1 Error = 0.0208 | Cosine Sim = 0.9544
2025-08-05 13:52:35,460 - INFO - Epoch 142: KLDiv Loss = 0.1817 | L1 Error = 0.0206 | Cosine Sim = 0.9547
2025-08-05 13:52:35,573 - INFO - Epoch 143: KLDiv Loss = 0.1632 | L1 Error = 0.0195 | Cosine Sim = 0.9605
2025-08-05 13:52:35,685 - INFO - Epoch 144: KLDiv Loss = 0.1680 | L1 Error = 0.0197 | Cosine Sim = 0.9577
2025-08-05 13:52:35,798 - INFO - Epoch 145: KLDiv Loss = 0.1612 | L1 Error = 0.0189 | Cosine Sim = 0.9606
2025-08-05 13:52:35,910 - INFO - Epoch 146: KLDiv Loss = 0.1593 | L1 Error = 0.0186 | Cosine Sim = 0.9609
2025-08-05 13:52:36,023 - INFO - Epoch 147: KLDiv Loss = 0.1625 | L1 Error = 0.0195 | Cosine Sim = 0.9592
2025-08-05 13:52:36,136 - INFO - Epoch 148: KLDiv Loss = 0.1598 | L1 Error = 0.0188 | Cosine Sim = 0.9608
2025-08-05 13:52:36,248 - INFO - Epoch 149: KLDiv Loss = 0.1627 | L1 Error = 0.0191 | Cosine Sim = 0.9590
2025-08-05 13:52:36,361 - INFO - Epoch 150: KLDiv Loss = 0.1671 | L1 Error = 0.0193 | Cosine Sim = 0.9578
2025-08-05 13:52:36,475 - INFO - Epoch 151: KLDiv Loss = 0.1587 | L1 Error = 0.0190 | Cosine Sim = 0.9608
2025-08-05 13:52:36,587 - INFO - Epoch 152: KLDiv Loss = 0.1638 | L1 Error = 0.0190 | Cosine Sim = 0.9579
2025-08-05 13:52:36,700 - INFO - Epoch 153: KLDiv Loss = 0.1570 | L1 Error = 0.0182 | Cosine Sim = 0.9611
2025-08-05 13:52:36,812 - INFO - Epoch 154: KLDiv Loss = 0.1538 | L1 Error = 0.0179 | Cosine Sim = 0.9609
2025-08-05 13:52:36,925 - INFO - Epoch 155: KLDiv Loss = 0.1578 | L1 Error = 0.0179 | Cosine Sim = 0.9601
2025-08-05 13:52:37,038 - INFO - Epoch 156: KLDiv Loss = 0.1422 | L1 Error = 0.0170 | Cosine Sim = 0.9665
2025-08-05 13:52:37,150 - INFO - Epoch 157: KLDiv Loss = 0.1515 | L1 Error = 0.0176 | Cosine Sim = 0.9611
2025-08-05 13:52:37,263 - INFO - Epoch 158: KLDiv Loss = 0.1462 | L1 Error = 0.0172 | Cosine Sim = 0.9643
2025-08-05 13:52:37,375 - INFO - Epoch 159: KLDiv Loss = 0.1400 | L1 Error = 0.0170 | Cosine Sim = 0.9662
2025-08-05 13:52:37,488 - INFO - Epoch 160: KLDiv Loss = 0.1410 | L1 Error = 0.0166 | Cosine Sim = 0.9645
2025-08-05 13:52:37,600 - INFO - Epoch 161: KLDiv Loss = 0.1398 | L1 Error = 0.0165 | Cosine Sim = 0.9648
2025-08-05 13:52:37,713 - INFO - Epoch 162: KLDiv Loss = 0.1374 | L1 Error = 0.0162 | Cosine Sim = 0.9654
2025-08-05 13:52:37,826 - INFO - Epoch 163: KLDiv Loss = 0.1374 | L1 Error = 0.0164 | Cosine Sim = 0.9656
2025-08-05 13:52:37,939 - INFO - Epoch 164: KLDiv Loss = 0.1360 | L1 Error = 0.0159 | Cosine Sim = 0.9651
2025-08-05 13:52:38,051 - INFO - Epoch 165: KLDiv Loss = 0.1410 | L1 Error = 0.0162 | Cosine Sim = 0.9644
2025-08-05 13:52:38,163 - INFO - Epoch 166: KLDiv Loss = 0.1425 | L1 Error = 0.0165 | Cosine Sim = 0.9628
2025-08-05 13:52:38,275 - INFO - Epoch 167: KLDiv Loss = 0.1389 | L1 Error = 0.0161 | Cosine Sim = 0.9640
2025-08-05 13:52:38,387 - INFO - Epoch 168: KLDiv Loss = 0.1404 | L1 Error = 0.0161 | Cosine Sim = 0.9633
2025-08-05 13:52:38,500 - INFO - Epoch 169: KLDiv Loss = 0.1358 | L1 Error = 0.0156 | Cosine Sim = 0.9658
2025-08-05 13:52:38,612 - INFO - Epoch 170: KLDiv Loss = 0.1358 | L1 Error = 0.0159 | Cosine Sim = 0.9660
2025-08-05 13:52:38,725 - INFO - Epoch 171: KLDiv Loss = 0.1303 | L1 Error = 0.0153 | Cosine Sim = 0.9660
2025-08-05 13:52:38,837 - INFO - Epoch 172: KLDiv Loss = 0.1461 | L1 Error = 0.0165 | Cosine Sim = 0.9632
2025-08-05 13:52:38,949 - INFO - Epoch 173: KLDiv Loss = 0.1428 | L1 Error = 0.0158 | Cosine Sim = 0.9631
2025-08-05 13:52:39,061 - INFO - Epoch 174: KLDiv Loss = 0.1319 | L1 Error = 0.0152 | Cosine Sim = 0.9656
2025-08-05 13:52:39,173 - INFO - Epoch 175: KLDiv Loss = 0.1299 | L1 Error = 0.0151 | Cosine Sim = 0.9660
2025-08-05 13:52:39,286 - INFO - Epoch 176: KLDiv Loss = 0.1260 | L1 Error = 0.0149 | Cosine Sim = 0.9686
2025-08-05 13:52:39,398 - INFO - Epoch 177: KLDiv Loss = 0.1245 | L1 Error = 0.0151 | Cosine Sim = 0.9669
2025-08-05 13:52:39,509 - INFO - Epoch 178: KLDiv Loss = 0.1271 | L1 Error = 0.0147 | Cosine Sim = 0.9665
2025-08-05 13:52:39,621 - INFO - Epoch 179: KLDiv Loss = 0.1387 | L1 Error = 0.0157 | Cosine Sim = 0.9614
2025-08-05 13:52:39,733 - INFO - Epoch 180: KLDiv Loss = 0.1304 | L1 Error = 0.0148 | Cosine Sim = 0.9662
2025-08-05 13:52:39,847 - INFO - Epoch 181: KLDiv Loss = 0.1294 | L1 Error = 0.0144 | Cosine Sim = 0.9666
2025-08-05 13:52:39,959 - INFO - Epoch 182: KLDiv Loss = 0.1326 | L1 Error = 0.0151 | Cosine Sim = 0.9655
2025-08-05 13:52:40,072 - INFO - Epoch 183: KLDiv Loss = 0.1395 | L1 Error = 0.0153 | Cosine Sim = 0.9621
2025-08-05 13:52:40,184 - INFO - Epoch 184: KLDiv Loss = 0.1194 | L1 Error = 0.0143 | Cosine Sim = 0.9690
2025-08-05 13:52:40,297 - INFO - Epoch 185: KLDiv Loss = 0.1252 | L1 Error = 0.0138 | Cosine Sim = 0.9676
2025-08-05 13:52:40,409 - INFO - Epoch 186: KLDiv Loss = 0.1225 | L1 Error = 0.0140 | Cosine Sim = 0.9678
2025-08-05 13:52:40,521 - INFO - Epoch 187: KLDiv Loss = 0.1151 | L1 Error = 0.0136 | Cosine Sim = 0.9706
2025-08-05 13:52:40,634 - INFO - Epoch 188: KLDiv Loss = 0.1160 | L1 Error = 0.0130 | Cosine Sim = 0.9696
2025-08-05 13:52:40,746 - INFO - Epoch 189: KLDiv Loss = 0.1157 | L1 Error = 0.0138 | Cosine Sim = 0.9683
2025-08-05 13:52:40,858 - INFO - Epoch 190: KLDiv Loss = 0.1215 | L1 Error = 0.0142 | Cosine Sim = 0.9659
2025-08-05 13:52:40,971 - INFO - Epoch 191: KLDiv Loss = 0.1150 | L1 Error = 0.0132 | Cosine Sim = 0.9701
2025-08-05 13:52:41,083 - INFO - Epoch 192: KLDiv Loss = 0.1159 | L1 Error = 0.0133 | Cosine Sim = 0.9693
2025-08-05 13:52:41,195 - INFO - Epoch 193: KLDiv Loss = 0.1288 | L1 Error = 0.0143 | Cosine Sim = 0.9647
2025-08-05 13:52:41,308 - INFO - Epoch 194: KLDiv Loss = 0.1134 | L1 Error = 0.0132 | Cosine Sim = 0.9700
2025-08-05 13:52:41,420 - INFO - Epoch 195: KLDiv Loss = 0.1239 | L1 Error = 0.0136 | Cosine Sim = 0.9657
2025-08-05 13:52:41,532 - INFO - Epoch 196: KLDiv Loss = 0.1197 | L1 Error = 0.0139 | Cosine Sim = 0.9672
2025-08-05 13:52:41,645 - INFO - Epoch 197: KLDiv Loss = 0.1055 | L1 Error = 0.0122 | Cosine Sim = 0.9726
2025-08-05 13:52:41,758 - INFO - Epoch 198: KLDiv Loss = 0.1092 | L1 Error = 0.0126 | Cosine Sim = 0.9708
2025-08-05 13:52:41,871 - INFO - Epoch 199: KLDiv Loss = 0.1138 | L1 Error = 0.0128 | Cosine Sim = 0.9686
2025-08-05 13:52:41,983 - INFO - Epoch 200: KLDiv Loss = 0.1207 | L1 Error = 0.0127 | Cosine Sim = 0.9679
2025-08-05 13:52:42,095 - INFO - Epoch 201: KLDiv Loss = 0.1034 | L1 Error = 0.0121 | Cosine Sim = 0.9722
2025-08-05 13:52:42,208 - INFO - Epoch 202: KLDiv Loss = 0.1108 | L1 Error = 0.0125 | Cosine Sim = 0.9700
2025-08-05 13:52:42,320 - INFO - Epoch 203: KLDiv Loss = 0.1110 | L1 Error = 0.0128 | Cosine Sim = 0.9698
2025-08-05 13:52:42,433 - INFO - Epoch 204: KLDiv Loss = 0.1104 | L1 Error = 0.0126 | Cosine Sim = 0.9702
2025-08-05 13:52:42,545 - INFO - Epoch 205: KLDiv Loss = 0.0991 | L1 Error = 0.0119 | Cosine Sim = 0.9736
2025-08-05 13:52:42,657 - INFO - Epoch 206: KLDiv Loss = 0.1050 | L1 Error = 0.0121 | Cosine Sim = 0.9709
2025-08-05 13:52:42,770 - INFO - Epoch 207: KLDiv Loss = 0.1067 | L1 Error = 0.0123 | Cosine Sim = 0.9692
2025-08-05 13:52:42,882 - INFO - Epoch 208: KLDiv Loss = 0.1086 | L1 Error = 0.0124 | Cosine Sim = 0.9689
2025-08-05 13:52:42,995 - INFO - Epoch 209: KLDiv Loss = 0.1022 | L1 Error = 0.0113 | Cosine Sim = 0.9731
2025-08-05 13:52:43,108 - INFO - Epoch 210: KLDiv Loss = 0.1015 | L1 Error = 0.0115 | Cosine Sim = 0.9724
2025-08-05 13:52:43,221 - INFO - Epoch 211: KLDiv Loss = 0.1004 | L1 Error = 0.0116 | Cosine Sim = 0.9731
2025-08-05 13:52:43,333 - INFO - Epoch 212: KLDiv Loss = 0.1053 | L1 Error = 0.0120 | Cosine Sim = 0.9707
2025-08-05 13:52:43,446 - INFO - Epoch 213: KLDiv Loss = 0.1386 | L1 Error = 0.0132 | Cosine Sim = 0.9633
2025-08-05 13:52:43,558 - INFO - Epoch 214: KLDiv Loss = 0.1066 | L1 Error = 0.0118 | Cosine Sim = 0.9701
2025-08-05 13:52:43,670 - INFO - Epoch 215: KLDiv Loss = 0.1065 | L1 Error = 0.0119 | Cosine Sim = 0.9696
2025-08-05 13:52:43,783 - INFO - Epoch 216: KLDiv Loss = 0.1023 | L1 Error = 0.0115 | Cosine Sim = 0.9710
2025-08-05 13:52:43,895 - INFO - Epoch 217: KLDiv Loss = 0.1046 | L1 Error = 0.0113 | Cosine Sim = 0.9708
2025-08-05 13:52:44,008 - INFO - Epoch 218: KLDiv Loss = 0.1218 | L1 Error = 0.0126 | Cosine Sim = 0.9669
2025-08-05 13:52:44,120 - INFO - Epoch 219: KLDiv Loss = 0.1010 | L1 Error = 0.0114 | Cosine Sim = 0.9716
2025-08-05 13:52:44,233 - INFO - Epoch 220: KLDiv Loss = 0.1008 | L1 Error = 0.0113 | Cosine Sim = 0.9722
2025-08-05 13:52:44,345 - INFO - Epoch 221: KLDiv Loss = 0.0968 | L1 Error = 0.0113 | Cosine Sim = 0.9726
2025-08-05 13:52:44,458 - INFO - Epoch 222: KLDiv Loss = 0.1000 | L1 Error = 0.0112 | Cosine Sim = 0.9716
2025-08-05 13:52:44,570 - INFO - Epoch 223: KLDiv Loss = 0.1110 | L1 Error = 0.0119 | Cosine Sim = 0.9691
2025-08-05 13:52:44,683 - INFO - Epoch 224: KLDiv Loss = 0.0955 | L1 Error = 0.0111 | Cosine Sim = 0.9743
2025-08-05 13:52:44,795 - INFO - Epoch 225: KLDiv Loss = 0.0989 | L1 Error = 0.0113 | Cosine Sim = 0.9716
2025-08-05 13:52:44,907 - INFO - Epoch 226: KLDiv Loss = 0.1015 | L1 Error = 0.0110 | Cosine Sim = 0.9724
2025-08-05 13:52:45,020 - INFO - Epoch 227: KLDiv Loss = 0.0929 | L1 Error = 0.0103 | Cosine Sim = 0.9746
2025-08-05 13:52:45,133 - INFO - Epoch 228: KLDiv Loss = 0.0935 | L1 Error = 0.0106 | Cosine Sim = 0.9740
2025-08-05 13:52:45,245 - INFO - Epoch 229: KLDiv Loss = 0.0979 | L1 Error = 0.0108 | Cosine Sim = 0.9728
2025-08-05 13:52:45,358 - INFO - Epoch 230: KLDiv Loss = 0.0994 | L1 Error = 0.0108 | Cosine Sim = 0.9723
2025-08-05 13:52:45,470 - INFO - Epoch 231: KLDiv Loss = 0.0946 | L1 Error = 0.0106 | Cosine Sim = 0.9742
2025-08-05 13:52:45,583 - INFO - Epoch 232: KLDiv Loss = 0.0944 | L1 Error = 0.0104 | Cosine Sim = 0.9735
2025-08-05 13:52:45,695 - INFO - Epoch 233: KLDiv Loss = 0.0950 | L1 Error = 0.0109 | Cosine Sim = 0.9721
2025-08-05 13:52:45,807 - INFO - Epoch 234: KLDiv Loss = 0.0989 | L1 Error = 0.0105 | Cosine Sim = 0.9727
2025-08-05 13:52:45,919 - INFO - Epoch 235: KLDiv Loss = 0.1274 | L1 Error = 0.0123 | Cosine Sim = 0.9645
2025-08-05 13:52:46,031 - INFO - Epoch 236: KLDiv Loss = 0.1129 | L1 Error = 0.0115 | Cosine Sim = 0.9673
2025-08-05 13:52:46,144 - INFO - Epoch 237: KLDiv Loss = 0.1002 | L1 Error = 0.0105 | Cosine Sim = 0.9723
2025-08-05 13:52:46,257 - INFO - Epoch 238: KLDiv Loss = 0.1011 | L1 Error = 0.0107 | Cosine Sim = 0.9717
2025-08-05 13:52:46,369 - INFO - Epoch 239: KLDiv Loss = 0.1054 | L1 Error = 0.0108 | Cosine Sim = 0.9696
2025-08-05 13:52:46,482 - INFO - Epoch 240: KLDiv Loss = 0.0913 | L1 Error = 0.0103 | Cosine Sim = 0.9733
2025-08-05 13:52:46,594 - INFO - Epoch 241: KLDiv Loss = 0.0933 | L1 Error = 0.0098 | Cosine Sim = 0.9743
2025-08-05 13:52:46,707 - INFO - Epoch 242: KLDiv Loss = 0.0929 | L1 Error = 0.0100 | Cosine Sim = 0.9732
2025-08-05 13:52:46,819 - INFO - Epoch 243: KLDiv Loss = 0.0898 | L1 Error = 0.0096 | Cosine Sim = 0.9750
2025-08-05 13:52:46,932 - INFO - Epoch 244: KLDiv Loss = 0.0885 | L1 Error = 0.0096 | Cosine Sim = 0.9750
2025-08-05 13:52:47,044 - INFO - Epoch 245: KLDiv Loss = 0.0972 | L1 Error = 0.0096 | Cosine Sim = 0.9735
2025-08-05 13:52:47,156 - INFO - Epoch 246: KLDiv Loss = 0.0904 | L1 Error = 0.0097 | Cosine Sim = 0.9742
2025-08-05 13:52:47,269 - INFO - Epoch 247: KLDiv Loss = 0.0975 | L1 Error = 0.0102 | Cosine Sim = 0.9726
2025-08-05 13:52:47,381 - INFO - Epoch 248: KLDiv Loss = 0.0852 | L1 Error = 0.0094 | Cosine Sim = 0.9761
2025-08-05 13:52:47,494 - INFO - Epoch 249: KLDiv Loss = 0.0878 | L1 Error = 0.0093 | Cosine Sim = 0.9751
2025-08-05 13:52:47,606 - INFO - Epoch 250: KLDiv Loss = 0.0818 | L1 Error = 0.0090 | Cosine Sim = 0.9762
2025-08-05 13:52:47,719 - INFO - Epoch 251: KLDiv Loss = 0.1042 | L1 Error = 0.0108 | Cosine Sim = 0.9696
2025-08-05 13:52:47,831 - INFO - Epoch 252: KLDiv Loss = 0.1051 | L1 Error = 0.0107 | Cosine Sim = 0.9689
2025-08-05 13:52:47,943 - INFO - Epoch 253: KLDiv Loss = 0.0833 | L1 Error = 0.0093 | Cosine Sim = 0.9759
2025-08-05 13:52:48,056 - INFO - Epoch 254: KLDiv Loss = 0.0919 | L1 Error = 0.0096 | Cosine Sim = 0.9733
2025-08-05 13:52:48,168 - INFO - Epoch 255: KLDiv Loss = 0.0832 | L1 Error = 0.0092 | Cosine Sim = 0.9763
2025-08-05 13:52:48,280 - INFO - Epoch 256: KLDiv Loss = 0.0831 | L1 Error = 0.0093 | Cosine Sim = 0.9752
2025-08-05 13:52:48,401 - INFO - Test: Loss = 3.3304, Quant Error = 0.8629
2025-08-05 13:52:48,401 - INFO - Dynamic Top-K Accuracy (per sample): 68.99%
2025-08-05 13:52:48,408 - INFO - [Gradient Run 1] Training time: 30.91s
