2025-08-05 14:18:49,282 - INFO - ------------------------------------Gradient-------------------------------------------
2025-08-05 14:18:49,282 - INFO - [Gradient Run 1] Starting
2025-08-05 14:18:51,050 - INFO - Training on device: cuda
2025-08-05 14:18:51,328 - INFO - Epoch 01: KLDiv Loss = 2.3293 | L1 Error = 0.1494 | Cosine Sim = 0.3253
2025-08-05 14:18:51,440 - INFO - Epoch 02: KLDiv Loss = 2.2364 | L1 Error = 0.1476 | Cosine Sim = 0.3563
2025-08-05 14:18:51,555 - INFO - Epoch 03: KLDiv Loss = 2.1521 | L1 Error = 0.1457 | Cosine Sim = 0.3843
2025-08-05 14:18:51,667 - INFO - Epoch 04: KLDiv Loss = 2.0937 | L1 Error = 0.1441 | Cosine Sim = 0.4049
2025-08-05 14:18:51,779 - INFO - Epoch 05: KLDiv Loss = 2.0348 | L1 Error = 0.1426 | Cosine Sim = 0.4263
2025-08-05 14:18:51,891 - INFO - Epoch 06: KLDiv Loss = 1.9815 | L1 Error = 0.1411 | Cosine Sim = 0.4471
2025-08-05 14:18:52,002 - INFO - Epoch 07: KLDiv Loss = 1.9408 | L1 Error = 0.1398 | Cosine Sim = 0.4607
2025-08-05 14:18:52,114 - INFO - Epoch 08: KLDiv Loss = 1.8950 | L1 Error = 0.1384 | Cosine Sim = 0.4768
2025-08-05 14:18:52,226 - INFO - Epoch 09: KLDiv Loss = 1.8538 | L1 Error = 0.1368 | Cosine Sim = 0.4912
2025-08-05 14:18:52,338 - INFO - Epoch 10: KLDiv Loss = 1.8086 | L1 Error = 0.1351 | Cosine Sim = 0.5062
2025-08-05 14:18:52,450 - INFO - Epoch 11: KLDiv Loss = 1.7635 | L1 Error = 0.1335 | Cosine Sim = 0.5215
2025-08-05 14:18:52,561 - INFO - Epoch 12: KLDiv Loss = 1.7227 | L1 Error = 0.1318 | Cosine Sim = 0.5353
2025-08-05 14:18:52,673 - INFO - Epoch 13: KLDiv Loss = 1.6820 | L1 Error = 0.1303 | Cosine Sim = 0.5495
2025-08-05 14:18:52,785 - INFO - Epoch 14: KLDiv Loss = 1.6442 | L1 Error = 0.1286 | Cosine Sim = 0.5616
2025-08-05 14:18:52,897 - INFO - Epoch 15: KLDiv Loss = 1.6115 | L1 Error = 0.1271 | Cosine Sim = 0.5723
2025-08-05 14:18:53,009 - INFO - Epoch 16: KLDiv Loss = 1.5834 | L1 Error = 0.1258 | Cosine Sim = 0.5810
2025-08-05 14:18:53,120 - INFO - Epoch 17: KLDiv Loss = 1.5457 | L1 Error = 0.1240 | Cosine Sim = 0.5926
2025-08-05 14:18:53,232 - INFO - Epoch 18: KLDiv Loss = 1.5067 | L1 Error = 0.1223 | Cosine Sim = 0.6054
2025-08-05 14:18:53,344 - INFO - Epoch 19: KLDiv Loss = 1.4860 | L1 Error = 0.1212 | Cosine Sim = 0.6118
2025-08-05 14:18:53,455 - INFO - Epoch 20: KLDiv Loss = 1.4599 | L1 Error = 0.1199 | Cosine Sim = 0.6197
2025-08-05 14:18:53,567 - INFO - Epoch 21: KLDiv Loss = 1.4337 | L1 Error = 0.1185 | Cosine Sim = 0.6279
2025-08-05 14:18:53,679 - INFO - Epoch 22: KLDiv Loss = 1.3883 | L1 Error = 0.1161 | Cosine Sim = 0.6396
2025-08-05 14:18:53,790 - INFO - Epoch 23: KLDiv Loss = 1.3685 | L1 Error = 0.1150 | Cosine Sim = 0.6462
2025-08-05 14:18:53,902 - INFO - Epoch 24: KLDiv Loss = 1.3346 | L1 Error = 0.1129 | Cosine Sim = 0.6549
2025-08-05 14:18:54,013 - INFO - Epoch 25: KLDiv Loss = 1.3008 | L1 Error = 0.1113 | Cosine Sim = 0.6657
2025-08-05 14:18:54,125 - INFO - Epoch 26: KLDiv Loss = 1.2701 | L1 Error = 0.1095 | Cosine Sim = 0.6737
2025-08-05 14:18:54,238 - INFO - Epoch 27: KLDiv Loss = 1.2500 | L1 Error = 0.1083 | Cosine Sim = 0.6795
2025-08-05 14:18:54,350 - INFO - Epoch 28: KLDiv Loss = 1.2212 | L1 Error = 0.1067 | Cosine Sim = 0.6875
2025-08-05 14:18:54,462 - INFO - Epoch 29: KLDiv Loss = 1.1862 | L1 Error = 0.1045 | Cosine Sim = 0.6974
2025-08-05 14:18:54,574 - INFO - Epoch 30: KLDiv Loss = 1.1721 | L1 Error = 0.1037 | Cosine Sim = 0.7019
2025-08-05 14:18:54,685 - INFO - Epoch 31: KLDiv Loss = 1.1464 | L1 Error = 0.1022 | Cosine Sim = 0.7083
2025-08-05 14:18:54,797 - INFO - Epoch 32: KLDiv Loss = 1.1389 | L1 Error = 0.1016 | Cosine Sim = 0.7087
2025-08-05 14:18:54,909 - INFO - Epoch 33: KLDiv Loss = 1.1053 | L1 Error = 0.0996 | Cosine Sim = 0.7204
2025-08-05 14:18:55,020 - INFO - Epoch 34: KLDiv Loss = 1.0798 | L1 Error = 0.0979 | Cosine Sim = 0.7269
2025-08-05 14:18:55,132 - INFO - Epoch 35: KLDiv Loss = 1.0734 | L1 Error = 0.0977 | Cosine Sim = 0.7275
2025-08-05 14:18:55,245 - INFO - Epoch 36: KLDiv Loss = 1.0413 | L1 Error = 0.0955 | Cosine Sim = 0.7375
2025-08-05 14:18:55,357 - INFO - Epoch 37: KLDiv Loss = 1.0456 | L1 Error = 0.0949 | Cosine Sim = 0.7343
2025-08-05 14:18:55,469 - INFO - Epoch 38: KLDiv Loss = 1.0196 | L1 Error = 0.0941 | Cosine Sim = 0.7418
2025-08-05 14:18:55,581 - INFO - Epoch 39: KLDiv Loss = 1.0039 | L1 Error = 0.0929 | Cosine Sim = 0.7450
2025-08-05 14:18:55,693 - INFO - Epoch 40: KLDiv Loss = 0.9756 | L1 Error = 0.0912 | Cosine Sim = 0.7531
2025-08-05 14:18:55,804 - INFO - Epoch 41: KLDiv Loss = 0.9791 | L1 Error = 0.0912 | Cosine Sim = 0.7518
2025-08-05 14:18:55,916 - INFO - Epoch 42: KLDiv Loss = 0.9494 | L1 Error = 0.0895 | Cosine Sim = 0.7615
2025-08-05 14:18:56,028 - INFO - Epoch 43: KLDiv Loss = 0.9312 | L1 Error = 0.0883 | Cosine Sim = 0.7658
2025-08-05 14:18:56,141 - INFO - Epoch 44: KLDiv Loss = 0.9095 | L1 Error = 0.0866 | Cosine Sim = 0.7723
2025-08-05 14:18:56,253 - INFO - Epoch 45: KLDiv Loss = 0.8957 | L1 Error = 0.0857 | Cosine Sim = 0.7767
2025-08-05 14:18:56,364 - INFO - Epoch 46: KLDiv Loss = 0.8795 | L1 Error = 0.0842 | Cosine Sim = 0.7797
2025-08-05 14:18:56,476 - INFO - Epoch 47: KLDiv Loss = 0.8643 | L1 Error = 0.0836 | Cosine Sim = 0.7851
2025-08-05 14:18:56,588 - INFO - Epoch 48: KLDiv Loss = 0.8500 | L1 Error = 0.0821 | Cosine Sim = 0.7891
2025-08-05 14:18:56,700 - INFO - Epoch 49: KLDiv Loss = 0.8511 | L1 Error = 0.0823 | Cosine Sim = 0.7859
2025-08-05 14:18:56,811 - INFO - Epoch 50: KLDiv Loss = 0.8507 | L1 Error = 0.0815 | Cosine Sim = 0.7895
2025-08-05 14:18:56,923 - INFO - Epoch 51: KLDiv Loss = 0.8177 | L1 Error = 0.0804 | Cosine Sim = 0.7980
2025-08-05 14:18:57,035 - INFO - Epoch 52: KLDiv Loss = 0.8155 | L1 Error = 0.0792 | Cosine Sim = 0.7969
2025-08-05 14:18:57,147 - INFO - Epoch 53: KLDiv Loss = 0.7943 | L1 Error = 0.0781 | Cosine Sim = 0.8050
2025-08-05 14:18:57,258 - INFO - Epoch 54: KLDiv Loss = 0.7907 | L1 Error = 0.0781 | Cosine Sim = 0.8041
2025-08-05 14:18:57,370 - INFO - Epoch 55: KLDiv Loss = 0.7694 | L1 Error = 0.0764 | Cosine Sim = 0.8121
2025-08-05 14:18:57,482 - INFO - Epoch 56: KLDiv Loss = 0.7550 | L1 Error = 0.0752 | Cosine Sim = 0.8157
2025-08-05 14:18:57,594 - INFO - Epoch 57: KLDiv Loss = 0.7690 | L1 Error = 0.0756 | Cosine Sim = 0.8131
2025-08-05 14:18:57,705 - INFO - Epoch 58: KLDiv Loss = 0.7308 | L1 Error = 0.0738 | Cosine Sim = 0.8224
2025-08-05 14:18:57,817 - INFO - Epoch 59: KLDiv Loss = 0.7135 | L1 Error = 0.0720 | Cosine Sim = 0.8276
2025-08-05 14:18:57,929 - INFO - Epoch 60: KLDiv Loss = 0.7028 | L1 Error = 0.0714 | Cosine Sim = 0.8291
2025-08-05 14:18:58,042 - INFO - Epoch 61: KLDiv Loss = 0.6925 | L1 Error = 0.0706 | Cosine Sim = 0.8343
2025-08-05 14:18:58,154 - INFO - Epoch 62: KLDiv Loss = 0.6904 | L1 Error = 0.0704 | Cosine Sim = 0.8349
2025-08-05 14:18:58,265 - INFO - Epoch 63: KLDiv Loss = 0.6709 | L1 Error = 0.0688 | Cosine Sim = 0.8395
2025-08-05 14:18:58,377 - INFO - Epoch 64: KLDiv Loss = 0.6795 | L1 Error = 0.0688 | Cosine Sim = 0.8370
2025-08-05 14:18:58,489 - INFO - Epoch 65: KLDiv Loss = 0.6438 | L1 Error = 0.0666 | Cosine Sim = 0.8470
2025-08-05 14:18:58,601 - INFO - Epoch 66: KLDiv Loss = 0.6434 | L1 Error = 0.0668 | Cosine Sim = 0.8488
2025-08-05 14:18:58,712 - INFO - Epoch 67: KLDiv Loss = 0.6370 | L1 Error = 0.0660 | Cosine Sim = 0.8501
2025-08-05 14:18:58,824 - INFO - Epoch 68: KLDiv Loss = 0.6167 | L1 Error = 0.0642 | Cosine Sim = 0.8560
2025-08-05 14:18:58,936 - INFO - Epoch 69: KLDiv Loss = 0.6110 | L1 Error = 0.0636 | Cosine Sim = 0.8568
2025-08-05 14:18:59,047 - INFO - Epoch 70: KLDiv Loss = 0.6099 | L1 Error = 0.0632 | Cosine Sim = 0.8579
2025-08-05 14:18:59,160 - INFO - Epoch 71: KLDiv Loss = 0.6014 | L1 Error = 0.0625 | Cosine Sim = 0.8584
2025-08-05 14:18:59,272 - INFO - Epoch 72: KLDiv Loss = 0.5904 | L1 Error = 0.0621 | Cosine Sim = 0.8617
2025-08-05 14:18:59,384 - INFO - Epoch 73: KLDiv Loss = 0.5656 | L1 Error = 0.0602 | Cosine Sim = 0.8708
2025-08-05 14:18:59,496 - INFO - Epoch 74: KLDiv Loss = 0.6005 | L1 Error = 0.0616 | Cosine Sim = 0.8549
2025-08-05 14:18:59,607 - INFO - Epoch 75: KLDiv Loss = 0.5591 | L1 Error = 0.0591 | Cosine Sim = 0.8702
2025-08-05 14:18:59,719 - INFO - Epoch 76: KLDiv Loss = 0.5658 | L1 Error = 0.0597 | Cosine Sim = 0.8661
2025-08-05 14:18:59,831 - INFO - Epoch 77: KLDiv Loss = 0.5508 | L1 Error = 0.0584 | Cosine Sim = 0.8708
2025-08-05 14:18:59,942 - INFO - Epoch 78: KLDiv Loss = 0.5364 | L1 Error = 0.0573 | Cosine Sim = 0.8772
2025-08-05 14:19:00,054 - INFO - Epoch 79: KLDiv Loss = 0.5343 | L1 Error = 0.0566 | Cosine Sim = 0.8741
2025-08-05 14:19:00,166 - INFO - Epoch 80: KLDiv Loss = 0.5362 | L1 Error = 0.0565 | Cosine Sim = 0.8756
2025-08-05 14:19:00,279 - INFO - Epoch 81: KLDiv Loss = 0.5193 | L1 Error = 0.0554 | Cosine Sim = 0.8793
2025-08-05 14:19:00,390 - INFO - Epoch 82: KLDiv Loss = 0.5113 | L1 Error = 0.0548 | Cosine Sim = 0.8845
2025-08-05 14:19:00,502 - INFO - Epoch 83: KLDiv Loss = 0.5036 | L1 Error = 0.0537 | Cosine Sim = 0.8840
2025-08-05 14:19:00,614 - INFO - Epoch 84: KLDiv Loss = 0.5069 | L1 Error = 0.0544 | Cosine Sim = 0.8825
2025-08-05 14:19:00,725 - INFO - Epoch 85: KLDiv Loss = 0.5059 | L1 Error = 0.0537 | Cosine Sim = 0.8829
2025-08-05 14:19:00,837 - INFO - Epoch 86: KLDiv Loss = 0.4824 | L1 Error = 0.0520 | Cosine Sim = 0.8886
2025-08-05 14:19:00,949 - INFO - Epoch 87: KLDiv Loss = 0.4989 | L1 Error = 0.0529 | Cosine Sim = 0.8828
2025-08-05 14:19:01,061 - INFO - Epoch 88: KLDiv Loss = 0.4850 | L1 Error = 0.0522 | Cosine Sim = 0.8858
2025-08-05 14:19:01,172 - INFO - Epoch 89: KLDiv Loss = 0.4654 | L1 Error = 0.0510 | Cosine Sim = 0.8949
2025-08-05 14:19:01,284 - INFO - Epoch 90: KLDiv Loss = 0.4644 | L1 Error = 0.0504 | Cosine Sim = 0.8931
2025-08-05 14:19:01,395 - INFO - Epoch 91: KLDiv Loss = 0.4731 | L1 Error = 0.0512 | Cosine Sim = 0.8896
2025-08-05 14:19:01,508 - INFO - Epoch 92: KLDiv Loss = 0.4690 | L1 Error = 0.0505 | Cosine Sim = 0.8909
2025-08-05 14:19:01,620 - INFO - Epoch 93: KLDiv Loss = 0.4460 | L1 Error = 0.0490 | Cosine Sim = 0.8961
2025-08-05 14:19:01,732 - INFO - Epoch 94: KLDiv Loss = 0.4416 | L1 Error = 0.0476 | Cosine Sim = 0.8986
2025-08-05 14:19:01,844 - INFO - Epoch 95: KLDiv Loss = 0.4419 | L1 Error = 0.0479 | Cosine Sim = 0.8978
2025-08-05 14:19:01,955 - INFO - Epoch 96: KLDiv Loss = 0.4308 | L1 Error = 0.0468 | Cosine Sim = 0.9008
2025-08-05 14:19:02,067 - INFO - Epoch 97: KLDiv Loss = 0.4332 | L1 Error = 0.0466 | Cosine Sim = 0.8992
2025-08-05 14:19:02,179 - INFO - Epoch 98: KLDiv Loss = 0.4208 | L1 Error = 0.0461 | Cosine Sim = 0.9046
2025-08-05 14:19:02,291 - INFO - Epoch 99: KLDiv Loss = 0.4173 | L1 Error = 0.0456 | Cosine Sim = 0.9026
2025-08-05 14:19:02,402 - INFO - Epoch 100: KLDiv Loss = 0.4277 | L1 Error = 0.0459 | Cosine Sim = 0.8996
2025-08-05 14:19:02,514 - INFO - Epoch 101: KLDiv Loss = 0.4040 | L1 Error = 0.0441 | Cosine Sim = 0.9058
2025-08-05 14:19:02,626 - INFO - Epoch 102: KLDiv Loss = 0.4045 | L1 Error = 0.0437 | Cosine Sim = 0.9072
2025-08-05 14:19:02,739 - INFO - Epoch 103: KLDiv Loss = 0.3976 | L1 Error = 0.0431 | Cosine Sim = 0.9075
2025-08-05 14:19:02,850 - INFO - Epoch 104: KLDiv Loss = 0.3921 | L1 Error = 0.0431 | Cosine Sim = 0.9091
2025-08-05 14:19:02,962 - INFO - Epoch 105: KLDiv Loss = 0.3885 | L1 Error = 0.0426 | Cosine Sim = 0.9107
2025-08-05 14:19:03,074 - INFO - Epoch 106: KLDiv Loss = 0.3723 | L1 Error = 0.0412 | Cosine Sim = 0.9159
2025-08-05 14:19:03,186 - INFO - Epoch 107: KLDiv Loss = 0.3744 | L1 Error = 0.0407 | Cosine Sim = 0.9124
2025-08-05 14:19:03,297 - INFO - Epoch 108: KLDiv Loss = 0.3735 | L1 Error = 0.0400 | Cosine Sim = 0.9124
2025-08-05 14:19:03,409 - INFO - Epoch 109: KLDiv Loss = 0.3678 | L1 Error = 0.0402 | Cosine Sim = 0.9141
2025-08-05 14:19:03,521 - INFO - Epoch 110: KLDiv Loss = 0.3627 | L1 Error = 0.0397 | Cosine Sim = 0.9138
2025-08-05 14:19:03,633 - INFO - Epoch 111: KLDiv Loss = 0.3543 | L1 Error = 0.0387 | Cosine Sim = 0.9174
2025-08-05 14:19:03,745 - INFO - Epoch 112: KLDiv Loss = 0.3608 | L1 Error = 0.0397 | Cosine Sim = 0.9161
2025-08-05 14:19:03,856 - INFO - Epoch 113: KLDiv Loss = 0.3793 | L1 Error = 0.0402 | Cosine Sim = 0.9092
2025-08-05 14:19:03,968 - INFO - Epoch 114: KLDiv Loss = 0.3510 | L1 Error = 0.0384 | Cosine Sim = 0.9180
2025-08-05 14:19:04,079 - INFO - Epoch 115: KLDiv Loss = 0.3370 | L1 Error = 0.0376 | Cosine Sim = 0.9223
2025-08-05 14:19:04,191 - INFO - Epoch 116: KLDiv Loss = 0.3320 | L1 Error = 0.0370 | Cosine Sim = 0.9230
2025-08-05 14:19:04,303 - INFO - Epoch 117: KLDiv Loss = 0.3292 | L1 Error = 0.0366 | Cosine Sim = 0.9221
2025-08-05 14:19:04,415 - INFO - Epoch 118: KLDiv Loss = 0.3242 | L1 Error = 0.0366 | Cosine Sim = 0.9249
2025-08-05 14:19:04,527 - INFO - Epoch 119: KLDiv Loss = 0.3444 | L1 Error = 0.0376 | Cosine Sim = 0.9143
2025-08-05 14:19:04,638 - INFO - Epoch 120: KLDiv Loss = 0.3464 | L1 Error = 0.0373 | Cosine Sim = 0.9142
2025-08-05 14:19:04,750 - INFO - Epoch 121: KLDiv Loss = 0.3105 | L1 Error = 0.0347 | Cosine Sim = 0.9272
2025-08-05 14:19:04,862 - INFO - Epoch 122: KLDiv Loss = 0.3118 | L1 Error = 0.0343 | Cosine Sim = 0.9262
2025-08-05 14:19:04,974 - INFO - Epoch 123: KLDiv Loss = 0.3108 | L1 Error = 0.0338 | Cosine Sim = 0.9259
2025-08-05 14:19:05,086 - INFO - Epoch 124: KLDiv Loss = 0.2981 | L1 Error = 0.0331 | Cosine Sim = 0.9306
2025-08-05 14:19:05,197 - INFO - Epoch 125: KLDiv Loss = 0.3416 | L1 Error = 0.0343 | Cosine Sim = 0.9173
2025-08-05 14:19:05,309 - INFO - Epoch 126: KLDiv Loss = 0.2954 | L1 Error = 0.0321 | Cosine Sim = 0.9296
2025-08-05 14:19:05,422 - INFO - Epoch 127: KLDiv Loss = 0.3103 | L1 Error = 0.0331 | Cosine Sim = 0.9223
2025-08-05 14:19:05,533 - INFO - Epoch 128: KLDiv Loss = 0.3027 | L1 Error = 0.0330 | Cosine Sim = 0.9276
2025-08-05 14:19:05,645 - INFO - Epoch 129: KLDiv Loss = 0.2974 | L1 Error = 0.0326 | Cosine Sim = 0.9286
2025-08-05 14:19:05,757 - INFO - Epoch 130: KLDiv Loss = 0.2894 | L1 Error = 0.0321 | Cosine Sim = 0.9316
2025-08-05 14:19:05,869 - INFO - Epoch 131: KLDiv Loss = 0.2830 | L1 Error = 0.0314 | Cosine Sim = 0.9314
2025-08-05 14:19:05,980 - INFO - Epoch 132: KLDiv Loss = 0.2875 | L1 Error = 0.0306 | Cosine Sim = 0.9301
2025-08-05 14:19:06,092 - INFO - Epoch 133: KLDiv Loss = 0.2955 | L1 Error = 0.0316 | Cosine Sim = 0.9268
2025-08-05 14:19:06,204 - INFO - Epoch 134: KLDiv Loss = 0.2781 | L1 Error = 0.0298 | Cosine Sim = 0.9326
2025-08-05 14:19:06,316 - INFO - Epoch 135: KLDiv Loss = 0.2810 | L1 Error = 0.0304 | Cosine Sim = 0.9319
2025-08-05 14:19:06,427 - INFO - Epoch 136: KLDiv Loss = 0.2729 | L1 Error = 0.0296 | Cosine Sim = 0.9332
2025-08-05 14:19:06,539 - INFO - Epoch 137: KLDiv Loss = 0.2685 | L1 Error = 0.0291 | Cosine Sim = 0.9351
2025-08-05 14:19:06,651 - INFO - Epoch 138: KLDiv Loss = 0.2672 | L1 Error = 0.0287 | Cosine Sim = 0.9357
2025-08-05 14:19:06,763 - INFO - Epoch 139: KLDiv Loss = 0.2620 | L1 Error = 0.0279 | Cosine Sim = 0.9378
2025-08-05 14:19:06,874 - INFO - Epoch 140: KLDiv Loss = 0.2620 | L1 Error = 0.0285 | Cosine Sim = 0.9349
2025-08-05 14:19:06,987 - INFO - Epoch 141: KLDiv Loss = 0.2700 | L1 Error = 0.0288 | Cosine Sim = 0.9321
2025-08-05 14:19:07,099 - INFO - Epoch 142: KLDiv Loss = 0.2858 | L1 Error = 0.0290 | Cosine Sim = 0.9267
2025-08-05 14:19:07,211 - INFO - Epoch 143: KLDiv Loss = 0.2569 | L1 Error = 0.0275 | Cosine Sim = 0.9370
2025-08-05 14:19:07,323 - INFO - Epoch 144: KLDiv Loss = 0.2635 | L1 Error = 0.0284 | Cosine Sim = 0.9330
2025-08-05 14:19:07,434 - INFO - Epoch 145: KLDiv Loss = 0.2528 | L1 Error = 0.0272 | Cosine Sim = 0.9375
2025-08-05 14:19:07,546 - INFO - Epoch 146: KLDiv Loss = 0.2520 | L1 Error = 0.0275 | Cosine Sim = 0.9366
2025-08-05 14:19:07,658 - INFO - Epoch 147: KLDiv Loss = 0.2569 | L1 Error = 0.0278 | Cosine Sim = 0.9347
2025-08-05 14:19:07,769 - INFO - Epoch 148: KLDiv Loss = 0.2574 | L1 Error = 0.0277 | Cosine Sim = 0.9341
2025-08-05 14:19:07,881 - INFO - Epoch 149: KLDiv Loss = 0.2368 | L1 Error = 0.0265 | Cosine Sim = 0.9429
2025-08-05 14:19:07,993 - INFO - Epoch 150: KLDiv Loss = 0.2418 | L1 Error = 0.0257 | Cosine Sim = 0.9393
2025-08-05 14:19:08,105 - INFO - Epoch 151: KLDiv Loss = 0.2356 | L1 Error = 0.0257 | Cosine Sim = 0.9426
2025-08-05 14:19:08,216 - INFO - Epoch 152: KLDiv Loss = 0.2394 | L1 Error = 0.0256 | Cosine Sim = 0.9411
2025-08-05 14:19:08,328 - INFO - Epoch 153: KLDiv Loss = 0.2309 | L1 Error = 0.0252 | Cosine Sim = 0.9430
2025-08-05 14:19:08,440 - INFO - Epoch 154: KLDiv Loss = 0.2276 | L1 Error = 0.0252 | Cosine Sim = 0.9420
2025-08-05 14:19:08,553 - INFO - Epoch 155: KLDiv Loss = 0.2216 | L1 Error = 0.0249 | Cosine Sim = 0.9465
2025-08-05 14:19:08,664 - INFO - Epoch 156: KLDiv Loss = 0.2302 | L1 Error = 0.0247 | Cosine Sim = 0.9428
2025-08-05 14:19:08,776 - INFO - Epoch 157: KLDiv Loss = 0.2410 | L1 Error = 0.0248 | Cosine Sim = 0.9366
2025-08-05 14:19:08,888 - INFO - Epoch 158: KLDiv Loss = 0.2204 | L1 Error = 0.0231 | Cosine Sim = 0.9441
2025-08-05 14:19:08,999 - INFO - Epoch 159: KLDiv Loss = 0.2703 | L1 Error = 0.0270 | Cosine Sim = 0.9258
2025-08-05 14:19:09,111 - INFO - Epoch 160: KLDiv Loss = 0.2289 | L1 Error = 0.0244 | Cosine Sim = 0.9405
2025-08-05 14:19:09,223 - INFO - Epoch 161: KLDiv Loss = 0.2207 | L1 Error = 0.0243 | Cosine Sim = 0.9417
2025-08-05 14:19:09,334 - INFO - Epoch 162: KLDiv Loss = 0.2171 | L1 Error = 0.0232 | Cosine Sim = 0.9464
2025-08-05 14:19:09,447 - INFO - Epoch 163: KLDiv Loss = 0.2646 | L1 Error = 0.0256 | Cosine Sim = 0.9293
2025-08-05 14:19:09,559 - INFO - Epoch 164: KLDiv Loss = 0.2248 | L1 Error = 0.0240 | Cosine Sim = 0.9430
2025-08-05 14:19:09,670 - INFO - Epoch 165: KLDiv Loss = 0.2349 | L1 Error = 0.0241 | Cosine Sim = 0.9391
2025-08-05 14:19:09,782 - INFO - Epoch 166: KLDiv Loss = 0.2298 | L1 Error = 0.0244 | Cosine Sim = 0.9391
2025-08-05 14:19:09,893 - INFO - Epoch 167: KLDiv Loss = 0.2423 | L1 Error = 0.0244 | Cosine Sim = 0.9338
2025-08-05 14:19:10,005 - INFO - Epoch 168: KLDiv Loss = 0.2201 | L1 Error = 0.0235 | Cosine Sim = 0.9411
2025-08-05 14:19:10,117 - INFO - Epoch 169: KLDiv Loss = 0.2125 | L1 Error = 0.0221 | Cosine Sim = 0.9457
2025-08-05 14:19:10,229 - INFO - Epoch 170: KLDiv Loss = 0.2175 | L1 Error = 0.0225 | Cosine Sim = 0.9439
2025-08-05 14:19:10,341 - INFO - Epoch 171: KLDiv Loss = 0.2025 | L1 Error = 0.0210 | Cosine Sim = 0.9485
2025-08-05 14:19:10,452 - INFO - Epoch 172: KLDiv Loss = 0.2159 | L1 Error = 0.0221 | Cosine Sim = 0.9421
2025-08-05 14:19:10,564 - INFO - Epoch 173: KLDiv Loss = 0.2079 | L1 Error = 0.0219 | Cosine Sim = 0.9464
2025-08-05 14:19:10,675 - INFO - Epoch 174: KLDiv Loss = 0.2178 | L1 Error = 0.0220 | Cosine Sim = 0.9405
2025-08-05 14:19:10,787 - INFO - Epoch 175: KLDiv Loss = 0.2290 | L1 Error = 0.0225 | Cosine Sim = 0.9395
2025-08-05 14:19:10,898 - INFO - Epoch 176: KLDiv Loss = 0.2020 | L1 Error = 0.0211 | Cosine Sim = 0.9473
2025-08-05 14:19:11,010 - INFO - Epoch 177: KLDiv Loss = 0.2020 | L1 Error = 0.0212 | Cosine Sim = 0.9468
2025-08-05 14:19:11,121 - INFO - Epoch 178: KLDiv Loss = 0.2054 | L1 Error = 0.0208 | Cosine Sim = 0.9464
2025-08-05 14:19:11,233 - INFO - Epoch 179: KLDiv Loss = 0.2063 | L1 Error = 0.0214 | Cosine Sim = 0.9453
2025-08-05 14:19:11,344 - INFO - Epoch 180: KLDiv Loss = 0.2113 | L1 Error = 0.0218 | Cosine Sim = 0.9416
2025-08-05 14:19:11,456 - INFO - Epoch 181: KLDiv Loss = 0.2004 | L1 Error = 0.0213 | Cosine Sim = 0.9458
2025-08-05 14:19:11,567 - INFO - Epoch 182: KLDiv Loss = 0.1994 | L1 Error = 0.0208 | Cosine Sim = 0.9494
2025-08-05 14:19:11,679 - INFO - Epoch 183: KLDiv Loss = 0.1945 | L1 Error = 0.0205 | Cosine Sim = 0.9494
2025-08-05 14:19:11,791 - INFO - Epoch 184: KLDiv Loss = 0.1916 | L1 Error = 0.0204 | Cosine Sim = 0.9495
2025-08-05 14:19:11,903 - INFO - Epoch 185: KLDiv Loss = 0.1923 | L1 Error = 0.0202 | Cosine Sim = 0.9491
2025-08-05 14:19:12,015 - INFO - Epoch 186: KLDiv Loss = 0.1885 | L1 Error = 0.0196 | Cosine Sim = 0.9513
2025-08-05 14:19:12,126 - INFO - Epoch 187: KLDiv Loss = 0.2037 | L1 Error = 0.0205 | Cosine Sim = 0.9471
2025-08-05 14:19:12,238 - INFO - Epoch 188: KLDiv Loss = 0.2060 | L1 Error = 0.0204 | Cosine Sim = 0.9463
2025-08-05 14:19:12,349 - INFO - Epoch 189: KLDiv Loss = 0.1928 | L1 Error = 0.0204 | Cosine Sim = 0.9496
2025-08-05 14:19:12,461 - INFO - Epoch 190: KLDiv Loss = 0.1947 | L1 Error = 0.0200 | Cosine Sim = 0.9487
2025-08-05 14:19:12,572 - INFO - Epoch 191: KLDiv Loss = 0.1927 | L1 Error = 0.0198 | Cosine Sim = 0.9489
2025-08-05 14:19:12,684 - INFO - Epoch 192: KLDiv Loss = 0.1874 | L1 Error = 0.0194 | Cosine Sim = 0.9498
2025-08-05 14:19:12,796 - INFO - Epoch 193: KLDiv Loss = 0.2107 | L1 Error = 0.0210 | Cosine Sim = 0.9423
2025-08-05 14:19:12,907 - INFO - Epoch 194: KLDiv Loss = 0.1852 | L1 Error = 0.0194 | Cosine Sim = 0.9509
2025-08-05 14:19:13,019 - INFO - Epoch 195: KLDiv Loss = 0.2005 | L1 Error = 0.0198 | Cosine Sim = 0.9476
2025-08-05 14:19:13,130 - INFO - Epoch 196: KLDiv Loss = 0.1816 | L1 Error = 0.0192 | Cosine Sim = 0.9526
2025-08-05 14:19:13,242 - INFO - Epoch 197: KLDiv Loss = 0.1971 | L1 Error = 0.0199 | Cosine Sim = 0.9474
2025-08-05 14:19:13,353 - INFO - Epoch 198: KLDiv Loss = 0.1973 | L1 Error = 0.0196 | Cosine Sim = 0.9448
2025-08-05 14:19:13,466 - INFO - Epoch 199: KLDiv Loss = 0.1829 | L1 Error = 0.0190 | Cosine Sim = 0.9513
2025-08-05 14:19:13,577 - INFO - Epoch 200: KLDiv Loss = 0.1836 | L1 Error = 0.0183 | Cosine Sim = 0.9512
2025-08-05 14:19:13,689 - INFO - Epoch 201: KLDiv Loss = 0.1893 | L1 Error = 0.0189 | Cosine Sim = 0.9490
2025-08-05 14:19:13,800 - INFO - Epoch 202: KLDiv Loss = 0.1913 | L1 Error = 0.0199 | Cosine Sim = 0.9467
2025-08-05 14:19:13,912 - INFO - Epoch 203: KLDiv Loss = 0.1987 | L1 Error = 0.0205 | Cosine Sim = 0.9442
2025-08-05 14:19:14,023 - INFO - Epoch 204: KLDiv Loss = 0.1762 | L1 Error = 0.0188 | Cosine Sim = 0.9522
2025-08-05 14:19:14,135 - INFO - Epoch 205: KLDiv Loss = 0.1926 | L1 Error = 0.0190 | Cosine Sim = 0.9484
2025-08-05 14:19:14,246 - INFO - Epoch 206: KLDiv Loss = 0.1769 | L1 Error = 0.0185 | Cosine Sim = 0.9527
2025-08-05 14:19:14,358 - INFO - Epoch 207: KLDiv Loss = 0.1698 | L1 Error = 0.0174 | Cosine Sim = 0.9551
2025-08-05 14:19:14,469 - INFO - Epoch 208: KLDiv Loss = 0.1812 | L1 Error = 0.0184 | Cosine Sim = 0.9519
2025-08-05 14:19:14,580 - INFO - Epoch 209: KLDiv Loss = 0.1815 | L1 Error = 0.0189 | Cosine Sim = 0.9495
2025-08-05 14:19:14,692 - INFO - Epoch 210: KLDiv Loss = 0.1934 | L1 Error = 0.0198 | Cosine Sim = 0.9465
2025-08-05 14:19:14,803 - INFO - Epoch 211: KLDiv Loss = 0.1813 | L1 Error = 0.0185 | Cosine Sim = 0.9517
2025-08-05 14:19:14,915 - INFO - Epoch 212: KLDiv Loss = 0.1847 | L1 Error = 0.0182 | Cosine Sim = 0.9491
2025-08-05 14:19:15,026 - INFO - Epoch 213: KLDiv Loss = 0.1782 | L1 Error = 0.0183 | Cosine Sim = 0.9518
2025-08-05 14:19:15,139 - INFO - Epoch 214: KLDiv Loss = 0.1684 | L1 Error = 0.0178 | Cosine Sim = 0.9550
2025-08-05 14:19:15,250 - INFO - Epoch 215: KLDiv Loss = 0.1838 | L1 Error = 0.0189 | Cosine Sim = 0.9488
2025-08-05 14:19:15,362 - INFO - Epoch 216: KLDiv Loss = 0.1662 | L1 Error = 0.0175 | Cosine Sim = 0.9559
2025-08-05 14:19:15,473 - INFO - Epoch 217: KLDiv Loss = 0.2063 | L1 Error = 0.0193 | Cosine Sim = 0.9431
2025-08-05 14:19:15,585 - INFO - Epoch 218: KLDiv Loss = 0.1640 | L1 Error = 0.0173 | Cosine Sim = 0.9559
2025-08-05 14:19:15,696 - INFO - Epoch 219: KLDiv Loss = 0.1962 | L1 Error = 0.0189 | Cosine Sim = 0.9445
2025-08-05 14:19:15,808 - INFO - Epoch 220: KLDiv Loss = 0.1755 | L1 Error = 0.0179 | Cosine Sim = 0.9508
2025-08-05 14:19:15,919 - INFO - Epoch 221: KLDiv Loss = 0.1721 | L1 Error = 0.0171 | Cosine Sim = 0.9555
2025-08-05 14:19:16,030 - INFO - Epoch 222: KLDiv Loss = 0.1793 | L1 Error = 0.0172 | Cosine Sim = 0.9514
2025-08-05 14:19:16,142 - INFO - Epoch 223: KLDiv Loss = 0.1820 | L1 Error = 0.0182 | Cosine Sim = 0.9509
2025-08-05 14:19:16,253 - INFO - Epoch 224: KLDiv Loss = 0.1510 | L1 Error = 0.0158 | Cosine Sim = 0.9612
2025-08-05 14:19:16,365 - INFO - Epoch 225: KLDiv Loss = 0.1684 | L1 Error = 0.0168 | Cosine Sim = 0.9557
2025-08-05 14:19:16,476 - INFO - Epoch 226: KLDiv Loss = 0.1693 | L1 Error = 0.0169 | Cosine Sim = 0.9552
2025-08-05 14:19:16,588 - INFO - Epoch 227: KLDiv Loss = 0.1643 | L1 Error = 0.0169 | Cosine Sim = 0.9543
2025-08-05 14:19:16,699 - INFO - Epoch 228: KLDiv Loss = 0.1742 | L1 Error = 0.0172 | Cosine Sim = 0.9515
2025-08-05 14:19:16,811 - INFO - Epoch 229: KLDiv Loss = 0.1724 | L1 Error = 0.0166 | Cosine Sim = 0.9530
2025-08-05 14:19:16,922 - INFO - Epoch 230: KLDiv Loss = 0.1983 | L1 Error = 0.0175 | Cosine Sim = 0.9507
2025-08-05 14:19:17,034 - INFO - Epoch 231: KLDiv Loss = 0.1801 | L1 Error = 0.0180 | Cosine Sim = 0.9494
2025-08-05 14:19:17,145 - INFO - Epoch 232: KLDiv Loss = 0.1597 | L1 Error = 0.0169 | Cosine Sim = 0.9573
2025-08-05 14:19:17,258 - INFO - Epoch 233: KLDiv Loss = 0.1541 | L1 Error = 0.0162 | Cosine Sim = 0.9576
2025-08-05 14:19:17,370 - INFO - Epoch 234: KLDiv Loss = 0.1777 | L1 Error = 0.0172 | Cosine Sim = 0.9494
2025-08-05 14:19:17,481 - INFO - Epoch 235: KLDiv Loss = 0.1629 | L1 Error = 0.0170 | Cosine Sim = 0.9555
2025-08-05 14:19:17,593 - INFO - Epoch 236: KLDiv Loss = 0.1511 | L1 Error = 0.0159 | Cosine Sim = 0.9594
2025-08-05 14:19:17,705 - INFO - Epoch 237: KLDiv Loss = 0.1590 | L1 Error = 0.0161 | Cosine Sim = 0.9571
2025-08-05 14:19:17,816 - INFO - Epoch 238: KLDiv Loss = 0.1621 | L1 Error = 0.0163 | Cosine Sim = 0.9562
2025-08-05 14:19:17,928 - INFO - Epoch 239: KLDiv Loss = 0.1513 | L1 Error = 0.0156 | Cosine Sim = 0.9586
2025-08-05 14:19:18,039 - INFO - Epoch 240: KLDiv Loss = 0.1482 | L1 Error = 0.0155 | Cosine Sim = 0.9601
2025-08-05 14:19:18,151 - INFO - Epoch 241: KLDiv Loss = 0.1533 | L1 Error = 0.0157 | Cosine Sim = 0.9595
2025-08-05 14:19:18,262 - INFO - Epoch 242: KLDiv Loss = 0.1529 | L1 Error = 0.0157 | Cosine Sim = 0.9590
2025-08-05 14:19:18,374 - INFO - Epoch 243: KLDiv Loss = 0.1609 | L1 Error = 0.0161 | Cosine Sim = 0.9561
2025-08-05 14:19:18,485 - INFO - Epoch 244: KLDiv Loss = 0.1571 | L1 Error = 0.0160 | Cosine Sim = 0.9570
2025-08-05 14:19:18,597 - INFO - Epoch 245: KLDiv Loss = 0.1562 | L1 Error = 0.0156 | Cosine Sim = 0.9580
2025-08-05 14:19:18,708 - INFO - Epoch 246: KLDiv Loss = 0.1481 | L1 Error = 0.0153 | Cosine Sim = 0.9607
2025-08-05 14:19:18,820 - INFO - Epoch 247: KLDiv Loss = 0.1420 | L1 Error = 0.0149 | Cosine Sim = 0.9615
2025-08-05 14:19:18,931 - INFO - Epoch 248: KLDiv Loss = 0.1886 | L1 Error = 0.0173 | Cosine Sim = 0.9482
2025-08-05 14:19:19,043 - INFO - Epoch 249: KLDiv Loss = 0.1536 | L1 Error = 0.0155 | Cosine Sim = 0.9583
2025-08-05 14:19:19,154 - INFO - Epoch 250: KLDiv Loss = 0.1405 | L1 Error = 0.0144 | Cosine Sim = 0.9632
2025-08-05 14:19:19,267 - INFO - Epoch 251: KLDiv Loss = 0.1418 | L1 Error = 0.0149 | Cosine Sim = 0.9628
2025-08-05 14:19:19,379 - INFO - Epoch 252: KLDiv Loss = 0.1335 | L1 Error = 0.0143 | Cosine Sim = 0.9657
2025-08-05 14:19:19,490 - INFO - Epoch 253: KLDiv Loss = 0.1435 | L1 Error = 0.0149 | Cosine Sim = 0.9617
2025-08-05 14:19:19,602 - INFO - Epoch 254: KLDiv Loss = 0.1378 | L1 Error = 0.0141 | Cosine Sim = 0.9653
2025-08-05 14:19:19,714 - INFO - Epoch 255: KLDiv Loss = 0.1465 | L1 Error = 0.0149 | Cosine Sim = 0.9606
2025-08-05 14:19:19,825 - INFO - Epoch 256: KLDiv Loss = 0.1480 | L1 Error = 0.0150 | Cosine Sim = 0.9600
2025-08-05 14:19:19,957 - INFO - Test: Loss = 4.0144, Quant Error = 1.2490
2025-08-05 14:19:19,957 - INFO - Dynamic Top-K Accuracy (per sample): 57.24%
2025-08-05 14:19:19,963 - INFO - [Gradient Run 1] Training time: 30.68s
