2025-07-28 20:56:40,159 - INFO - ------------------------------------Gradient-------------------------------------------
2025-07-28 20:56:40,159 - INFO - [Gradient Run 1] Starting
2025-07-28 20:56:42,446 - INFO - Training on device: cuda
2025-07-28 20:56:42,801 - INFO - Epoch 01: Loss = 2.1799
2025-07-28 20:56:42,920 - INFO - Epoch 02: Loss = 2.0768
2025-07-28 20:56:43,040 - INFO - Epoch 03: Loss = 2.0075
2025-07-28 20:56:43,159 - INFO - Epoch 04: Loss = 1.9514
2025-07-28 20:56:43,282 - INFO - Epoch 05: Loss = 1.8934
2025-07-28 20:56:43,401 - INFO - Epoch 06: Loss = 1.8393
2025-07-28 20:56:43,521 - INFO - Epoch 07: Loss = 1.7834
2025-07-28 20:56:43,640 - INFO - Epoch 08: Loss = 1.7288
2025-07-28 20:56:43,760 - INFO - Epoch 09: Loss = 1.6814
2025-07-28 20:56:43,879 - INFO - Epoch 10: Loss = 1.6384
2025-07-28 20:56:43,999 - INFO - Epoch 11: Loss = 1.5987
2025-07-28 20:56:44,118 - INFO - Epoch 12: Loss = 1.5599
2025-07-28 20:56:44,237 - INFO - Epoch 13: Loss = 1.5244
2025-07-28 20:56:44,356 - INFO - Epoch 14: Loss = 1.4908
2025-07-28 20:56:44,476 - INFO - Epoch 15: Loss = 1.4585
2025-07-28 20:56:44,595 - INFO - Epoch 16: Loss = 1.4293
2025-07-28 20:56:44,714 - INFO - Epoch 17: Loss = 1.3966
2025-07-28 20:56:44,833 - INFO - Epoch 18: Loss = 1.3668
2025-07-28 20:56:44,952 - INFO - Epoch 19: Loss = 1.3428
2025-07-28 20:56:45,071 - INFO - Epoch 20: Loss = 1.3169
2025-07-28 20:56:45,190 - INFO - Epoch 21: Loss = 1.2915
2025-07-28 20:56:45,310 - INFO - Epoch 22: Loss = 1.2709
2025-07-28 20:56:45,429 - INFO - Epoch 23: Loss = 1.2481
2025-07-28 20:56:45,550 - INFO - Epoch 24: Loss = 1.2267
2025-07-28 20:56:45,669 - INFO - Epoch 25: Loss = 1.2053
2025-07-28 20:56:45,788 - INFO - Epoch 26: Loss = 1.1862
2025-07-28 20:56:45,908 - INFO - Epoch 27: Loss = 1.1683
2025-07-28 20:56:46,027 - INFO - Epoch 28: Loss = 1.1485
2025-07-28 20:56:46,146 - INFO - Epoch 29: Loss = 1.1328
2025-07-28 20:56:46,266 - INFO - Epoch 30: Loss = 1.1120
2025-07-28 20:56:46,385 - INFO - Epoch 31: Loss = 1.0984
2025-07-28 20:56:46,504 - INFO - Epoch 32: Loss = 1.0862
2025-07-28 20:56:46,623 - INFO - Epoch 33: Loss = 1.0671
2025-07-28 20:56:46,742 - INFO - Epoch 34: Loss = 1.0564
2025-07-28 20:56:46,861 - INFO - Epoch 35: Loss = 1.0417
2025-07-28 20:56:46,982 - INFO - Epoch 36: Loss = 1.0271
2025-07-28 20:56:47,102 - INFO - Epoch 37: Loss = 1.0114
2025-07-28 20:56:47,221 - INFO - Epoch 38: Loss = 0.9938
2025-07-28 20:56:47,340 - INFO - Epoch 39: Loss = 0.9820
2025-07-28 20:56:47,459 - INFO - Epoch 40: Loss = 0.9689
2025-07-28 20:56:47,578 - INFO - Epoch 41: Loss = 0.9563
2025-07-28 20:56:47,697 - INFO - Epoch 42: Loss = 0.9444
2025-07-28 20:56:47,817 - INFO - Epoch 43: Loss = 0.9295
2025-07-28 20:56:47,938 - INFO - Epoch 44: Loss = 0.9173
2025-07-28 20:56:48,057 - INFO - Epoch 45: Loss = 0.9080
2025-07-28 20:56:48,176 - INFO - Epoch 46: Loss = 0.8983
2025-07-28 20:56:48,296 - INFO - Epoch 47: Loss = 0.8873
2025-07-28 20:56:48,415 - INFO - Epoch 48: Loss = 0.8785
2025-07-28 20:56:48,535 - INFO - Epoch 49: Loss = 0.8657
2025-07-28 20:56:48,654 - INFO - Epoch 50: Loss = 0.8615
2025-07-28 20:56:48,774 - INFO - Epoch 51: Loss = 0.8464
2025-07-28 20:56:48,893 - INFO - Epoch 52: Loss = 0.8378
2025-07-28 20:56:49,012 - INFO - Epoch 53: Loss = 0.8237
2025-07-28 20:56:49,131 - INFO - Epoch 54: Loss = 0.8195
2025-07-28 20:56:49,250 - INFO - Epoch 55: Loss = 0.8032
2025-07-28 20:56:49,370 - INFO - Epoch 56: Loss = 0.7968
2025-07-28 20:56:49,489 - INFO - Epoch 57: Loss = 0.7890
2025-07-28 20:56:49,608 - INFO - Epoch 58: Loss = 0.7750
2025-07-28 20:56:49,727 - INFO - Epoch 59: Loss = 0.7599
2025-07-28 20:56:49,847 - INFO - Epoch 60: Loss = 0.7600
2025-07-28 20:56:49,966 - INFO - Epoch 61: Loss = 0.7472
2025-07-28 20:56:50,085 - INFO - Epoch 62: Loss = 0.7355
2025-07-28 20:56:50,204 - INFO - Epoch 63: Loss = 0.7285
2025-07-28 20:56:50,323 - INFO - Epoch 64: Loss = 0.7155
2025-07-28 20:56:50,444 - INFO - Epoch 65: Loss = 0.7080
2025-07-28 20:56:50,564 - INFO - Epoch 66: Loss = 0.7008
2025-07-28 20:56:50,683 - INFO - Epoch 67: Loss = 0.6917
2025-07-28 20:56:50,802 - INFO - Epoch 68: Loss = 0.6820
2025-07-28 20:56:50,922 - INFO - Epoch 69: Loss = 0.6721
2025-07-28 20:56:51,041 - INFO - Epoch 70: Loss = 0.6675
2025-07-28 20:56:51,160 - INFO - Epoch 71: Loss = 0.6578
2025-07-28 20:56:51,279 - INFO - Epoch 72: Loss = 0.6444
2025-07-28 20:56:51,399 - INFO - Epoch 73: Loss = 0.6393
2025-07-28 20:56:51,518 - INFO - Epoch 74: Loss = 0.6306
2025-07-28 20:56:51,638 - INFO - Epoch 75: Loss = 0.6171
2025-07-28 20:56:51,758 - INFO - Epoch 76: Loss = 0.6080
2025-07-28 20:56:51,877 - INFO - Epoch 77: Loss = 0.6040
2025-07-28 20:56:51,996 - INFO - Epoch 78: Loss = 0.5979
2025-07-28 20:56:52,115 - INFO - Epoch 79: Loss = 0.5928
2025-07-28 20:56:52,235 - INFO - Epoch 80: Loss = 0.5891
2025-07-28 20:56:52,354 - INFO - Epoch 81: Loss = 0.5757
2025-07-28 20:56:52,473 - INFO - Epoch 82: Loss = 0.5686
2025-07-28 20:56:52,592 - INFO - Epoch 83: Loss = 0.5604
2025-07-28 20:56:52,711 - INFO - Epoch 84: Loss = 0.5568
2025-07-28 20:56:52,832 - INFO - Epoch 85: Loss = 0.5552
2025-07-28 20:56:52,951 - INFO - Epoch 86: Loss = 0.5381
2025-07-28 20:56:53,070 - INFO - Epoch 87: Loss = 0.5374
2025-07-28 20:56:53,189 - INFO - Epoch 88: Loss = 0.5252
2025-07-28 20:56:53,308 - INFO - Epoch 89: Loss = 0.5201
2025-07-28 20:56:53,428 - INFO - Epoch 90: Loss = 0.5162
2025-07-28 20:56:53,547 - INFO - Epoch 91: Loss = 0.5098
2025-07-28 20:56:53,666 - INFO - Epoch 92: Loss = 0.5027
2025-07-28 20:56:53,785 - INFO - Epoch 93: Loss = 0.4906
2025-07-28 20:56:53,904 - INFO - Epoch 94: Loss = 0.4872
2025-07-28 20:56:54,024 - INFO - Epoch 95: Loss = 0.4846
2025-07-28 20:56:54,144 - INFO - Epoch 96: Loss = 0.4791
2025-07-28 20:56:54,264 - INFO - Epoch 97: Loss = 0.4705
2025-07-28 20:56:54,383 - INFO - Epoch 98: Loss = 0.4694
2025-07-28 20:56:54,503 - INFO - Epoch 99: Loss = 0.4574
2025-07-28 20:56:54,622 - INFO - Epoch 100: Loss = 0.4530
2025-07-28 20:56:54,741 - INFO - Epoch 101: Loss = 0.4756
2025-07-28 20:56:54,860 - INFO - Epoch 102: Loss = 0.4532
2025-07-28 20:56:54,980 - INFO - Epoch 103: Loss = 0.4467
2025-07-28 20:56:55,099 - INFO - Epoch 104: Loss = 0.4359
2025-07-28 20:56:55,218 - INFO - Epoch 105: Loss = 0.4323
2025-07-28 20:56:55,337 - INFO - Epoch 106: Loss = 0.4222
2025-07-28 20:56:55,458 - INFO - Epoch 107: Loss = 0.4208
2025-07-28 20:56:55,578 - INFO - Epoch 108: Loss = 0.4160
2025-07-28 20:56:55,697 - INFO - Epoch 109: Loss = 0.4106
2025-07-28 20:56:55,816 - INFO - Epoch 110: Loss = 0.4063
2025-07-28 20:56:55,936 - INFO - Epoch 111: Loss = 0.4010
2025-07-28 20:56:56,055 - INFO - Epoch 112: Loss = 0.3907
2025-07-28 20:56:56,174 - INFO - Epoch 113: Loss = 0.3925
2025-07-28 20:56:56,294 - INFO - Epoch 114: Loss = 0.3966
2025-07-28 20:56:56,413 - INFO - Epoch 115: Loss = 0.3815
2025-07-28 20:56:56,532 - INFO - Epoch 116: Loss = 0.3786
2025-07-28 20:56:56,653 - INFO - Epoch 117: Loss = 0.3885
2025-07-28 20:56:56,772 - INFO - Epoch 118: Loss = 0.3673
2025-07-28 20:56:56,892 - INFO - Epoch 119: Loss = 0.3738
2025-07-28 20:56:57,011 - INFO - Epoch 120: Loss = 0.3713
2025-07-28 20:56:57,130 - INFO - Epoch 121: Loss = 0.3520
2025-07-28 20:56:57,249 - INFO - Epoch 122: Loss = 0.3585
2025-07-28 20:56:57,369 - INFO - Epoch 123: Loss = 0.3498
2025-07-28 20:56:57,488 - INFO - Epoch 124: Loss = 0.3432
2025-07-28 20:56:57,607 - INFO - Epoch 125: Loss = 0.3413
2025-07-28 20:56:57,726 - INFO - Epoch 126: Loss = 0.3401
2025-07-28 20:56:57,845 - INFO - Epoch 127: Loss = 0.3296
2025-07-28 20:56:57,964 - INFO - Epoch 128: Loss = 0.3317
2025-07-28 20:56:58,084 - INFO - Epoch 129: Loss = 0.3271
2025-07-28 20:56:58,203 - INFO - Epoch 130: Loss = 0.3159
2025-07-28 20:56:58,324 - INFO - Epoch 131: Loss = 0.3172
2025-07-28 20:56:58,443 - INFO - Epoch 132: Loss = 0.3173
2025-07-28 20:56:58,563 - INFO - Epoch 133: Loss = 0.3071
2025-07-28 20:56:58,682 - INFO - Epoch 134: Loss = 0.3044
2025-07-28 20:56:58,802 - INFO - Epoch 135: Loss = 0.3036
2025-07-28 20:56:58,921 - INFO - Epoch 136: Loss = 0.3080
2025-07-28 20:56:59,040 - INFO - Epoch 137: Loss = 0.3123
2025-07-28 20:56:59,160 - INFO - Epoch 138: Loss = 0.3019
2025-07-28 20:56:59,279 - INFO - Epoch 139: Loss = 0.3061
2025-07-28 20:56:59,398 - INFO - Epoch 140: Loss = 0.2892
2025-07-28 20:56:59,518 - INFO - Epoch 141: Loss = 0.2949
2025-07-28 20:56:59,637 - INFO - Epoch 142: Loss = 0.2824
2025-07-28 20:56:59,757 - INFO - Epoch 143: Loss = 0.2825
2025-07-28 20:56:59,877 - INFO - Epoch 144: Loss = 0.2795
2025-07-28 20:56:59,996 - INFO - Epoch 145: Loss = 0.2773
2025-07-28 20:57:00,115 - INFO - Epoch 146: Loss = 0.2885
2025-07-28 20:57:00,235 - INFO - Epoch 147: Loss = 0.2827
2025-07-28 20:57:00,354 - INFO - Epoch 148: Loss = 0.2719
2025-07-28 20:57:00,474 - INFO - Epoch 149: Loss = 0.2618
2025-07-28 20:57:00,593 - INFO - Epoch 150: Loss = 0.2687
2025-07-28 20:57:00,712 - INFO - Epoch 151: Loss = 0.2565
2025-07-28 20:57:00,832 - INFO - Epoch 152: Loss = 0.2621
2025-07-28 20:57:00,951 - INFO - Epoch 153: Loss = 0.2571
2025-07-28 20:57:01,070 - INFO - Epoch 154: Loss = 0.2636
2025-07-28 20:57:01,191 - INFO - Epoch 155: Loss = 0.2501
2025-07-28 20:57:01,310 - INFO - Epoch 156: Loss = 0.2423
2025-07-28 20:57:01,430 - INFO - Epoch 157: Loss = 0.2386
2025-07-28 20:57:01,549 - INFO - Epoch 158: Loss = 0.2350
2025-07-28 20:57:01,668 - INFO - Epoch 159: Loss = 0.2428
2025-07-28 20:57:01,788 - INFO - Epoch 160: Loss = 0.2349
2025-07-28 20:57:01,907 - INFO - Epoch 161: Loss = 0.2336
2025-07-28 20:57:02,026 - INFO - Epoch 162: Loss = 0.2337
2025-07-28 20:57:02,145 - INFO - Epoch 163: Loss = 0.2346
2025-07-28 20:57:02,265 - INFO - Epoch 164: Loss = 0.2180
2025-07-28 20:57:02,384 - INFO - Epoch 165: Loss = 0.2214
2025-07-28 20:57:02,503 - INFO - Epoch 166: Loss = 0.2183
2025-07-28 20:57:02,622 - INFO - Epoch 167: Loss = 0.2299
2025-07-28 20:57:02,743 - INFO - Epoch 168: Loss = 0.2475
2025-07-28 20:57:02,862 - INFO - Epoch 169: Loss = 0.2158
2025-07-28 20:57:02,982 - INFO - Epoch 170: Loss = 0.2150
2025-07-28 20:57:03,101 - INFO - Epoch 171: Loss = 0.2192
2025-07-28 20:57:03,221 - INFO - Epoch 172: Loss = 0.2105
2025-07-28 20:57:03,340 - INFO - Epoch 173: Loss = 0.2056
2025-07-28 20:57:03,459 - INFO - Epoch 174: Loss = 0.2029
2025-07-28 20:57:03,579 - INFO - Epoch 175: Loss = 0.2057
2025-07-28 20:57:03,698 - INFO - Epoch 176: Loss = 0.2313
2025-07-28 20:57:03,818 - INFO - Epoch 177: Loss = 0.1978
2025-07-28 20:57:03,937 - INFO - Epoch 178: Loss = 0.1951
2025-07-28 20:57:04,056 - INFO - Epoch 179: Loss = 0.1965
2025-07-28 20:57:04,175 - INFO - Epoch 180: Loss = 0.2050
2025-07-28 20:57:04,295 - INFO - Epoch 181: Loss = 0.1844
2025-07-28 20:57:04,415 - INFO - Epoch 182: Loss = 0.2017
2025-07-28 20:57:04,535 - INFO - Epoch 183: Loss = 0.1918
2025-07-28 20:57:04,654 - INFO - Epoch 184: Loss = 0.1905
2025-07-28 20:57:04,773 - INFO - Epoch 185: Loss = 0.1933
2025-07-28 20:57:04,893 - INFO - Epoch 186: Loss = 0.1845
2025-07-28 20:57:05,012 - INFO - Epoch 187: Loss = 0.2034
2025-07-28 20:57:05,132 - INFO - Epoch 188: Loss = 0.1963
2025-07-28 20:57:05,251 - INFO - Epoch 189: Loss = 0.1947
2025-07-28 20:57:05,370 - INFO - Epoch 190: Loss = 0.1783
2025-07-28 20:57:05,490 - INFO - Epoch 191: Loss = 0.1653
2025-07-28 20:57:05,609 - INFO - Epoch 192: Loss = 0.1845
2025-07-28 20:57:05,728 - INFO - Epoch 193: Loss = 0.1684
2025-07-28 20:57:05,848 - INFO - Epoch 194: Loss = 0.1721
2025-07-28 20:57:05,967 - INFO - Epoch 195: Loss = 0.1717
2025-07-28 20:57:06,087 - INFO - Epoch 196: Loss = 0.1691
2025-07-28 20:57:06,206 - INFO - Epoch 197: Loss = 0.1707
2025-07-28 20:57:06,325 - INFO - Epoch 198: Loss = 0.1667
2025-07-28 20:57:06,444 - INFO - Epoch 199: Loss = 0.1616
2025-07-28 20:57:06,564 - INFO - Epoch 200: Loss = 0.1586
2025-07-28 20:57:06,683 - INFO - Epoch 201: Loss = 0.1731
2025-07-28 20:57:06,802 - INFO - Epoch 202: Loss = 0.1481
2025-07-28 20:57:06,921 - INFO - Epoch 203: Loss = 0.1715
2025-07-28 20:57:07,040 - INFO - Epoch 204: Loss = 0.1623
2025-07-28 20:57:07,160 - INFO - Epoch 205: Loss = 0.1415
2025-07-28 20:57:07,279 - INFO - Epoch 206: Loss = 0.1450
2025-07-28 20:57:07,398 - INFO - Epoch 207: Loss = 0.1599
2025-07-28 20:57:07,519 - INFO - Epoch 208: Loss = 0.1470
2025-07-28 20:57:07,638 - INFO - Epoch 209: Loss = 0.1465
2025-07-28 20:57:07,758 - INFO - Epoch 210: Loss = 0.1442
2025-07-28 20:57:07,877 - INFO - Epoch 211: Loss = 0.1539
2025-07-28 20:57:07,996 - INFO - Epoch 212: Loss = 0.1480
2025-07-28 20:57:08,115 - INFO - Epoch 213: Loss = 0.1368
2025-07-28 20:57:08,235 - INFO - Epoch 214: Loss = 0.1386
2025-07-28 20:57:08,354 - INFO - Epoch 215: Loss = 0.1418
2025-07-28 20:57:08,473 - INFO - Epoch 216: Loss = 0.1474
2025-07-28 20:57:08,593 - INFO - Epoch 217: Loss = 0.1254
2025-07-28 20:57:08,712 - INFO - Epoch 218: Loss = 0.1441
2025-07-28 20:57:08,831 - INFO - Epoch 219: Loss = 0.1247
2025-07-28 20:57:08,950 - INFO - Epoch 220: Loss = 0.1426
2025-07-28 20:57:09,070 - INFO - Epoch 221: Loss = 0.1300
2025-07-28 20:57:09,189 - INFO - Epoch 222: Loss = 0.1277
2025-07-28 20:57:09,309 - INFO - Epoch 223: Loss = 0.1341
2025-07-28 20:57:09,429 - INFO - Epoch 224: Loss = 0.1139
2025-07-28 20:57:09,549 - INFO - Epoch 225: Loss = 0.1333
2025-07-28 20:57:09,669 - INFO - Epoch 226: Loss = 0.1388
2025-07-28 20:57:09,788 - INFO - Epoch 227: Loss = 0.1258
2025-07-28 20:57:09,908 - INFO - Epoch 228: Loss = 0.1489
2025-07-28 20:57:10,027 - INFO - Epoch 229: Loss = 0.1426
2025-07-28 20:57:10,147 - INFO - Epoch 230: Loss = 0.1261
2025-07-28 20:57:10,266 - INFO - Epoch 231: Loss = 0.1264
2025-07-28 20:57:10,386 - INFO - Epoch 232: Loss = 0.1238
2025-07-28 20:57:10,505 - INFO - Epoch 233: Loss = 0.1226
2025-07-28 20:57:10,624 - INFO - Epoch 234: Loss = 0.1345
2025-07-28 20:57:10,743 - INFO - Epoch 235: Loss = 0.1413
2025-07-28 20:57:10,862 - INFO - Epoch 236: Loss = 0.1148
2025-07-28 20:57:10,982 - INFO - Epoch 237: Loss = 0.1151
2025-07-28 20:57:11,101 - INFO - Epoch 238: Loss = 0.1080
2025-07-28 20:57:11,221 - INFO - Epoch 239: Loss = 0.1147
2025-07-28 20:57:11,341 - INFO - Epoch 240: Loss = 0.1175
2025-07-28 20:57:11,461 - INFO - Epoch 241: Loss = 0.1194
2025-07-28 20:57:11,580 - INFO - Epoch 242: Loss = 0.1071
2025-07-28 20:57:11,699 - INFO - Epoch 243: Loss = 0.1116
2025-07-28 20:57:11,818 - INFO - Epoch 244: Loss = 0.1168
2025-07-28 20:57:11,938 - INFO - Epoch 245: Loss = 0.1129
2025-07-28 20:57:12,057 - INFO - Epoch 246: Loss = 0.1342
2025-07-28 20:57:12,176 - INFO - Epoch 247: Loss = 0.1053
2025-07-28 20:57:12,296 - INFO - Epoch 248: Loss = 0.1011
2025-07-28 20:57:12,415 - INFO - Epoch 249: Loss = 0.1032
2025-07-28 20:57:12,534 - INFO - Epoch 250: Loss = 0.1237
2025-07-28 20:57:12,654 - INFO - Epoch 251: Loss = 0.1113
2025-07-28 20:57:12,773 - INFO - Epoch 252: Loss = 0.1182
2025-07-28 20:57:12,892 - INFO - Epoch 253: Loss = 0.1170
2025-07-28 20:57:13,012 - INFO - Epoch 254: Loss = 0.1030
2025-07-28 20:57:13,131 - INFO - Epoch 255: Loss = 0.1468
2025-07-28 20:57:13,252 - INFO - Epoch 256: Loss = 0.1088
2025-07-28 20:57:13,565 - INFO - Test: Loss = 0.2526, Accuracy = 87.95%, Quant Error = 0.0135
2025-07-28 20:57:13,574 - INFO - [Gradient Run 1] Training time: 33.41s
