2025-07-27 11:13:51,831 - INFO - ------------------------------------Gradient-------------------------------------------
2025-07-27 11:13:51,832 - INFO - [Gradient Run 1] Starting
2025-07-27 11:13:54,165 - INFO - Training on device: cuda
2025-07-27 11:13:54,480 - INFO - Epoch 01: Loss = 2.3765
2025-07-27 11:13:54,571 - INFO - Epoch 02: Loss = 2.3457
2025-07-27 11:13:54,662 - INFO - Epoch 03: Loss = 2.3191
2025-07-27 11:13:54,753 - INFO - Epoch 04: Loss = 2.2961
2025-07-27 11:13:54,844 - INFO - Epoch 05: Loss = 2.2733
2025-07-27 11:13:54,938 - INFO - Epoch 06: Loss = 2.2586
2025-07-27 11:13:55,029 - INFO - Epoch 07: Loss = 2.2389
2025-07-27 11:13:55,120 - INFO - Epoch 08: Loss = 2.2230
2025-07-27 11:13:55,211 - INFO - Epoch 09: Loss = 2.2068
2025-07-27 11:13:55,302 - INFO - Epoch 10: Loss = 2.1878
2025-07-27 11:13:55,392 - INFO - Epoch 11: Loss = 2.1680
2025-07-27 11:13:55,483 - INFO - Epoch 12: Loss = 2.1508
2025-07-27 11:13:55,574 - INFO - Epoch 13: Loss = 2.1331
2025-07-27 11:13:55,664 - INFO - Epoch 14: Loss = 2.1170
2025-07-27 11:13:55,754 - INFO - Epoch 15: Loss = 2.1002
2025-07-27 11:13:55,844 - INFO - Epoch 16: Loss = 2.0815
2025-07-27 11:13:55,935 - INFO - Epoch 17: Loss = 2.0653
2025-07-27 11:13:56,025 - INFO - Epoch 18: Loss = 2.0513
2025-07-27 11:13:56,115 - INFO - Epoch 19: Loss = 2.0333
2025-07-27 11:13:56,205 - INFO - Epoch 20: Loss = 2.0145
2025-07-27 11:13:56,295 - INFO - Epoch 21: Loss = 1.9978
2025-07-27 11:13:56,385 - INFO - Epoch 22: Loss = 1.9809
2025-07-27 11:13:56,474 - INFO - Epoch 23: Loss = 1.9692
2025-07-27 11:13:56,564 - INFO - Epoch 24: Loss = 1.9567
2025-07-27 11:13:56,654 - INFO - Epoch 25: Loss = 1.9466
2025-07-27 11:13:56,746 - INFO - Epoch 26: Loss = 1.9363
2025-07-27 11:13:56,836 - INFO - Epoch 27: Loss = 1.9235
2025-07-27 11:13:56,926 - INFO - Epoch 28: Loss = 1.9069
2025-07-27 11:13:57,016 - INFO - Epoch 29: Loss = 1.8920
2025-07-27 11:13:57,106 - INFO - Epoch 30: Loss = 1.8789
2025-07-27 11:13:57,196 - INFO - Epoch 31: Loss = 1.8649
2025-07-27 11:13:57,286 - INFO - Epoch 32: Loss = 1.8511
2025-07-27 11:13:57,376 - INFO - Epoch 33: Loss = 1.8378
2025-07-27 11:13:57,465 - INFO - Epoch 34: Loss = 1.8298
2025-07-27 11:13:57,555 - INFO - Epoch 35: Loss = 1.8187
2025-07-27 11:13:57,647 - INFO - Epoch 36: Loss = 1.8088
2025-07-27 11:13:57,737 - INFO - Epoch 37: Loss = 1.7967
2025-07-27 11:13:57,827 - INFO - Epoch 38: Loss = 1.7889
2025-07-27 11:13:57,917 - INFO - Epoch 39: Loss = 1.7796
2025-07-27 11:13:58,007 - INFO - Epoch 40: Loss = 1.7697
2025-07-27 11:13:58,096 - INFO - Epoch 41: Loss = 1.7601
2025-07-27 11:13:58,186 - INFO - Epoch 42: Loss = 1.7515
2025-07-27 11:13:58,276 - INFO - Epoch 43: Loss = 1.7437
2025-07-27 11:13:58,365 - INFO - Epoch 44: Loss = 1.7349
2025-07-27 11:13:58,456 - INFO - Epoch 45: Loss = 1.7231
2025-07-27 11:13:58,546 - INFO - Epoch 46: Loss = 1.7148
2025-07-27 11:13:58,635 - INFO - Epoch 47: Loss = 1.7041
2025-07-27 11:13:58,725 - INFO - Epoch 48: Loss = 1.6925
2025-07-27 11:13:58,815 - INFO - Epoch 49: Loss = 1.6826
2025-07-27 11:13:58,905 - INFO - Epoch 50: Loss = 1.6750
2025-07-27 11:13:58,995 - INFO - Epoch 51: Loss = 1.6658
2025-07-27 11:13:59,084 - INFO - Epoch 52: Loss = 1.6533
2025-07-27 11:13:59,174 - INFO - Epoch 53: Loss = 1.6436
2025-07-27 11:13:59,264 - INFO - Epoch 54: Loss = 1.6319
2025-07-27 11:13:59,354 - INFO - Epoch 55: Loss = 1.6218
2025-07-27 11:13:59,443 - INFO - Epoch 56: Loss = 1.6104
2025-07-27 11:13:59,535 - INFO - Epoch 57: Loss = 1.6021
2025-07-27 11:13:59,625 - INFO - Epoch 58: Loss = 1.5937
2025-07-27 11:13:59,715 - INFO - Epoch 59: Loss = 1.5844
2025-07-27 11:13:59,805 - INFO - Epoch 60: Loss = 1.5756
2025-07-27 11:13:59,895 - INFO - Epoch 61: Loss = 1.5669
2025-07-27 11:13:59,985 - INFO - Epoch 62: Loss = 1.5594
2025-07-27 11:14:00,074 - INFO - Epoch 63: Loss = 1.5495
2025-07-27 11:14:00,164 - INFO - Epoch 64: Loss = 1.5419
2025-07-27 11:14:00,254 - INFO - Epoch 65: Loss = 1.5366
2025-07-27 11:14:00,344 - INFO - Epoch 66: Loss = 1.5276
2025-07-27 11:14:00,434 - INFO - Epoch 67: Loss = 1.5177
2025-07-27 11:14:00,525 - INFO - Epoch 68: Loss = 1.5100
2025-07-27 11:14:00,615 - INFO - Epoch 69: Loss = 1.5011
2025-07-27 11:14:00,705 - INFO - Epoch 70: Loss = 1.4945
2025-07-27 11:14:00,795 - INFO - Epoch 71: Loss = 1.4851
2025-07-27 11:14:00,885 - INFO - Epoch 72: Loss = 1.4790
2025-07-27 11:14:00,975 - INFO - Epoch 73: Loss = 1.4706
2025-07-27 11:14:01,064 - INFO - Epoch 74: Loss = 1.4628
2025-07-27 11:14:01,154 - INFO - Epoch 75: Loss = 1.4552
2025-07-27 11:14:01,244 - INFO - Epoch 76: Loss = 1.4462
2025-07-27 11:14:01,334 - INFO - Epoch 77: Loss = 1.4399
2025-07-27 11:14:01,424 - INFO - Epoch 78: Loss = 1.4302
2025-07-27 11:14:01,515 - INFO - Epoch 79: Loss = 1.4193
2025-07-27 11:14:01,605 - INFO - Epoch 80: Loss = 1.4116
2025-07-27 11:14:01,695 - INFO - Epoch 81: Loss = 1.4061
2025-07-27 11:14:01,785 - INFO - Epoch 82: Loss = 1.3958
2025-07-27 11:14:01,875 - INFO - Epoch 83: Loss = 1.3885
2025-07-27 11:14:01,965 - INFO - Epoch 84: Loss = 1.3844
2025-07-27 11:14:02,055 - INFO - Epoch 85: Loss = 1.3761
2025-07-27 11:14:02,144 - INFO - Epoch 86: Loss = 1.3689
2025-07-27 11:14:02,234 - INFO - Epoch 87: Loss = 1.3649
2025-07-27 11:14:02,324 - INFO - Epoch 88: Loss = 1.3567
2025-07-27 11:14:02,414 - INFO - Epoch 89: Loss = 1.3524
2025-07-27 11:14:02,504 - INFO - Epoch 90: Loss = 1.3420
2025-07-27 11:14:02,594 - INFO - Epoch 91: Loss = 1.3337
2025-07-27 11:14:02,684 - INFO - Epoch 92: Loss = 1.3300
2025-07-27 11:14:02,775 - INFO - Epoch 93: Loss = 1.3254
2025-07-27 11:14:02,865 - INFO - Epoch 94: Loss = 1.3161
2025-07-27 11:14:02,955 - INFO - Epoch 95: Loss = 1.3100
2025-07-27 11:14:03,045 - INFO - Epoch 96: Loss = 1.3080
2025-07-27 11:14:03,135 - INFO - Epoch 97: Loss = 1.3015
2025-07-27 11:14:03,225 - INFO - Epoch 98: Loss = 1.2922
2025-07-27 11:14:03,314 - INFO - Epoch 99: Loss = 1.2886
2025-07-27 11:14:03,404 - INFO - Epoch 100: Loss = 1.2832
2025-07-27 11:14:03,494 - INFO - Epoch 101: Loss = 1.2816
2025-07-27 11:14:03,584 - INFO - Epoch 102: Loss = 1.2691
2025-07-27 11:14:03,674 - INFO - Epoch 103: Loss = 1.2653
2025-07-27 11:14:03,764 - INFO - Epoch 104: Loss = 1.2617
2025-07-27 11:14:03,854 - INFO - Epoch 105: Loss = 1.2509
2025-07-27 11:14:03,945 - INFO - Epoch 106: Loss = 1.2456
2025-07-27 11:14:04,035 - INFO - Epoch 107: Loss = 1.2407
2025-07-27 11:14:04,125 - INFO - Epoch 108: Loss = 1.2395
2025-07-27 11:14:04,215 - INFO - Epoch 109: Loss = 1.2339
2025-07-27 11:14:04,305 - INFO - Epoch 110: Loss = 1.2266
2025-07-27 11:14:04,395 - INFO - Epoch 111: Loss = 1.2217
2025-07-27 11:14:04,485 - INFO - Epoch 112: Loss = 1.2122
2025-07-27 11:14:04,575 - INFO - Epoch 113: Loss = 1.2102
2025-07-27 11:14:04,664 - INFO - Epoch 114: Loss = 1.2038
2025-07-27 11:14:04,755 - INFO - Epoch 115: Loss = 1.1955
2025-07-27 11:14:04,845 - INFO - Epoch 116: Loss = 1.1939
2025-07-27 11:14:04,934 - INFO - Epoch 117: Loss = 1.1853
2025-07-27 11:14:05,024 - INFO - Epoch 118: Loss = 1.1817
2025-07-27 11:14:05,114 - INFO - Epoch 119: Loss = 1.1784
2025-07-27 11:14:05,205 - INFO - Epoch 120: Loss = 1.1771
2025-07-27 11:14:05,295 - INFO - Epoch 121: Loss = 1.1650
2025-07-27 11:14:05,385 - INFO - Epoch 122: Loss = 1.1586
2025-07-27 11:14:05,475 - INFO - Epoch 123: Loss = 1.1517
2025-07-27 11:14:05,564 - INFO - Epoch 124: Loss = 1.1452
2025-07-27 11:14:05,654 - INFO - Epoch 125: Loss = 1.1464
2025-07-27 11:14:05,744 - INFO - Epoch 126: Loss = 1.1363
2025-07-27 11:14:05,834 - INFO - Epoch 127: Loss = 1.1350
2025-07-27 11:14:05,923 - INFO - Epoch 128: Loss = 1.1276
2025-07-27 11:14:06,013 - INFO - Epoch 129: Loss = 1.1240
2025-07-27 11:14:06,103 - INFO - Epoch 130: Loss = 1.1191
2025-07-27 11:14:06,193 - INFO - Epoch 131: Loss = 1.1109
2025-07-27 11:14:06,283 - INFO - Epoch 132: Loss = 1.1088
2025-07-27 11:14:06,373 - INFO - Epoch 133: Loss = 1.1048
2025-07-27 11:14:06,462 - INFO - Epoch 134: Loss = 1.0981
2025-07-27 11:14:06,552 - INFO - Epoch 135: Loss = 1.1037
2025-07-27 11:14:06,644 - INFO - Epoch 136: Loss = 1.0938
2025-07-27 11:14:06,734 - INFO - Epoch 137: Loss = 1.0929
2025-07-27 11:14:06,824 - INFO - Epoch 138: Loss = 1.0829
2025-07-27 11:14:06,914 - INFO - Epoch 139: Loss = 1.0783
2025-07-27 11:14:07,004 - INFO - Epoch 140: Loss = 1.0760
2025-07-27 11:14:07,094 - INFO - Epoch 141: Loss = 1.0713
2025-07-27 11:14:07,184 - INFO - Epoch 142: Loss = 1.0651
2025-07-27 11:14:07,274 - INFO - Epoch 143: Loss = 1.0604
2025-07-27 11:14:07,364 - INFO - Epoch 144: Loss = 1.0608
2025-07-27 11:14:07,454 - INFO - Epoch 145: Loss = 1.0550
2025-07-27 11:14:07,544 - INFO - Epoch 146: Loss = 1.0490
2025-07-27 11:14:07,634 - INFO - Epoch 147: Loss = 1.0443
2025-07-27 11:14:07,723 - INFO - Epoch 148: Loss = 1.0408
2025-07-27 11:14:07,813 - INFO - Epoch 149: Loss = 1.0371
2025-07-27 11:14:07,903 - INFO - Epoch 150: Loss = 1.0316
2025-07-27 11:14:07,993 - INFO - Epoch 151: Loss = 1.0331
2025-07-27 11:14:08,083 - INFO - Epoch 152: Loss = 1.0246
2025-07-27 11:14:08,174 - INFO - Epoch 153: Loss = 1.0233
2025-07-27 11:14:08,264 - INFO - Epoch 154: Loss = 1.0206
2025-07-27 11:14:08,354 - INFO - Epoch 155: Loss = 1.0111
2025-07-27 11:14:08,444 - INFO - Epoch 156: Loss = 1.0119
2025-07-27 11:14:08,534 - INFO - Epoch 157: Loss = 1.0015
2025-07-27 11:14:08,623 - INFO - Epoch 158: Loss = 1.0007
2025-07-27 11:14:08,713 - INFO - Epoch 159: Loss = 0.9975
2025-07-27 11:14:08,803 - INFO - Epoch 160: Loss = 0.9930
2025-07-27 11:14:08,892 - INFO - Epoch 161: Loss = 0.9936
2025-07-27 11:14:08,982 - INFO - Epoch 162: Loss = 0.9857
2025-07-27 11:14:09,072 - INFO - Epoch 163: Loss = 0.9866
2025-07-27 11:14:09,162 - INFO - Epoch 164: Loss = 0.9824
2025-07-27 11:14:09,251 - INFO - Epoch 165: Loss = 0.9763
2025-07-27 11:14:09,341 - INFO - Epoch 166: Loss = 0.9756
2025-07-27 11:14:09,431 - INFO - Epoch 167: Loss = 0.9723
2025-07-27 11:14:09,521 - INFO - Epoch 168: Loss = 0.9673
2025-07-27 11:14:09,612 - INFO - Epoch 169: Loss = 0.9619
2025-07-27 11:14:09,702 - INFO - Epoch 170: Loss = 0.9567
2025-07-27 11:14:09,792 - INFO - Epoch 171: Loss = 0.9557
2025-07-27 11:14:09,882 - INFO - Epoch 172: Loss = 0.9543
2025-07-27 11:14:09,972 - INFO - Epoch 173: Loss = 0.9474
2025-07-27 11:14:10,061 - INFO - Epoch 174: Loss = 0.9428
2025-07-27 11:14:10,151 - INFO - Epoch 175: Loss = 0.9423
2025-07-27 11:14:10,241 - INFO - Epoch 176: Loss = 0.9385
2025-07-27 11:14:10,331 - INFO - Epoch 177: Loss = 0.9314
2025-07-27 11:14:10,421 - INFO - Epoch 178: Loss = 0.9322
2025-07-27 11:14:10,511 - INFO - Epoch 179: Loss = 0.9256
2025-07-27 11:14:10,601 - INFO - Epoch 180: Loss = 0.9242
2025-07-27 11:14:10,691 - INFO - Epoch 181: Loss = 0.9186
2025-07-27 11:14:10,781 - INFO - Epoch 182: Loss = 0.9148
2025-07-27 11:14:10,871 - INFO - Epoch 183: Loss = 0.9134
2025-07-27 11:14:10,961 - INFO - Epoch 184: Loss = 0.9121
2025-07-27 11:14:11,050 - INFO - Epoch 185: Loss = 0.9084
2025-07-27 11:14:11,140 - INFO - Epoch 186: Loss = 0.9033
2025-07-27 11:14:11,230 - INFO - Epoch 187: Loss = 0.9008
2025-07-27 11:14:11,322 - INFO - Epoch 188: Loss = 0.9081
2025-07-27 11:14:11,412 - INFO - Epoch 189: Loss = 0.8968
2025-07-27 11:14:11,502 - INFO - Epoch 190: Loss = 0.8989
2025-07-27 11:14:11,592 - INFO - Epoch 191: Loss = 0.8903
2025-07-27 11:14:11,682 - INFO - Epoch 192: Loss = 0.8883
2025-07-27 11:14:11,772 - INFO - Epoch 193: Loss = 0.8875
2025-07-27 11:14:11,862 - INFO - Epoch 194: Loss = 0.8832
2025-07-27 11:14:11,952 - INFO - Epoch 195: Loss = 0.8762
2025-07-27 11:14:12,042 - INFO - Epoch 196: Loss = 0.8780
2025-07-27 11:14:12,132 - INFO - Epoch 197: Loss = 0.8709
2025-07-27 11:14:12,222 - INFO - Epoch 198: Loss = 0.8686
2025-07-27 11:14:12,311 - INFO - Epoch 199: Loss = 0.8669
2025-07-27 11:14:12,401 - INFO - Epoch 200: Loss = 0.8640
2025-07-27 11:14:12,491 - INFO - Epoch 201: Loss = 0.8611
2025-07-27 11:14:12,581 - INFO - Epoch 202: Loss = 0.8547
2025-07-27 11:14:12,671 - INFO - Epoch 203: Loss = 0.8549
2025-07-27 11:14:12,761 - INFO - Epoch 204: Loss = 0.8537
2025-07-27 11:14:12,851 - INFO - Epoch 205: Loss = 0.8464
2025-07-27 11:14:12,941 - INFO - Epoch 206: Loss = 0.8485
2025-07-27 11:14:13,030 - INFO - Epoch 207: Loss = 0.8426
2025-07-27 11:14:13,122 - INFO - Epoch 208: Loss = 0.8405
2025-07-27 11:14:13,212 - INFO - Epoch 209: Loss = 0.8340
2025-07-27 11:14:13,302 - INFO - Epoch 210: Loss = 0.8290
2025-07-27 11:14:13,392 - INFO - Epoch 211: Loss = 0.8307
2025-07-27 11:14:13,482 - INFO - Epoch 212: Loss = 0.8252
2025-07-27 11:14:13,571 - INFO - Epoch 213: Loss = 0.8263
2025-07-27 11:14:13,661 - INFO - Epoch 214: Loss = 0.8324
2025-07-27 11:14:13,751 - INFO - Epoch 215: Loss = 0.8168
2025-07-27 11:14:13,841 - INFO - Epoch 216: Loss = 0.8089
2025-07-27 11:14:13,931 - INFO - Epoch 217: Loss = 0.8131
2025-07-27 11:14:14,021 - INFO - Epoch 218: Loss = 0.8211
2025-07-27 11:14:14,111 - INFO - Epoch 219: Loss = 0.8125
2025-07-27 11:14:14,201 - INFO - Epoch 220: Loss = 0.8028
2025-07-27 11:14:14,291 - INFO - Epoch 221: Loss = 0.7994
2025-07-27 11:14:14,381 - INFO - Epoch 222: Loss = 0.7988
2025-07-27 11:14:14,470 - INFO - Epoch 223: Loss = 0.8042
2025-07-27 11:14:14,560 - INFO - Epoch 224: Loss = 0.7914
2025-07-27 11:14:14,650 - INFO - Epoch 225: Loss = 0.7973
2025-07-27 11:14:14,740 - INFO - Epoch 226: Loss = 0.7868
2025-07-27 11:14:14,831 - INFO - Epoch 227: Loss = 0.7834
2025-07-27 11:14:14,922 - INFO - Epoch 228: Loss = 0.7900
2025-07-27 11:14:15,012 - INFO - Epoch 229: Loss = 0.7747
2025-07-27 11:14:15,101 - INFO - Epoch 230: Loss = 0.7777
2025-07-27 11:14:15,192 - INFO - Epoch 231: Loss = 0.7757
2025-07-27 11:14:15,281 - INFO - Epoch 232: Loss = 0.7735
2025-07-27 11:14:15,371 - INFO - Epoch 233: Loss = 0.7642
2025-07-27 11:14:15,461 - INFO - Epoch 234: Loss = 0.7644
2025-07-27 11:14:15,551 - INFO - Epoch 235: Loss = 0.7653
2025-07-27 11:14:15,641 - INFO - Epoch 236: Loss = 0.7606
2025-07-27 11:14:15,731 - INFO - Epoch 237: Loss = 0.7534
2025-07-27 11:14:15,821 - INFO - Epoch 238: Loss = 0.7678
2025-07-27 11:14:15,910 - INFO - Epoch 239: Loss = 0.7629
2025-07-27 11:14:16,000 - INFO - Epoch 240: Loss = 0.7514
2025-07-27 11:14:16,090 - INFO - Epoch 241: Loss = 0.7427
2025-07-27 11:14:16,180 - INFO - Epoch 242: Loss = 0.7446
2025-07-27 11:14:16,270 - INFO - Epoch 243: Loss = 0.7415
2025-07-27 11:14:16,360 - INFO - Epoch 244: Loss = 0.7341
2025-07-27 11:14:16,450 - INFO - Epoch 245: Loss = 0.7365
2025-07-27 11:14:16,540 - INFO - Epoch 246: Loss = 0.7331
2025-07-27 11:14:16,629 - INFO - Epoch 247: Loss = 0.7238
2025-07-27 11:14:16,719 - INFO - Epoch 248: Loss = 0.7314
2025-07-27 11:14:16,810 - INFO - Epoch 249: Loss = 0.7315
2025-07-27 11:14:16,901 - INFO - Epoch 250: Loss = 0.7174
2025-07-27 11:14:16,991 - INFO - Epoch 251: Loss = 0.7234
2025-07-27 11:14:17,081 - INFO - Epoch 252: Loss = 0.7186
2025-07-27 11:14:17,171 - INFO - Epoch 253: Loss = 0.7123
2025-07-27 11:14:17,261 - INFO - Epoch 254: Loss = 0.7181
2025-07-27 11:14:17,350 - INFO - Epoch 255: Loss = 0.7156
2025-07-27 11:14:17,440 - INFO - Epoch 256: Loss = 0.7086
2025-07-27 11:14:17,528 - INFO - Test: Loss = 0.7829, Accuracy = 72.77%
2025-07-27 11:14:17,528 - INFO - [Gradient Run 1] Training time: 25.70s
