2025-07-27 11:33:04,191 - INFO - ------------------------------------Gradient-------------------------------------------
2025-07-27 11:33:04,192 - INFO - [Gradient Run 1] Starting
2025-07-27 11:33:06,549 - INFO - Training on device: cuda
2025-07-27 11:33:06,888 - INFO - Epoch 01: Loss = 2.3685
2025-07-27 11:33:07,008 - INFO - Epoch 02: Loss = 2.3597
2025-07-27 11:33:07,127 - INFO - Epoch 03: Loss = 2.3509
2025-07-27 11:33:07,245 - INFO - Epoch 04: Loss = 2.3421
2025-07-27 11:33:07,368 - INFO - Epoch 05: Loss = 2.3321
2025-07-27 11:33:07,486 - INFO - Epoch 06: Loss = 2.3191
2025-07-27 11:33:07,605 - INFO - Epoch 07: Loss = 2.3054
2025-07-27 11:33:07,724 - INFO - Epoch 08: Loss = 2.2869
2025-07-27 11:33:07,843 - INFO - Epoch 09: Loss = 2.2652
2025-07-27 11:33:07,961 - INFO - Epoch 10: Loss = 2.2430
2025-07-27 11:33:08,080 - INFO - Epoch 11: Loss = 2.2227
2025-07-27 11:33:08,199 - INFO - Epoch 12: Loss = 2.2038
2025-07-27 11:33:08,317 - INFO - Epoch 13: Loss = 2.1857
2025-07-27 11:33:08,438 - INFO - Epoch 14: Loss = 2.1710
2025-07-27 11:33:08,556 - INFO - Epoch 15: Loss = 2.1590
2025-07-27 11:33:08,675 - INFO - Epoch 16: Loss = 2.1460
2025-07-27 11:33:08,793 - INFO - Epoch 17: Loss = 2.1358
2025-07-27 11:33:08,912 - INFO - Epoch 18: Loss = 2.1259
2025-07-27 11:33:09,030 - INFO - Epoch 19: Loss = 2.1158
2025-07-27 11:33:09,148 - INFO - Epoch 20: Loss = 2.1103
2025-07-27 11:33:09,267 - INFO - Epoch 21: Loss = 2.1012
2025-07-27 11:33:09,388 - INFO - Epoch 22: Loss = 2.0944
2025-07-27 11:33:09,507 - INFO - Epoch 23: Loss = 2.0879
2025-07-27 11:33:09,625 - INFO - Epoch 24: Loss = 2.0800
2025-07-27 11:33:09,744 - INFO - Epoch 25: Loss = 2.0741
2025-07-27 11:33:09,862 - INFO - Epoch 26: Loss = 2.0672
2025-07-27 11:33:09,981 - INFO - Epoch 27: Loss = 2.0608
2025-07-27 11:33:10,100 - INFO - Epoch 28: Loss = 2.0552
2025-07-27 11:33:10,218 - INFO - Epoch 29: Loss = 2.0485
2025-07-27 11:33:10,339 - INFO - Epoch 30: Loss = 2.0433
2025-07-27 11:33:10,457 - INFO - Epoch 31: Loss = 2.0379
2025-07-27 11:33:10,576 - INFO - Epoch 32: Loss = 2.0347
2025-07-27 11:33:10,695 - INFO - Epoch 33: Loss = 2.0287
2025-07-27 11:33:10,813 - INFO - Epoch 34: Loss = 2.0243
2025-07-27 11:33:10,932 - INFO - Epoch 35: Loss = 2.0205
2025-07-27 11:33:11,050 - INFO - Epoch 36: Loss = 2.0162
2025-07-27 11:33:11,169 - INFO - Epoch 37: Loss = 2.0129
2025-07-27 11:33:11,288 - INFO - Epoch 38: Loss = 2.0096
2025-07-27 11:33:11,406 - INFO - Epoch 39: Loss = 2.0050
2025-07-27 11:33:11,525 - INFO - Epoch 40: Loss = 2.0016
2025-07-27 11:33:11,643 - INFO - Epoch 41: Loss = 1.9984
2025-07-27 11:33:11,762 - INFO - Epoch 42: Loss = 1.9970
2025-07-27 11:33:11,880 - INFO - Epoch 43: Loss = 1.9935
2025-07-27 11:33:11,998 - INFO - Epoch 44: Loss = 1.9913
2025-07-27 11:33:12,117 - INFO - Epoch 45: Loss = 1.9868
2025-07-27 11:33:12,235 - INFO - Epoch 46: Loss = 1.9837
2025-07-27 11:33:12,355 - INFO - Epoch 47: Loss = 1.9818
2025-07-27 11:33:12,474 - INFO - Epoch 48: Loss = 1.9793
2025-07-27 11:33:12,592 - INFO - Epoch 49: Loss = 1.9781
2025-07-27 11:33:12,711 - INFO - Epoch 50: Loss = 1.9751
2025-07-27 11:33:12,830 - INFO - Epoch 51: Loss = 1.9723
2025-07-27 11:33:12,948 - INFO - Epoch 52: Loss = 1.9704
2025-07-27 11:33:13,067 - INFO - Epoch 53: Loss = 1.9681
2025-07-27 11:33:13,187 - INFO - Epoch 54: Loss = 1.9658
2025-07-27 11:33:13,306 - INFO - Epoch 55: Loss = 1.9629
2025-07-27 11:33:13,424 - INFO - Epoch 56: Loss = 1.9611
2025-07-27 11:33:13,543 - INFO - Epoch 57: Loss = 1.9613
2025-07-27 11:33:13,661 - INFO - Epoch 58: Loss = 1.9565
2025-07-27 11:33:13,780 - INFO - Epoch 59: Loss = 1.9555
2025-07-27 11:33:13,898 - INFO - Epoch 60: Loss = 1.9539
2025-07-27 11:33:14,017 - INFO - Epoch 61: Loss = 1.9502
2025-07-27 11:33:14,136 - INFO - Epoch 62: Loss = 1.9486
2025-07-27 11:33:14,254 - INFO - Epoch 63: Loss = 1.9486
2025-07-27 11:33:14,373 - INFO - Epoch 64: Loss = 1.9453
2025-07-27 11:33:14,491 - INFO - Epoch 65: Loss = 1.9433
2025-07-27 11:33:14,611 - INFO - Epoch 66: Loss = 1.9409
2025-07-27 11:33:14,730 - INFO - Epoch 67: Loss = 1.9389
2025-07-27 11:33:14,848 - INFO - Epoch 68: Loss = 1.9377
2025-07-27 11:33:14,967 - INFO - Epoch 69: Loss = 1.9363
2025-07-27 11:33:15,085 - INFO - Epoch 70: Loss = 1.9357
2025-07-27 11:33:15,204 - INFO - Epoch 71: Loss = 1.9331
2025-07-27 11:33:15,322 - INFO - Epoch 72: Loss = 1.9313
2025-07-27 11:33:15,440 - INFO - Epoch 73: Loss = 1.9305
2025-07-27 11:33:15,559 - INFO - Epoch 74: Loss = 1.9273
2025-07-27 11:33:15,677 - INFO - Epoch 75: Loss = 1.9268
2025-07-27 11:33:15,796 - INFO - Epoch 76: Loss = 1.9270
2025-07-27 11:33:15,916 - INFO - Epoch 77: Loss = 1.9249
2025-07-27 11:33:16,034 - INFO - Epoch 78: Loss = 1.9236
2025-07-27 11:33:16,153 - INFO - Epoch 79: Loss = 1.9215
2025-07-27 11:33:16,272 - INFO - Epoch 80: Loss = 1.9196
2025-07-27 11:33:16,390 - INFO - Epoch 81: Loss = 1.9184
2025-07-27 11:33:16,509 - INFO - Epoch 82: Loss = 1.9177
2025-07-27 11:33:16,627 - INFO - Epoch 83: Loss = 1.9164
2025-07-27 11:33:16,746 - INFO - Epoch 84: Loss = 1.9159
2025-07-27 11:33:16,864 - INFO - Epoch 85: Loss = 1.9138
2025-07-27 11:33:16,983 - INFO - Epoch 86: Loss = 1.9118
2025-07-27 11:33:17,102 - INFO - Epoch 87: Loss = 1.9135
2025-07-27 11:33:17,221 - INFO - Epoch 88: Loss = 1.9125
2025-07-27 11:33:17,340 - INFO - Epoch 89: Loss = 1.9082
2025-07-27 11:33:17,459 - INFO - Epoch 90: Loss = 1.9056
2025-07-27 11:33:17,577 - INFO - Epoch 91: Loss = 1.9054
2025-07-27 11:33:17,696 - INFO - Epoch 92: Loss = 1.9034
2025-07-27 11:33:17,815 - INFO - Epoch 93: Loss = 1.9009
2025-07-27 11:33:17,933 - INFO - Epoch 94: Loss = 1.8984
2025-07-27 11:33:18,052 - INFO - Epoch 95: Loss = 1.8944
2025-07-27 11:33:18,170 - INFO - Epoch 96: Loss = 1.8936
2025-07-27 11:33:18,289 - INFO - Epoch 97: Loss = 1.8896
2025-07-27 11:33:18,407 - INFO - Epoch 98: Loss = 1.8890
2025-07-27 11:33:18,527 - INFO - Epoch 99: Loss = 1.8862
2025-07-27 11:33:18,646 - INFO - Epoch 100: Loss = 1.8821
2025-07-27 11:33:18,765 - INFO - Epoch 101: Loss = 1.8831
2025-07-27 11:33:18,883 - INFO - Epoch 102: Loss = 1.8782
2025-07-27 11:33:19,002 - INFO - Epoch 103: Loss = 1.8775
2025-07-27 11:33:19,120 - INFO - Epoch 104: Loss = 1.8757
2025-07-27 11:33:19,239 - INFO - Epoch 105: Loss = 1.8714
2025-07-27 11:33:19,357 - INFO - Epoch 106: Loss = 1.8711
2025-07-27 11:33:19,476 - INFO - Epoch 107: Loss = 1.8711
2025-07-27 11:33:19,594 - INFO - Epoch 108: Loss = 1.8665
2025-07-27 11:33:19,713 - INFO - Epoch 109: Loss = 1.8634
2025-07-27 11:33:19,831 - INFO - Epoch 110: Loss = 1.8597
2025-07-27 11:33:19,950 - INFO - Epoch 111: Loss = 1.8591
2025-07-27 11:33:20,069 - INFO - Epoch 112: Loss = 1.8550
2025-07-27 11:33:20,189 - INFO - Epoch 113: Loss = 1.8528
2025-07-27 11:33:20,308 - INFO - Epoch 114: Loss = 1.8501
2025-07-27 11:33:20,426 - INFO - Epoch 115: Loss = 1.8517
2025-07-27 11:33:20,545 - INFO - Epoch 116: Loss = 1.8457
2025-07-27 11:33:20,664 - INFO - Epoch 117: Loss = 1.8415
2025-07-27 11:33:20,783 - INFO - Epoch 118: Loss = 1.8388
2025-07-27 11:33:20,901 - INFO - Epoch 119: Loss = 1.8400
2025-07-27 11:33:21,020 - INFO - Epoch 120: Loss = 1.8362
2025-07-27 11:33:21,139 - INFO - Epoch 121: Loss = 1.8341
2025-07-27 11:33:21,257 - INFO - Epoch 122: Loss = 1.8300
2025-07-27 11:33:21,376 - INFO - Epoch 123: Loss = 1.8286
2025-07-27 11:33:21,495 - INFO - Epoch 124: Loss = 1.8260
2025-07-27 11:33:21,613 - INFO - Epoch 125: Loss = 1.8266
2025-07-27 11:33:21,733 - INFO - Epoch 126: Loss = 1.8224
2025-07-27 11:33:21,852 - INFO - Epoch 127: Loss = 1.8221
2025-07-27 11:33:21,971 - INFO - Epoch 128: Loss = 1.8216
2025-07-27 11:33:22,089 - INFO - Epoch 129: Loss = 1.8190
2025-07-27 11:33:22,208 - INFO - Epoch 130: Loss = 1.8164
2025-07-27 11:33:22,327 - INFO - Epoch 131: Loss = 1.8159
2025-07-27 11:33:22,445 - INFO - Epoch 132: Loss = 1.8149
2025-07-27 11:33:22,564 - INFO - Epoch 133: Loss = 1.8129
2025-07-27 11:33:22,683 - INFO - Epoch 134: Loss = 1.8133
2025-07-27 11:33:22,801 - INFO - Epoch 135: Loss = 1.8102
2025-07-27 11:33:22,920 - INFO - Epoch 136: Loss = 1.8086
2025-07-27 11:33:23,039 - INFO - Epoch 137: Loss = 1.8077
2025-07-27 11:33:23,159 - INFO - Epoch 138: Loss = 1.8096
2025-07-27 11:33:23,278 - INFO - Epoch 139: Loss = 1.8087
2025-07-27 11:33:23,397 - INFO - Epoch 140: Loss = 1.8068
2025-07-27 11:33:23,515 - INFO - Epoch 141: Loss = 1.8060
2025-07-27 11:33:23,634 - INFO - Epoch 142: Loss = 1.8042
2025-07-27 11:33:23,753 - INFO - Epoch 143: Loss = 1.8049
2025-07-27 11:33:23,871 - INFO - Epoch 144: Loss = 1.8039
2025-07-27 11:33:23,990 - INFO - Epoch 145: Loss = 1.8064
2025-07-27 11:33:24,109 - INFO - Epoch 146: Loss = 1.8006
2025-07-27 11:33:24,227 - INFO - Epoch 147: Loss = 1.8049
2025-07-27 11:33:24,346 - INFO - Epoch 148: Loss = 1.8020
2025-07-27 11:33:24,464 - INFO - Epoch 149: Loss = 1.8000
2025-07-27 11:33:24,583 - INFO - Epoch 150: Loss = 1.7979
2025-07-27 11:33:24,702 - INFO - Epoch 151: Loss = 1.7973
2025-07-27 11:33:24,820 - INFO - Epoch 152: Loss = 1.7962
2025-07-27 11:33:24,939 - INFO - Epoch 153: Loss = 1.7980
2025-07-27 11:33:25,058 - INFO - Epoch 154: Loss = 1.7995
2025-07-27 11:33:25,176 - INFO - Epoch 155: Loss = 1.7983
2025-07-27 11:33:25,295 - INFO - Epoch 156: Loss = 1.7969
2025-07-27 11:33:25,413 - INFO - Epoch 157: Loss = 1.7970
2025-07-27 11:33:25,533 - INFO - Epoch 158: Loss = 1.7982
2025-07-27 11:33:25,652 - INFO - Epoch 159: Loss = 1.7949
2025-07-27 11:33:25,771 - INFO - Epoch 160: Loss = 1.7931
2025-07-27 11:33:25,890 - INFO - Epoch 161: Loss = 1.7937
2025-07-27 11:33:26,009 - INFO - Epoch 162: Loss = 1.7909
2025-07-27 11:33:26,128 - INFO - Epoch 163: Loss = 1.7935
2025-07-27 11:33:26,246 - INFO - Epoch 164: Loss = 1.7911
2025-07-27 11:33:26,365 - INFO - Epoch 165: Loss = 1.7923
2025-07-27 11:33:26,484 - INFO - Epoch 166: Loss = 1.7912
2025-07-27 11:33:26,603 - INFO - Epoch 167: Loss = 1.7886
2025-07-27 11:33:26,721 - INFO - Epoch 168: Loss = 1.7887
2025-07-27 11:33:26,840 - INFO - Epoch 169: Loss = 1.7906
2025-07-27 11:33:26,959 - INFO - Epoch 170: Loss = 1.7904
2025-07-27 11:33:27,078 - INFO - Epoch 171: Loss = 1.7934
2025-07-27 11:33:27,196 - INFO - Epoch 172: Loss = 1.7901
2025-07-27 11:33:27,315 - INFO - Epoch 173: Loss = 1.7887
2025-07-27 11:33:27,435 - INFO - Epoch 174: Loss = 1.7879
2025-07-27 11:33:27,554 - INFO - Epoch 175: Loss = 1.7869
2025-07-27 11:33:27,673 - INFO - Epoch 176: Loss = 1.7851
2025-07-27 11:33:27,791 - INFO - Epoch 177: Loss = 1.7856
2025-07-27 11:33:27,910 - INFO - Epoch 178: Loss = 1.7854
2025-07-27 11:33:28,029 - INFO - Epoch 179: Loss = 1.7836
2025-07-27 11:33:28,148 - INFO - Epoch 180: Loss = 1.7874
2025-07-27 11:33:28,266 - INFO - Epoch 181: Loss = 1.7832
2025-07-27 11:33:28,385 - INFO - Epoch 182: Loss = 1.7814
2025-07-27 11:33:28,504 - INFO - Epoch 183: Loss = 1.7808
2025-07-27 11:33:28,623 - INFO - Epoch 184: Loss = 1.7798
2025-07-27 11:33:28,741 - INFO - Epoch 185: Loss = 1.7821
2025-07-27 11:33:28,860 - INFO - Epoch 186: Loss = 1.7829
2025-07-27 11:33:28,978 - INFO - Epoch 187: Loss = 1.7849
2025-07-27 11:33:29,098 - INFO - Epoch 188: Loss = 1.7828
2025-07-27 11:33:29,218 - INFO - Epoch 189: Loss = 1.7815
2025-07-27 11:33:29,336 - INFO - Epoch 190: Loss = 1.7818
2025-07-27 11:33:29,455 - INFO - Epoch 191: Loss = 1.7817
2025-07-27 11:33:29,574 - INFO - Epoch 192: Loss = 1.7765
2025-07-27 11:33:29,693 - INFO - Epoch 193: Loss = 1.7807
2025-07-27 11:33:29,812 - INFO - Epoch 194: Loss = 1.7774
2025-07-27 11:33:29,930 - INFO - Epoch 195: Loss = 1.7765
2025-07-27 11:33:30,049 - INFO - Epoch 196: Loss = 1.7764
2025-07-27 11:33:30,168 - INFO - Epoch 197: Loss = 1.7794
2025-07-27 11:33:30,287 - INFO - Epoch 198: Loss = 1.7755
2025-07-27 11:33:30,406 - INFO - Epoch 199: Loss = 1.7829
2025-07-27 11:33:30,524 - INFO - Epoch 200: Loss = 1.7766
2025-07-27 11:33:30,643 - INFO - Epoch 201: Loss = 1.7788
2025-07-27 11:33:30,762 - INFO - Epoch 202: Loss = 1.7787
2025-07-27 11:33:30,880 - INFO - Epoch 203: Loss = 1.7729
2025-07-27 11:33:30,999 - INFO - Epoch 204: Loss = 1.7738
2025-07-27 11:33:31,118 - INFO - Epoch 205: Loss = 1.7772
2025-07-27 11:33:31,237 - INFO - Epoch 206: Loss = 1.7741
2025-07-27 11:33:31,355 - INFO - Epoch 207: Loss = 1.7758
2025-07-27 11:33:31,474 - INFO - Epoch 208: Loss = 1.7770
2025-07-27 11:33:31,593 - INFO - Epoch 209: Loss = 1.7766
2025-07-27 11:33:31,713 - INFO - Epoch 210: Loss = 1.7723
2025-07-27 11:33:31,832 - INFO - Epoch 211: Loss = 1.7747
2025-07-27 11:33:31,951 - INFO - Epoch 212: Loss = 1.7737
2025-07-27 11:33:32,070 - INFO - Epoch 213: Loss = 1.7727
2025-07-27 11:33:32,189 - INFO - Epoch 214: Loss = 1.7734
2025-07-27 11:33:32,308 - INFO - Epoch 215: Loss = 1.7724
2025-07-27 11:33:32,426 - INFO - Epoch 216: Loss = 1.7724
2025-07-27 11:33:32,545 - INFO - Epoch 217: Loss = 1.7743
2025-07-27 11:33:32,664 - INFO - Epoch 218: Loss = 1.7741
2025-07-27 11:33:32,783 - INFO - Epoch 219: Loss = 1.7700
2025-07-27 11:33:32,901 - INFO - Epoch 220: Loss = 1.7698
2025-07-27 11:33:33,020 - INFO - Epoch 221: Loss = 1.7796
2025-07-27 11:33:33,139 - INFO - Epoch 222: Loss = 1.7722
2025-07-27 11:33:33,258 - INFO - Epoch 223: Loss = 1.7691
2025-07-27 11:33:33,377 - INFO - Epoch 224: Loss = 1.7692
2025-07-27 11:33:33,496 - INFO - Epoch 225: Loss = 1.7707
2025-07-27 11:33:33,614 - INFO - Epoch 226: Loss = 1.7674
2025-07-27 11:33:33,734 - INFO - Epoch 227: Loss = 1.7702
2025-07-27 11:33:33,853 - INFO - Epoch 228: Loss = 1.7693
2025-07-27 11:33:33,972 - INFO - Epoch 229: Loss = 1.7661
2025-07-27 11:33:34,091 - INFO - Epoch 230: Loss = 1.7661
2025-07-27 11:33:34,209 - INFO - Epoch 231: Loss = 1.7682
2025-07-27 11:33:34,328 - INFO - Epoch 232: Loss = 1.7661
2025-07-27 11:33:34,447 - INFO - Epoch 233: Loss = 1.7702
2025-07-27 11:33:34,566 - INFO - Epoch 234: Loss = 1.7661
2025-07-27 11:33:34,685 - INFO - Epoch 235: Loss = 1.7726
2025-07-27 11:33:34,803 - INFO - Epoch 236: Loss = 1.7739
2025-07-27 11:33:34,922 - INFO - Epoch 237: Loss = 1.7626
2025-07-27 11:33:35,041 - INFO - Epoch 238: Loss = 1.7662
2025-07-27 11:33:35,160 - INFO - Epoch 239: Loss = 1.7633
2025-07-27 11:33:35,279 - INFO - Epoch 240: Loss = 1.7643
2025-07-27 11:33:35,397 - INFO - Epoch 241: Loss = 1.7625
2025-07-27 11:33:35,516 - INFO - Epoch 242: Loss = 1.7696
2025-07-27 11:33:35,635 - INFO - Epoch 243: Loss = 1.7646
2025-07-27 11:33:35,754 - INFO - Epoch 244: Loss = 1.7638
2025-07-27 11:33:35,874 - INFO - Epoch 245: Loss = 1.7658
2025-07-27 11:33:35,992 - INFO - Epoch 246: Loss = 1.7626
2025-07-27 11:33:36,111 - INFO - Epoch 247: Loss = 1.7657
2025-07-27 11:33:36,230 - INFO - Epoch 248: Loss = 1.7625
2025-07-27 11:33:36,349 - INFO - Epoch 249: Loss = 1.7683
2025-07-27 11:33:36,467 - INFO - Epoch 250: Loss = 1.7609
2025-07-27 11:33:36,586 - INFO - Epoch 251: Loss = 1.7626
2025-07-27 11:33:36,705 - INFO - Epoch 252: Loss = 1.7625
2025-07-27 11:33:36,823 - INFO - Epoch 253: Loss = 1.7644
2025-07-27 11:33:36,942 - INFO - Epoch 254: Loss = 1.7701
2025-07-27 11:33:37,061 - INFO - Epoch 255: Loss = 1.7662
2025-07-27 11:33:37,180 - INFO - Epoch 256: Loss = 1.7649
2025-07-27 11:33:37,523 - INFO - Test: Loss = 1.7307, Accuracy = 72.05%
2025-07-27 11:33:37,531 - INFO - [Gradient Run 1] Training time: 33.34s
