2025-07-29 23:29:55,144 - INFO - ------------------------------------Gradient Period 25-------------------------------------------
2025-07-29 23:29:55,144 - INFO - [Gradient Period 25 Run 1] Starting
2025-07-29 23:29:58,270 - INFO - Training on device: cuda
2025-07-29 23:29:58,696 - INFO - Epoch 01: Loss = 296.9321, Accuracy = 2.44%
2025-07-29 23:29:58,873 - INFO - Epoch 02: Loss = 294.1417, Accuracy = 4.68%
2025-07-29 23:29:59,046 - INFO - Epoch 03: Loss = 289.4260, Accuracy = 6.17%
2025-07-29 23:29:59,219 - INFO - Epoch 04: Loss = 278.7829, Accuracy = 7.53%
2025-07-29 23:29:59,392 - INFO - Epoch 05: Loss = 265.4169, Accuracy = 10.35%
2025-07-29 23:29:59,566 - INFO - Epoch 06: Loss = 252.6645, Accuracy = 12.33%
2025-07-29 23:29:59,739 - INFO - Epoch 07: Loss = 240.3489, Accuracy = 15.44%
2025-07-29 23:29:59,912 - INFO - Epoch 08: Loss = 229.4579, Accuracy = 17.92%
2025-07-29 23:30:00,085 - INFO - Epoch 09: Loss = 221.5145, Accuracy = 20.32%
2025-07-29 23:30:00,258 - INFO - Epoch 10: Loss = 215.0462, Accuracy = 21.56%
2025-07-29 23:30:00,431 - INFO - Epoch 11: Loss = 209.5351, Accuracy = 22.81%
2025-07-29 23:30:00,605 - INFO - Epoch 12: Loss = 204.8157, Accuracy = 23.43%
2025-07-29 23:30:00,779 - INFO - Epoch 13: Loss = 200.1799, Accuracy = 25.62%
2025-07-29 23:30:00,951 - INFO - Epoch 14: Loss = 196.5230, Accuracy = 25.99%
2025-07-29 23:30:01,124 - INFO - Epoch 15: Loss = 192.9614, Accuracy = 27.11%
2025-07-29 23:30:01,297 - INFO - Epoch 16: Loss = 189.8319, Accuracy = 26.95%
2025-07-29 23:30:01,470 - INFO - Epoch 17: Loss = 187.2304, Accuracy = 27.48%
2025-07-29 23:30:01,643 - INFO - Epoch 18: Loss = 184.1272, Accuracy = 28.31%
2025-07-29 23:30:01,815 - INFO - Epoch 19: Loss = 181.5142, Accuracy = 28.23%
2025-07-29 23:30:01,988 - INFO - Epoch 20: Loss = 179.3555, Accuracy = 29.30%
2025-07-29 23:30:02,161 - INFO - Epoch 21: Loss = 176.8139, Accuracy = 29.97%
2025-07-29 23:30:02,333 - INFO - Epoch 22: Loss = 174.7371, Accuracy = 30.59%
2025-07-29 23:30:02,506 - INFO - Epoch 23: Loss = 172.9437, Accuracy = 31.13%
2025-07-29 23:30:02,681 - INFO - Epoch 24: Loss = 170.6506, Accuracy = 31.66%
2025-07-29 23:30:02,853 - INFO - Epoch 25: Loss = 168.3716, Accuracy = 32.66%
2025-07-29 23:30:03,026 - INFO - Epoch 26: Loss = 167.1108, Accuracy = 33.36%
2025-07-29 23:30:03,199 - INFO - Epoch 27: Loss = 164.7776, Accuracy = 34.77%
2025-07-29 23:30:03,371 - INFO - Epoch 28: Loss = 163.2770, Accuracy = 35.02%
2025-07-29 23:30:03,544 - INFO - Epoch 29: Loss = 161.2154, Accuracy = 35.51%
2025-07-29 23:30:03,717 - INFO - Epoch 30: Loss = 159.9547, Accuracy = 35.80%
2025-07-29 23:30:03,889 - INFO - Epoch 31: Loss = 158.6404, Accuracy = 37.13%
2025-07-29 23:30:04,062 - INFO - Epoch 32: Loss = 156.4180, Accuracy = 37.42%
2025-07-29 23:30:04,234 - INFO - Epoch 33: Loss = 155.3639, Accuracy = 38.25%
2025-07-29 23:30:04,407 - INFO - Epoch 34: Loss = 153.6117, Accuracy = 38.62%
2025-07-29 23:30:04,581 - INFO - Epoch 35: Loss = 152.7829, Accuracy = 38.04%
2025-07-29 23:30:04,753 - INFO - Epoch 36: Loss = 151.5381, Accuracy = 38.37%
2025-07-29 23:30:04,926 - INFO - Epoch 37: Loss = 149.5386, Accuracy = 40.07%
2025-07-29 23:30:05,098 - INFO - Epoch 38: Loss = 148.8296, Accuracy = 39.86%
2025-07-29 23:30:05,271 - INFO - Epoch 39: Loss = 146.8527, Accuracy = 40.98%
2025-07-29 23:30:05,443 - INFO - Epoch 40: Loss = 146.2763, Accuracy = 40.07%
2025-07-29 23:30:05,616 - INFO - Epoch 41: Loss = 144.7399, Accuracy = 41.51%
2025-07-29 23:30:05,789 - INFO - Epoch 42: Loss = 143.1103, Accuracy = 42.76%
2025-07-29 23:30:05,961 - INFO - Epoch 43: Loss = 141.9209, Accuracy = 42.76%
2025-07-29 23:30:06,134 - INFO - Epoch 44: Loss = 140.6571, Accuracy = 43.34%
2025-07-29 23:30:06,306 - INFO - Epoch 45: Loss = 139.9374, Accuracy = 43.63%
2025-07-29 23:30:06,479 - INFO - Epoch 46: Loss = 139.3301, Accuracy = 44.29%
2025-07-29 23:30:06,652 - INFO - Epoch 47: Loss = 137.5943, Accuracy = 44.50%
2025-07-29 23:30:06,825 - INFO - Epoch 48: Loss = 136.4431, Accuracy = 44.41%
2025-07-29 23:30:06,997 - INFO - Epoch 49: Loss = 135.4359, Accuracy = 44.95%
2025-07-29 23:30:07,170 - INFO - Epoch 50: Loss = 134.0579, Accuracy = 45.78%
2025-07-29 23:30:07,343 - INFO - Epoch 51: Loss = 133.1704, Accuracy = 46.36%
2025-07-29 23:30:07,515 - INFO - Epoch 52: Loss = 131.7430, Accuracy = 46.19%
2025-07-29 23:30:07,688 - INFO - Epoch 53: Loss = 131.0498, Accuracy = 47.14%
2025-07-29 23:30:07,860 - INFO - Epoch 54: Loss = 130.3054, Accuracy = 47.72%
2025-07-29 23:30:08,033 - INFO - Epoch 55: Loss = 128.9239, Accuracy = 48.01%
2025-07-29 23:30:08,206 - INFO - Epoch 56: Loss = 127.8831, Accuracy = 48.18%
2025-07-29 23:30:08,378 - INFO - Epoch 57: Loss = 126.9488, Accuracy = 49.21%
2025-07-29 23:30:08,552 - INFO - Epoch 58: Loss = 125.6954, Accuracy = 48.72%
2025-07-29 23:30:08,725 - INFO - Epoch 59: Loss = 125.0200, Accuracy = 49.63%
2025-07-29 23:30:08,898 - INFO - Epoch 60: Loss = 124.1469, Accuracy = 49.88%
2025-07-29 23:30:09,071 - INFO - Epoch 61: Loss = 122.2603, Accuracy = 50.66%
2025-07-29 23:30:09,243 - INFO - Epoch 62: Loss = 121.1939, Accuracy = 50.99%
2025-07-29 23:30:09,416 - INFO - Epoch 63: Loss = 121.2722, Accuracy = 50.41%
2025-07-29 23:30:09,588 - INFO - Epoch 64: Loss = 119.6754, Accuracy = 52.44%
2025-07-29 23:30:09,761 - INFO - Epoch 65: Loss = 119.1670, Accuracy = 52.48%
2025-07-29 23:30:09,933 - INFO - Epoch 66: Loss = 118.2065, Accuracy = 53.02%
2025-07-29 23:30:10,106 - INFO - Epoch 67: Loss = 117.1452, Accuracy = 52.73%
2025-07-29 23:30:10,279 - INFO - Epoch 68: Loss = 115.8845, Accuracy = 52.77%
2025-07-29 23:30:10,451 - INFO - Epoch 69: Loss = 115.5989, Accuracy = 53.06%
2025-07-29 23:30:10,624 - INFO - Epoch 70: Loss = 114.3569, Accuracy = 53.56%
2025-07-29 23:30:10,797 - INFO - Epoch 71: Loss = 114.1464, Accuracy = 54.10%
2025-07-29 23:30:10,969 - INFO - Epoch 72: Loss = 113.2691, Accuracy = 53.81%
2025-07-29 23:30:11,142 - INFO - Epoch 73: Loss = 111.8026, Accuracy = 55.22%
2025-07-29 23:30:11,314 - INFO - Epoch 74: Loss = 111.3103, Accuracy = 55.01%
2025-07-29 23:30:11,487 - INFO - Epoch 75: Loss = 110.6091, Accuracy = 54.22%
2025-07-29 23:30:11,660 - INFO - Epoch 76: Loss = 110.9295, Accuracy = 55.17%
2025-07-29 23:30:11,832 - INFO - Epoch 77: Loss = 109.4297, Accuracy = 55.63%
2025-07-29 23:30:12,005 - INFO - Epoch 78: Loss = 107.6029, Accuracy = 57.33%
2025-07-29 23:30:12,177 - INFO - Epoch 79: Loss = 107.2912, Accuracy = 56.46%
2025-07-29 23:30:12,350 - INFO - Epoch 80: Loss = 105.8165, Accuracy = 57.86%
2025-07-29 23:30:12,522 - INFO - Epoch 81: Loss = 105.4381, Accuracy = 56.95%
2025-07-29 23:30:12,697 - INFO - Epoch 82: Loss = 105.0587, Accuracy = 57.66%
2025-07-29 23:30:12,869 - INFO - Epoch 83: Loss = 104.5017, Accuracy = 58.28%
2025-07-29 23:30:13,042 - INFO - Epoch 84: Loss = 103.4920, Accuracy = 57.37%
2025-07-29 23:30:13,215 - INFO - Epoch 85: Loss = 102.2219, Accuracy = 58.69%
2025-07-29 23:30:13,387 - INFO - Epoch 86: Loss = 101.4661, Accuracy = 58.49%
2025-07-29 23:30:13,560 - INFO - Epoch 87: Loss = 101.0005, Accuracy = 58.77%
2025-07-29 23:30:13,732 - INFO - Epoch 88: Loss = 99.5824, Accuracy = 60.06%
2025-07-29 23:30:13,905 - INFO - Epoch 89: Loss = 99.1240, Accuracy = 60.14%
2025-07-29 23:30:14,077 - INFO - Epoch 90: Loss = 98.3906, Accuracy = 60.14%
2025-07-29 23:30:14,250 - INFO - Epoch 91: Loss = 97.6167, Accuracy = 60.89%
2025-07-29 23:30:14,422 - INFO - Epoch 92: Loss = 96.2408, Accuracy = 60.22%
2025-07-29 23:30:14,595 - INFO - Epoch 93: Loss = 96.3703, Accuracy = 61.01%
2025-07-29 23:30:14,767 - INFO - Epoch 94: Loss = 95.8150, Accuracy = 61.13%
2025-07-29 23:30:14,940 - INFO - Epoch 95: Loss = 95.4683, Accuracy = 61.13%
2025-07-29 23:30:15,112 - INFO - Epoch 96: Loss = 94.3829, Accuracy = 61.47%
2025-07-29 23:30:15,285 - INFO - Epoch 97: Loss = 93.3463, Accuracy = 62.33%
2025-07-29 23:30:15,457 - INFO - Epoch 98: Loss = 93.1537, Accuracy = 61.09%
2025-07-29 23:30:15,631 - INFO - Epoch 99: Loss = 92.7292, Accuracy = 61.71%
2025-07-29 23:30:15,804 - INFO - Epoch 100: Loss = 91.3030, Accuracy = 62.83%
2025-07-29 23:30:15,977 - INFO - Epoch 101: Loss = 90.7848, Accuracy = 63.25%
2025-07-29 23:30:16,149 - INFO - Epoch 102: Loss = 89.3304, Accuracy = 63.33%
2025-07-29 23:30:16,322 - INFO - Epoch 103: Loss = 88.5941, Accuracy = 63.49%
2025-07-29 23:30:16,494 - INFO - Epoch 104: Loss = 88.7765, Accuracy = 63.45%
2025-07-29 23:30:16,667 - INFO - Epoch 105: Loss = 87.4136, Accuracy = 64.49%
2025-07-29 23:30:16,840 - INFO - Epoch 106: Loss = 87.4970, Accuracy = 63.78%
2025-07-29 23:30:17,012 - INFO - Epoch 107: Loss = 86.5282, Accuracy = 64.49%
2025-07-29 23:30:17,185 - INFO - Epoch 108: Loss = 85.9097, Accuracy = 64.20%
2025-07-29 23:30:17,358 - INFO - Epoch 109: Loss = 85.9538, Accuracy = 64.74%
2025-07-29 23:30:17,530 - INFO - Epoch 110: Loss = 84.2695, Accuracy = 64.82%
2025-07-29 23:30:17,704 - INFO - Epoch 111: Loss = 83.5467, Accuracy = 65.31%
2025-07-29 23:30:17,877 - INFO - Epoch 112: Loss = 84.3060, Accuracy = 64.57%
2025-07-29 23:30:18,050 - INFO - Epoch 113: Loss = 83.2700, Accuracy = 65.65%
2025-07-29 23:30:18,222 - INFO - Epoch 114: Loss = 82.4264, Accuracy = 66.35%
2025-07-29 23:30:18,394 - INFO - Epoch 115: Loss = 81.9554, Accuracy = 66.93%
2025-07-29 23:30:18,567 - INFO - Epoch 116: Loss = 81.0348, Accuracy = 66.43%
2025-07-29 23:30:18,740 - INFO - Epoch 117: Loss = 80.9075, Accuracy = 66.31%
2025-07-29 23:30:18,912 - INFO - Epoch 118: Loss = 80.2957, Accuracy = 67.05%
2025-07-29 23:30:19,085 - INFO - Epoch 119: Loss = 80.1639, Accuracy = 67.51%
2025-07-29 23:30:19,257 - INFO - Epoch 120: Loss = 78.8269, Accuracy = 68.17%
2025-07-29 23:30:19,430 - INFO - Epoch 121: Loss = 77.9650, Accuracy = 68.21%
2025-07-29 23:30:19,603 - INFO - Epoch 122: Loss = 77.2114, Accuracy = 67.38%
2025-07-29 23:30:19,776 - INFO - Epoch 123: Loss = 76.1254, Accuracy = 68.38%
2025-07-29 23:30:19,949 - INFO - Epoch 124: Loss = 76.7559, Accuracy = 68.29%
2025-07-29 23:30:20,121 - INFO - Epoch 125: Loss = 75.8559, Accuracy = 68.87%
2025-07-29 23:30:20,294 - INFO - Epoch 126: Loss = 75.3395, Accuracy = 69.12%
2025-07-29 23:30:20,466 - INFO - Epoch 127: Loss = 75.1210, Accuracy = 69.33%
2025-07-29 23:30:20,639 - INFO - Epoch 128: Loss = 74.5229, Accuracy = 69.16%
2025-07-29 23:30:20,812 - INFO - Epoch 129: Loss = 74.6693, Accuracy = 68.83%
2025-07-29 23:30:20,984 - INFO - Epoch 130: Loss = 73.3086, Accuracy = 69.95%
2025-07-29 23:30:21,157 - INFO - Epoch 131: Loss = 73.2501, Accuracy = 69.74%
2025-07-29 23:30:21,330 - INFO - Epoch 132: Loss = 72.3169, Accuracy = 70.24%
2025-07-29 23:30:21,502 - INFO - Epoch 133: Loss = 73.0883, Accuracy = 69.70%
2025-07-29 23:30:21,676 - INFO - Epoch 134: Loss = 70.6632, Accuracy = 70.45%
2025-07-29 23:30:21,849 - INFO - Epoch 135: Loss = 70.2808, Accuracy = 71.11%
2025-07-29 23:30:22,022 - INFO - Epoch 136: Loss = 70.2047, Accuracy = 71.03%
2025-07-29 23:30:22,194 - INFO - Epoch 137: Loss = 69.6722, Accuracy = 71.23%
2025-07-29 23:30:22,366 - INFO - Epoch 138: Loss = 69.3956, Accuracy = 71.44%
2025-07-29 23:30:22,539 - INFO - Epoch 139: Loss = 68.3600, Accuracy = 71.52%
2025-07-29 23:30:22,712 - INFO - Epoch 140: Loss = 68.9517, Accuracy = 71.52%
2025-07-29 23:30:22,884 - INFO - Epoch 141: Loss = 68.3279, Accuracy = 71.69%
2025-07-29 23:30:23,057 - INFO - Epoch 142: Loss = 67.5718, Accuracy = 72.10%
2025-07-29 23:30:23,229 - INFO - Epoch 143: Loss = 66.8884, Accuracy = 72.31%
2025-07-29 23:30:23,402 - INFO - Epoch 144: Loss = 66.6856, Accuracy = 72.76%
2025-07-29 23:30:23,574 - INFO - Epoch 145: Loss = 65.2176, Accuracy = 73.26%
2025-07-29 23:30:23,748 - INFO - Epoch 146: Loss = 66.1875, Accuracy = 73.43%
2025-07-29 23:30:23,920 - INFO - Epoch 147: Loss = 64.7201, Accuracy = 73.14%
2025-07-29 23:30:24,093 - INFO - Epoch 148: Loss = 64.9360, Accuracy = 73.10%
2025-07-29 23:30:24,266 - INFO - Epoch 149: Loss = 63.3862, Accuracy = 73.92%
2025-07-29 23:30:24,438 - INFO - Epoch 150: Loss = 62.6256, Accuracy = 74.21%
2025-07-29 23:30:24,610 - INFO - Epoch 151: Loss = 61.7593, Accuracy = 74.88%
2025-07-29 23:30:24,783 - INFO - Epoch 152: Loss = 61.8761, Accuracy = 75.00%
2025-07-29 23:30:24,956 - INFO - Epoch 153: Loss = 61.5635, Accuracy = 74.59%
2025-07-29 23:30:25,128 - INFO - Epoch 154: Loss = 62.1786, Accuracy = 74.63%
2025-07-29 23:30:25,301 - INFO - Epoch 155: Loss = 60.8157, Accuracy = 74.79%
2025-07-29 23:30:25,473 - INFO - Epoch 156: Loss = 60.9252, Accuracy = 74.46%
2025-07-29 23:30:25,647 - INFO - Epoch 157: Loss = 59.5097, Accuracy = 75.29%
2025-07-29 23:30:25,820 - INFO - Epoch 158: Loss = 60.0185, Accuracy = 75.00%
2025-07-29 23:30:25,992 - INFO - Epoch 159: Loss = 61.2974, Accuracy = 74.34%
2025-07-29 23:30:26,165 - INFO - Epoch 160: Loss = 59.0614, Accuracy = 75.58%
2025-07-29 23:30:26,337 - INFO - Epoch 161: Loss = 59.0258, Accuracy = 75.17%
2025-07-29 23:30:26,510 - INFO - Epoch 162: Loss = 57.6874, Accuracy = 76.61%
2025-07-29 23:30:26,683 - INFO - Epoch 163: Loss = 57.6493, Accuracy = 76.90%
2025-07-29 23:30:26,856 - INFO - Epoch 164: Loss = 57.4126, Accuracy = 75.91%
2025-07-29 23:30:27,028 - INFO - Epoch 165: Loss = 57.5231, Accuracy = 76.24%
2025-07-29 23:30:27,200 - INFO - Epoch 166: Loss = 57.9742, Accuracy = 76.61%
2025-07-29 23:30:27,373 - INFO - Epoch 167: Loss = 57.1508, Accuracy = 76.32%
2025-07-29 23:30:27,545 - INFO - Epoch 168: Loss = 55.8823, Accuracy = 76.90%
2025-07-29 23:30:27,718 - INFO - Epoch 169: Loss = 55.4393, Accuracy = 77.11%
2025-07-29 23:30:27,891 - INFO - Epoch 170: Loss = 55.4587, Accuracy = 77.69%
2025-07-29 23:30:28,063 - INFO - Epoch 171: Loss = 55.5807, Accuracy = 77.19%
2025-07-29 23:30:28,236 - INFO - Epoch 172: Loss = 54.3182, Accuracy = 77.15%
2025-07-29 23:30:28,408 - INFO - Epoch 173: Loss = 54.2473, Accuracy = 77.48%
2025-07-29 23:30:28,581 - INFO - Epoch 174: Loss = 52.3483, Accuracy = 78.89%
2025-07-29 23:30:28,754 - INFO - Epoch 175: Loss = 53.4563, Accuracy = 78.10%
2025-07-29 23:30:28,926 - INFO - Epoch 176: Loss = 52.4174, Accuracy = 78.27%
2025-07-29 23:30:29,099 - INFO - Epoch 177: Loss = 53.5503, Accuracy = 78.35%
2025-07-29 23:30:29,271 - INFO - Epoch 178: Loss = 51.1353, Accuracy = 79.51%
2025-07-29 23:30:29,443 - INFO - Epoch 179: Loss = 51.3218, Accuracy = 78.60%
2025-07-29 23:30:29,615 - INFO - Epoch 180: Loss = 51.2421, Accuracy = 78.85%
2025-07-29 23:30:29,789 - INFO - Epoch 181: Loss = 51.1806, Accuracy = 78.56%
2025-07-29 23:30:29,962 - INFO - Epoch 182: Loss = 50.2681, Accuracy = 79.26%
2025-07-29 23:30:30,134 - INFO - Epoch 183: Loss = 50.7228, Accuracy = 79.35%
2025-07-29 23:30:30,306 - INFO - Epoch 184: Loss = 50.4663, Accuracy = 79.01%
2025-07-29 23:30:30,479 - INFO - Epoch 185: Loss = 52.0524, Accuracy = 79.14%
2025-07-29 23:30:30,651 - INFO - Epoch 186: Loss = 49.7890, Accuracy = 79.76%
2025-07-29 23:30:30,824 - INFO - Epoch 187: Loss = 48.7031, Accuracy = 80.09%
2025-07-29 23:30:30,997 - INFO - Epoch 188: Loss = 48.7076, Accuracy = 80.26%
2025-07-29 23:30:31,169 - INFO - Epoch 189: Loss = 48.0206, Accuracy = 80.84%
2025-07-29 23:30:31,341 - INFO - Epoch 190: Loss = 48.9923, Accuracy = 80.01%
2025-07-29 23:30:31,514 - INFO - Epoch 191: Loss = 47.0896, Accuracy = 81.13%
2025-07-29 23:30:31,687 - INFO - Epoch 192: Loss = 47.6647, Accuracy = 80.84%
2025-07-29 23:30:31,860 - INFO - Epoch 193: Loss = 48.0512, Accuracy = 80.55%
2025-07-29 23:30:32,032 - INFO - Epoch 194: Loss = 46.9707, Accuracy = 81.08%
2025-07-29 23:30:32,205 - INFO - Epoch 195: Loss = 46.4057, Accuracy = 81.33%
2025-07-29 23:30:32,377 - INFO - Epoch 196: Loss = 45.9702, Accuracy = 81.87%
2025-07-29 23:30:32,550 - INFO - Epoch 197: Loss = 45.8711, Accuracy = 81.75%
2025-07-29 23:30:32,723 - INFO - Epoch 198: Loss = 46.8557, Accuracy = 81.21%
2025-07-29 23:30:32,895 - INFO - Epoch 199: Loss = 45.7993, Accuracy = 81.79%
2025-07-29 23:30:33,068 - INFO - Epoch 200: Loss = 43.5772, Accuracy = 82.57%
2025-07-29 23:30:33,240 - INFO - Epoch 201: Loss = 43.8005, Accuracy = 82.91%
2025-07-29 23:30:33,413 - INFO - Epoch 202: Loss = 43.6689, Accuracy = 82.57%
2025-07-29 23:30:33,585 - INFO - Epoch 203: Loss = 43.3818, Accuracy = 83.07%
2025-07-29 23:30:33,759 - INFO - Epoch 204: Loss = 43.7166, Accuracy = 82.41%
2025-07-29 23:30:33,932 - INFO - Epoch 205: Loss = 42.9058, Accuracy = 83.24%
2025-07-29 23:30:34,104 - INFO - Epoch 206: Loss = 42.8673, Accuracy = 82.37%
2025-07-29 23:30:34,277 - INFO - Epoch 207: Loss = 43.0594, Accuracy = 83.53%
2025-07-29 23:30:34,449 - INFO - Epoch 208: Loss = 43.4134, Accuracy = 83.49%
2025-07-29 23:30:34,621 - INFO - Epoch 209: Loss = 41.8135, Accuracy = 83.65%
2025-07-29 23:30:34,794 - INFO - Epoch 210: Loss = 41.0808, Accuracy = 83.90%
2025-07-29 23:30:34,967 - INFO - Epoch 211: Loss = 41.7585, Accuracy = 83.90%
2025-07-29 23:30:35,139 - INFO - Epoch 212: Loss = 42.9502, Accuracy = 82.86%
2025-07-29 23:30:35,312 - INFO - Epoch 213: Loss = 40.9670, Accuracy = 84.02%
2025-07-29 23:30:35,484 - INFO - Epoch 214: Loss = 39.6542, Accuracy = 84.77%
2025-07-29 23:30:35,656 - INFO - Epoch 215: Loss = 39.5606, Accuracy = 84.77%
2025-07-29 23:30:35,830 - INFO - Epoch 216: Loss = 40.3016, Accuracy = 84.35%
2025-07-29 23:30:36,003 - INFO - Epoch 217: Loss = 39.5329, Accuracy = 84.89%
2025-07-29 23:30:36,175 - INFO - Epoch 218: Loss = 39.3051, Accuracy = 84.89%
2025-07-29 23:30:36,348 - INFO - Epoch 219: Loss = 39.3387, Accuracy = 84.73%
2025-07-29 23:30:36,521 - INFO - Epoch 220: Loss = 37.8634, Accuracy = 85.06%
2025-07-29 23:30:36,693 - INFO - Epoch 221: Loss = 38.2324, Accuracy = 85.14%
2025-07-29 23:30:36,866 - INFO - Epoch 222: Loss = 37.4848, Accuracy = 85.26%
2025-07-29 23:30:37,038 - INFO - Epoch 223: Loss = 37.6572, Accuracy = 85.31%
2025-07-29 23:30:37,211 - INFO - Epoch 224: Loss = 38.1585, Accuracy = 84.69%
2025-07-29 23:30:37,383 - INFO - Epoch 225: Loss = 39.2451, Accuracy = 84.44%
2025-07-29 23:30:37,556 - INFO - Epoch 226: Loss = 36.5092, Accuracy = 86.05%
2025-07-29 23:30:37,729 - INFO - Epoch 227: Loss = 36.4589, Accuracy = 86.18%
2025-07-29 23:30:37,902 - INFO - Epoch 228: Loss = 35.7563, Accuracy = 86.47%
2025-07-29 23:30:38,075 - INFO - Epoch 229: Loss = 36.3296, Accuracy = 86.22%
2025-07-29 23:30:38,247 - INFO - Epoch 230: Loss = 36.8987, Accuracy = 86.30%
2025-07-29 23:30:38,419 - INFO - Epoch 231: Loss = 36.3596, Accuracy = 86.63%
2025-07-29 23:30:38,592 - INFO - Epoch 232: Loss = 36.2128, Accuracy = 86.05%
2025-07-29 23:30:38,765 - INFO - Epoch 233: Loss = 33.7665, Accuracy = 87.29%
2025-07-29 23:30:38,937 - INFO - Epoch 234: Loss = 34.4175, Accuracy = 86.51%
2025-07-29 23:30:39,110 - INFO - Epoch 235: Loss = 35.2890, Accuracy = 87.04%
2025-07-29 23:30:39,282 - INFO - Epoch 236: Loss = 33.9659, Accuracy = 87.42%
2025-07-29 23:30:39,454 - INFO - Epoch 237: Loss = 34.2426, Accuracy = 87.42%
2025-07-29 23:30:39,627 - INFO - Epoch 238: Loss = 34.1145, Accuracy = 87.62%
2025-07-29 23:30:39,800 - INFO - Epoch 239: Loss = 33.2531, Accuracy = 87.38%
2025-07-29 23:30:39,973 - INFO - Epoch 240: Loss = 32.4008, Accuracy = 88.33%
2025-07-29 23:30:40,146 - INFO - Epoch 241: Loss = 32.1992, Accuracy = 88.04%
2025-07-29 23:30:40,318 - INFO - Epoch 242: Loss = 31.9868, Accuracy = 88.62%
2025-07-29 23:30:40,491 - INFO - Epoch 243: Loss = 31.6614, Accuracy = 87.87%
2025-07-29 23:30:40,663 - INFO - Epoch 244: Loss = 31.9617, Accuracy = 88.04%
2025-07-29 23:30:40,836 - INFO - Epoch 245: Loss = 33.1990, Accuracy = 87.38%
2025-07-29 23:30:41,009 - INFO - Epoch 246: Loss = 32.2665, Accuracy = 88.33%
2025-07-29 23:30:41,181 - INFO - Epoch 247: Loss = 32.5843, Accuracy = 87.96%
2025-07-29 23:30:41,353 - INFO - Epoch 248: Loss = 32.1558, Accuracy = 88.29%
2025-07-29 23:30:41,526 - INFO - Epoch 249: Loss = 31.2532, Accuracy = 88.37%
2025-07-29 23:30:41,699 - INFO - Epoch 250: Loss = 31.0933, Accuracy = 89.03%
2025-07-29 23:30:41,873 - INFO - Epoch 251: Loss = 31.5565, Accuracy = 88.58%
2025-07-29 23:30:42,045 - INFO - Epoch 252: Loss = 31.0965, Accuracy = 88.91%
2025-07-29 23:30:42,218 - INFO - Epoch 253: Loss = 33.8290, Accuracy = 88.45%
2025-07-29 23:30:42,390 - INFO - Epoch 254: Loss = 31.5537, Accuracy = 88.04%
2025-07-29 23:30:42,562 - INFO - Epoch 255: Loss = 31.2602, Accuracy = 88.53%
2025-07-29 23:30:42,735 - INFO - Epoch 256: Loss = 28.5902, Accuracy = 90.27%
2025-07-29 23:30:42,738 - INFO - [Gradient Period 25 Run 1] Training time: 47.59s
2025-07-29 23:30:43,412 - INFO - ✅ Regular Evaluation Accuracy: 51.77%
2025-07-29 23:30:43,484 - INFO - ✅ Regular Evaluation Top-5 Accuracy: 86.69%
2025-07-29 23:30:43,517 - INFO - ✅ Regular Evaluation Accuracy: 22.31%
2025-07-29 23:30:43,531 - INFO - ✅ Regular Evaluation Top-5 Accuracy: 70.77%
2025-07-29 23:30:44,001 - INFO - ✅ Regular Evaluation Accuracy: 5.88%
2025-07-29 23:30:44,013 - INFO - ✅ Regular Evaluation Top-5 Accuracy: 25.49%
2025-07-29 23:30:44,013 - INFO - Nuts
2025-07-29 23:30:44,442 - INFO - ✅ Regular Evaluation Accuracy: 44.66%
2025-07-29 23:30:44,453 - INFO - ✅ Regular Evaluation Top-5 Accuracy: 80.58%
2025-07-29 23:30:44,453 - INFO - Spices
2025-07-29 23:30:44,868 - INFO - ✅ Regular Evaluation Accuracy: 51.58%
2025-07-29 23:30:44,877 - INFO - ✅ Regular Evaluation Top-5 Accuracy: 86.32%
2025-07-29 23:30:44,878 - INFO - Herbs
2025-07-29 23:30:45,303 - INFO - ✅ Regular Evaluation Accuracy: 52.58%
2025-07-29 23:30:45,314 - INFO - ✅ Regular Evaluation Top-5 Accuracy: 81.44%
2025-07-29 23:30:45,314 - INFO - Fruits
2025-07-29 23:30:45,733 - INFO - ✅ Regular Evaluation Accuracy: 61.70%
2025-07-29 23:30:45,742 - INFO - ✅ Regular Evaluation Top-5 Accuracy: 94.68%
2025-07-29 23:30:45,743 - INFO - Vegetables
2025-07-29 23:30:46,161 - INFO - ✅ Regular Evaluation Accuracy: 48.91%
2025-07-29 23:30:46,170 - INFO - ✅ Regular Evaluation Top-5 Accuracy: 91.30%
