2025-07-29 22:46:54,234 - INFO - ------------------------------------Gradient Period 25-------------------------------------------
2025-07-29 22:46:54,234 - INFO - [Gradient Period 25 Run 1] Starting
2025-07-29 22:46:57,013 - INFO - Training on device: cuda
2025-07-29 22:46:57,432 - INFO - Epoch 01: Loss = 339.9815, Accuracy = 2.70%
2025-07-29 22:46:57,584 - INFO - Epoch 02: Loss = 337.5273, Accuracy = 4.43%
2025-07-29 22:46:57,736 - INFO - Epoch 03: Loss = 333.7692, Accuracy = 6.70%
2025-07-29 22:46:57,888 - INFO - Epoch 04: Loss = 326.3721, Accuracy = 7.46%
2025-07-29 22:46:58,042 - INFO - Epoch 05: Loss = 314.0027, Accuracy = 8.86%
2025-07-29 22:46:58,194 - INFO - Epoch 06: Loss = 300.6746, Accuracy = 9.58%
2025-07-29 22:46:58,345 - INFO - Epoch 07: Loss = 290.6083, Accuracy = 11.35%
2025-07-29 22:46:58,496 - INFO - Epoch 08: Loss = 283.2417, Accuracy = 12.68%
2025-07-29 22:46:58,647 - INFO - Epoch 09: Loss = 277.2018, Accuracy = 14.09%
2025-07-29 22:46:58,799 - INFO - Epoch 10: Loss = 271.5765, Accuracy = 15.20%
2025-07-29 22:46:58,950 - INFO - Epoch 11: Loss = 266.4360, Accuracy = 17.26%
2025-07-29 22:46:59,101 - INFO - Epoch 12: Loss = 261.1275, Accuracy = 17.90%
2025-07-29 22:46:59,253 - INFO - Epoch 13: Loss = 255.9101, Accuracy = 18.16%
2025-07-29 22:46:59,404 - INFO - Epoch 14: Loss = 250.8295, Accuracy = 19.02%
2025-07-29 22:46:59,555 - INFO - Epoch 15: Loss = 246.7010, Accuracy = 19.06%
2025-07-29 22:46:59,706 - INFO - Epoch 16: Loss = 242.9479, Accuracy = 19.67%
2025-07-29 22:46:59,861 - INFO - Epoch 17: Loss = 239.4889, Accuracy = 20.28%
2025-07-29 22:47:00,012 - INFO - Epoch 18: Loss = 236.7500, Accuracy = 21.07%
2025-07-29 22:47:00,163 - INFO - Epoch 19: Loss = 233.4948, Accuracy = 22.01%
2025-07-29 22:47:00,315 - INFO - Epoch 20: Loss = 230.7440, Accuracy = 22.23%
2025-07-29 22:47:00,466 - INFO - Epoch 21: Loss = 228.7283, Accuracy = 22.69%
2025-07-29 22:47:00,617 - INFO - Epoch 22: Loss = 225.7175, Accuracy = 23.45%
2025-07-29 22:47:00,769 - INFO - Epoch 23: Loss = 223.6100, Accuracy = 24.75%
2025-07-29 22:47:00,922 - INFO - Epoch 24: Loss = 221.5569, Accuracy = 25.40%
2025-07-29 22:47:01,074 - INFO - Epoch 25: Loss = 219.5473, Accuracy = 25.29%
2025-07-29 22:47:01,225 - INFO - Epoch 26: Loss = 217.3394, Accuracy = 25.50%
2025-07-29 22:47:01,375 - INFO - Epoch 27: Loss = 215.2139, Accuracy = 27.13%
2025-07-29 22:47:01,526 - INFO - Epoch 28: Loss = 213.0365, Accuracy = 27.34%
2025-07-29 22:47:01,678 - INFO - Epoch 29: Loss = 211.4023, Accuracy = 27.31%
2025-07-29 22:47:01,828 - INFO - Epoch 30: Loss = 209.2691, Accuracy = 28.46%
2025-07-29 22:47:01,982 - INFO - Epoch 31: Loss = 207.7192, Accuracy = 27.92%
2025-07-29 22:47:02,133 - INFO - Epoch 32: Loss = 205.5652, Accuracy = 28.82%
2025-07-29 22:47:02,284 - INFO - Epoch 33: Loss = 203.2466, Accuracy = 29.90%
2025-07-29 22:47:02,435 - INFO - Epoch 34: Loss = 201.5686, Accuracy = 29.94%
2025-07-29 22:47:02,586 - INFO - Epoch 35: Loss = 199.7385, Accuracy = 30.94%
2025-07-29 22:47:02,739 - INFO - Epoch 36: Loss = 198.0368, Accuracy = 30.30%
2025-07-29 22:47:02,890 - INFO - Epoch 37: Loss = 196.2761, Accuracy = 31.30%
2025-07-29 22:47:03,043 - INFO - Epoch 38: Loss = 194.6142, Accuracy = 31.34%
2025-07-29 22:47:03,194 - INFO - Epoch 39: Loss = 193.1527, Accuracy = 31.99%
2025-07-29 22:47:03,346 - INFO - Epoch 40: Loss = 191.6238, Accuracy = 32.49%
2025-07-29 22:47:03,497 - INFO - Epoch 41: Loss = 189.8137, Accuracy = 32.93%
2025-07-29 22:47:03,648 - INFO - Epoch 42: Loss = 188.4781, Accuracy = 32.82%
2025-07-29 22:47:03,799 - INFO - Epoch 43: Loss = 187.1845, Accuracy = 32.28%
2025-07-29 22:47:03,950 - INFO - Epoch 44: Loss = 185.6395, Accuracy = 33.97%
2025-07-29 22:47:04,101 - INFO - Epoch 45: Loss = 184.3615, Accuracy = 34.26%
2025-07-29 22:47:04,254 - INFO - Epoch 46: Loss = 183.1168, Accuracy = 34.29%
2025-07-29 22:47:04,405 - INFO - Epoch 47: Loss = 181.5842, Accuracy = 34.55%
2025-07-29 22:47:04,556 - INFO - Epoch 48: Loss = 180.4846, Accuracy = 35.48%
2025-07-29 22:47:04,707 - INFO - Epoch 49: Loss = 179.0940, Accuracy = 36.53%
2025-07-29 22:47:04,858 - INFO - Epoch 50: Loss = 178.1668, Accuracy = 35.63%
2025-07-29 22:47:05,009 - INFO - Epoch 51: Loss = 176.9999, Accuracy = 36.31%
2025-07-29 22:47:05,160 - INFO - Epoch 52: Loss = 175.1695, Accuracy = 37.03%
2025-07-29 22:47:05,311 - INFO - Epoch 53: Loss = 174.0530, Accuracy = 37.10%
2025-07-29 22:47:05,462 - INFO - Epoch 54: Loss = 173.1997, Accuracy = 37.21%
2025-07-29 22:47:05,615 - INFO - Epoch 55: Loss = 172.0598, Accuracy = 38.29%
2025-07-29 22:47:05,767 - INFO - Epoch 56: Loss = 170.9536, Accuracy = 38.98%
2025-07-29 22:47:05,918 - INFO - Epoch 57: Loss = 169.9077, Accuracy = 38.65%
2025-07-29 22:47:06,069 - INFO - Epoch 58: Loss = 168.6061, Accuracy = 39.27%
2025-07-29 22:47:06,219 - INFO - Epoch 59: Loss = 167.4548, Accuracy = 39.84%
2025-07-29 22:47:06,370 - INFO - Epoch 60: Loss = 166.5574, Accuracy = 39.55%
2025-07-29 22:47:06,521 - INFO - Epoch 61: Loss = 165.4076, Accuracy = 40.42%
2025-07-29 22:47:06,672 - INFO - Epoch 62: Loss = 164.1657, Accuracy = 40.38%
2025-07-29 22:47:06,824 - INFO - Epoch 63: Loss = 162.9782, Accuracy = 41.53%
2025-07-29 22:47:06,975 - INFO - Epoch 64: Loss = 161.7494, Accuracy = 41.57%
2025-07-29 22:47:07,127 - INFO - Epoch 65: Loss = 161.1218, Accuracy = 41.75%
2025-07-29 22:47:07,278 - INFO - Epoch 66: Loss = 159.9437, Accuracy = 42.76%
2025-07-29 22:47:07,429 - INFO - Epoch 67: Loss = 159.0722, Accuracy = 42.65%
2025-07-29 22:47:07,580 - INFO - Epoch 68: Loss = 157.9577, Accuracy = 42.72%
2025-07-29 22:47:07,731 - INFO - Epoch 69: Loss = 156.9417, Accuracy = 43.88%
2025-07-29 22:47:07,882 - INFO - Epoch 70: Loss = 156.1762, Accuracy = 43.34%
2025-07-29 22:47:08,035 - INFO - Epoch 71: Loss = 154.7328, Accuracy = 44.31%
2025-07-29 22:47:08,187 - INFO - Epoch 72: Loss = 153.7831, Accuracy = 44.74%
2025-07-29 22:47:08,338 - INFO - Epoch 73: Loss = 152.6210, Accuracy = 44.42%
2025-07-29 22:47:08,489 - INFO - Epoch 74: Loss = 151.9256, Accuracy = 44.74%
2025-07-29 22:47:08,640 - INFO - Epoch 75: Loss = 150.7382, Accuracy = 46.11%
2025-07-29 22:47:08,791 - INFO - Epoch 76: Loss = 149.7917, Accuracy = 45.75%
2025-07-29 22:47:08,943 - INFO - Epoch 77: Loss = 148.8298, Accuracy = 47.12%
2025-07-29 22:47:09,094 - INFO - Epoch 78: Loss = 147.7306, Accuracy = 46.61%
2025-07-29 22:47:09,246 - INFO - Epoch 79: Loss = 146.5798, Accuracy = 46.61%
2025-07-29 22:47:09,397 - INFO - Epoch 80: Loss = 145.5388, Accuracy = 47.23%
2025-07-29 22:47:09,548 - INFO - Epoch 81: Loss = 144.2905, Accuracy = 47.59%
2025-07-29 22:47:09,699 - INFO - Epoch 82: Loss = 143.2908, Accuracy = 48.41%
2025-07-29 22:47:09,850 - INFO - Epoch 83: Loss = 142.2567, Accuracy = 48.52%
2025-07-29 22:47:10,003 - INFO - Epoch 84: Loss = 141.5777, Accuracy = 48.23%
2025-07-29 22:47:10,154 - INFO - Epoch 85: Loss = 140.5306, Accuracy = 48.56%
2025-07-29 22:47:10,305 - INFO - Epoch 86: Loss = 139.2981, Accuracy = 50.11%
2025-07-29 22:47:10,456 - INFO - Epoch 87: Loss = 138.5888, Accuracy = 50.04%
2025-07-29 22:47:10,607 - INFO - Epoch 88: Loss = 137.4677, Accuracy = 50.07%
2025-07-29 22:47:10,759 - INFO - Epoch 89: Loss = 136.3388, Accuracy = 50.43%
2025-07-29 22:47:10,910 - INFO - Epoch 90: Loss = 135.5345, Accuracy = 51.01%
2025-07-29 22:47:11,061 - INFO - Epoch 91: Loss = 134.4130, Accuracy = 51.30%
2025-07-29 22:47:11,212 - INFO - Epoch 92: Loss = 133.6386, Accuracy = 51.59%
2025-07-29 22:47:11,364 - INFO - Epoch 93: Loss = 133.0335, Accuracy = 52.27%
2025-07-29 22:47:11,516 - INFO - Epoch 94: Loss = 131.7629, Accuracy = 52.31%
2025-07-29 22:47:11,667 - INFO - Epoch 95: Loss = 130.7451, Accuracy = 52.74%
2025-07-29 22:47:11,818 - INFO - Epoch 96: Loss = 129.9208, Accuracy = 53.21%
2025-07-29 22:47:11,970 - INFO - Epoch 97: Loss = 128.7511, Accuracy = 53.39%
2025-07-29 22:47:12,120 - INFO - Epoch 98: Loss = 128.1982, Accuracy = 53.17%
2025-07-29 22:47:12,271 - INFO - Epoch 99: Loss = 127.3153, Accuracy = 54.25%
2025-07-29 22:47:12,422 - INFO - Epoch 100: Loss = 126.0813, Accuracy = 54.43%
2025-07-29 22:47:12,574 - INFO - Epoch 101: Loss = 125.6080, Accuracy = 54.72%
2025-07-29 22:47:12,725 - INFO - Epoch 102: Loss = 124.4046, Accuracy = 55.04%
2025-07-29 22:47:12,877 - INFO - Epoch 103: Loss = 123.8967, Accuracy = 55.12%
2025-07-29 22:47:13,028 - INFO - Epoch 104: Loss = 122.8261, Accuracy = 55.84%
2025-07-29 22:47:13,179 - INFO - Epoch 105: Loss = 121.6216, Accuracy = 55.91%
2025-07-29 22:47:13,332 - INFO - Epoch 106: Loss = 120.9392, Accuracy = 55.15%
2025-07-29 22:47:13,484 - INFO - Epoch 107: Loss = 120.2079, Accuracy = 56.20%
2025-07-29 22:47:13,635 - INFO - Epoch 108: Loss = 119.2580, Accuracy = 56.59%
2025-07-29 22:47:13,787 - INFO - Epoch 109: Loss = 118.3076, Accuracy = 57.06%
2025-07-29 22:47:13,939 - INFO - Epoch 110: Loss = 117.2629, Accuracy = 57.38%
2025-07-29 22:47:14,090 - INFO - Epoch 111: Loss = 116.5998, Accuracy = 57.06%
2025-07-29 22:47:14,242 - INFO - Epoch 112: Loss = 116.1907, Accuracy = 57.28%
2025-07-29 22:47:14,393 - INFO - Epoch 113: Loss = 115.2648, Accuracy = 58.14%
2025-07-29 22:47:14,544 - INFO - Epoch 114: Loss = 113.7731, Accuracy = 59.08%
2025-07-29 22:47:14,695 - INFO - Epoch 115: Loss = 113.5652, Accuracy = 58.54%
2025-07-29 22:47:14,847 - INFO - Epoch 116: Loss = 112.8915, Accuracy = 58.79%
2025-07-29 22:47:14,998 - INFO - Epoch 117: Loss = 111.4551, Accuracy = 59.98%
2025-07-29 22:47:15,150 - INFO - Epoch 118: Loss = 110.8693, Accuracy = 58.79%
2025-07-29 22:47:15,303 - INFO - Epoch 119: Loss = 110.0643, Accuracy = 59.91%
2025-07-29 22:47:15,454 - INFO - Epoch 120: Loss = 109.2164, Accuracy = 60.12%
2025-07-29 22:47:15,605 - INFO - Epoch 121: Loss = 108.4662, Accuracy = 60.70%
2025-07-29 22:47:15,756 - INFO - Epoch 122: Loss = 107.7047, Accuracy = 60.91%
2025-07-29 22:47:15,907 - INFO - Epoch 123: Loss = 107.1044, Accuracy = 61.02%
2025-07-29 22:47:16,058 - INFO - Epoch 124: Loss = 106.4192, Accuracy = 60.84%
2025-07-29 22:47:16,210 - INFO - Epoch 125: Loss = 105.7853, Accuracy = 60.99%
2025-07-29 22:47:16,361 - INFO - Epoch 126: Loss = 104.5930, Accuracy = 61.85%
2025-07-29 22:47:16,512 - INFO - Epoch 127: Loss = 104.3204, Accuracy = 61.67%
2025-07-29 22:47:16,665 - INFO - Epoch 128: Loss = 103.1908, Accuracy = 63.11%
2025-07-29 22:47:16,817 - INFO - Epoch 129: Loss = 102.6941, Accuracy = 63.04%
2025-07-29 22:47:16,968 - INFO - Epoch 130: Loss = 101.4727, Accuracy = 63.44%
2025-07-29 22:47:17,121 - INFO - Epoch 131: Loss = 101.2741, Accuracy = 63.04%
2025-07-29 22:47:17,272 - INFO - Epoch 132: Loss = 100.1623, Accuracy = 63.65%
2025-07-29 22:47:17,424 - INFO - Epoch 133: Loss = 99.4456, Accuracy = 64.37%
2025-07-29 22:47:17,575 - INFO - Epoch 134: Loss = 98.8323, Accuracy = 64.09%
2025-07-29 22:47:17,726 - INFO - Epoch 135: Loss = 98.4200, Accuracy = 63.87%
2025-07-29 22:47:17,877 - INFO - Epoch 136: Loss = 97.7477, Accuracy = 64.73%
2025-07-29 22:47:18,028 - INFO - Epoch 137: Loss = 96.8799, Accuracy = 64.77%
2025-07-29 22:47:18,179 - INFO - Epoch 138: Loss = 96.5801, Accuracy = 64.81%
2025-07-29 22:47:18,330 - INFO - Epoch 139: Loss = 95.5487, Accuracy = 65.17%
2025-07-29 22:47:18,482 - INFO - Epoch 140: Loss = 95.0131, Accuracy = 65.24%
2025-07-29 22:47:18,633 - INFO - Epoch 141: Loss = 94.4977, Accuracy = 65.89%
2025-07-29 22:47:18,784 - INFO - Epoch 142: Loss = 93.9291, Accuracy = 65.96%
2025-07-29 22:47:18,935 - INFO - Epoch 143: Loss = 93.3762, Accuracy = 66.03%
2025-07-29 22:47:19,086 - INFO - Epoch 144: Loss = 92.4397, Accuracy = 66.53%
2025-07-29 22:47:19,239 - INFO - Epoch 145: Loss = 91.8479, Accuracy = 66.68%
2025-07-29 22:47:19,391 - INFO - Epoch 146: Loss = 91.4328, Accuracy = 66.86%
2025-07-29 22:47:19,542 - INFO - Epoch 147: Loss = 90.7120, Accuracy = 66.53%
2025-07-29 22:47:19,694 - INFO - Epoch 148: Loss = 89.9429, Accuracy = 66.89%
2025-07-29 22:47:19,845 - INFO - Epoch 149: Loss = 89.3549, Accuracy = 67.29%
2025-07-29 22:47:19,996 - INFO - Epoch 150: Loss = 88.6167, Accuracy = 67.65%
2025-07-29 22:47:20,147 - INFO - Epoch 151: Loss = 88.4174, Accuracy = 67.40%
2025-07-29 22:47:20,298 - INFO - Epoch 152: Loss = 87.3578, Accuracy = 68.16%
2025-07-29 22:47:20,449 - INFO - Epoch 153: Loss = 87.0520, Accuracy = 68.19%
2025-07-29 22:47:20,600 - INFO - Epoch 154: Loss = 86.2922, Accuracy = 68.08%
2025-07-29 22:47:20,752 - INFO - Epoch 155: Loss = 85.7893, Accuracy = 68.05%
2025-07-29 22:47:20,903 - INFO - Epoch 156: Loss = 85.7600, Accuracy = 68.77%
2025-07-29 22:47:21,054 - INFO - Epoch 157: Loss = 84.5193, Accuracy = 68.48%
2025-07-29 22:47:21,206 - INFO - Epoch 158: Loss = 84.1156, Accuracy = 69.13%
2025-07-29 22:47:21,357 - INFO - Epoch 159: Loss = 83.0428, Accuracy = 69.49%
2025-07-29 22:47:21,509 - INFO - Epoch 160: Loss = 82.9801, Accuracy = 69.20%
2025-07-29 22:47:21,661 - INFO - Epoch 161: Loss = 82.5246, Accuracy = 69.09%
2025-07-29 22:47:21,812 - INFO - Epoch 162: Loss = 81.7130, Accuracy = 69.88%
2025-07-29 22:47:21,963 - INFO - Epoch 163: Loss = 81.1180, Accuracy = 70.61%
2025-07-29 22:47:22,116 - INFO - Epoch 164: Loss = 80.1580, Accuracy = 71.15%
2025-07-29 22:47:22,269 - INFO - Epoch 165: Loss = 80.0735, Accuracy = 71.04%
2025-07-29 22:47:22,420 - INFO - Epoch 166: Loss = 79.4633, Accuracy = 70.82%
2025-07-29 22:47:22,571 - INFO - Epoch 167: Loss = 78.8764, Accuracy = 71.54%
2025-07-29 22:47:22,723 - INFO - Epoch 168: Loss = 78.4924, Accuracy = 71.61%
2025-07-29 22:47:22,874 - INFO - Epoch 169: Loss = 77.7535, Accuracy = 71.36%
2025-07-29 22:47:23,025 - INFO - Epoch 170: Loss = 77.5401, Accuracy = 71.72%
2025-07-29 22:47:23,176 - INFO - Epoch 171: Loss = 76.3658, Accuracy = 72.33%
2025-07-29 22:47:23,327 - INFO - Epoch 172: Loss = 75.8168, Accuracy = 72.55%
2025-07-29 22:47:23,479 - INFO - Epoch 173: Loss = 75.8041, Accuracy = 72.59%
2025-07-29 22:47:23,630 - INFO - Epoch 174: Loss = 74.9736, Accuracy = 73.23%
2025-07-29 22:47:23,783 - INFO - Epoch 175: Loss = 74.5359, Accuracy = 73.38%
2025-07-29 22:47:23,935 - INFO - Epoch 176: Loss = 74.2365, Accuracy = 73.49%
2025-07-29 22:47:24,086 - INFO - Epoch 177: Loss = 73.4380, Accuracy = 73.45%
2025-07-29 22:47:24,237 - INFO - Epoch 178: Loss = 73.2854, Accuracy = 73.16%
2025-07-29 22:47:24,388 - INFO - Epoch 179: Loss = 72.2735, Accuracy = 73.60%
2025-07-29 22:47:24,539 - INFO - Epoch 180: Loss = 71.4453, Accuracy = 74.32%
2025-07-29 22:47:24,690 - INFO - Epoch 181: Loss = 71.9680, Accuracy = 73.56%
2025-07-29 22:47:24,841 - INFO - Epoch 182: Loss = 71.0218, Accuracy = 73.81%
2025-07-29 22:47:24,992 - INFO - Epoch 183: Loss = 69.9156, Accuracy = 74.64%
2025-07-29 22:47:25,143 - INFO - Epoch 184: Loss = 69.8103, Accuracy = 74.57%
2025-07-29 22:47:25,294 - INFO - Epoch 185: Loss = 69.6549, Accuracy = 75.14%
2025-07-29 22:47:25,445 - INFO - Epoch 186: Loss = 69.4148, Accuracy = 75.07%
2025-07-29 22:47:25,596 - INFO - Epoch 187: Loss = 68.2979, Accuracy = 75.58%
2025-07-29 22:47:25,747 - INFO - Epoch 188: Loss = 67.8409, Accuracy = 75.47%
2025-07-29 22:47:25,898 - INFO - Epoch 189: Loss = 67.8274, Accuracy = 75.79%
2025-07-29 22:47:26,049 - INFO - Epoch 190: Loss = 67.3466, Accuracy = 75.65%
2025-07-29 22:47:26,200 - INFO - Epoch 191: Loss = 66.3358, Accuracy = 75.68%
2025-07-29 22:47:26,351 - INFO - Epoch 192: Loss = 65.7870, Accuracy = 76.59%
2025-07-29 22:47:26,505 - INFO - Epoch 193: Loss = 65.6332, Accuracy = 76.51%
2025-07-29 22:47:26,657 - INFO - Epoch 194: Loss = 64.8123, Accuracy = 76.69%
2025-07-29 22:47:26,808 - INFO - Epoch 195: Loss = 64.4239, Accuracy = 77.05%
2025-07-29 22:47:26,960 - INFO - Epoch 196: Loss = 64.5605, Accuracy = 76.87%
2025-07-29 22:47:27,111 - INFO - Epoch 197: Loss = 63.7261, Accuracy = 77.52%
2025-07-29 22:47:27,262 - INFO - Epoch 198: Loss = 62.6306, Accuracy = 77.41%
2025-07-29 22:47:27,413 - INFO - Epoch 199: Loss = 62.9482, Accuracy = 77.85%
2025-07-29 22:47:27,564 - INFO - Epoch 200: Loss = 61.8974, Accuracy = 78.21%
2025-07-29 22:47:27,715 - INFO - Epoch 201: Loss = 61.5156, Accuracy = 78.28%
2025-07-29 22:47:27,867 - INFO - Epoch 202: Loss = 61.3337, Accuracy = 78.24%
2025-07-29 22:47:28,018 - INFO - Epoch 203: Loss = 60.7721, Accuracy = 78.82%
2025-07-29 22:47:28,169 - INFO - Epoch 204: Loss = 60.5513, Accuracy = 78.75%
2025-07-29 22:47:28,320 - INFO - Epoch 205: Loss = 60.3842, Accuracy = 78.60%
2025-07-29 22:47:28,471 - INFO - Epoch 206: Loss = 59.6856, Accuracy = 78.89%
2025-07-29 22:47:28,622 - INFO - Epoch 207: Loss = 59.3400, Accuracy = 78.82%
2025-07-29 22:47:28,773 - INFO - Epoch 208: Loss = 59.0277, Accuracy = 79.07%
2025-07-29 22:47:28,924 - INFO - Epoch 209: Loss = 58.3405, Accuracy = 79.47%
2025-07-29 22:47:29,077 - INFO - Epoch 210: Loss = 58.0776, Accuracy = 79.61%
2025-07-29 22:47:29,229 - INFO - Epoch 211: Loss = 56.8533, Accuracy = 80.15%
2025-07-29 22:47:29,380 - INFO - Epoch 212: Loss = 56.7819, Accuracy = 80.01%
2025-07-29 22:47:29,531 - INFO - Epoch 213: Loss = 57.0183, Accuracy = 79.50%
2025-07-29 22:47:29,682 - INFO - Epoch 214: Loss = 57.0176, Accuracy = 79.68%
2025-07-29 22:47:29,833 - INFO - Epoch 215: Loss = 56.0219, Accuracy = 79.76%
2025-07-29 22:47:29,985 - INFO - Epoch 216: Loss = 55.8078, Accuracy = 79.79%
2025-07-29 22:47:30,137 - INFO - Epoch 217: Loss = 54.5758, Accuracy = 80.80%
2025-07-29 22:47:30,288 - INFO - Epoch 218: Loss = 54.9086, Accuracy = 80.22%
2025-07-29 22:47:30,439 - INFO - Epoch 219: Loss = 53.8689, Accuracy = 80.80%
2025-07-29 22:47:30,590 - INFO - Epoch 220: Loss = 53.3685, Accuracy = 81.38%
2025-07-29 22:47:30,741 - INFO - Epoch 221: Loss = 53.3115, Accuracy = 81.52%
2025-07-29 22:47:30,892 - INFO - Epoch 222: Loss = 52.9449, Accuracy = 81.12%
2025-07-29 22:47:31,043 - INFO - Epoch 223: Loss = 53.2084, Accuracy = 81.27%
2025-07-29 22:47:31,194 - INFO - Epoch 224: Loss = 52.3252, Accuracy = 81.66%
2025-07-29 22:47:31,346 - INFO - Epoch 225: Loss = 51.4132, Accuracy = 82.06%
2025-07-29 22:47:31,497 - INFO - Epoch 226: Loss = 50.6570, Accuracy = 81.88%
2025-07-29 22:47:31,648 - INFO - Epoch 227: Loss = 50.6055, Accuracy = 82.38%
2025-07-29 22:47:31,800 - INFO - Epoch 228: Loss = 50.2149, Accuracy = 82.38%
2025-07-29 22:47:31,952 - INFO - Epoch 229: Loss = 49.7437, Accuracy = 82.74%
2025-07-29 22:47:32,104 - INFO - Epoch 230: Loss = 49.6123, Accuracy = 82.53%
2025-07-29 22:47:32,257 - INFO - Epoch 231: Loss = 49.4301, Accuracy = 82.74%
2025-07-29 22:47:32,408 - INFO - Epoch 232: Loss = 48.5760, Accuracy = 83.39%
2025-07-29 22:47:32,560 - INFO - Epoch 233: Loss = 48.3795, Accuracy = 83.03%
2025-07-29 22:47:32,711 - INFO - Epoch 234: Loss = 47.7573, Accuracy = 83.25%
2025-07-29 22:47:32,862 - INFO - Epoch 235: Loss = 47.2231, Accuracy = 83.61%
2025-07-29 22:47:33,013 - INFO - Epoch 236: Loss = 47.1103, Accuracy = 83.36%
2025-07-29 22:47:33,164 - INFO - Epoch 237: Loss = 46.7134, Accuracy = 84.11%
2025-07-29 22:47:33,316 - INFO - Epoch 238: Loss = 45.9811, Accuracy = 83.75%
2025-07-29 22:47:33,467 - INFO - Epoch 239: Loss = 45.7277, Accuracy = 84.04%
2025-07-29 22:47:33,619 - INFO - Epoch 240: Loss = 45.7730, Accuracy = 84.04%
2025-07-29 22:47:33,770 - INFO - Epoch 241: Loss = 44.8643, Accuracy = 84.94%
2025-07-29 22:47:33,921 - INFO - Epoch 242: Loss = 45.1681, Accuracy = 84.33%
2025-07-29 22:47:34,072 - INFO - Epoch 243: Loss = 44.3956, Accuracy = 85.19%
2025-07-29 22:47:34,223 - INFO - Epoch 244: Loss = 43.9536, Accuracy = 85.16%
2025-07-29 22:47:34,374 - INFO - Epoch 245: Loss = 43.3668, Accuracy = 85.59%
2025-07-29 22:47:34,525 - INFO - Epoch 246: Loss = 44.0107, Accuracy = 85.16%
2025-07-29 22:47:34,676 - INFO - Epoch 247: Loss = 43.0297, Accuracy = 85.52%
2025-07-29 22:47:34,827 - INFO - Epoch 248: Loss = 42.8107, Accuracy = 85.19%
2025-07-29 22:47:34,980 - INFO - Epoch 249: Loss = 42.5639, Accuracy = 85.34%
2025-07-29 22:47:35,131 - INFO - Epoch 250: Loss = 41.9951, Accuracy = 85.84%
2025-07-29 22:47:35,282 - INFO - Epoch 251: Loss = 41.3709, Accuracy = 86.20%
2025-07-29 22:47:35,434 - INFO - Epoch 252: Loss = 41.0932, Accuracy = 86.06%
2025-07-29 22:47:35,585 - INFO - Epoch 253: Loss = 41.0620, Accuracy = 86.06%
2025-07-29 22:47:35,736 - INFO - Epoch 254: Loss = 40.4446, Accuracy = 86.42%
2025-07-29 22:47:35,887 - INFO - Epoch 255: Loss = 40.0163, Accuracy = 86.10%
2025-07-29 22:47:36,039 - INFO - Epoch 256: Loss = 40.1421, Accuracy = 86.46%
2025-07-29 22:47:36,042 - INFO - [Gradient Period 25 Run 1] Training time: 41.81s
2025-07-29 22:47:36,657 - INFO - ✅ Regular Evaluation Accuracy: 38.80%
2025-07-29 22:47:36,721 - INFO - ✅ Regular Evaluation Top-5 Accuracy: 81.42%
2025-07-29 22:47:36,734 - INFO - ✅ Regular Evaluation Accuracy: 23.81%
2025-07-29 22:47:36,745 - INFO - ✅ Regular Evaluation Top-5 Accuracy: 63.95%
2025-07-29 22:47:37,205 - INFO - ✅ Regular Evaluation Accuracy: 6.96%
2025-07-29 22:47:37,214 - INFO - ✅ Regular Evaluation Top-5 Accuracy: 30.43%
2025-07-29 22:47:37,214 - INFO - Nuts
2025-07-29 22:47:37,635 - INFO - ✅ Regular Evaluation Accuracy: 39.13%
2025-07-29 22:47:37,644 - INFO - ✅ Regular Evaluation Top-5 Accuracy: 79.13%
2025-07-29 22:47:37,644 - INFO - Spices
2025-07-29 22:47:38,056 - INFO - ✅ Regular Evaluation Accuracy: 37.04%
2025-07-29 22:47:38,065 - INFO - ✅ Regular Evaluation Top-5 Accuracy: 81.48%
2025-07-29 22:47:38,065 - INFO - Herbs
2025-07-29 22:47:38,485 - INFO - ✅ Regular Evaluation Accuracy: 34.26%
2025-07-29 22:47:38,494 - INFO - ✅ Regular Evaluation Top-5 Accuracy: 75.93%
2025-07-29 22:47:38,494 - INFO - Fruits
2025-07-29 22:47:38,916 - INFO - ✅ Regular Evaluation Accuracy: 46.30%
2025-07-29 22:47:38,925 - INFO - ✅ Regular Evaluation Top-5 Accuracy: 86.11%
2025-07-29 22:47:38,925 - INFO - Vegetables
2025-07-29 22:47:39,335 - INFO - ✅ Regular Evaluation Accuracy: 37.27%
2025-07-29 22:47:39,344 - INFO - ✅ Regular Evaluation Top-5 Accuracy: 84.55%
2025-07-29 22:47:39,345 - INFO - [Gradient Period 25 Run 2] Starting
2025-07-29 22:47:40,291 - INFO - Training on device: cuda
2025-07-29 22:47:40,444 - INFO - Epoch 01: Loss = 339.9384, Accuracy = 1.77%
2025-07-29 22:47:40,597 - INFO - Epoch 02: Loss = 337.2263, Accuracy = 4.57%
2025-07-29 22:47:40,748 - INFO - Epoch 03: Loss = 332.6635, Accuracy = 7.89%
2025-07-29 22:47:40,900 - INFO - Epoch 04: Loss = 323.6037, Accuracy = 9.47%
2025-07-29 22:47:41,052 - INFO - Epoch 05: Loss = 312.0520, Accuracy = 9.11%
2025-07-29 22:47:41,205 - INFO - Epoch 06: Loss = 301.8962, Accuracy = 10.09%
2025-07-29 22:47:41,357 - INFO - Epoch 07: Loss = 293.2904, Accuracy = 11.46%
2025-07-29 22:47:41,510 - INFO - Epoch 08: Loss = 286.7635, Accuracy = 13.40%
2025-07-29 22:47:41,662 - INFO - Epoch 09: Loss = 281.3506, Accuracy = 14.66%
2025-07-29 22:47:41,815 - INFO - Epoch 10: Loss = 276.4278, Accuracy = 15.89%
2025-07-29 22:47:41,967 - INFO - Epoch 11: Loss = 271.3331, Accuracy = 16.89%
2025-07-29 22:47:42,120 - INFO - Epoch 12: Loss = 266.1416, Accuracy = 17.33%
2025-07-29 22:47:42,272 - INFO - Epoch 13: Loss = 261.3431, Accuracy = 17.80%
2025-07-29 22:47:42,424 - INFO - Epoch 14: Loss = 257.1077, Accuracy = 17.83%
2025-07-29 22:47:42,576 - INFO - Epoch 15: Loss = 252.9809, Accuracy = 18.70%
2025-07-29 22:47:42,727 - INFO - Epoch 16: Loss = 249.2227, Accuracy = 20.35%
2025-07-29 22:47:42,879 - INFO - Epoch 17: Loss = 245.5588, Accuracy = 20.61%
2025-07-29 22:47:43,031 - INFO - Epoch 18: Loss = 242.0750, Accuracy = 20.97%
2025-07-29 22:47:43,183 - INFO - Epoch 19: Loss = 238.5180, Accuracy = 21.29%
2025-07-29 22:47:43,336 - INFO - Epoch 20: Loss = 235.3441, Accuracy = 22.48%
2025-07-29 22:47:43,488 - INFO - Epoch 21: Loss = 232.4384, Accuracy = 23.38%
2025-07-29 22:47:43,640 - INFO - Epoch 22: Loss = 229.2532, Accuracy = 23.74%
2025-07-29 22:47:43,792 - INFO - Epoch 23: Loss = 226.3121, Accuracy = 24.71%
2025-07-29 22:47:43,944 - INFO - Epoch 24: Loss = 223.7241, Accuracy = 24.82%
2025-07-29 22:47:44,096 - INFO - Epoch 25: Loss = 221.2203, Accuracy = 26.08%
2025-07-29 22:47:44,248 - INFO - Epoch 26: Loss = 218.6786, Accuracy = 26.37%
2025-07-29 22:47:44,401 - INFO - Epoch 27: Loss = 216.7154, Accuracy = 26.08%
2025-07-29 22:47:44,555 - INFO - Epoch 28: Loss = 214.4487, Accuracy = 26.62%
2025-07-29 22:47:44,707 - INFO - Epoch 29: Loss = 212.1066, Accuracy = 28.06%
2025-07-29 22:47:44,860 - INFO - Epoch 30: Loss = 210.0902, Accuracy = 28.31%
2025-07-29 22:47:45,012 - INFO - Epoch 31: Loss = 208.2630, Accuracy = 28.89%
2025-07-29 22:47:45,164 - INFO - Epoch 32: Loss = 206.0559, Accuracy = 28.57%
2025-07-29 22:47:45,316 - INFO - Epoch 33: Loss = 204.2160, Accuracy = 29.97%
2025-07-29 22:47:45,467 - INFO - Epoch 34: Loss = 202.2409, Accuracy = 30.87%
2025-07-29 22:47:45,620 - INFO - Epoch 35: Loss = 200.7474, Accuracy = 31.41%
2025-07-29 22:47:45,772 - INFO - Epoch 36: Loss = 199.0122, Accuracy = 30.94%
2025-07-29 22:47:45,923 - INFO - Epoch 37: Loss = 197.1480, Accuracy = 32.85%
2025-07-29 22:47:46,075 - INFO - Epoch 38: Loss = 195.8494, Accuracy = 32.49%
2025-07-29 22:47:46,227 - INFO - Epoch 39: Loss = 194.3602, Accuracy = 33.00%
2025-07-29 22:47:46,379 - INFO - Epoch 40: Loss = 191.9938, Accuracy = 33.97%
2025-07-29 22:47:46,531 - INFO - Epoch 41: Loss = 190.2490, Accuracy = 33.90%
2025-07-29 22:47:46,683 - INFO - Epoch 42: Loss = 188.9008, Accuracy = 34.22%
2025-07-29 22:47:46,835 - INFO - Epoch 43: Loss = 187.3776, Accuracy = 34.47%
2025-07-29 22:47:46,987 - INFO - Epoch 44: Loss = 185.4372, Accuracy = 35.41%
2025-07-29 22:47:47,139 - INFO - Epoch 45: Loss = 184.2207, Accuracy = 35.45%
2025-07-29 22:47:47,291 - INFO - Epoch 46: Loss = 182.5253, Accuracy = 35.52%
2025-07-29 22:47:47,443 - INFO - Epoch 47: Loss = 181.0543, Accuracy = 36.06%
2025-07-29 22:47:47,596 - INFO - Epoch 48: Loss = 179.5438, Accuracy = 36.64%
2025-07-29 22:47:47,751 - INFO - Epoch 49: Loss = 178.1293, Accuracy = 37.10%
2025-07-29 22:47:47,904 - INFO - Epoch 50: Loss = 176.8968, Accuracy = 37.50%
2025-07-29 22:47:48,057 - INFO - Epoch 51: Loss = 175.6239, Accuracy = 37.18%
2025-07-29 22:47:48,209 - INFO - Epoch 52: Loss = 173.8964, Accuracy = 38.54%
2025-07-29 22:47:48,362 - INFO - Epoch 53: Loss = 172.4711, Accuracy = 38.33%
2025-07-29 22:47:48,514 - INFO - Epoch 54: Loss = 171.6859, Accuracy = 39.01%
2025-07-29 22:47:48,667 - INFO - Epoch 55: Loss = 170.4292, Accuracy = 38.80%
2025-07-29 22:47:48,819 - INFO - Epoch 56: Loss = 169.0710, Accuracy = 39.27%
2025-07-29 22:47:48,971 - INFO - Epoch 57: Loss = 167.8351, Accuracy = 39.81%
2025-07-29 22:47:49,123 - INFO - Epoch 58: Loss = 166.1207, Accuracy = 39.66%
2025-07-29 22:47:49,275 - INFO - Epoch 59: Loss = 165.1342, Accuracy = 40.89%
2025-07-29 22:47:49,427 - INFO - Epoch 60: Loss = 163.7580, Accuracy = 40.96%
2025-07-29 22:47:49,579 - INFO - Epoch 61: Loss = 162.6735, Accuracy = 41.46%
2025-07-29 22:47:49,731 - INFO - Epoch 62: Loss = 161.5303, Accuracy = 41.17%
2025-07-29 22:47:49,883 - INFO - Epoch 63: Loss = 160.5391, Accuracy = 42.18%
2025-07-29 22:47:50,035 - INFO - Epoch 64: Loss = 159.2685, Accuracy = 42.07%
2025-07-29 22:47:50,188 - INFO - Epoch 65: Loss = 158.5577, Accuracy = 42.69%
2025-07-29 22:47:50,340 - INFO - Epoch 66: Loss = 156.6965, Accuracy = 43.19%
2025-07-29 22:47:50,492 - INFO - Epoch 67: Loss = 156.1830, Accuracy = 43.44%
2025-07-29 22:47:50,645 - INFO - Epoch 68: Loss = 154.5059, Accuracy = 43.70%
2025-07-29 22:47:50,797 - INFO - Epoch 69: Loss = 154.2114, Accuracy = 43.66%
2025-07-29 22:47:50,950 - INFO - Epoch 70: Loss = 152.7269, Accuracy = 45.39%
2025-07-29 22:47:51,102 - INFO - Epoch 71: Loss = 151.3619, Accuracy = 44.63%
2025-07-29 22:47:51,254 - INFO - Epoch 72: Loss = 150.3653, Accuracy = 46.18%
2025-07-29 22:47:51,406 - INFO - Epoch 73: Loss = 149.2763, Accuracy = 46.76%
2025-07-29 22:47:51,561 - INFO - Epoch 74: Loss = 148.6126, Accuracy = 46.76%
2025-07-29 22:47:51,714 - INFO - Epoch 75: Loss = 147.3126, Accuracy = 47.48%
2025-07-29 22:47:51,866 - INFO - Epoch 76: Loss = 146.1597, Accuracy = 47.05%
2025-07-29 22:47:52,019 - INFO - Epoch 77: Loss = 145.4058, Accuracy = 47.59%
2025-07-29 22:47:52,171 - INFO - Epoch 78: Loss = 144.4034, Accuracy = 48.09%
2025-07-29 22:47:52,323 - INFO - Epoch 79: Loss = 143.1767, Accuracy = 47.59%
2025-07-29 22:47:52,476 - INFO - Epoch 80: Loss = 142.4943, Accuracy = 48.70%
2025-07-29 22:47:52,628 - INFO - Epoch 81: Loss = 141.0718, Accuracy = 48.02%
2025-07-29 22:47:52,780 - INFO - Epoch 82: Loss = 140.3788, Accuracy = 49.14%
2025-07-29 22:47:52,933 - INFO - Epoch 83: Loss = 139.6088, Accuracy = 49.46%
2025-07-29 22:47:53,085 - INFO - Epoch 84: Loss = 138.4064, Accuracy = 49.57%
2025-07-29 22:47:53,237 - INFO - Epoch 85: Loss = 137.2123, Accuracy = 50.47%
2025-07-29 22:47:53,389 - INFO - Epoch 86: Loss = 136.5543, Accuracy = 50.61%
2025-07-29 22:47:53,541 - INFO - Epoch 87: Loss = 135.7275, Accuracy = 51.04%
2025-07-29 22:47:53,693 - INFO - Epoch 88: Loss = 134.5773, Accuracy = 50.90%
2025-07-29 22:47:53,845 - INFO - Epoch 89: Loss = 133.0617, Accuracy = 51.55%
2025-07-29 22:47:53,997 - INFO - Epoch 90: Loss = 132.3543, Accuracy = 51.80%
2025-07-29 22:47:54,149 - INFO - Epoch 91: Loss = 131.5260, Accuracy = 51.80%
2025-07-29 22:47:54,301 - INFO - Epoch 92: Loss = 130.3319, Accuracy = 52.45%
2025-07-29 22:47:54,453 - INFO - Epoch 93: Loss = 129.2739, Accuracy = 53.49%
2025-07-29 22:47:54,606 - INFO - Epoch 94: Loss = 128.8585, Accuracy = 52.81%
2025-07-29 22:47:54,758 - INFO - Epoch 95: Loss = 127.8314, Accuracy = 53.64%
2025-07-29 22:47:54,911 - INFO - Epoch 96: Loss = 126.3753, Accuracy = 54.25%
2025-07-29 22:47:55,063 - INFO - Epoch 97: Loss = 126.1299, Accuracy = 54.39%
2025-07-29 22:47:55,215 - INFO - Epoch 98: Loss = 125.2533, Accuracy = 54.03%
2025-07-29 22:47:55,367 - INFO - Epoch 99: Loss = 124.1344, Accuracy = 54.79%
2025-07-29 22:47:55,521 - INFO - Epoch 100: Loss = 123.0545, Accuracy = 55.73%
2025-07-29 22:47:55,673 - INFO - Epoch 101: Loss = 122.5066, Accuracy = 55.66%
2025-07-29 22:47:55,825 - INFO - Epoch 102: Loss = 121.7518, Accuracy = 55.73%
2025-07-29 22:47:55,977 - INFO - Epoch 103: Loss = 120.6935, Accuracy = 55.98%
2025-07-29 22:47:56,129 - INFO - Epoch 104: Loss = 120.0495, Accuracy = 56.45%
2025-07-29 22:47:56,281 - INFO - Epoch 105: Loss = 119.2379, Accuracy = 57.42%
2025-07-29 22:47:56,434 - INFO - Epoch 106: Loss = 118.1357, Accuracy = 57.82%
2025-07-29 22:47:56,586 - INFO - Epoch 107: Loss = 117.0148, Accuracy = 57.89%
2025-07-29 22:47:56,739 - INFO - Epoch 108: Loss = 116.4553, Accuracy = 58.32%
2025-07-29 22:47:56,891 - INFO - Epoch 109: Loss = 115.6614, Accuracy = 58.36%
2025-07-29 22:47:57,044 - INFO - Epoch 110: Loss = 114.9725, Accuracy = 58.54%
2025-07-29 22:47:57,196 - INFO - Epoch 111: Loss = 114.1442, Accuracy = 59.29%
2025-07-29 22:47:57,348 - INFO - Epoch 112: Loss = 113.2455, Accuracy = 59.37%
2025-07-29 22:47:57,500 - INFO - Epoch 113: Loss = 112.9354, Accuracy = 59.19%
2025-07-29 22:47:57,652 - INFO - Epoch 114: Loss = 112.2865, Accuracy = 59.58%
2025-07-29 22:47:57,804 - INFO - Epoch 115: Loss = 111.0907, Accuracy = 60.55%
2025-07-29 22:47:57,956 - INFO - Epoch 116: Loss = 110.1838, Accuracy = 60.59%
2025-07-29 22:47:58,108 - INFO - Epoch 117: Loss = 109.7429, Accuracy = 60.16%
2025-07-29 22:47:58,260 - INFO - Epoch 118: Loss = 109.4889, Accuracy = 59.94%
2025-07-29 22:47:58,412 - INFO - Epoch 119: Loss = 107.9679, Accuracy = 60.99%
2025-07-29 22:47:58,565 - INFO - Epoch 120: Loss = 107.7473, Accuracy = 60.41%
2025-07-29 22:47:58,718 - INFO - Epoch 121: Loss = 106.3076, Accuracy = 61.96%
2025-07-29 22:47:58,870 - INFO - Epoch 122: Loss = 105.7731, Accuracy = 61.85%
2025-07-29 22:47:59,022 - INFO - Epoch 123: Loss = 105.2689, Accuracy = 62.25%
2025-07-29 22:47:59,174 - INFO - Epoch 124: Loss = 104.5030, Accuracy = 62.57%
2025-07-29 22:47:59,328 - INFO - Epoch 125: Loss = 103.8314, Accuracy = 63.11%
2025-07-29 22:47:59,480 - INFO - Epoch 126: Loss = 103.0792, Accuracy = 63.69%
2025-07-29 22:47:59,632 - INFO - Epoch 127: Loss = 102.7795, Accuracy = 63.58%
2025-07-29 22:47:59,784 - INFO - Epoch 128: Loss = 101.6047, Accuracy = 63.65%
2025-07-29 22:47:59,936 - INFO - Epoch 129: Loss = 101.2445, Accuracy = 63.90%
2025-07-29 22:48:00,088 - INFO - Epoch 130: Loss = 100.8597, Accuracy = 64.55%
2025-07-29 22:48:00,241 - INFO - Epoch 131: Loss = 99.5373, Accuracy = 64.73%
2025-07-29 22:48:00,393 - INFO - Epoch 132: Loss = 98.6321, Accuracy = 65.13%
2025-07-29 22:48:00,545 - INFO - Epoch 133: Loss = 98.0569, Accuracy = 65.74%
2025-07-29 22:48:00,698 - INFO - Epoch 134: Loss = 96.7380, Accuracy = 65.56%
2025-07-29 22:48:00,850 - INFO - Epoch 135: Loss = 96.9909, Accuracy = 65.78%
2025-07-29 22:48:01,003 - INFO - Epoch 136: Loss = 96.1251, Accuracy = 66.28%
2025-07-29 22:48:01,155 - INFO - Epoch 137: Loss = 95.8233, Accuracy = 65.92%
2025-07-29 22:48:01,307 - INFO - Epoch 138: Loss = 94.3991, Accuracy = 66.57%
2025-07-29 22:48:01,459 - INFO - Epoch 139: Loss = 94.0448, Accuracy = 66.68%
2025-07-29 22:48:01,611 - INFO - Epoch 140: Loss = 93.0269, Accuracy = 66.79%
2025-07-29 22:48:01,763 - INFO - Epoch 141: Loss = 92.6119, Accuracy = 67.04%
2025-07-29 22:48:01,915 - INFO - Epoch 142: Loss = 91.9846, Accuracy = 67.07%
2025-07-29 22:48:02,067 - INFO - Epoch 143: Loss = 91.2083, Accuracy = 67.80%
2025-07-29 22:48:02,220 - INFO - Epoch 144: Loss = 90.9543, Accuracy = 67.80%
2025-07-29 22:48:02,372 - INFO - Epoch 145: Loss = 89.5519, Accuracy = 68.30%
2025-07-29 22:48:02,525 - INFO - Epoch 146: Loss = 89.2477, Accuracy = 68.84%
2025-07-29 22:48:02,677 - INFO - Epoch 147: Loss = 88.4912, Accuracy = 68.77%
2025-07-29 22:48:02,829 - INFO - Epoch 148: Loss = 87.4714, Accuracy = 69.88%
2025-07-29 22:48:02,982 - INFO - Epoch 149: Loss = 87.2808, Accuracy = 69.13%
2025-07-29 22:48:03,134 - INFO - Epoch 150: Loss = 86.7784, Accuracy = 69.45%
2025-07-29 22:48:03,286 - INFO - Epoch 151: Loss = 85.9105, Accuracy = 69.52%
2025-07-29 22:48:03,438 - INFO - Epoch 152: Loss = 85.3518, Accuracy = 69.67%
2025-07-29 22:48:03,590 - INFO - Epoch 153: Loss = 84.9469, Accuracy = 71.11%
2025-07-29 22:48:03,742 - INFO - Epoch 154: Loss = 84.2294, Accuracy = 70.24%
2025-07-29 22:48:03,894 - INFO - Epoch 155: Loss = 83.8468, Accuracy = 70.39%
2025-07-29 22:48:04,046 - INFO - Epoch 156: Loss = 82.5394, Accuracy = 70.93%
2025-07-29 22:48:04,198 - INFO - Epoch 157: Loss = 82.1493, Accuracy = 71.43%
2025-07-29 22:48:04,353 - INFO - Epoch 158: Loss = 81.5949, Accuracy = 71.58%
2025-07-29 22:48:04,507 - INFO - Epoch 159: Loss = 81.0922, Accuracy = 72.05%
2025-07-29 22:48:04,660 - INFO - Epoch 160: Loss = 80.3981, Accuracy = 72.19%
2025-07-29 22:48:04,812 - INFO - Epoch 161: Loss = 79.6882, Accuracy = 71.87%
2025-07-29 22:48:04,964 - INFO - Epoch 162: Loss = 79.0165, Accuracy = 72.41%
2025-07-29 22:48:05,116 - INFO - Epoch 163: Loss = 78.1297, Accuracy = 72.48%
2025-07-29 22:48:05,268 - INFO - Epoch 164: Loss = 77.6440, Accuracy = 73.09%
2025-07-29 22:48:05,420 - INFO - Epoch 165: Loss = 77.7072, Accuracy = 73.16%
2025-07-29 22:48:05,573 - INFO - Epoch 166: Loss = 76.6094, Accuracy = 73.74%
2025-07-29 22:48:05,725 - INFO - Epoch 167: Loss = 76.1159, Accuracy = 73.31%
2025-07-29 22:48:05,878 - INFO - Epoch 168: Loss = 75.0474, Accuracy = 73.41%
2025-07-29 22:48:06,030 - INFO - Epoch 169: Loss = 75.0709, Accuracy = 73.81%
2025-07-29 22:48:06,183 - INFO - Epoch 170: Loss = 74.1021, Accuracy = 74.53%
2025-07-29 22:48:06,335 - INFO - Epoch 171: Loss = 74.1202, Accuracy = 73.92%
2025-07-29 22:48:06,487 - INFO - Epoch 172: Loss = 73.3619, Accuracy = 74.32%
2025-07-29 22:48:06,638 - INFO - Epoch 173: Loss = 72.3873, Accuracy = 75.18%
2025-07-29 22:48:06,790 - INFO - Epoch 174: Loss = 71.5612, Accuracy = 75.25%
2025-07-29 22:48:06,942 - INFO - Epoch 175: Loss = 71.3700, Accuracy = 75.25%
2025-07-29 22:48:07,094 - INFO - Epoch 176: Loss = 70.3930, Accuracy = 76.30%
2025-07-29 22:48:07,246 - INFO - Epoch 177: Loss = 70.9285, Accuracy = 74.82%
2025-07-29 22:48:07,398 - INFO - Epoch 178: Loss = 69.2707, Accuracy = 76.66%
2025-07-29 22:48:07,550 - INFO - Epoch 179: Loss = 69.7056, Accuracy = 75.94%
2025-07-29 22:48:07,702 - INFO - Epoch 180: Loss = 68.7242, Accuracy = 76.37%
2025-07-29 22:48:07,857 - INFO - Epoch 181: Loss = 68.1243, Accuracy = 77.09%
2025-07-29 22:48:08,009 - INFO - Epoch 182: Loss = 67.5307, Accuracy = 77.09%
2025-07-29 22:48:08,161 - INFO - Epoch 183: Loss = 66.5188, Accuracy = 77.05%
2025-07-29 22:48:08,313 - INFO - Epoch 184: Loss = 66.3046, Accuracy = 77.05%
2025-07-29 22:48:08,465 - INFO - Epoch 185: Loss = 66.2459, Accuracy = 77.38%
2025-07-29 22:48:08,617 - INFO - Epoch 186: Loss = 65.0821, Accuracy = 77.56%
2025-07-29 22:48:08,769 - INFO - Epoch 187: Loss = 64.4349, Accuracy = 78.03%
2025-07-29 22:48:08,922 - INFO - Epoch 188: Loss = 64.5935, Accuracy = 78.21%
2025-07-29 22:48:09,074 - INFO - Epoch 189: Loss = 63.9919, Accuracy = 78.46%
2025-07-29 22:48:09,227 - INFO - Epoch 190: Loss = 62.8385, Accuracy = 79.11%
2025-07-29 22:48:09,380 - INFO - Epoch 191: Loss = 62.4172, Accuracy = 78.67%
2025-07-29 22:48:09,532 - INFO - Epoch 192: Loss = 62.3040, Accuracy = 78.89%
2025-07-29 22:48:09,684 - INFO - Epoch 193: Loss = 61.5847, Accuracy = 78.96%
2025-07-29 22:48:09,836 - INFO - Epoch 194: Loss = 61.0223, Accuracy = 78.82%
2025-07-29 22:48:09,988 - INFO - Epoch 195: Loss = 60.1606, Accuracy = 79.79%
2025-07-29 22:48:10,140 - INFO - Epoch 196: Loss = 59.8265, Accuracy = 79.57%
2025-07-29 22:48:10,292 - INFO - Epoch 197: Loss = 59.1277, Accuracy = 81.02%
2025-07-29 22:48:10,444 - INFO - Epoch 198: Loss = 58.9350, Accuracy = 79.72%
2025-07-29 22:48:10,596 - INFO - Epoch 199: Loss = 58.4137, Accuracy = 80.62%
2025-07-29 22:48:10,748 - INFO - Epoch 200: Loss = 57.9276, Accuracy = 80.94%
2025-07-29 22:48:10,900 - INFO - Epoch 201: Loss = 57.3015, Accuracy = 80.15%
2025-07-29 22:48:11,052 - INFO - Epoch 202: Loss = 56.7870, Accuracy = 80.84%
2025-07-29 22:48:11,204 - INFO - Epoch 203: Loss = 56.7496, Accuracy = 81.02%
2025-07-29 22:48:11,356 - INFO - Epoch 204: Loss = 55.8648, Accuracy = 81.16%
2025-07-29 22:48:11,508 - INFO - Epoch 205: Loss = 55.4214, Accuracy = 81.70%
2025-07-29 22:48:11,660 - INFO - Epoch 206: Loss = 54.3402, Accuracy = 82.42%
2025-07-29 22:48:11,812 - INFO - Epoch 207: Loss = 54.3915, Accuracy = 81.95%
2025-07-29 22:48:11,964 - INFO - Epoch 208: Loss = 53.8312, Accuracy = 82.20%
2025-07-29 22:48:12,117 - INFO - Epoch 209: Loss = 53.4751, Accuracy = 82.20%
2025-07-29 22:48:12,269 - INFO - Epoch 210: Loss = 52.7397, Accuracy = 82.31%
2025-07-29 22:48:12,424 - INFO - Epoch 211: Loss = 52.5169, Accuracy = 82.28%
2025-07-29 22:48:12,577 - INFO - Epoch 212: Loss = 52.0265, Accuracy = 82.46%
2025-07-29 22:48:12,729 - INFO - Epoch 213: Loss = 51.0882, Accuracy = 83.11%
2025-07-29 22:48:12,882 - INFO - Epoch 214: Loss = 51.3276, Accuracy = 83.11%
2025-07-29 22:48:13,034 - INFO - Epoch 215: Loss = 50.2824, Accuracy = 84.37%
2025-07-29 22:48:13,186 - INFO - Epoch 216: Loss = 49.9845, Accuracy = 83.57%
2025-07-29 22:48:13,337 - INFO - Epoch 217: Loss = 49.6339, Accuracy = 83.93%
2025-07-29 22:48:13,490 - INFO - Epoch 218: Loss = 49.7263, Accuracy = 83.68%
2025-07-29 22:48:13,642 - INFO - Epoch 219: Loss = 48.7571, Accuracy = 84.22%
2025-07-29 22:48:13,794 - INFO - Epoch 220: Loss = 48.1294, Accuracy = 84.37%
2025-07-29 22:48:13,945 - INFO - Epoch 221: Loss = 48.1810, Accuracy = 84.58%
2025-07-29 22:48:14,098 - INFO - Epoch 222: Loss = 47.2622, Accuracy = 84.58%
2025-07-29 22:48:14,250 - INFO - Epoch 223: Loss = 46.7108, Accuracy = 85.30%
2025-07-29 22:48:14,402 - INFO - Epoch 224: Loss = 46.7755, Accuracy = 84.69%
2025-07-29 22:48:14,554 - INFO - Epoch 225: Loss = 46.5567, Accuracy = 85.23%
2025-07-29 22:48:14,706 - INFO - Epoch 226: Loss = 45.8495, Accuracy = 85.52%
2025-07-29 22:48:14,858 - INFO - Epoch 227: Loss = 45.0630, Accuracy = 85.88%
2025-07-29 22:48:15,010 - INFO - Epoch 228: Loss = 45.1108, Accuracy = 85.59%
2025-07-29 22:48:15,162 - INFO - Epoch 229: Loss = 44.4292, Accuracy = 85.88%
2025-07-29 22:48:15,315 - INFO - Epoch 230: Loss = 43.8251, Accuracy = 85.70%
2025-07-29 22:48:15,467 - INFO - Epoch 231: Loss = 44.2908, Accuracy = 85.95%
2025-07-29 22:48:15,620 - INFO - Epoch 232: Loss = 43.0774, Accuracy = 86.85%
2025-07-29 22:48:15,772 - INFO - Epoch 233: Loss = 43.3044, Accuracy = 85.66%
2025-07-29 22:48:15,925 - INFO - Epoch 234: Loss = 43.1874, Accuracy = 86.02%
2025-07-29 22:48:16,077 - INFO - Epoch 235: Loss = 42.3376, Accuracy = 86.74%
2025-07-29 22:48:16,229 - INFO - Epoch 236: Loss = 41.7848, Accuracy = 86.53%
2025-07-29 22:48:16,381 - INFO - Epoch 237: Loss = 41.4458, Accuracy = 87.14%
2025-07-29 22:48:16,533 - INFO - Epoch 238: Loss = 41.1302, Accuracy = 87.36%
2025-07-29 22:48:16,685 - INFO - Epoch 239: Loss = 41.1543, Accuracy = 87.10%
2025-07-29 22:48:16,837 - INFO - Epoch 240: Loss = 39.6734, Accuracy = 87.90%
2025-07-29 22:48:16,990 - INFO - Epoch 241: Loss = 39.7828, Accuracy = 87.43%
2025-07-29 22:48:17,142 - INFO - Epoch 242: Loss = 39.6792, Accuracy = 87.97%
2025-07-29 22:48:17,294 - INFO - Epoch 243: Loss = 39.4243, Accuracy = 87.50%
2025-07-29 22:48:17,447 - INFO - Epoch 244: Loss = 38.3493, Accuracy = 88.72%
2025-07-29 22:48:17,599 - INFO - Epoch 245: Loss = 38.2173, Accuracy = 88.51%
2025-07-29 22:48:17,751 - INFO - Epoch 246: Loss = 37.8406, Accuracy = 88.65%
2025-07-29 22:48:17,903 - INFO - Epoch 247: Loss = 37.3994, Accuracy = 89.45%
2025-07-29 22:48:18,055 - INFO - Epoch 248: Loss = 36.9430, Accuracy = 89.27%
2025-07-29 22:48:18,207 - INFO - Epoch 249: Loss = 36.5797, Accuracy = 89.12%
2025-07-29 22:48:18,360 - INFO - Epoch 250: Loss = 36.6257, Accuracy = 88.72%
2025-07-29 22:48:18,513 - INFO - Epoch 251: Loss = 35.9208, Accuracy = 89.52%
2025-07-29 22:48:18,665 - INFO - Epoch 252: Loss = 35.6219, Accuracy = 89.81%
2025-07-29 22:48:18,818 - INFO - Epoch 253: Loss = 35.4837, Accuracy = 89.63%
2025-07-29 22:48:18,970 - INFO - Epoch 254: Loss = 34.8807, Accuracy = 89.59%
2025-07-29 22:48:19,123 - INFO - Epoch 255: Loss = 34.3929, Accuracy = 89.81%
2025-07-29 22:48:19,275 - INFO - Epoch 256: Loss = 34.2579, Accuracy = 89.81%
2025-07-29 22:48:19,277 - INFO - [Gradient Period 25 Run 2] Training time: 39.93s
2025-07-29 22:48:19,850 - INFO - ✅ Regular Evaluation Accuracy: 36.79%
2025-07-29 22:48:19,886 - INFO - ✅ Regular Evaluation Top-5 Accuracy: 79.42%
2025-07-29 22:48:19,898 - INFO - ✅ Regular Evaluation Accuracy: 23.81%
2025-07-29 22:48:19,909 - INFO - ✅ Regular Evaluation Top-5 Accuracy: 59.86%
2025-07-29 22:48:20,384 - INFO - ✅ Regular Evaluation Accuracy: 6.09%
2025-07-29 22:48:20,393 - INFO - ✅ Regular Evaluation Top-5 Accuracy: 26.09%
2025-07-29 22:48:20,393 - INFO - Nuts
2025-07-29 22:48:20,812 - INFO - ✅ Regular Evaluation Accuracy: 33.04%
2025-07-29 22:48:20,820 - INFO - ✅ Regular Evaluation Top-5 Accuracy: 73.91%
2025-07-29 22:48:20,821 - INFO - Spices
2025-07-29 22:48:21,229 - INFO - ✅ Regular Evaluation Accuracy: 43.52%
2025-07-29 22:48:21,238 - INFO - ✅ Regular Evaluation Top-5 Accuracy: 85.19%
2025-07-29 22:48:21,238 - INFO - Herbs
2025-07-29 22:48:21,651 - INFO - ✅ Regular Evaluation Accuracy: 36.11%
2025-07-29 22:48:21,660 - INFO - ✅ Regular Evaluation Top-5 Accuracy: 73.15%
2025-07-29 22:48:21,660 - INFO - Fruits
2025-07-29 22:48:22,068 - INFO - ✅ Regular Evaluation Accuracy: 42.59%
2025-07-29 22:48:22,076 - INFO - ✅ Regular Evaluation Top-5 Accuracy: 84.26%
2025-07-29 22:48:22,077 - INFO - Vegetables
2025-07-29 22:48:22,484 - INFO - ✅ Regular Evaluation Accuracy: 29.09%
2025-07-29 22:48:22,493 - INFO - ✅ Regular Evaluation Top-5 Accuracy: 80.91%
2025-07-29 22:48:22,494 - INFO - [Gradient Period 25 Run 3] Starting
2025-07-29 22:48:23,337 - INFO - Training on device: cuda
2025-07-29 22:48:23,491 - INFO - Epoch 01: Loss = 339.9797, Accuracy = 3.49%
2025-07-29 22:48:23,644 - INFO - Epoch 02: Loss = 337.0621, Accuracy = 4.97%
2025-07-29 22:48:23,797 - INFO - Epoch 03: Loss = 332.6271, Accuracy = 6.66%
2025-07-29 22:48:23,950 - INFO - Epoch 04: Loss = 324.8567, Accuracy = 7.46%
2025-07-29 22:48:24,102 - INFO - Epoch 05: Loss = 313.4041, Accuracy = 8.93%
2025-07-29 22:48:24,255 - INFO - Epoch 06: Loss = 300.5453, Accuracy = 10.84%
2025-07-29 22:48:24,408 - INFO - Epoch 07: Loss = 289.1869, Accuracy = 11.85%
2025-07-29 22:48:24,560 - INFO - Epoch 08: Loss = 280.9094, Accuracy = 13.04%
2025-07-29 22:48:24,713 - INFO - Epoch 09: Loss = 274.5147, Accuracy = 13.54%
2025-07-29 22:48:24,865 - INFO - Epoch 10: Loss = 268.9411, Accuracy = 15.09%
2025-07-29 22:48:25,018 - INFO - Epoch 11: Loss = 264.1287, Accuracy = 16.53%
2025-07-29 22:48:25,171 - INFO - Epoch 12: Loss = 259.9596, Accuracy = 17.54%
2025-07-29 22:48:25,324 - INFO - Epoch 13: Loss = 256.0486, Accuracy = 17.87%
2025-07-29 22:48:25,477 - INFO - Epoch 14: Loss = 252.2281, Accuracy = 19.13%
2025-07-29 22:48:25,630 - INFO - Epoch 15: Loss = 248.6867, Accuracy = 20.03%
2025-07-29 22:48:25,782 - INFO - Epoch 16: Loss = 245.3504, Accuracy = 20.46%
2025-07-29 22:48:25,935 - INFO - Epoch 17: Loss = 242.2322, Accuracy = 21.72%
2025-07-29 22:48:26,088 - INFO - Epoch 18: Loss = 239.2821, Accuracy = 22.48%
2025-07-29 22:48:26,241 - INFO - Epoch 19: Loss = 236.3054, Accuracy = 23.02%
2025-07-29 22:48:26,393 - INFO - Epoch 20: Loss = 233.6414, Accuracy = 23.56%
2025-07-29 22:48:26,546 - INFO - Epoch 21: Loss = 231.0598, Accuracy = 23.34%
2025-07-29 22:48:26,699 - INFO - Epoch 22: Loss = 228.3882, Accuracy = 24.86%
2025-07-29 22:48:26,852 - INFO - Epoch 23: Loss = 226.1622, Accuracy = 24.89%
2025-07-29 22:48:27,004 - INFO - Epoch 24: Loss = 223.8514, Accuracy = 25.29%
2025-07-29 22:48:27,161 - INFO - Epoch 25: Loss = 221.3700, Accuracy = 25.97%
2025-07-29 22:48:27,314 - INFO - Epoch 26: Loss = 219.0628, Accuracy = 26.30%
2025-07-29 22:48:27,467 - INFO - Epoch 27: Loss = 216.4242, Accuracy = 26.87%
2025-07-29 22:48:27,620 - INFO - Epoch 28: Loss = 214.1679, Accuracy = 27.77%
2025-07-29 22:48:27,774 - INFO - Epoch 29: Loss = 211.7536, Accuracy = 28.42%
2025-07-29 22:48:27,926 - INFO - Epoch 30: Loss = 209.0760, Accuracy = 29.43%
2025-07-29 22:48:28,079 - INFO - Epoch 31: Loss = 206.8320, Accuracy = 30.44%
2025-07-29 22:48:28,231 - INFO - Epoch 32: Loss = 204.6330, Accuracy = 30.44%
2025-07-29 22:48:28,385 - INFO - Epoch 33: Loss = 202.4422, Accuracy = 30.33%
2025-07-29 22:48:28,537 - INFO - Epoch 34: Loss = 200.1415, Accuracy = 31.56%
2025-07-29 22:48:28,690 - INFO - Epoch 35: Loss = 198.1820, Accuracy = 31.77%
2025-07-29 22:48:28,843 - INFO - Epoch 36: Loss = 196.3983, Accuracy = 32.02%
2025-07-29 22:48:28,995 - INFO - Epoch 37: Loss = 194.2701, Accuracy = 32.60%
2025-07-29 22:48:29,148 - INFO - Epoch 38: Loss = 192.4783, Accuracy = 33.32%
2025-07-29 22:48:29,301 - INFO - Epoch 39: Loss = 191.0461, Accuracy = 33.50%
2025-07-29 22:48:29,454 - INFO - Epoch 40: Loss = 189.1923, Accuracy = 33.93%
2025-07-29 22:48:29,606 - INFO - Epoch 41: Loss = 187.7333, Accuracy = 35.05%
2025-07-29 22:48:29,759 - INFO - Epoch 42: Loss = 186.1599, Accuracy = 35.34%
2025-07-29 22:48:29,912 - INFO - Epoch 43: Loss = 184.5688, Accuracy = 35.52%
2025-07-29 22:48:30,064 - INFO - Epoch 44: Loss = 183.1825, Accuracy = 36.06%
2025-07-29 22:48:30,217 - INFO - Epoch 45: Loss = 181.9718, Accuracy = 36.20%
2025-07-29 22:48:30,370 - INFO - Epoch 46: Loss = 180.5253, Accuracy = 36.28%
2025-07-29 22:48:30,523 - INFO - Epoch 47: Loss = 178.9737, Accuracy = 36.96%
2025-07-29 22:48:30,675 - INFO - Epoch 48: Loss = 177.6618, Accuracy = 36.85%
2025-07-29 22:48:30,828 - INFO - Epoch 49: Loss = 176.5917, Accuracy = 37.75%
2025-07-29 22:48:30,980 - INFO - Epoch 50: Loss = 175.0295, Accuracy = 38.40%
2025-07-29 22:48:31,133 - INFO - Epoch 51: Loss = 173.8212, Accuracy = 38.00%
2025-07-29 22:48:31,286 - INFO - Epoch 52: Loss = 172.4785, Accuracy = 38.83%
2025-07-29 22:48:31,439 - INFO - Epoch 53: Loss = 171.3683, Accuracy = 39.55%
2025-07-29 22:48:31,591 - INFO - Epoch 54: Loss = 170.2192, Accuracy = 39.77%
2025-07-29 22:48:31,745 - INFO - Epoch 55: Loss = 168.9523, Accuracy = 40.20%
2025-07-29 22:48:31,899 - INFO - Epoch 56: Loss = 167.7967, Accuracy = 40.42%
2025-07-29 22:48:32,053 - INFO - Epoch 57: Loss = 166.6998, Accuracy = 40.67%
2025-07-29 22:48:32,207 - INFO - Epoch 58: Loss = 165.3626, Accuracy = 41.39%
2025-07-29 22:48:32,360 - INFO - Epoch 59: Loss = 164.6795, Accuracy = 41.43%
2025-07-29 22:48:32,513 - INFO - Epoch 60: Loss = 162.8985, Accuracy = 41.46%
2025-07-29 22:48:32,669 - INFO - Epoch 61: Loss = 161.9969, Accuracy = 42.22%
2025-07-29 22:48:32,822 - INFO - Epoch 62: Loss = 160.7531, Accuracy = 42.62%
2025-07-29 22:48:32,975 - INFO - Epoch 63: Loss = 159.5584, Accuracy = 42.90%
2025-07-29 22:48:33,127 - INFO - Epoch 64: Loss = 158.7914, Accuracy = 43.01%
2025-07-29 22:48:33,281 - INFO - Epoch 65: Loss = 157.6949, Accuracy = 43.80%
2025-07-29 22:48:33,434 - INFO - Epoch 66: Loss = 156.8120, Accuracy = 44.02%
2025-07-29 22:48:33,587 - INFO - Epoch 67: Loss = 155.4959, Accuracy = 44.38%
2025-07-29 22:48:33,740 - INFO - Epoch 68: Loss = 154.6770, Accuracy = 44.38%
2025-07-29 22:48:33,893 - INFO - Epoch 69: Loss = 153.3916, Accuracy = 44.74%
2025-07-29 22:48:34,046 - INFO - Epoch 70: Loss = 152.2974, Accuracy = 45.53%
2025-07-29 22:48:34,199 - INFO - Epoch 71: Loss = 151.3603, Accuracy = 45.35%
2025-07-29 22:48:34,351 - INFO - Epoch 72: Loss = 150.3671, Accuracy = 46.33%
2025-07-29 22:48:34,504 - INFO - Epoch 73: Loss = 148.9892, Accuracy = 45.97%
2025-07-29 22:48:34,657 - INFO - Epoch 74: Loss = 147.8792, Accuracy = 46.72%
2025-07-29 22:48:34,811 - INFO - Epoch 75: Loss = 147.1475, Accuracy = 46.79%
2025-07-29 22:48:34,964 - INFO - Epoch 76: Loss = 146.1405, Accuracy = 47.59%
2025-07-29 22:48:35,117 - INFO - Epoch 77: Loss = 145.4953, Accuracy = 47.51%
2025-07-29 22:48:35,270 - INFO - Epoch 78: Loss = 144.2683, Accuracy = 47.12%
2025-07-29 22:48:35,423 - INFO - Epoch 79: Loss = 143.3215, Accuracy = 47.84%
2025-07-29 22:48:35,576 - INFO - Epoch 80: Loss = 142.0545, Accuracy = 48.92%
2025-07-29 22:48:35,729 - INFO - Epoch 81: Loss = 141.6829, Accuracy = 49.03%
2025-07-29 22:48:35,881 - INFO - Epoch 82: Loss = 140.4420, Accuracy = 49.53%
2025-07-29 22:48:36,034 - INFO - Epoch 83: Loss = 139.1535, Accuracy = 50.36%
2025-07-29 22:48:36,186 - INFO - Epoch 84: Loss = 138.0580, Accuracy = 49.96%
2025-07-29 22:48:36,339 - INFO - Epoch 85: Loss = 137.2817, Accuracy = 50.29%
2025-07-29 22:48:36,492 - INFO - Epoch 86: Loss = 136.6746, Accuracy = 50.83%
2025-07-29 22:48:36,644 - INFO - Epoch 87: Loss = 135.6696, Accuracy = 51.26%
2025-07-29 22:48:36,798 - INFO - Epoch 88: Loss = 134.3818, Accuracy = 50.86%
2025-07-29 22:48:36,951 - INFO - Epoch 89: Loss = 133.5885, Accuracy = 51.48%
2025-07-29 22:48:37,103 - INFO - Epoch 90: Loss = 132.3103, Accuracy = 52.38%
2025-07-29 22:48:37,256 - INFO - Epoch 91: Loss = 131.9129, Accuracy = 52.52%
2025-07-29 22:48:37,409 - INFO - Epoch 92: Loss = 131.0018, Accuracy = 52.56%
2025-07-29 22:48:37,562 - INFO - Epoch 93: Loss = 129.8799, Accuracy = 52.88%
2025-07-29 22:48:37,714 - INFO - Epoch 94: Loss = 128.9205, Accuracy = 53.57%
2025-07-29 22:48:37,866 - INFO - Epoch 95: Loss = 127.8881, Accuracy = 54.21%
2025-07-29 22:48:38,019 - INFO - Epoch 96: Loss = 127.4091, Accuracy = 54.00%
2025-07-29 22:48:38,173 - INFO - Epoch 97: Loss = 126.4250, Accuracy = 54.29%
2025-07-29 22:48:38,326 - INFO - Epoch 98: Loss = 125.0550, Accuracy = 54.54%
2025-07-29 22:48:38,479 - INFO - Epoch 99: Loss = 124.3995, Accuracy = 55.51%
2025-07-29 22:48:38,632 - INFO - Epoch 100: Loss = 123.6632, Accuracy = 55.80%
2025-07-29 22:48:38,784 - INFO - Epoch 101: Loss = 122.9575, Accuracy = 55.58%
2025-07-29 22:48:38,937 - INFO - Epoch 102: Loss = 121.8470, Accuracy = 55.44%
2025-07-29 22:48:39,089 - INFO - Epoch 103: Loss = 121.0771, Accuracy = 56.12%
2025-07-29 22:48:39,242 - INFO - Epoch 104: Loss = 120.1521, Accuracy = 56.56%
2025-07-29 22:48:39,394 - INFO - Epoch 105: Loss = 119.3709, Accuracy = 56.38%
2025-07-29 22:48:39,547 - INFO - Epoch 106: Loss = 118.0627, Accuracy = 56.99%
2025-07-29 22:48:39,699 - INFO - Epoch 107: Loss = 117.4793, Accuracy = 57.82%
2025-07-29 22:48:39,852 - INFO - Epoch 108: Loss = 116.4705, Accuracy = 57.64%
2025-07-29 22:48:40,005 - INFO - Epoch 109: Loss = 115.8585, Accuracy = 57.78%
2025-07-29 22:48:40,157 - INFO - Epoch 110: Loss = 115.2336, Accuracy = 57.89%
2025-07-29 22:48:40,310 - INFO - Epoch 111: Loss = 114.0501, Accuracy = 57.74%
2025-07-29 22:48:40,462 - INFO - Epoch 112: Loss = 113.3768, Accuracy = 58.83%
2025-07-29 22:48:40,615 - INFO - Epoch 113: Loss = 112.5038, Accuracy = 58.72%
2025-07-29 22:48:40,768 - INFO - Epoch 114: Loss = 111.6259, Accuracy = 59.80%
2025-07-29 22:48:40,921 - INFO - Epoch 115: Loss = 110.6861, Accuracy = 59.80%
2025-07-29 22:48:41,074 - INFO - Epoch 116: Loss = 109.9902, Accuracy = 59.83%
2025-07-29 22:48:41,229 - INFO - Epoch 117: Loss = 109.4042, Accuracy = 60.66%
2025-07-29 22:48:41,384 - INFO - Epoch 118: Loss = 108.9256, Accuracy = 60.16%
2025-07-29 22:48:41,537 - INFO - Epoch 119: Loss = 108.3255, Accuracy = 60.55%
2025-07-29 22:48:41,690 - INFO - Epoch 120: Loss = 107.1178, Accuracy = 60.84%
2025-07-29 22:48:41,842 - INFO - Epoch 121: Loss = 106.7064, Accuracy = 61.42%
2025-07-29 22:48:41,995 - INFO - Epoch 122: Loss = 106.0681, Accuracy = 61.53%
2025-07-29 22:48:42,148 - INFO - Epoch 123: Loss = 105.2269, Accuracy = 61.71%
2025-07-29 22:48:42,300 - INFO - Epoch 124: Loss = 104.1546, Accuracy = 62.14%
2025-07-29 22:48:42,453 - INFO - Epoch 125: Loss = 103.3480, Accuracy = 62.68%
2025-07-29 22:48:42,606 - INFO - Epoch 126: Loss = 102.7514, Accuracy = 62.07%
2025-07-29 22:48:42,759 - INFO - Epoch 127: Loss = 102.0697, Accuracy = 63.47%
2025-07-29 22:48:42,912 - INFO - Epoch 128: Loss = 101.7227, Accuracy = 63.08%
2025-07-29 22:48:43,065 - INFO - Epoch 129: Loss = 100.6533, Accuracy = 63.80%
2025-07-29 22:48:43,218 - INFO - Epoch 130: Loss = 100.3672, Accuracy = 63.40%
2025-07-29 22:48:43,371 - INFO - Epoch 131: Loss = 99.2798, Accuracy = 63.90%
2025-07-29 22:48:43,524 - INFO - Epoch 132: Loss = 98.7201, Accuracy = 64.37%
2025-07-29 22:48:43,677 - INFO - Epoch 133: Loss = 97.8558, Accuracy = 64.41%
2025-07-29 22:48:43,829 - INFO - Epoch 134: Loss = 97.0600, Accuracy = 65.49%
2025-07-29 22:48:43,982 - INFO - Epoch 135: Loss = 96.3952, Accuracy = 64.48%
2025-07-29 22:48:44,134 - INFO - Epoch 136: Loss = 95.4597, Accuracy = 65.27%
2025-07-29 22:48:44,287 - INFO - Epoch 137: Loss = 95.0713, Accuracy = 65.71%
2025-07-29 22:48:44,440 - INFO - Epoch 138: Loss = 94.2589, Accuracy = 66.57%
2025-07-29 22:48:44,592 - INFO - Epoch 139: Loss = 93.5654, Accuracy = 66.53%
2025-07-29 22:48:44,745 - INFO - Epoch 140: Loss = 93.0814, Accuracy = 65.99%
2025-07-29 22:48:44,897 - INFO - Epoch 141: Loss = 92.5691, Accuracy = 66.89%
2025-07-29 22:48:45,050 - INFO - Epoch 142: Loss = 91.4490, Accuracy = 66.86%
2025-07-29 22:48:45,202 - INFO - Epoch 143: Loss = 90.8476, Accuracy = 67.51%
2025-07-29 22:48:45,354 - INFO - Epoch 144: Loss = 90.4373, Accuracy = 67.72%
2025-07-29 22:48:45,507 - INFO - Epoch 145: Loss = 89.0489, Accuracy = 68.44%
2025-07-29 22:48:45,660 - INFO - Epoch 146: Loss = 89.1830, Accuracy = 68.80%
2025-07-29 22:48:45,813 - INFO - Epoch 147: Loss = 88.3612, Accuracy = 68.08%
2025-07-29 22:48:45,965 - INFO - Epoch 148: Loss = 87.7896, Accuracy = 68.59%
2025-07-29 22:48:46,118 - INFO - Epoch 149: Loss = 86.6483, Accuracy = 68.91%
2025-07-29 22:48:46,271 - INFO - Epoch 150: Loss = 86.4228, Accuracy = 68.84%
2025-07-29 22:48:46,423 - INFO - Epoch 151: Loss = 85.6746, Accuracy = 68.91%
2025-07-29 22:48:46,576 - INFO - Epoch 152: Loss = 85.1141, Accuracy = 69.45%
2025-07-29 22:48:46,728 - INFO - Epoch 153: Loss = 84.1969, Accuracy = 69.92%
2025-07-29 22:48:46,881 - INFO - Epoch 154: Loss = 83.5842, Accuracy = 70.10%
2025-07-29 22:48:47,033 - INFO - Epoch 155: Loss = 83.1270, Accuracy = 70.71%
2025-07-29 22:48:47,186 - INFO - Epoch 156: Loss = 82.8451, Accuracy = 69.99%
2025-07-29 22:48:47,339 - INFO - Epoch 157: Loss = 82.2302, Accuracy = 70.24%
2025-07-29 22:48:47,491 - INFO - Epoch 158: Loss = 81.7671, Accuracy = 70.82%
2025-07-29 22:48:47,644 - INFO - Epoch 159: Loss = 81.0215, Accuracy = 70.82%
2025-07-29 22:48:47,797 - INFO - Epoch 160: Loss = 80.5932, Accuracy = 71.43%
2025-07-29 22:48:47,950 - INFO - Epoch 161: Loss = 79.1594, Accuracy = 72.12%
2025-07-29 22:48:48,103 - INFO - Epoch 162: Loss = 79.0097, Accuracy = 71.69%
2025-07-29 22:48:48,257 - INFO - Epoch 163: Loss = 78.9247, Accuracy = 71.87%
2025-07-29 22:48:48,412 - INFO - Epoch 164: Loss = 78.1245, Accuracy = 72.51%
2025-07-29 22:48:48,566 - INFO - Epoch 165: Loss = 77.4628, Accuracy = 72.91%
2025-07-29 22:48:48,719 - INFO - Epoch 166: Loss = 76.4775, Accuracy = 73.05%
2025-07-29 22:48:48,871 - INFO - Epoch 167: Loss = 76.2055, Accuracy = 73.63%
2025-07-29 22:48:49,024 - INFO - Epoch 168: Loss = 76.3960, Accuracy = 72.51%
2025-07-29 22:48:49,177 - INFO - Epoch 169: Loss = 75.5321, Accuracy = 73.60%
2025-07-29 22:48:49,330 - INFO - Epoch 170: Loss = 74.5265, Accuracy = 73.52%
2025-07-29 22:48:49,482 - INFO - Epoch 171: Loss = 74.0391, Accuracy = 73.67%
2025-07-29 22:48:49,635 - INFO - Epoch 172: Loss = 73.2662, Accuracy = 74.24%
2025-07-29 22:48:49,788 - INFO - Epoch 173: Loss = 72.8859, Accuracy = 74.17%
2025-07-29 22:48:49,941 - INFO - Epoch 174: Loss = 72.3769, Accuracy = 74.64%
2025-07-29 22:48:50,094 - INFO - Epoch 175: Loss = 72.0714, Accuracy = 75.14%
2025-07-29 22:48:50,249 - INFO - Epoch 176: Loss = 71.1431, Accuracy = 74.75%
2025-07-29 22:48:50,403 - INFO - Epoch 177: Loss = 70.0258, Accuracy = 75.86%
2025-07-29 22:48:50,555 - INFO - Epoch 178: Loss = 69.7439, Accuracy = 75.68%
2025-07-29 22:48:50,708 - INFO - Epoch 179: Loss = 69.4687, Accuracy = 75.90%
2025-07-29 22:48:50,861 - INFO - Epoch 180: Loss = 69.1659, Accuracy = 75.47%
2025-07-29 22:48:51,014 - INFO - Epoch 181: Loss = 68.2972, Accuracy = 76.12%
2025-07-29 22:48:51,167 - INFO - Epoch 182: Loss = 68.1380, Accuracy = 76.40%
2025-07-29 22:48:51,319 - INFO - Epoch 183: Loss = 67.5828, Accuracy = 76.91%
2025-07-29 22:48:51,472 - INFO - Epoch 184: Loss = 67.0409, Accuracy = 76.77%
2025-07-29 22:48:51,625 - INFO - Epoch 185: Loss = 66.4454, Accuracy = 77.09%
2025-07-29 22:48:51,778 - INFO - Epoch 186: Loss = 65.7098, Accuracy = 77.31%
2025-07-29 22:48:51,930 - INFO - Epoch 187: Loss = 65.4480, Accuracy = 77.63%
2025-07-29 22:48:52,083 - INFO - Epoch 188: Loss = 64.8125, Accuracy = 77.49%
2025-07-29 22:48:52,235 - INFO - Epoch 189: Loss = 64.0267, Accuracy = 78.10%
2025-07-29 22:48:52,388 - INFO - Epoch 190: Loss = 63.6116, Accuracy = 77.95%
2025-07-29 22:48:52,541 - INFO - Epoch 191: Loss = 63.4570, Accuracy = 78.03%
2025-07-29 22:48:52,693 - INFO - Epoch 192: Loss = 62.1983, Accuracy = 78.67%
2025-07-29 22:48:52,846 - INFO - Epoch 193: Loss = 62.0615, Accuracy = 78.93%
2025-07-29 22:48:52,999 - INFO - Epoch 194: Loss = 61.9986, Accuracy = 78.57%
2025-07-29 22:48:53,152 - INFO - Epoch 195: Loss = 61.6116, Accuracy = 78.49%
2025-07-29 22:48:53,305 - INFO - Epoch 196: Loss = 61.0552, Accuracy = 78.35%
2025-07-29 22:48:53,458 - INFO - Epoch 197: Loss = 60.3910, Accuracy = 78.85%
2025-07-29 22:48:53,611 - INFO - Epoch 198: Loss = 60.1482, Accuracy = 79.50%
2025-07-29 22:48:53,764 - INFO - Epoch 199: Loss = 59.6646, Accuracy = 79.68%
2025-07-29 22:48:53,916 - INFO - Epoch 200: Loss = 58.7332, Accuracy = 80.12%
2025-07-29 22:48:54,069 - INFO - Epoch 201: Loss = 58.1012, Accuracy = 80.37%
2025-07-29 22:48:54,222 - INFO - Epoch 202: Loss = 57.9551, Accuracy = 80.30%
2025-07-29 22:48:54,374 - INFO - Epoch 203: Loss = 57.7320, Accuracy = 79.94%
2025-07-29 22:48:54,527 - INFO - Epoch 204: Loss = 56.7952, Accuracy = 80.84%
2025-07-29 22:48:54,680 - INFO - Epoch 205: Loss = 56.4562, Accuracy = 81.05%
2025-07-29 22:48:54,832 - INFO - Epoch 206: Loss = 55.9678, Accuracy = 81.09%
2025-07-29 22:48:54,985 - INFO - Epoch 207: Loss = 55.5653, Accuracy = 80.87%
2025-07-29 22:48:55,138 - INFO - Epoch 208: Loss = 55.1111, Accuracy = 81.59%
2025-07-29 22:48:55,290 - INFO - Epoch 209: Loss = 54.2924, Accuracy = 81.52%
2025-07-29 22:48:55,443 - INFO - Epoch 210: Loss = 53.7167, Accuracy = 82.13%
2025-07-29 22:48:55,595 - INFO - Epoch 211: Loss = 53.7669, Accuracy = 82.24%
2025-07-29 22:48:55,748 - INFO - Epoch 212: Loss = 53.2389, Accuracy = 82.17%
2025-07-29 22:48:55,901 - INFO - Epoch 213: Loss = 53.2594, Accuracy = 82.02%
2025-07-29 22:48:56,052 - INFO - Epoch 214: Loss = 52.2265, Accuracy = 82.71%
2025-07-29 22:48:56,204 - INFO - Epoch 215: Loss = 52.2094, Accuracy = 82.38%
2025-07-29 22:48:56,356 - INFO - Epoch 216: Loss = 51.8118, Accuracy = 82.53%
2025-07-29 22:48:56,508 - INFO - Epoch 217: Loss = 51.1449, Accuracy = 83.36%
2025-07-29 22:48:56,660 - INFO - Epoch 218: Loss = 50.6441, Accuracy = 82.89%
2025-07-29 22:48:56,811 - INFO - Epoch 219: Loss = 50.3796, Accuracy = 83.36%
2025-07-29 22:48:56,966 - INFO - Epoch 220: Loss = 49.8367, Accuracy = 83.25%
2025-07-29 22:48:57,118 - INFO - Epoch 221: Loss = 49.2574, Accuracy = 83.68%
2025-07-29 22:48:57,270 - INFO - Epoch 222: Loss = 49.4227, Accuracy = 83.61%
2025-07-29 22:48:57,423 - INFO - Epoch 223: Loss = 48.4262, Accuracy = 84.22%
2025-07-29 22:48:57,575 - INFO - Epoch 224: Loss = 48.3811, Accuracy = 83.57%
2025-07-29 22:48:57,727 - INFO - Epoch 225: Loss = 47.6828, Accuracy = 84.76%
2025-07-29 22:48:57,879 - INFO - Epoch 226: Loss = 46.9488, Accuracy = 84.33%
2025-07-29 22:48:58,031 - INFO - Epoch 227: Loss = 47.1417, Accuracy = 84.51%
2025-07-29 22:48:58,183 - INFO - Epoch 228: Loss = 46.0599, Accuracy = 84.44%
2025-07-29 22:48:58,336 - INFO - Epoch 229: Loss = 45.7053, Accuracy = 84.73%
2025-07-29 22:48:58,488 - INFO - Epoch 230: Loss = 45.6119, Accuracy = 85.30%
2025-07-29 22:48:58,640 - INFO - Epoch 231: Loss = 45.1682, Accuracy = 85.05%
2025-07-29 22:48:58,792 - INFO - Epoch 232: Loss = 44.8467, Accuracy = 85.55%
2025-07-29 22:48:58,945 - INFO - Epoch 233: Loss = 44.4349, Accuracy = 85.01%
2025-07-29 22:48:59,097 - INFO - Epoch 234: Loss = 44.0126, Accuracy = 85.59%
2025-07-29 22:48:59,249 - INFO - Epoch 235: Loss = 43.1026, Accuracy = 85.84%
2025-07-29 22:48:59,402 - INFO - Epoch 236: Loss = 43.4758, Accuracy = 86.38%
2025-07-29 22:48:59,554 - INFO - Epoch 237: Loss = 42.3717, Accuracy = 86.31%
2025-07-29 22:48:59,706 - INFO - Epoch 238: Loss = 42.4401, Accuracy = 86.46%
2025-07-29 22:48:59,858 - INFO - Epoch 239: Loss = 41.8106, Accuracy = 86.60%
2025-07-29 22:49:00,011 - INFO - Epoch 240: Loss = 41.7687, Accuracy = 86.49%
2025-07-29 22:49:00,163 - INFO - Epoch 241: Loss = 40.9505, Accuracy = 86.64%
2025-07-29 22:49:00,315 - INFO - Epoch 242: Loss = 40.4115, Accuracy = 87.43%
2025-07-29 22:49:00,467 - INFO - Epoch 243: Loss = 39.8571, Accuracy = 87.28%
2025-07-29 22:49:00,619 - INFO - Epoch 244: Loss = 40.4814, Accuracy = 87.10%
2025-07-29 22:49:00,772 - INFO - Epoch 245: Loss = 39.2088, Accuracy = 87.64%
2025-07-29 22:49:00,924 - INFO - Epoch 246: Loss = 39.1568, Accuracy = 87.57%
2025-07-29 22:49:01,076 - INFO - Epoch 247: Loss = 38.6630, Accuracy = 87.64%
2025-07-29 22:49:01,228 - INFO - Epoch 248: Loss = 38.1564, Accuracy = 88.04%
2025-07-29 22:49:01,380 - INFO - Epoch 249: Loss = 37.7202, Accuracy = 87.97%
2025-07-29 22:49:01,533 - INFO - Epoch 250: Loss = 37.1015, Accuracy = 88.62%
2025-07-29 22:49:01,685 - INFO - Epoch 251: Loss = 37.7768, Accuracy = 88.58%
2025-07-29 22:49:01,837 - INFO - Epoch 252: Loss = 36.6374, Accuracy = 88.83%
2025-07-29 22:49:01,989 - INFO - Epoch 253: Loss = 36.3702, Accuracy = 88.87%
2025-07-29 22:49:02,141 - INFO - Epoch 254: Loss = 36.7298, Accuracy = 88.22%
2025-07-29 22:49:02,293 - INFO - Epoch 255: Loss = 36.1228, Accuracy = 88.65%
2025-07-29 22:49:02,445 - INFO - Epoch 256: Loss = 35.9287, Accuracy = 88.36%
2025-07-29 22:49:02,447 - INFO - [Gradient Period 25 Run 3] Training time: 39.95s
2025-07-29 22:49:03,020 - INFO - ✅ Regular Evaluation Accuracy: 38.07%
2025-07-29 22:49:03,057 - INFO - ✅ Regular Evaluation Top-5 Accuracy: 79.23%
2025-07-29 22:49:03,069 - INFO - ✅ Regular Evaluation Accuracy: 15.65%
2025-07-29 22:49:03,080 - INFO - ✅ Regular Evaluation Top-5 Accuracy: 59.86%
2025-07-29 22:49:03,548 - INFO - ✅ Regular Evaluation Accuracy: 8.70%
2025-07-29 22:49:03,557 - INFO - ✅ Regular Evaluation Top-5 Accuracy: 33.91%
2025-07-29 22:49:03,557 - INFO - Nuts
2025-07-29 22:49:03,968 - INFO - ✅ Regular Evaluation Accuracy: 33.91%
2025-07-29 22:49:03,976 - INFO - ✅ Regular Evaluation Top-5 Accuracy: 72.17%
2025-07-29 22:49:03,976 - INFO - Spices
2025-07-29 22:49:04,379 - INFO - ✅ Regular Evaluation Accuracy: 39.81%
2025-07-29 22:49:04,387 - INFO - ✅ Regular Evaluation Top-5 Accuracy: 83.33%
2025-07-29 22:49:04,387 - INFO - Herbs
2025-07-29 22:49:04,898 - INFO - ✅ Regular Evaluation Accuracy: 34.26%
2025-07-29 22:49:04,907 - INFO - ✅ Regular Evaluation Top-5 Accuracy: 64.81%
2025-07-29 22:49:04,907 - INFO - Fruits
2025-07-29 22:49:05,325 - INFO - ✅ Regular Evaluation Accuracy: 49.07%
2025-07-29 22:49:05,333 - INFO - ✅ Regular Evaluation Top-5 Accuracy: 92.59%
2025-07-29 22:49:05,333 - INFO - Vegetables
2025-07-29 22:49:05,751 - INFO - ✅ Regular Evaluation Accuracy: 33.64%
2025-07-29 22:49:05,760 - INFO - ✅ Regular Evaluation Top-5 Accuracy: 83.64%
2025-07-29 22:49:05,761 - INFO - [Gradient Period 25 Run 4] Starting
2025-07-29 22:49:06,592 - INFO - Training on device: cuda
2025-07-29 22:49:06,744 - INFO - Epoch 01: Loss = 339.9228, Accuracy = 2.95%
2025-07-29 22:49:06,896 - INFO - Epoch 02: Loss = 337.0459, Accuracy = 5.62%
2025-07-29 22:49:07,047 - INFO - Epoch 03: Loss = 332.4203, Accuracy = 7.02%
2025-07-29 22:49:07,198 - INFO - Epoch 04: Loss = 323.6053, Accuracy = 7.31%
2025-07-29 22:49:07,350 - INFO - Epoch 05: Loss = 310.5054, Accuracy = 8.65%
2025-07-29 22:49:07,501 - INFO - Epoch 06: Loss = 297.0781, Accuracy = 10.45%
2025-07-29 22:49:07,652 - INFO - Epoch 07: Loss = 287.3036, Accuracy = 12.75%
2025-07-29 22:49:07,803 - INFO - Epoch 08: Loss = 279.7107, Accuracy = 12.97%
2025-07-29 22:49:07,955 - INFO - Epoch 09: Loss = 273.4022, Accuracy = 14.16%
2025-07-29 22:49:08,106 - INFO - Epoch 10: Loss = 267.9005, Accuracy = 15.27%
2025-07-29 22:49:08,257 - INFO - Epoch 11: Loss = 262.8178, Accuracy = 16.71%
2025-07-29 22:49:08,409 - INFO - Epoch 12: Loss = 258.4711, Accuracy = 17.47%
2025-07-29 22:49:08,560 - INFO - Epoch 13: Loss = 254.2655, Accuracy = 17.54%
2025-07-29 22:49:08,711 - INFO - Epoch 14: Loss = 250.4785, Accuracy = 18.44%
2025-07-29 22:49:08,862 - INFO - Epoch 15: Loss = 246.7568, Accuracy = 18.80%
2025-07-29 22:49:09,014 - INFO - Epoch 16: Loss = 243.2981, Accuracy = 19.85%
2025-07-29 22:49:09,165 - INFO - Epoch 17: Loss = 240.1255, Accuracy = 20.06%
2025-07-29 22:49:09,316 - INFO - Epoch 18: Loss = 236.9710, Accuracy = 20.57%
2025-07-29 22:49:09,467 - INFO - Epoch 19: Loss = 234.0717, Accuracy = 21.58%
2025-07-29 22:49:09,618 - INFO - Epoch 20: Loss = 231.4552, Accuracy = 22.05%
2025-07-29 22:49:09,769 - INFO - Epoch 21: Loss = 228.5797, Accuracy = 23.16%
2025-07-29 22:49:09,920 - INFO - Epoch 22: Loss = 226.2029, Accuracy = 23.60%
2025-07-29 22:49:10,072 - INFO - Epoch 23: Loss = 223.6526, Accuracy = 24.24%
2025-07-29 22:49:10,223 - INFO - Epoch 24: Loss = 221.1229, Accuracy = 24.89%
2025-07-29 22:49:10,374 - INFO - Epoch 25: Loss = 218.7503, Accuracy = 25.32%
2025-07-29 22:49:10,526 - INFO - Epoch 26: Loss = 216.3099, Accuracy = 26.33%
2025-07-29 22:49:10,677 - INFO - Epoch 27: Loss = 214.1696, Accuracy = 26.30%
2025-07-29 22:49:10,828 - INFO - Epoch 28: Loss = 212.0019, Accuracy = 27.85%
2025-07-29 22:49:10,979 - INFO - Epoch 29: Loss = 209.9368, Accuracy = 28.31%
2025-07-29 22:49:11,130 - INFO - Epoch 30: Loss = 207.8002, Accuracy = 27.92%
2025-07-29 22:49:11,281 - INFO - Epoch 31: Loss = 205.9311, Accuracy = 29.03%
2025-07-29 22:49:11,433 - INFO - Epoch 32: Loss = 204.2322, Accuracy = 29.11%
2025-07-29 22:49:11,584 - INFO - Epoch 33: Loss = 202.2003, Accuracy = 29.14%
