2025-07-29 16:12:04,715 - INFO - ------------------------------------Gradient Period 25-------------------------------------------
2025-07-29 16:12:04,715 - INFO - [Gradient Period 25 Run 1] Starting
2025-07-29 16:12:07,119 - INFO - Training on device: cuda
2025-07-29 16:12:07,375 - INFO - Epoch 01: Loss = 288.4555, Accuracy = 3.47%
2025-07-29 16:12:07,475 - INFO - Epoch 02: Loss = 285.6804, Accuracy = 5.50%
2025-07-29 16:12:07,574 - INFO - Epoch 03: Loss = 280.4371, Accuracy = 7.61%
2025-07-29 16:12:07,674 - INFO - Epoch 04: Loss = 270.1061, Accuracy = 10.49%
2025-07-29 16:12:07,774 - INFO - Epoch 05: Loss = 257.5394, Accuracy = 11.42%
2025-07-29 16:12:07,873 - INFO - Epoch 06: Loss = 246.5784, Accuracy = 11.97%
2025-07-29 16:12:07,973 - INFO - Epoch 07: Loss = 239.2894, Accuracy = 13.36%
2025-07-29 16:12:08,073 - INFO - Epoch 08: Loss = 233.5548, Accuracy = 14.25%
2025-07-29 16:12:08,172 - INFO - Epoch 09: Loss = 228.8972, Accuracy = 14.59%
2025-07-29 16:12:08,272 - INFO - Epoch 10: Loss = 223.8796, Accuracy = 15.73%
2025-07-29 16:12:08,372 - INFO - Epoch 11: Loss = 219.8430, Accuracy = 16.45%
2025-07-29 16:12:08,475 - INFO - Epoch 12: Loss = 216.0669, Accuracy = 19.49%
2025-07-29 16:12:08,575 - INFO - Epoch 13: Loss = 212.6913, Accuracy = 19.62%
2025-07-29 16:12:08,674 - INFO - Epoch 14: Loss = 209.8794, Accuracy = 20.34%
2025-07-29 16:12:08,774 - INFO - Epoch 15: Loss = 206.9431, Accuracy = 21.65%
2025-07-29 16:12:08,874 - INFO - Epoch 16: Loss = 204.4993, Accuracy = 21.52%
2025-07-29 16:12:08,974 - INFO - Epoch 17: Loss = 202.4131, Accuracy = 21.90%
2025-07-29 16:12:09,074 - INFO - Epoch 18: Loss = 200.1907, Accuracy = 22.28%
2025-07-29 16:12:09,173 - INFO - Epoch 19: Loss = 198.0238, Accuracy = 23.00%
2025-07-29 16:12:09,274 - INFO - Epoch 20: Loss = 196.4431, Accuracy = 22.83%
2025-07-29 16:12:09,374 - INFO - Epoch 21: Loss = 194.5177, Accuracy = 23.47%
2025-07-29 16:12:09,473 - INFO - Epoch 22: Loss = 192.6540, Accuracy = 23.97%
2025-07-29 16:12:09,573 - INFO - Epoch 23: Loss = 191.1486, Accuracy = 24.10%
2025-07-29 16:12:09,672 - INFO - Epoch 24: Loss = 189.2632, Accuracy = 24.40%
2025-07-29 16:12:09,771 - INFO - Epoch 25: Loss = 187.4812, Accuracy = 25.07%
2025-07-29 16:12:09,871 - INFO - Epoch 26: Loss = 186.7818, Accuracy = 25.71%
2025-07-29 16:12:09,970 - INFO - Epoch 27: Loss = 184.5634, Accuracy = 25.20%
2025-07-29 16:12:10,070 - INFO - Epoch 28: Loss = 183.9139, Accuracy = 26.51%
2025-07-29 16:12:10,172 - INFO - Epoch 29: Loss = 182.0643, Accuracy = 26.26%
2025-07-29 16:12:10,272 - INFO - Epoch 30: Loss = 180.9335, Accuracy = 26.64%
2025-07-29 16:12:10,371 - INFO - Epoch 31: Loss = 179.5838, Accuracy = 27.19%
2025-07-29 16:12:10,470 - INFO - Epoch 32: Loss = 178.0305, Accuracy = 27.02%
2025-07-29 16:12:10,570 - INFO - Epoch 33: Loss = 177.2973, Accuracy = 28.29%
2025-07-29 16:12:10,669 - INFO - Epoch 34: Loss = 176.3093, Accuracy = 27.95%
2025-07-29 16:12:10,769 - INFO - Epoch 35: Loss = 175.1459, Accuracy = 28.50%
2025-07-29 16:12:10,869 - INFO - Epoch 36: Loss = 173.7952, Accuracy = 28.84%
2025-07-29 16:12:10,969 - INFO - Epoch 37: Loss = 172.8589, Accuracy = 29.26%
2025-07-29 16:12:11,069 - INFO - Epoch 38: Loss = 171.8192, Accuracy = 29.01%
2025-07-29 16:12:11,168 - INFO - Epoch 39: Loss = 170.8710, Accuracy = 29.34%
2025-07-29 16:12:11,268 - INFO - Epoch 40: Loss = 170.1248, Accuracy = 30.23%
2025-07-29 16:12:11,367 - INFO - Epoch 41: Loss = 168.9938, Accuracy = 30.36%
2025-07-29 16:12:11,467 - INFO - Epoch 42: Loss = 168.6757, Accuracy = 30.49%
2025-07-29 16:12:11,566 - INFO - Epoch 43: Loss = 167.4046, Accuracy = 31.29%
2025-07-29 16:12:11,666 - INFO - Epoch 44: Loss = 166.9238, Accuracy = 31.67%
2025-07-29 16:12:11,765 - INFO - Epoch 45: Loss = 165.7845, Accuracy = 31.25%
2025-07-29 16:12:11,865 - INFO - Epoch 46: Loss = 165.4662, Accuracy = 31.84%
2025-07-29 16:12:11,965 - INFO - Epoch 47: Loss = 164.4349, Accuracy = 31.59%
2025-07-29 16:12:12,065 - INFO - Epoch 48: Loss = 163.2278, Accuracy = 32.52%
2025-07-29 16:12:12,164 - INFO - Epoch 49: Loss = 162.4026, Accuracy = 33.02%
2025-07-29 16:12:12,265 - INFO - Epoch 50: Loss = 162.4718, Accuracy = 32.73%
2025-07-29 16:12:12,365 - INFO - Epoch 51: Loss = 161.1456, Accuracy = 32.77%
2025-07-29 16:12:12,465 - INFO - Epoch 52: Loss = 160.8927, Accuracy = 34.42%
2025-07-29 16:12:12,565 - INFO - Epoch 53: Loss = 159.7683, Accuracy = 33.78%
2025-07-29 16:12:12,664 - INFO - Epoch 54: Loss = 158.7319, Accuracy = 34.21%
2025-07-29 16:12:12,764 - INFO - Epoch 55: Loss = 157.7266, Accuracy = 34.71%
2025-07-29 16:12:12,863 - INFO - Epoch 56: Loss = 157.0346, Accuracy = 34.59%
2025-07-29 16:12:12,963 - INFO - Epoch 57: Loss = 155.7749, Accuracy = 34.67%
2025-07-29 16:12:13,063 - INFO - Epoch 58: Loss = 155.8694, Accuracy = 35.31%
2025-07-29 16:12:13,162 - INFO - Epoch 59: Loss = 154.6787, Accuracy = 35.86%
2025-07-29 16:12:13,263 - INFO - Epoch 60: Loss = 153.8977, Accuracy = 35.77%
2025-07-29 16:12:13,363 - INFO - Epoch 61: Loss = 153.8280, Accuracy = 35.77%
2025-07-29 16:12:13,462 - INFO - Epoch 62: Loss = 153.1319, Accuracy = 36.15%
2025-07-29 16:12:13,562 - INFO - Epoch 63: Loss = 152.0342, Accuracy = 36.19%
2025-07-29 16:12:13,661 - INFO - Epoch 64: Loss = 151.7762, Accuracy = 36.19%
2025-07-29 16:12:13,761 - INFO - Epoch 65: Loss = 150.2975, Accuracy = 37.42%
2025-07-29 16:12:13,860 - INFO - Epoch 66: Loss = 149.7362, Accuracy = 37.72%
2025-07-29 16:12:13,960 - INFO - Epoch 67: Loss = 149.4203, Accuracy = 37.97%
2025-07-29 16:12:14,059 - INFO - Epoch 68: Loss = 148.1567, Accuracy = 38.27%
2025-07-29 16:12:14,159 - INFO - Epoch 69: Loss = 148.0160, Accuracy = 38.56%
2025-07-29 16:12:14,260 - INFO - Epoch 70: Loss = 147.1687, Accuracy = 40.00%
2025-07-29 16:12:14,359 - INFO - Epoch 71: Loss = 147.2243, Accuracy = 38.82%
2025-07-29 16:12:14,459 - INFO - Epoch 72: Loss = 145.9248, Accuracy = 38.73%
2025-07-29 16:12:14,558 - INFO - Epoch 73: Loss = 145.7047, Accuracy = 38.65%
2025-07-29 16:12:14,658 - INFO - Epoch 74: Loss = 144.7187, Accuracy = 40.42%
2025-07-29 16:12:14,757 - INFO - Epoch 75: Loss = 144.0797, Accuracy = 39.70%
2025-07-29 16:12:14,857 - INFO - Epoch 76: Loss = 143.0583, Accuracy = 39.79%
2025-07-29 16:12:14,957 - INFO - Epoch 77: Loss = 142.7056, Accuracy = 40.00%
2025-07-29 16:12:15,056 - INFO - Epoch 78: Loss = 142.3236, Accuracy = 40.04%
2025-07-29 16:12:15,156 - INFO - Epoch 79: Loss = 142.1144, Accuracy = 39.79%
2025-07-29 16:12:15,255 - INFO - Epoch 80: Loss = 141.3497, Accuracy = 41.01%
2025-07-29 16:12:15,355 - INFO - Epoch 81: Loss = 140.2169, Accuracy = 40.76%
2025-07-29 16:12:15,455 - INFO - Epoch 82: Loss = 140.0230, Accuracy = 41.69%
2025-07-29 16:12:15,555 - INFO - Epoch 83: Loss = 139.6603, Accuracy = 41.78%
2025-07-29 16:12:15,655 - INFO - Epoch 84: Loss = 138.8663, Accuracy = 41.40%
2025-07-29 16:12:15,755 - INFO - Epoch 85: Loss = 138.1943, Accuracy = 42.96%
2025-07-29 16:12:15,855 - INFO - Epoch 86: Loss = 137.8374, Accuracy = 43.17%
2025-07-29 16:12:15,954 - INFO - Epoch 87: Loss = 137.0298, Accuracy = 42.20%
2025-07-29 16:12:16,054 - INFO - Epoch 88: Loss = 136.8732, Accuracy = 42.96%
2025-07-29 16:12:16,153 - INFO - Epoch 89: Loss = 135.9964, Accuracy = 43.04%
2025-07-29 16:12:16,253 - INFO - Epoch 90: Loss = 135.7893, Accuracy = 44.02%
2025-07-29 16:12:16,352 - INFO - Epoch 91: Loss = 134.4482, Accuracy = 43.85%
2025-07-29 16:12:16,453 - INFO - Epoch 92: Loss = 135.3037, Accuracy = 43.55%
2025-07-29 16:12:16,553 - INFO - Epoch 93: Loss = 133.9710, Accuracy = 44.36%
2025-07-29 16:12:16,653 - INFO - Epoch 94: Loss = 134.1559, Accuracy = 43.85%
2025-07-29 16:12:16,752 - INFO - Epoch 95: Loss = 133.5179, Accuracy = 44.14%
2025-07-29 16:12:16,852 - INFO - Epoch 96: Loss = 132.8362, Accuracy = 44.23%
2025-07-29 16:12:16,951 - INFO - Epoch 97: Loss = 131.7452, Accuracy = 44.69%
2025-07-29 16:12:17,051 - INFO - Epoch 98: Loss = 131.3460, Accuracy = 44.40%
2025-07-29 16:12:17,151 - INFO - Epoch 99: Loss = 130.5085, Accuracy = 45.54%
2025-07-29 16:12:17,250 - INFO - Epoch 100: Loss = 130.9098, Accuracy = 44.74%
2025-07-29 16:12:17,350 - INFO - Epoch 101: Loss = 129.7169, Accuracy = 45.75%
2025-07-29 16:12:17,449 - INFO - Epoch 102: Loss = 129.0490, Accuracy = 46.13%
2025-07-29 16:12:17,549 - INFO - Epoch 103: Loss = 128.9720, Accuracy = 46.47%
2025-07-29 16:12:17,648 - INFO - Epoch 104: Loss = 128.4493, Accuracy = 45.62%
2025-07-29 16:12:17,748 - INFO - Epoch 105: Loss = 127.1602, Accuracy = 46.51%
2025-07-29 16:12:17,847 - INFO - Epoch 106: Loss = 127.1441, Accuracy = 46.72%
2025-07-29 16:12:17,947 - INFO - Epoch 107: Loss = 126.4561, Accuracy = 46.85%
2025-07-29 16:12:18,046 - INFO - Epoch 108: Loss = 126.2365, Accuracy = 47.48%
2025-07-29 16:12:18,146 - INFO - Epoch 109: Loss = 125.3455, Accuracy = 47.70%
2025-07-29 16:12:18,245 - INFO - Epoch 110: Loss = 125.9631, Accuracy = 47.15%
2025-07-29 16:12:18,345 - INFO - Epoch 111: Loss = 126.2191, Accuracy = 47.44%
2025-07-29 16:12:18,445 - INFO - Epoch 112: Loss = 125.2606, Accuracy = 46.85%
2025-07-29 16:12:18,544 - INFO - Epoch 113: Loss = 124.0474, Accuracy = 47.78%
2025-07-29 16:12:18,644 - INFO - Epoch 114: Loss = 124.2594, Accuracy = 47.57%
2025-07-29 16:12:18,743 - INFO - Epoch 115: Loss = 122.9674, Accuracy = 47.65%
2025-07-29 16:12:18,843 - INFO - Epoch 116: Loss = 122.6617, Accuracy = 48.79%
2025-07-29 16:12:18,942 - INFO - Epoch 117: Loss = 122.4529, Accuracy = 48.54%
2025-07-29 16:12:19,043 - INFO - Epoch 118: Loss = 121.1546, Accuracy = 49.56%
2025-07-29 16:12:19,143 - INFO - Epoch 119: Loss = 120.9750, Accuracy = 49.68%
2025-07-29 16:12:19,243 - INFO - Epoch 120: Loss = 120.8478, Accuracy = 49.89%
2025-07-29 16:12:19,343 - INFO - Epoch 121: Loss = 121.4768, Accuracy = 48.29%
2025-07-29 16:12:19,442 - INFO - Epoch 122: Loss = 119.6342, Accuracy = 49.94%
2025-07-29 16:12:19,542 - INFO - Epoch 123: Loss = 119.5004, Accuracy = 49.64%
2025-07-29 16:12:19,641 - INFO - Epoch 124: Loss = 120.0961, Accuracy = 50.27%
2025-07-29 16:12:19,741 - INFO - Epoch 125: Loss = 119.1161, Accuracy = 50.27%
2025-07-29 16:12:19,840 - INFO - Epoch 126: Loss = 118.0585, Accuracy = 50.78%
2025-07-29 16:12:19,940 - INFO - Epoch 127: Loss = 117.4813, Accuracy = 50.74%
2025-07-29 16:12:20,039 - INFO - Epoch 128: Loss = 117.2168, Accuracy = 50.82%
2025-07-29 16:12:20,139 - INFO - Epoch 129: Loss = 117.3708, Accuracy = 50.15%
2025-07-29 16:12:20,238 - INFO - Epoch 130: Loss = 116.6891, Accuracy = 51.50%
2025-07-29 16:12:20,338 - INFO - Epoch 131: Loss = 116.0365, Accuracy = 51.92%
2025-07-29 16:12:20,437 - INFO - Epoch 132: Loss = 116.2051, Accuracy = 50.99%
2025-07-29 16:12:20,538 - INFO - Epoch 133: Loss = 114.2636, Accuracy = 52.01%
2025-07-29 16:12:20,638 - INFO - Epoch 134: Loss = 114.6593, Accuracy = 52.68%
2025-07-29 16:12:20,738 - INFO - Epoch 135: Loss = 113.4270, Accuracy = 52.30%
2025-07-29 16:12:20,837 - INFO - Epoch 136: Loss = 113.8418, Accuracy = 51.59%
2025-07-29 16:12:20,937 - INFO - Epoch 137: Loss = 113.8692, Accuracy = 52.01%
2025-07-29 16:12:21,037 - INFO - Epoch 138: Loss = 113.3711, Accuracy = 52.30%
2025-07-29 16:12:21,136 - INFO - Epoch 139: Loss = 112.3637, Accuracy = 52.52%
2025-07-29 16:12:21,236 - INFO - Epoch 140: Loss = 112.3553, Accuracy = 52.94%
2025-07-29 16:12:21,335 - INFO - Epoch 141: Loss = 111.2985, Accuracy = 53.19%
2025-07-29 16:12:21,435 - INFO - Epoch 142: Loss = 112.0790, Accuracy = 52.94%
2025-07-29 16:12:21,535 - INFO - Epoch 143: Loss = 109.7896, Accuracy = 54.08%
2025-07-29 16:12:21,634 - INFO - Epoch 144: Loss = 110.8957, Accuracy = 53.11%
2025-07-29 16:12:21,734 - INFO - Epoch 145: Loss = 109.8158, Accuracy = 53.87%
2025-07-29 16:12:21,834 - INFO - Epoch 146: Loss = 111.4373, Accuracy = 53.11%
2025-07-29 16:12:21,934 - INFO - Epoch 147: Loss = 109.2437, Accuracy = 54.46%
2025-07-29 16:12:22,034 - INFO - Epoch 148: Loss = 108.5391, Accuracy = 54.50%
2025-07-29 16:12:22,134 - INFO - Epoch 149: Loss = 108.8603, Accuracy = 54.25%
2025-07-29 16:12:22,233 - INFO - Epoch 150: Loss = 107.4097, Accuracy = 54.63%
2025-07-29 16:12:22,333 - INFO - Epoch 151: Loss = 107.6127, Accuracy = 54.88%
2025-07-29 16:12:22,432 - INFO - Epoch 152: Loss = 106.8344, Accuracy = 55.01%
2025-07-29 16:12:22,532 - INFO - Epoch 153: Loss = 107.9337, Accuracy = 55.77%
2025-07-29 16:12:22,631 - INFO - Epoch 154: Loss = 106.3720, Accuracy = 55.52%
2025-07-29 16:12:22,731 - INFO - Epoch 155: Loss = 105.0792, Accuracy = 55.94%
2025-07-29 16:12:22,830 - INFO - Epoch 156: Loss = 105.9029, Accuracy = 54.97%
2025-07-29 16:12:22,930 - INFO - Epoch 157: Loss = 104.7494, Accuracy = 55.73%
2025-07-29 16:12:23,030 - INFO - Epoch 158: Loss = 104.0562, Accuracy = 56.32%
2025-07-29 16:12:23,130 - INFO - Epoch 159: Loss = 102.4795, Accuracy = 56.32%
2025-07-29 16:12:23,230 - INFO - Epoch 160: Loss = 103.1172, Accuracy = 57.46%
2025-07-29 16:12:23,330 - INFO - Epoch 161: Loss = 102.8462, Accuracy = 57.63%
2025-07-29 16:12:23,430 - INFO - Epoch 162: Loss = 103.0831, Accuracy = 57.42%
2025-07-29 16:12:23,529 - INFO - Epoch 163: Loss = 103.6856, Accuracy = 56.19%
2025-07-29 16:12:23,629 - INFO - Epoch 164: Loss = 101.0873, Accuracy = 57.29%
2025-07-29 16:12:23,729 - INFO - Epoch 165: Loss = 102.5106, Accuracy = 57.08%
2025-07-29 16:12:23,828 - INFO - Epoch 166: Loss = 101.6003, Accuracy = 57.12%
2025-07-29 16:12:23,928 - INFO - Epoch 167: Loss = 100.3350, Accuracy = 58.10%
2025-07-29 16:12:24,028 - INFO - Epoch 168: Loss = 99.4086, Accuracy = 58.10%
2025-07-29 16:12:24,127 - INFO - Epoch 169: Loss = 98.4984, Accuracy = 58.99%
2025-07-29 16:12:24,227 - INFO - Epoch 170: Loss = 100.1135, Accuracy = 58.31%
2025-07-29 16:12:24,326 - INFO - Epoch 171: Loss = 100.9008, Accuracy = 58.27%
2025-07-29 16:12:24,426 - INFO - Epoch 172: Loss = 98.6009, Accuracy = 58.10%
2025-07-29 16:12:24,525 - INFO - Epoch 173: Loss = 99.5672, Accuracy = 58.65%
2025-07-29 16:12:24,625 - INFO - Epoch 174: Loss = 98.3543, Accuracy = 59.62%
2025-07-29 16:12:24,725 - INFO - Epoch 175: Loss = 98.2931, Accuracy = 58.56%
2025-07-29 16:12:24,824 - INFO - Epoch 176: Loss = 97.0662, Accuracy = 60.04%
2025-07-29 16:12:24,924 - INFO - Epoch 177: Loss = 96.8890, Accuracy = 59.96%
2025-07-29 16:12:25,023 - INFO - Epoch 178: Loss = 97.7844, Accuracy = 59.66%
2025-07-29 16:12:25,123 - INFO - Epoch 179: Loss = 95.4640, Accuracy = 60.30%
2025-07-29 16:12:25,223 - INFO - Epoch 180: Loss = 96.3600, Accuracy = 60.00%
2025-07-29 16:12:25,322 - INFO - Epoch 181: Loss = 95.0370, Accuracy = 60.63%
2025-07-29 16:12:25,423 - INFO - Epoch 182: Loss = 94.1059, Accuracy = 61.18%
2025-07-29 16:12:25,523 - INFO - Epoch 183: Loss = 94.1933, Accuracy = 60.08%
2025-07-29 16:12:25,622 - INFO - Epoch 184: Loss = 93.5760, Accuracy = 60.72%
2025-07-29 16:12:25,722 - INFO - Epoch 185: Loss = 94.0396, Accuracy = 60.68%
2025-07-29 16:12:25,822 - INFO - Epoch 186: Loss = 92.8101, Accuracy = 61.27%
2025-07-29 16:12:25,921 - INFO - Epoch 187: Loss = 92.3408, Accuracy = 61.86%
2025-07-29 16:12:26,021 - INFO - Epoch 188: Loss = 93.1266, Accuracy = 61.06%
2025-07-29 16:12:26,121 - INFO - Epoch 189: Loss = 91.4605, Accuracy = 61.78%
2025-07-29 16:12:26,220 - INFO - Epoch 190: Loss = 90.7572, Accuracy = 62.20%
2025-07-29 16:12:26,320 - INFO - Epoch 191: Loss = 90.8583, Accuracy = 62.07%
2025-07-29 16:12:26,420 - INFO - Epoch 192: Loss = 90.6040, Accuracy = 62.28%
2025-07-29 16:12:26,520 - INFO - Epoch 193: Loss = 90.7872, Accuracy = 62.92%
2025-07-29 16:12:26,620 - INFO - Epoch 194: Loss = 90.3879, Accuracy = 62.24%
2025-07-29 16:12:26,720 - INFO - Epoch 195: Loss = 90.0043, Accuracy = 63.13%
2025-07-29 16:12:26,819 - INFO - Epoch 196: Loss = 90.1635, Accuracy = 62.20%
2025-07-29 16:12:26,919 - INFO - Epoch 197: Loss = 89.6704, Accuracy = 62.37%
2025-07-29 16:12:27,019 - INFO - Epoch 198: Loss = 88.5869, Accuracy = 64.10%
2025-07-29 16:12:27,119 - INFO - Epoch 199: Loss = 88.9782, Accuracy = 63.26%
2025-07-29 16:12:27,219 - INFO - Epoch 200: Loss = 88.5674, Accuracy = 63.47%
2025-07-29 16:12:27,319 - INFO - Epoch 201: Loss = 87.1983, Accuracy = 63.93%
2025-07-29 16:12:27,418 - INFO - Epoch 202: Loss = 85.7138, Accuracy = 65.29%
2025-07-29 16:12:27,518 - INFO - Epoch 203: Loss = 86.1614, Accuracy = 64.06%
2025-07-29 16:12:27,617 - INFO - Epoch 204: Loss = 87.4412, Accuracy = 63.55%
2025-07-29 16:12:27,717 - INFO - Epoch 205: Loss = 85.6211, Accuracy = 64.86%
2025-07-29 16:12:27,817 - INFO - Epoch 206: Loss = 85.0300, Accuracy = 64.36%
2025-07-29 16:12:27,916 - INFO - Epoch 207: Loss = 86.3172, Accuracy = 64.69%
2025-07-29 16:12:28,016 - INFO - Epoch 208: Loss = 84.3642, Accuracy = 64.69%
2025-07-29 16:12:28,115 - INFO - Epoch 209: Loss = 85.6455, Accuracy = 64.61%
2025-07-29 16:12:28,215 - INFO - Epoch 210: Loss = 85.1490, Accuracy = 65.07%
2025-07-29 16:12:28,315 - INFO - Epoch 211: Loss = 84.2445, Accuracy = 65.75%
2025-07-29 16:12:28,414 - INFO - Epoch 212: Loss = 82.3986, Accuracy = 65.92%
2025-07-29 16:12:28,514 - INFO - Epoch 213: Loss = 82.3146, Accuracy = 66.05%
2025-07-29 16:12:28,613 - INFO - Epoch 214: Loss = 82.9208, Accuracy = 65.58%
2025-07-29 16:12:28,713 - INFO - Epoch 215: Loss = 81.9488, Accuracy = 66.93%
2025-07-29 16:12:28,813 - INFO - Epoch 216: Loss = 81.4530, Accuracy = 66.43%
2025-07-29 16:12:28,913 - INFO - Epoch 217: Loss = 80.8894, Accuracy = 67.44%
2025-07-29 16:12:29,012 - INFO - Epoch 218: Loss = 80.8127, Accuracy = 66.93%
2025-07-29 16:12:29,112 - INFO - Epoch 219: Loss = 81.2503, Accuracy = 66.72%
2025-07-29 16:12:29,211 - INFO - Epoch 220: Loss = 79.8983, Accuracy = 66.81%
2025-07-29 16:12:29,311 - INFO - Epoch 221: Loss = 80.2786, Accuracy = 66.77%
2025-07-29 16:12:29,411 - INFO - Epoch 222: Loss = 79.8147, Accuracy = 67.82%
2025-07-29 16:12:29,510 - INFO - Epoch 223: Loss = 79.4308, Accuracy = 67.27%
2025-07-29 16:12:29,610 - INFO - Epoch 224: Loss = 77.8166, Accuracy = 68.58%
2025-07-29 16:12:29,709 - INFO - Epoch 225: Loss = 77.6698, Accuracy = 68.20%
2025-07-29 16:12:29,809 - INFO - Epoch 226: Loss = 78.7174, Accuracy = 67.82%
2025-07-29 16:12:29,908 - INFO - Epoch 227: Loss = 79.4464, Accuracy = 66.98%
2025-07-29 16:12:30,008 - INFO - Epoch 228: Loss = 79.2694, Accuracy = 67.40%
2025-07-29 16:12:30,108 - INFO - Epoch 229: Loss = 79.7714, Accuracy = 67.32%
2025-07-29 16:12:30,208 - INFO - Epoch 230: Loss = 77.5909, Accuracy = 68.33%
2025-07-29 16:12:30,307 - INFO - Epoch 231: Loss = 76.8195, Accuracy = 68.25%
2025-07-29 16:12:30,407 - INFO - Epoch 232: Loss = 77.2361, Accuracy = 68.67%
2025-07-29 16:12:30,507 - INFO - Epoch 233: Loss = 77.3548, Accuracy = 68.25%
2025-07-29 16:12:30,606 - INFO - Epoch 234: Loss = 76.3967, Accuracy = 68.58%
2025-07-29 16:12:30,706 - INFO - Epoch 235: Loss = 75.0647, Accuracy = 69.22%
2025-07-29 16:12:30,805 - INFO - Epoch 236: Loss = 75.7580, Accuracy = 69.13%
2025-07-29 16:12:30,906 - INFO - Epoch 237: Loss = 73.9004, Accuracy = 70.06%
2025-07-29 16:12:31,006 - INFO - Epoch 238: Loss = 74.7941, Accuracy = 69.34%
2025-07-29 16:12:31,106 - INFO - Epoch 239: Loss = 74.5474, Accuracy = 69.98%
2025-07-29 16:12:31,205 - INFO - Epoch 240: Loss = 73.8386, Accuracy = 70.23%
2025-07-29 16:12:31,305 - INFO - Epoch 241: Loss = 73.1803, Accuracy = 70.40%
2025-07-29 16:12:31,405 - INFO - Epoch 242: Loss = 72.0117, Accuracy = 70.87%
2025-07-29 16:12:31,504 - INFO - Epoch 243: Loss = 74.6726, Accuracy = 69.09%
2025-07-29 16:12:31,604 - INFO - Epoch 244: Loss = 73.0461, Accuracy = 71.37%
2025-07-29 16:12:31,704 - INFO - Epoch 245: Loss = 72.8107, Accuracy = 70.57%
2025-07-29 16:12:31,803 - INFO - Epoch 246: Loss = 73.1407, Accuracy = 71.04%
2025-07-29 16:12:31,903 - INFO - Epoch 247: Loss = 71.7644, Accuracy = 70.66%
2025-07-29 16:12:32,002 - INFO - Epoch 248: Loss = 70.6120, Accuracy = 71.88%
2025-07-29 16:12:32,102 - INFO - Epoch 249: Loss = 69.5289, Accuracy = 72.39%
2025-07-29 16:12:32,201 - INFO - Epoch 250: Loss = 70.0936, Accuracy = 72.01%
2025-07-29 16:12:32,301 - INFO - Epoch 251: Loss = 70.8273, Accuracy = 71.97%
2025-07-29 16:12:32,400 - INFO - Epoch 252: Loss = 70.2531, Accuracy = 72.22%
2025-07-29 16:12:32,500 - INFO - Epoch 253: Loss = 71.0615, Accuracy = 71.37%
2025-07-29 16:12:32,599 - INFO - Epoch 254: Loss = 70.4399, Accuracy = 71.92%
2025-07-29 16:12:32,699 - INFO - Epoch 255: Loss = 68.9193, Accuracy = 72.35%
2025-07-29 16:12:32,798 - INFO - Epoch 256: Loss = 70.7674, Accuracy = 71.46%
2025-07-29 16:12:32,800 - INFO - [Gradient Period 25 Run 1] Training time: 28.08s
2025-07-29 16:12:33,480 - INFO - ✅ Regular Evaluation Accuracy: 35.96%
2025-07-29 16:12:33,581 - INFO - ✅ Regular Evaluation Top-5 Accuracy: 75.32%
2025-07-29 16:12:33,617 - INFO - ✅ Regular Evaluation Accuracy: 22.31%
2025-07-29 16:12:33,643 - INFO - ✅ Regular Evaluation Top-5 Accuracy: 65.38%
2025-07-29 16:12:34,157 - INFO - ✅ Regular Evaluation Accuracy: 18.56%
2025-07-29 16:12:34,177 - INFO - ✅ Regular Evaluation Top-5 Accuracy: 36.08%
2025-07-29 16:12:34,177 - INFO - Nuts
2025-07-29 16:12:34,618 - INFO - ✅ Regular Evaluation Accuracy: 18.56%
2025-07-29 16:12:34,637 - INFO - ✅ Regular Evaluation Top-5 Accuracy: 36.08%
2025-07-29 16:12:34,637 - INFO - Spices
2025-07-29 16:12:35,081 - INFO - ✅ Regular Evaluation Accuracy: 18.56%
2025-07-29 16:12:35,100 - INFO - ✅ Regular Evaluation Top-5 Accuracy: 36.08%
2025-07-29 16:12:35,100 - INFO - Herbs
2025-07-29 16:12:35,531 - INFO - ✅ Regular Evaluation Accuracy: 18.56%
2025-07-29 16:12:35,550 - INFO - ✅ Regular Evaluation Top-5 Accuracy: 36.08%
2025-07-29 16:12:35,550 - INFO - Fruits
2025-07-29 16:12:35,988 - INFO - ✅ Regular Evaluation Accuracy: 18.56%
2025-07-29 16:12:36,007 - INFO - ✅ Regular Evaluation Top-5 Accuracy: 36.08%
2025-07-29 16:12:36,007 - INFO - Vegetables
2025-07-29 16:12:36,437 - INFO - ✅ Regular Evaluation Accuracy: 18.56%
2025-07-29 16:12:36,456 - INFO - ✅ Regular Evaluation Top-5 Accuracy: 36.08%
2025-07-29 16:12:36,456 - INFO - [Gradient Period 25 Run 2] Starting
2025-07-29 16:12:37,361 - INFO - Training on device: cuda
2025-07-29 16:12:37,463 - INFO - Epoch 01: Loss = 288.8180, Accuracy = 4.90%
2025-07-29 16:12:37,564 - INFO - Epoch 02: Loss = 285.8932, Accuracy = 7.82%
2025-07-29 16:12:37,665 - INFO - Epoch 03: Loss = 279.6006, Accuracy = 8.54%
2025-07-29 16:12:37,765 - INFO - Epoch 04: Loss = 268.9310, Accuracy = 8.16%
2025-07-29 16:12:37,865 - INFO - Epoch 05: Loss = 259.8902, Accuracy = 7.99%
2025-07-29 16:12:37,965 - INFO - Epoch 06: Loss = 252.9465, Accuracy = 9.89%
2025-07-29 16:12:38,064 - INFO - Epoch 07: Loss = 246.8667, Accuracy = 11.92%
2025-07-29 16:12:38,164 - INFO - Epoch 08: Loss = 241.3750, Accuracy = 13.19%
2025-07-29 16:12:38,264 - INFO - Epoch 09: Loss = 236.2154, Accuracy = 13.83%
2025-07-29 16:12:38,364 - INFO - Epoch 10: Loss = 231.3993, Accuracy = 15.48%
2025-07-29 16:12:38,463 - INFO - Epoch 11: Loss = 227.1342, Accuracy = 16.96%
2025-07-29 16:12:38,563 - INFO - Epoch 12: Loss = 223.2344, Accuracy = 18.60%
2025-07-29 16:12:38,663 - INFO - Epoch 13: Loss = 219.5335, Accuracy = 18.60%
2025-07-29 16:12:38,762 - INFO - Epoch 14: Loss = 215.6932, Accuracy = 19.58%
2025-07-29 16:12:38,862 - INFO - Epoch 15: Loss = 212.6347, Accuracy = 20.25%
2025-07-29 16:12:38,962 - INFO - Epoch 16: Loss = 209.5243, Accuracy = 20.17%
2025-07-29 16:12:39,062 - INFO - Epoch 17: Loss = 206.3370, Accuracy = 21.52%
2025-07-29 16:12:39,161 - INFO - Epoch 18: Loss = 203.7978, Accuracy = 21.90%
2025-07-29 16:12:39,261 - INFO - Epoch 19: Loss = 200.9015, Accuracy = 23.04%
2025-07-29 16:12:39,361 - INFO - Epoch 20: Loss = 198.8232, Accuracy = 23.38%
2025-07-29 16:12:39,461 - INFO - Epoch 21: Loss = 196.9200, Accuracy = 23.72%
2025-07-29 16:12:39,561 - INFO - Epoch 22: Loss = 194.5238, Accuracy = 24.78%
2025-07-29 16:12:39,660 - INFO - Epoch 23: Loss = 192.5638, Accuracy = 25.54%
2025-07-29 16:12:39,760 - INFO - Epoch 24: Loss = 190.8282, Accuracy = 25.88%
2025-07-29 16:12:39,860 - INFO - Epoch 25: Loss = 188.9691, Accuracy = 26.34%
2025-07-29 16:12:39,959 - INFO - Epoch 26: Loss = 187.3823, Accuracy = 26.43%
2025-07-29 16:12:40,062 - INFO - Epoch 27: Loss = 185.9874, Accuracy = 26.98%
2025-07-29 16:12:40,162 - INFO - Epoch 28: Loss = 184.5493, Accuracy = 27.74%
2025-07-29 16:12:40,261 - INFO - Epoch 29: Loss = 182.9767, Accuracy = 27.91%
2025-07-29 16:12:40,361 - INFO - Epoch 30: Loss = 181.5158, Accuracy = 28.46%
2025-07-29 16:12:40,461 - INFO - Epoch 31: Loss = 180.0080, Accuracy = 28.63%
2025-07-29 16:12:40,561 - INFO - Epoch 32: Loss = 178.3625, Accuracy = 29.34%
2025-07-29 16:12:40,660 - INFO - Epoch 33: Loss = 177.2557, Accuracy = 29.51%
2025-07-29 16:12:40,760 - INFO - Epoch 34: Loss = 176.3687, Accuracy = 29.89%
2025-07-29 16:12:40,860 - INFO - Epoch 35: Loss = 175.2109, Accuracy = 29.22%
2025-07-29 16:12:40,960 - INFO - Epoch 36: Loss = 173.4010, Accuracy = 30.53%
2025-07-29 16:12:41,061 - INFO - Epoch 37: Loss = 172.4172, Accuracy = 30.99%
2025-07-29 16:12:41,161 - INFO - Epoch 38: Loss = 171.4458, Accuracy = 30.40%
2025-07-29 16:12:41,261 - INFO - Epoch 39: Loss = 170.2030, Accuracy = 31.75%
2025-07-29 16:12:41,361 - INFO - Epoch 40: Loss = 168.7319, Accuracy = 31.37%
2025-07-29 16:12:41,460 - INFO - Epoch 41: Loss = 167.9682, Accuracy = 31.54%
2025-07-29 16:12:41,560 - INFO - Epoch 42: Loss = 166.5714, Accuracy = 32.09%
2025-07-29 16:12:41,660 - INFO - Epoch 43: Loss = 165.3705, Accuracy = 32.18%
2025-07-29 16:12:41,760 - INFO - Epoch 44: Loss = 164.3230, Accuracy = 32.01%
2025-07-29 16:12:41,860 - INFO - Epoch 45: Loss = 163.1793, Accuracy = 33.19%
2025-07-29 16:12:41,960 - INFO - Epoch 46: Loss = 162.2217, Accuracy = 32.43%
2025-07-29 16:12:42,060 - INFO - Epoch 47: Loss = 161.4258, Accuracy = 33.45%
2025-07-29 16:12:42,159 - INFO - Epoch 48: Loss = 160.7414, Accuracy = 33.95%
2025-07-29 16:12:42,259 - INFO - Epoch 49: Loss = 158.9816, Accuracy = 33.78%
2025-07-29 16:12:42,359 - INFO - Epoch 50: Loss = 158.4595, Accuracy = 33.74%
2025-07-29 16:12:42,459 - INFO - Epoch 51: Loss = 158.2418, Accuracy = 34.12%
2025-07-29 16:12:42,559 - INFO - Epoch 52: Loss = 157.1073, Accuracy = 33.62%
2025-07-29 16:12:42,659 - INFO - Epoch 53: Loss = 155.4053, Accuracy = 35.31%
2025-07-29 16:12:42,759 - INFO - Epoch 54: Loss = 155.0206, Accuracy = 35.18%
2025-07-29 16:12:42,859 - INFO - Epoch 55: Loss = 154.1147, Accuracy = 35.05%
2025-07-29 16:12:42,958 - INFO - Epoch 56: Loss = 152.8598, Accuracy = 35.52%
2025-07-29 16:12:43,058 - INFO - Epoch 57: Loss = 152.5531, Accuracy = 35.39%
2025-07-29 16:12:43,158 - INFO - Epoch 58: Loss = 150.9896, Accuracy = 35.98%
2025-07-29 16:12:43,258 - INFO - Epoch 59: Loss = 150.2970, Accuracy = 36.66%
2025-07-29 16:12:43,358 - INFO - Epoch 60: Loss = 149.8772, Accuracy = 35.86%
2025-07-29 16:12:43,458 - INFO - Epoch 61: Loss = 149.2558, Accuracy = 36.49%
2025-07-29 16:12:43,558 - INFO - Epoch 62: Loss = 148.1519, Accuracy = 37.93%
2025-07-29 16:12:43,657 - INFO - Epoch 63: Loss = 147.4658, Accuracy = 38.35%
2025-07-29 16:12:43,757 - INFO - Epoch 64: Loss = 146.6808, Accuracy = 38.14%
2025-07-29 16:12:43,857 - INFO - Epoch 65: Loss = 145.7847, Accuracy = 38.48%
2025-07-29 16:12:43,957 - INFO - Epoch 66: Loss = 145.1030, Accuracy = 38.44%
2025-07-29 16:12:44,056 - INFO - Epoch 67: Loss = 144.3985, Accuracy = 38.31%
2025-07-29 16:12:44,156 - INFO - Epoch 68: Loss = 143.1757, Accuracy = 39.79%
2025-07-29 16:12:44,256 - INFO - Epoch 69: Loss = 142.5670, Accuracy = 40.21%
2025-07-29 16:12:44,356 - INFO - Epoch 70: Loss = 142.0565, Accuracy = 39.75%
2025-07-29 16:12:44,455 - INFO - Epoch 71: Loss = 141.3078, Accuracy = 39.45%
2025-07-29 16:12:44,555 - INFO - Epoch 72: Loss = 140.3817, Accuracy = 40.85%
2025-07-29 16:12:44,656 - INFO - Epoch 73: Loss = 139.9904, Accuracy = 41.06%
2025-07-29 16:12:44,755 - INFO - Epoch 74: Loss = 138.9376, Accuracy = 41.10%
2025-07-29 16:12:44,855 - INFO - Epoch 75: Loss = 137.8520, Accuracy = 40.47%
2025-07-29 16:12:44,956 - INFO - Epoch 76: Loss = 138.3244, Accuracy = 41.65%
2025-07-29 16:12:45,056 - INFO - Epoch 77: Loss = 136.9464, Accuracy = 41.35%
2025-07-29 16:12:45,156 - INFO - Epoch 78: Loss = 135.8367, Accuracy = 41.69%
2025-07-29 16:12:45,256 - INFO - Epoch 79: Loss = 135.8500, Accuracy = 42.71%
2025-07-29 16:12:45,356 - INFO - Epoch 80: Loss = 135.3789, Accuracy = 42.33%
2025-07-29 16:12:45,455 - INFO - Epoch 81: Loss = 134.0174, Accuracy = 44.02%
2025-07-29 16:12:45,555 - INFO - Epoch 82: Loss = 133.9407, Accuracy = 43.55%
2025-07-29 16:12:45,655 - INFO - Epoch 83: Loss = 132.9658, Accuracy = 43.42%
2025-07-29 16:12:45,755 - INFO - Epoch 84: Loss = 132.4364, Accuracy = 43.68%
2025-07-29 16:12:45,854 - INFO - Epoch 85: Loss = 131.0959, Accuracy = 44.27%
2025-07-29 16:12:45,954 - INFO - Epoch 86: Loss = 130.5871, Accuracy = 44.78%
2025-07-29 16:12:46,054 - INFO - Epoch 87: Loss = 130.5344, Accuracy = 44.57%
2025-07-29 16:12:46,154 - INFO - Epoch 88: Loss = 130.1906, Accuracy = 45.03%
2025-07-29 16:12:46,254 - INFO - Epoch 89: Loss = 128.9746, Accuracy = 45.45%
2025-07-29 16:12:46,353 - INFO - Epoch 90: Loss = 128.2577, Accuracy = 45.54%
2025-07-29 16:12:46,453 - INFO - Epoch 91: Loss = 128.1473, Accuracy = 46.00%
2025-07-29 16:12:46,553 - INFO - Epoch 92: Loss = 127.0866, Accuracy = 46.17%
2025-07-29 16:12:46,652 - INFO - Epoch 93: Loss = 126.9787, Accuracy = 46.43%
2025-07-29 16:12:46,752 - INFO - Epoch 94: Loss = 125.5783, Accuracy = 47.06%
2025-07-29 16:12:46,852 - INFO - Epoch 95: Loss = 125.0221, Accuracy = 46.77%
2025-07-29 16:12:46,952 - INFO - Epoch 96: Loss = 125.0403, Accuracy = 47.06%
2025-07-29 16:12:47,052 - INFO - Epoch 97: Loss = 124.3235, Accuracy = 47.91%
2025-07-29 16:12:47,152 - INFO - Epoch 98: Loss = 124.7764, Accuracy = 47.06%
2025-07-29 16:12:47,251 - INFO - Epoch 99: Loss = 123.3966, Accuracy = 47.23%
2025-07-29 16:12:47,351 - INFO - Epoch 100: Loss = 123.2378, Accuracy = 48.29%
2025-07-29 16:12:47,451 - INFO - Epoch 101: Loss = 122.3125, Accuracy = 48.03%
2025-07-29 16:12:47,551 - INFO - Epoch 102: Loss = 122.1362, Accuracy = 47.70%
2025-07-29 16:12:47,651 - INFO - Epoch 103: Loss = 121.3485, Accuracy = 48.75%
2025-07-29 16:12:47,750 - INFO - Epoch 104: Loss = 120.9351, Accuracy = 48.84%
2025-07-29 16:12:47,850 - INFO - Epoch 105: Loss = 120.4597, Accuracy = 49.13%
2025-07-29 16:12:47,951 - INFO - Epoch 106: Loss = 118.8003, Accuracy = 50.57%
2025-07-29 16:12:48,051 - INFO - Epoch 107: Loss = 118.3780, Accuracy = 49.85%
2025-07-29 16:12:48,152 - INFO - Epoch 108: Loss = 118.2800, Accuracy = 50.61%
2025-07-29 16:12:48,252 - INFO - Epoch 109: Loss = 117.2045, Accuracy = 50.53%
2025-07-29 16:12:48,352 - INFO - Epoch 110: Loss = 116.8620, Accuracy = 50.23%
2025-07-29 16:12:48,452 - INFO - Epoch 111: Loss = 116.1132, Accuracy = 50.19%
2025-07-29 16:12:48,552 - INFO - Epoch 112: Loss = 115.3737, Accuracy = 51.54%
2025-07-29 16:12:48,651 - INFO - Epoch 113: Loss = 114.6528, Accuracy = 52.09%
2025-07-29 16:12:48,751 - INFO - Epoch 114: Loss = 114.6254, Accuracy = 51.04%
2025-07-29 16:12:48,852 - INFO - Epoch 115: Loss = 115.6908, Accuracy = 51.42%
2025-07-29 16:12:48,951 - INFO - Epoch 116: Loss = 113.8854, Accuracy = 52.26%
2025-07-29 16:12:49,051 - INFO - Epoch 117: Loss = 113.5247, Accuracy = 52.73%
2025-07-29 16:12:49,151 - INFO - Epoch 118: Loss = 112.3034, Accuracy = 51.88%
2025-07-29 16:12:49,251 - INFO - Epoch 119: Loss = 111.8978, Accuracy = 53.28%
2025-07-29 16:12:49,351 - INFO - Epoch 120: Loss = 111.5523, Accuracy = 53.57%
2025-07-29 16:12:49,451 - INFO - Epoch 121: Loss = 110.9698, Accuracy = 52.98%
2025-07-29 16:12:49,551 - INFO - Epoch 122: Loss = 111.0046, Accuracy = 53.57%
2025-07-29 16:12:49,651 - INFO - Epoch 123: Loss = 110.3221, Accuracy = 53.57%
2025-07-29 16:12:49,751 - INFO - Epoch 124: Loss = 109.6782, Accuracy = 53.83%
2025-07-29 16:12:49,850 - INFO - Epoch 125: Loss = 108.7877, Accuracy = 53.91%
2025-07-29 16:12:49,950 - INFO - Epoch 126: Loss = 108.0817, Accuracy = 53.57%
2025-07-29 16:12:50,050 - INFO - Epoch 127: Loss = 108.2008, Accuracy = 54.21%
2025-07-29 16:12:50,150 - INFO - Epoch 128: Loss = 108.8921, Accuracy = 54.08%
2025-07-29 16:12:50,249 - INFO - Epoch 129: Loss = 106.3444, Accuracy = 54.80%
2025-07-29 16:12:50,349 - INFO - Epoch 130: Loss = 107.7443, Accuracy = 55.14%
2025-07-29 16:12:50,449 - INFO - Epoch 131: Loss = 106.3034, Accuracy = 54.76%
2025-07-29 16:12:50,549 - INFO - Epoch 132: Loss = 106.8958, Accuracy = 55.22%
2025-07-29 16:12:50,649 - INFO - Epoch 133: Loss = 107.4605, Accuracy = 54.59%
2025-07-29 16:12:50,748 - INFO - Epoch 134: Loss = 104.8418, Accuracy = 55.35%
2025-07-29 16:12:50,848 - INFO - Epoch 135: Loss = 104.9102, Accuracy = 55.52%
2025-07-29 16:12:50,949 - INFO - Epoch 136: Loss = 104.0526, Accuracy = 56.15%
2025-07-29 16:12:51,050 - INFO - Epoch 137: Loss = 103.6209, Accuracy = 55.18%
2025-07-29 16:12:51,150 - INFO - Epoch 138: Loss = 102.6487, Accuracy = 57.51%
2025-07-29 16:12:51,249 - INFO - Epoch 139: Loss = 102.3244, Accuracy = 55.94%
2025-07-29 16:12:51,349 - INFO - Epoch 140: Loss = 102.3428, Accuracy = 56.45%
2025-07-29 16:12:51,449 - INFO - Epoch 141: Loss = 102.6617, Accuracy = 57.34%
2025-07-29 16:12:51,549 - INFO - Epoch 142: Loss = 100.8011, Accuracy = 57.59%
2025-07-29 16:12:51,648 - INFO - Epoch 143: Loss = 100.8946, Accuracy = 57.63%
2025-07-29 16:12:51,748 - INFO - Epoch 144: Loss = 100.2124, Accuracy = 57.46%
2025-07-29 16:12:51,848 - INFO - Epoch 145: Loss = 99.7683, Accuracy = 57.93%
2025-07-29 16:12:51,948 - INFO - Epoch 146: Loss = 98.6704, Accuracy = 59.37%
2025-07-29 16:12:52,048 - INFO - Epoch 147: Loss = 99.5427, Accuracy = 58.31%
2025-07-29 16:12:52,148 - INFO - Epoch 148: Loss = 98.0776, Accuracy = 58.77%
2025-07-29 16:12:52,248 - INFO - Epoch 149: Loss = 97.6141, Accuracy = 58.99%
2025-07-29 16:12:52,348 - INFO - Epoch 150: Loss = 96.5988, Accuracy = 60.34%
2025-07-29 16:12:52,448 - INFO - Epoch 151: Loss = 97.4767, Accuracy = 58.39%
2025-07-29 16:12:52,548 - INFO - Epoch 152: Loss = 96.8671, Accuracy = 59.24%
2025-07-29 16:12:52,647 - INFO - Epoch 153: Loss = 94.5790, Accuracy = 60.59%
2025-07-29 16:12:52,747 - INFO - Epoch 154: Loss = 95.5584, Accuracy = 60.34%
2025-07-29 16:12:52,847 - INFO - Epoch 155: Loss = 95.6704, Accuracy = 60.21%
2025-07-29 16:12:52,947 - INFO - Epoch 156: Loss = 95.0618, Accuracy = 59.24%
2025-07-29 16:12:53,047 - INFO - Epoch 157: Loss = 94.4506, Accuracy = 60.04%
2025-07-29 16:12:53,146 - INFO - Epoch 158: Loss = 94.1337, Accuracy = 60.63%
2025-07-29 16:12:53,246 - INFO - Epoch 159: Loss = 92.9931, Accuracy = 60.34%
2025-07-29 16:12:53,346 - INFO - Epoch 160: Loss = 93.5409, Accuracy = 60.63%
2025-07-29 16:12:53,446 - INFO - Epoch 161: Loss = 92.7814, Accuracy = 60.80%
2025-07-29 16:12:53,546 - INFO - Epoch 162: Loss = 92.3036, Accuracy = 61.40%
2025-07-29 16:12:53,645 - INFO - Epoch 163: Loss = 93.0649, Accuracy = 62.03%
2025-07-29 16:12:53,745 - INFO - Epoch 164: Loss = 93.5215, Accuracy = 61.18%
2025-07-29 16:12:53,845 - INFO - Epoch 165: Loss = 90.1595, Accuracy = 62.28%
2025-07-29 16:12:53,946 - INFO - Epoch 166: Loss = 89.5301, Accuracy = 62.37%
2025-07-29 16:12:54,046 - INFO - Epoch 167: Loss = 89.4471, Accuracy = 61.73%
2025-07-29 16:12:54,146 - INFO - Epoch 168: Loss = 89.8434, Accuracy = 62.24%
2025-07-29 16:12:54,246 - INFO - Epoch 169: Loss = 90.1896, Accuracy = 62.16%
2025-07-29 16:12:54,346 - INFO - Epoch 170: Loss = 89.0825, Accuracy = 62.66%
2025-07-29 16:12:54,445 - INFO - Epoch 171: Loss = 88.3870, Accuracy = 63.26%
2025-07-29 16:12:54,545 - INFO - Epoch 172: Loss = 88.8136, Accuracy = 64.19%
2025-07-29 16:12:54,645 - INFO - Epoch 173: Loss = 88.5460, Accuracy = 62.79%
2025-07-29 16:12:54,745 - INFO - Epoch 174: Loss = 87.5988, Accuracy = 63.34%
2025-07-29 16:12:54,845 - INFO - Epoch 175: Loss = 86.8019, Accuracy = 64.31%
2025-07-29 16:12:54,944 - INFO - Epoch 176: Loss = 86.4604, Accuracy = 63.81%
2025-07-29 16:12:55,044 - INFO - Epoch 177: Loss = 85.2389, Accuracy = 64.90%
2025-07-29 16:12:55,144 - INFO - Epoch 178: Loss = 85.9840, Accuracy = 64.36%
2025-07-29 16:12:55,244 - INFO - Epoch 179: Loss = 84.4636, Accuracy = 64.69%
2025-07-29 16:12:55,344 - INFO - Epoch 180: Loss = 84.7754, Accuracy = 64.95%
2025-07-29 16:12:55,444 - INFO - Epoch 181: Loss = 85.2226, Accuracy = 64.74%
2025-07-29 16:12:55,544 - INFO - Epoch 182: Loss = 83.2810, Accuracy = 65.84%
2025-07-29 16:12:55,644 - INFO - Epoch 183: Loss = 84.7939, Accuracy = 64.06%
2025-07-29 16:12:55,744 - INFO - Epoch 184: Loss = 82.9257, Accuracy = 66.17%
2025-07-29 16:12:55,843 - INFO - Epoch 185: Loss = 83.6362, Accuracy = 65.37%
2025-07-29 16:12:55,943 - INFO - Epoch 186: Loss = 82.4209, Accuracy = 65.96%
2025-07-29 16:12:56,043 - INFO - Epoch 187: Loss = 82.6609, Accuracy = 65.29%
2025-07-29 16:12:56,143 - INFO - Epoch 188: Loss = 81.7189, Accuracy = 65.45%
2025-07-29 16:12:56,243 - INFO - Epoch 189: Loss = 82.1002, Accuracy = 65.88%
2025-07-29 16:12:56,343 - INFO - Epoch 190: Loss = 81.0081, Accuracy = 66.17%
2025-07-29 16:12:56,443 - INFO - Epoch 191: Loss = 80.1143, Accuracy = 66.85%
2025-07-29 16:12:56,543 - INFO - Epoch 192: Loss = 79.5399, Accuracy = 67.15%
2025-07-29 16:12:56,643 - INFO - Epoch 193: Loss = 78.8790, Accuracy = 66.38%
2025-07-29 16:12:56,743 - INFO - Epoch 194: Loss = 79.9844, Accuracy = 67.91%
2025-07-29 16:12:56,843 - INFO - Epoch 195: Loss = 78.5601, Accuracy = 67.36%
2025-07-29 16:12:56,943 - INFO - Epoch 196: Loss = 78.8587, Accuracy = 67.06%
2025-07-29 16:12:57,043 - INFO - Epoch 197: Loss = 77.1162, Accuracy = 67.65%
2025-07-29 16:12:57,143 - INFO - Epoch 198: Loss = 79.0285, Accuracy = 66.85%
2025-07-29 16:12:57,242 - INFO - Epoch 199: Loss = 77.7056, Accuracy = 68.46%
2025-07-29 16:12:57,342 - INFO - Epoch 200: Loss = 77.6103, Accuracy = 67.36%
2025-07-29 16:12:57,442 - INFO - Epoch 201: Loss = 76.9047, Accuracy = 67.44%
2025-07-29 16:12:57,542 - INFO - Epoch 202: Loss = 76.4042, Accuracy = 68.16%
2025-07-29 16:12:57,642 - INFO - Epoch 203: Loss = 76.0224, Accuracy = 67.78%
2025-07-29 16:12:57,742 - INFO - Epoch 204: Loss = 76.1870, Accuracy = 68.16%
2025-07-29 16:12:57,841 - INFO - Epoch 205: Loss = 76.3761, Accuracy = 68.12%
2025-07-29 16:12:57,941 - INFO - Epoch 206: Loss = 76.2094, Accuracy = 68.25%
2025-07-29 16:12:58,041 - INFO - Epoch 207: Loss = 74.8770, Accuracy = 69.22%
2025-07-29 16:12:58,140 - INFO - Epoch 208: Loss = 74.6976, Accuracy = 68.75%
2025-07-29 16:12:58,240 - INFO - Epoch 209: Loss = 73.9495, Accuracy = 69.09%
2025-07-29 16:12:58,340 - INFO - Epoch 210: Loss = 73.8057, Accuracy = 69.43%
2025-07-29 16:12:58,440 - INFO - Epoch 211: Loss = 76.4171, Accuracy = 68.41%
2025-07-29 16:12:58,539 - INFO - Epoch 212: Loss = 72.1690, Accuracy = 69.81%
2025-07-29 16:12:58,639 - INFO - Epoch 213: Loss = 72.5020, Accuracy = 70.19%
2025-07-29 16:12:58,739 - INFO - Epoch 214: Loss = 72.1174, Accuracy = 70.06%
2025-07-29 16:12:58,839 - INFO - Epoch 215: Loss = 70.6760, Accuracy = 70.53%
2025-07-29 16:12:58,939 - INFO - Epoch 216: Loss = 71.9318, Accuracy = 69.68%
2025-07-29 16:12:59,039 - INFO - Epoch 217: Loss = 71.6046, Accuracy = 69.73%
2025-07-29 16:12:59,139 - INFO - Epoch 218: Loss = 71.7109, Accuracy = 70.27%
2025-07-29 16:12:59,239 - INFO - Epoch 219: Loss = 70.6469, Accuracy = 70.36%
2025-07-29 16:12:59,339 - INFO - Epoch 220: Loss = 69.8258, Accuracy = 70.70%
2025-07-29 16:12:59,439 - INFO - Epoch 221: Loss = 70.1236, Accuracy = 71.29%
2025-07-29 16:12:59,538 - INFO - Epoch 222: Loss = 69.7119, Accuracy = 70.61%
2025-07-29 16:12:59,638 - INFO - Epoch 223: Loss = 68.6374, Accuracy = 71.63%
2025-07-29 16:12:59,738 - INFO - Epoch 224: Loss = 67.8899, Accuracy = 72.01%
2025-07-29 16:12:59,838 - INFO - Epoch 225: Loss = 67.8272, Accuracy = 71.63%
2025-07-29 16:12:59,938 - INFO - Epoch 226: Loss = 70.1907, Accuracy = 71.37%
2025-07-29 16:13:00,038 - INFO - Epoch 227: Loss = 67.5949, Accuracy = 72.26%
2025-07-29 16:13:00,137 - INFO - Epoch 228: Loss = 66.8390, Accuracy = 72.01%
2025-07-29 16:13:00,237 - INFO - Epoch 229: Loss = 67.5931, Accuracy = 72.52%
2025-07-29 16:13:00,337 - INFO - Epoch 230: Loss = 66.6211, Accuracy = 72.73%
2025-07-29 16:13:00,437 - INFO - Epoch 231: Loss = 67.9703, Accuracy = 71.88%
2025-07-29 16:13:00,538 - INFO - Epoch 232: Loss = 66.4799, Accuracy = 72.52%
2025-07-29 16:13:00,638 - INFO - Epoch 233: Loss = 65.9744, Accuracy = 72.64%
2025-07-29 16:13:00,738 - INFO - Epoch 234: Loss = 64.8315, Accuracy = 73.45%
2025-07-29 16:13:00,838 - INFO - Epoch 235: Loss = 65.5083, Accuracy = 72.39%
2025-07-29 16:13:00,938 - INFO - Epoch 236: Loss = 65.5625, Accuracy = 72.81%
2025-07-29 16:13:01,038 - INFO - Epoch 237: Loss = 64.2955, Accuracy = 73.45%
2025-07-29 16:13:01,138 - INFO - Epoch 238: Loss = 64.4619, Accuracy = 73.78%
2025-07-29 16:13:01,238 - INFO - Epoch 239: Loss = 62.9441, Accuracy = 74.33%
2025-07-29 16:13:01,337 - INFO - Epoch 240: Loss = 63.0946, Accuracy = 73.74%
2025-07-29 16:13:01,437 - INFO - Epoch 241: Loss = 62.5928, Accuracy = 73.83%
2025-07-29 16:13:01,537 - INFO - Epoch 242: Loss = 62.8800, Accuracy = 73.53%
2025-07-29 16:13:01,637 - INFO - Epoch 243: Loss = 61.4668, Accuracy = 74.25%
2025-07-29 16:13:01,737 - INFO - Epoch 244: Loss = 63.2256, Accuracy = 73.49%
2025-07-29 16:13:01,836 - INFO - Epoch 245: Loss = 61.3640, Accuracy = 74.50%
2025-07-29 16:13:01,936 - INFO - Epoch 246: Loss = 62.1098, Accuracy = 74.59%
2025-07-29 16:13:02,036 - INFO - Epoch 247: Loss = 61.4854, Accuracy = 74.50%
2025-07-29 16:13:02,136 - INFO - Epoch 248: Loss = 61.6841, Accuracy = 74.29%
2025-07-29 16:13:02,236 - INFO - Epoch 249: Loss = 61.3671, Accuracy = 75.01%
2025-07-29 16:13:02,336 - INFO - Epoch 250: Loss = 60.7299, Accuracy = 74.42%
2025-07-29 16:13:02,436 - INFO - Epoch 251: Loss = 60.9612, Accuracy = 75.52%
2025-07-29 16:13:02,535 - INFO - Epoch 252: Loss = 59.7333, Accuracy = 75.39%
2025-07-29 16:13:02,636 - INFO - Epoch 253: Loss = 59.5107, Accuracy = 75.10%
2025-07-29 16:13:02,736 - INFO - Epoch 254: Loss = 59.7069, Accuracy = 76.11%
2025-07-29 16:13:02,836 - INFO - Epoch 255: Loss = 59.7144, Accuracy = 75.05%
2025-07-29 16:13:02,936 - INFO - Epoch 256: Loss = 58.9360, Accuracy = 76.24%
2025-07-29 16:13:02,937 - INFO - [Gradient Period 25 Run 2] Training time: 26.48s
2025-07-29 16:13:03,579 - INFO - ✅ Regular Evaluation Accuracy: 37.23%
2025-07-29 16:13:03,665 - INFO - ✅ Regular Evaluation Top-5 Accuracy: 74.89%
2025-07-29 16:13:03,700 - INFO - ✅ Regular Evaluation Accuracy: 21.54%
2025-07-29 16:13:03,725 - INFO - ✅ Regular Evaluation Top-5 Accuracy: 71.54%
2025-07-29 16:13:04,227 - INFO - ✅ Regular Evaluation Accuracy: 8.25%
2025-07-29 16:13:04,246 - INFO - ✅ Regular Evaluation Top-5 Accuracy: 40.21%
2025-07-29 16:13:04,246 - INFO - Nuts
2025-07-29 16:13:04,682 - INFO - ✅ Regular Evaluation Accuracy: 8.25%
2025-07-29 16:13:04,701 - INFO - ✅ Regular Evaluation Top-5 Accuracy: 40.21%
2025-07-29 16:13:04,701 - INFO - Spices
2025-07-29 16:13:05,132 - INFO - ✅ Regular Evaluation Accuracy: 8.25%
2025-07-29 16:13:05,151 - INFO - ✅ Regular Evaluation Top-5 Accuracy: 40.21%
2025-07-29 16:13:05,151 - INFO - Herbs
2025-07-29 16:13:05,598 - INFO - ✅ Regular Evaluation Accuracy: 8.25%
2025-07-29 16:13:05,617 - INFO - ✅ Regular Evaluation Top-5 Accuracy: 40.21%
2025-07-29 16:13:05,617 - INFO - Fruits
2025-07-29 16:13:06,053 - INFO - ✅ Regular Evaluation Accuracy: 8.25%
2025-07-29 16:13:06,072 - INFO - ✅ Regular Evaluation Top-5 Accuracy: 40.21%
2025-07-29 16:13:06,072 - INFO - Vegetables
2025-07-29 16:13:06,608 - INFO - ✅ Regular Evaluation Accuracy: 8.25%
2025-07-29 16:13:06,627 - INFO - ✅ Regular Evaluation Top-5 Accuracy: 40.21%
2025-07-29 16:13:06,627 - INFO - [Gradient Period 25 Run 3] Starting
2025-07-29 16:13:07,530 - INFO - Training on device: cuda
2025-07-29 16:13:07,633 - INFO - Epoch 01: Loss = 288.7437, Accuracy = 4.57%
2025-07-29 16:13:07,733 - INFO - Epoch 02: Loss = 286.1011, Accuracy = 6.89%
2025-07-29 16:13:07,833 - INFO - Epoch 03: Loss = 280.3311, Accuracy = 7.53%
2025-07-29 16:13:07,933 - INFO - Epoch 04: Loss = 268.9546, Accuracy = 8.03%
2025-07-29 16:13:08,033 - INFO - Epoch 05: Loss = 258.5555, Accuracy = 10.78%
2025-07-29 16:13:08,133 - INFO - Epoch 06: Loss = 249.6360, Accuracy = 11.21%
2025-07-29 16:13:08,232 - INFO - Epoch 07: Loss = 241.8665, Accuracy = 11.12%
2025-07-29 16:13:08,332 - INFO - Epoch 08: Loss = 235.8436, Accuracy = 11.84%
2025-07-29 16:13:08,432 - INFO - Epoch 09: Loss = 230.8593, Accuracy = 13.07%
2025-07-29 16:13:08,532 - INFO - Epoch 10: Loss = 226.2005, Accuracy = 14.97%
2025-07-29 16:13:08,632 - INFO - Epoch 11: Loss = 221.8346, Accuracy = 15.10%
2025-07-29 16:13:08,731 - INFO - Epoch 12: Loss = 218.6132, Accuracy = 16.03%
2025-07-29 16:13:08,831 - INFO - Epoch 13: Loss = 215.2613, Accuracy = 17.21%
2025-07-29 16:13:08,931 - INFO - Epoch 14: Loss = 212.2704, Accuracy = 16.41%
2025-07-29 16:13:09,030 - INFO - Epoch 15: Loss = 209.4098, Accuracy = 18.10%
2025-07-29 16:13:09,130 - INFO - Epoch 16: Loss = 206.9949, Accuracy = 18.90%
2025-07-29 16:13:09,230 - INFO - Epoch 17: Loss = 204.4682, Accuracy = 19.92%
2025-07-29 16:13:09,330 - INFO - Epoch 18: Loss = 202.2552, Accuracy = 20.97%
2025-07-29 16:13:09,429 - INFO - Epoch 19: Loss = 200.3028, Accuracy = 21.99%
2025-07-29 16:13:09,529 - INFO - Epoch 20: Loss = 198.1897, Accuracy = 22.66%
2025-07-29 16:13:09,629 - INFO - Epoch 21: Loss = 196.8005, Accuracy = 24.02%
2025-07-29 16:13:09,728 - INFO - Epoch 22: Loss = 194.6190, Accuracy = 24.57%
2025-07-29 16:13:09,828 - INFO - Epoch 23: Loss = 193.3251, Accuracy = 24.36%
2025-07-29 16:13:09,929 - INFO - Epoch 24: Loss = 191.7093, Accuracy = 24.52%
2025-07-29 16:13:10,029 - INFO - Epoch 25: Loss = 190.5094, Accuracy = 24.78%
2025-07-29 16:13:10,129 - INFO - Epoch 26: Loss = 189.2355, Accuracy = 24.99%
2025-07-29 16:13:10,229 - INFO - Epoch 27: Loss = 187.9584, Accuracy = 26.51%
2025-07-29 16:13:10,329 - INFO - Epoch 28: Loss = 186.2025, Accuracy = 26.17%
2025-07-29 16:13:10,429 - INFO - Epoch 29: Loss = 184.9514, Accuracy = 26.17%
2025-07-29 16:13:10,528 - INFO - Epoch 30: Loss = 184.0671, Accuracy = 27.19%
2025-07-29 16:13:10,628 - INFO - Epoch 31: Loss = 183.0150, Accuracy = 27.06%
2025-07-29 16:13:10,728 - INFO - Epoch 32: Loss = 181.7417, Accuracy = 27.57%
2025-07-29 16:13:10,828 - INFO - Epoch 33: Loss = 180.1607, Accuracy = 28.20%
2025-07-29 16:13:10,928 - INFO - Epoch 34: Loss = 179.2755, Accuracy = 28.25%
2025-07-29 16:13:11,027 - INFO - Epoch 35: Loss = 177.9942, Accuracy = 29.26%
2025-07-29 16:13:11,127 - INFO - Epoch 36: Loss = 176.7168, Accuracy = 29.30%
2025-07-29 16:13:11,227 - INFO - Epoch 37: Loss = 175.7207, Accuracy = 29.34%
2025-07-29 16:13:11,327 - INFO - Epoch 38: Loss = 175.0807, Accuracy = 29.81%
2025-07-29 16:13:11,427 - INFO - Epoch 39: Loss = 174.4272, Accuracy = 29.77%
2025-07-29 16:13:11,527 - INFO - Epoch 40: Loss = 172.9432, Accuracy = 30.23%
2025-07-29 16:13:11,627 - INFO - Epoch 41: Loss = 171.3232, Accuracy = 30.74%
2025-07-29 16:13:11,726 - INFO - Epoch 42: Loss = 170.7265, Accuracy = 30.66%
2025-07-29 16:13:11,826 - INFO - Epoch 43: Loss = 169.3446, Accuracy = 31.37%
2025-07-29 16:13:11,926 - INFO - Epoch 44: Loss = 168.3790, Accuracy = 30.91%
2025-07-29 16:13:12,025 - INFO - Epoch 45: Loss = 167.6898, Accuracy = 32.05%
2025-07-29 16:13:12,125 - INFO - Epoch 46: Loss = 166.8392, Accuracy = 32.77%
2025-07-29 16:13:12,225 - INFO - Epoch 47: Loss = 166.4798, Accuracy = 32.73%
2025-07-29 16:13:12,325 - INFO - Epoch 48: Loss = 165.1880, Accuracy = 33.40%
2025-07-29 16:13:12,424 - INFO - Epoch 49: Loss = 164.7906, Accuracy = 32.81%
2025-07-29 16:13:12,524 - INFO - Epoch 50: Loss = 163.5737, Accuracy = 33.40%
2025-07-29 16:13:12,624 - INFO - Epoch 51: Loss = 162.6748, Accuracy = 32.77%
2025-07-29 16:13:12,724 - INFO - Epoch 52: Loss = 161.8634, Accuracy = 34.12%
2025-07-29 16:13:12,823 - INFO - Epoch 53: Loss = 161.2181, Accuracy = 34.21%
2025-07-29 16:13:12,923 - INFO - Epoch 54: Loss = 160.2517, Accuracy = 34.42%
2025-07-29 16:13:13,023 - INFO - Epoch 55: Loss = 159.8880, Accuracy = 34.63%
2025-07-29 16:13:13,122 - INFO - Epoch 56: Loss = 159.3463, Accuracy = 34.63%
2025-07-29 16:13:13,222 - INFO - Epoch 57: Loss = 158.2497, Accuracy = 34.93%
2025-07-29 16:13:13,322 - INFO - Epoch 58: Loss = 157.6232, Accuracy = 35.35%
2025-07-29 16:13:13,422 - INFO - Epoch 59: Loss = 156.5722, Accuracy = 36.36%
2025-07-29 16:13:13,522 - INFO - Epoch 60: Loss = 155.7096, Accuracy = 36.28%
2025-07-29 16:13:13,622 - INFO - Epoch 61: Loss = 155.3685, Accuracy = 35.48%
2025-07-29 16:13:13,722 - INFO - Epoch 62: Loss = 155.5109, Accuracy = 35.98%
2025-07-29 16:13:13,821 - INFO - Epoch 63: Loss = 154.3530, Accuracy = 37.12%
2025-07-29 16:13:13,921 - INFO - Epoch 64: Loss = 153.9485, Accuracy = 36.03%
2025-07-29 16:13:14,021 - INFO - Epoch 65: Loss = 152.6330, Accuracy = 36.79%
2025-07-29 16:13:14,121 - INFO - Epoch 66: Loss = 151.5590, Accuracy = 37.29%
2025-07-29 16:13:14,220 - INFO - Epoch 67: Loss = 151.8971, Accuracy = 37.38%
2025-07-29 16:13:14,320 - INFO - Epoch 68: Loss = 150.5648, Accuracy = 37.84%
2025-07-29 16:13:14,420 - INFO - Epoch 69: Loss = 149.6840, Accuracy = 38.94%
2025-07-29 16:13:14,520 - INFO - Epoch 70: Loss = 149.3434, Accuracy = 38.44%
2025-07-29 16:13:14,619 - INFO - Epoch 71: Loss = 149.0568, Accuracy = 38.48%
2025-07-29 16:13:14,719 - INFO - Epoch 72: Loss = 148.5273, Accuracy = 38.31%
2025-07-29 16:13:14,819 - INFO - Epoch 73: Loss = 147.0435, Accuracy = 39.79%
2025-07-29 16:13:14,919 - INFO - Epoch 74: Loss = 146.9613, Accuracy = 38.94%
2025-07-29 16:13:15,019 - INFO - Epoch 75: Loss = 145.8237, Accuracy = 39.58%
2025-07-29 16:13:15,118 - INFO - Epoch 76: Loss = 145.6683, Accuracy = 39.87%
2025-07-29 16:13:15,218 - INFO - Epoch 77: Loss = 145.2163, Accuracy = 40.42%
2025-07-29 16:13:15,318 - INFO - Epoch 78: Loss = 145.0956, Accuracy = 39.87%
2025-07-29 16:13:15,417 - INFO - Epoch 79: Loss = 143.5183, Accuracy = 40.17%
2025-07-29 16:13:15,519 - INFO - Epoch 80: Loss = 143.1590, Accuracy = 40.59%
2025-07-29 16:13:15,619 - INFO - Epoch 81: Loss = 142.2320, Accuracy = 41.52%
2025-07-29 16:13:15,719 - INFO - Epoch 82: Loss = 142.0041, Accuracy = 42.11%
2025-07-29 16:13:15,818 - INFO - Epoch 83: Loss = 141.0934, Accuracy = 41.35%
2025-07-29 16:13:15,918 - INFO - Epoch 84: Loss = 140.5100, Accuracy = 41.86%
2025-07-29 16:13:16,018 - INFO - Epoch 85: Loss = 139.4069, Accuracy = 42.75%
2025-07-29 16:13:16,118 - INFO - Epoch 86: Loss = 138.9474, Accuracy = 42.75%
2025-07-29 16:13:16,217 - INFO - Epoch 87: Loss = 138.4638, Accuracy = 42.11%
2025-07-29 16:13:16,317 - INFO - Epoch 88: Loss = 137.2078, Accuracy = 43.85%
2025-07-29 16:13:16,417 - INFO - Epoch 89: Loss = 137.3807, Accuracy = 43.55%
2025-07-29 16:13:16,517 - INFO - Epoch 90: Loss = 136.8341, Accuracy = 43.04%
2025-07-29 16:13:16,616 - INFO - Epoch 91: Loss = 135.8082, Accuracy = 43.64%
2025-07-29 16:13:16,716 - INFO - Epoch 92: Loss = 135.2254, Accuracy = 44.14%
2025-07-29 16:13:16,816 - INFO - Epoch 93: Loss = 135.2661, Accuracy = 44.99%
2025-07-29 16:13:16,916 - INFO - Epoch 94: Loss = 134.3701, Accuracy = 45.03%
2025-07-29 16:13:17,016 - INFO - Epoch 95: Loss = 134.3413, Accuracy = 44.82%
2025-07-29 16:13:17,116 - INFO - Epoch 96: Loss = 132.6419, Accuracy = 45.37%
2025-07-29 16:13:17,216 - INFO - Epoch 97: Loss = 131.9885, Accuracy = 46.17%
2025-07-29 16:13:17,316 - INFO - Epoch 98: Loss = 131.3034, Accuracy = 46.13%
2025-07-29 16:13:17,416 - INFO - Epoch 99: Loss = 130.8046, Accuracy = 46.00%
2025-07-29 16:13:17,516 - INFO - Epoch 100: Loss = 130.8102, Accuracy = 46.55%
2025-07-29 16:13:17,615 - INFO - Epoch 101: Loss = 129.4451, Accuracy = 47.06%
2025-07-29 16:13:17,715 - INFO - Epoch 102: Loss = 128.7724, Accuracy = 47.44%
2025-07-29 16:13:17,815 - INFO - Epoch 103: Loss = 128.5373, Accuracy = 47.15%
2025-07-29 16:13:17,915 - INFO - Epoch 104: Loss = 127.5742, Accuracy = 47.27%
2025-07-29 16:13:18,015 - INFO - Epoch 105: Loss = 126.9277, Accuracy = 46.85%
2025-07-29 16:13:18,114 - INFO - Epoch 106: Loss = 125.8612, Accuracy = 48.33%
2025-07-29 16:13:18,214 - INFO - Epoch 107: Loss = 126.1932, Accuracy = 48.41%
2025-07-29 16:13:18,314 - INFO - Epoch 108: Loss = 125.4938, Accuracy = 48.54%
2025-07-29 16:13:18,413 - INFO - Epoch 109: Loss = 124.7053, Accuracy = 49.09%
2025-07-29 16:13:18,513 - INFO - Epoch 110: Loss = 123.8987, Accuracy = 48.88%
2025-07-29 16:13:18,613 - INFO - Epoch 111: Loss = 123.1579, Accuracy = 49.89%
2025-07-29 16:13:18,713 - INFO - Epoch 112: Loss = 122.4209, Accuracy = 49.77%
2025-07-29 16:13:18,812 - INFO - Epoch 113: Loss = 121.4090, Accuracy = 50.61%
2025-07-29 16:13:18,912 - INFO - Epoch 114: Loss = 120.8894, Accuracy = 50.44%
2025-07-29 16:13:19,012 - INFO - Epoch 115: Loss = 120.8454, Accuracy = 50.53%
2025-07-29 16:13:19,112 - INFO - Epoch 116: Loss = 120.3183, Accuracy = 50.32%
2025-07-29 16:13:19,211 - INFO - Epoch 117: Loss = 120.1850, Accuracy = 50.49%
2025-07-29 16:13:19,313 - INFO - Epoch 118: Loss = 119.3714, Accuracy = 51.21%
2025-07-29 16:13:19,413 - INFO - Epoch 119: Loss = 119.0347, Accuracy = 50.11%
2025-07-29 16:13:19,513 - INFO - Epoch 120: Loss = 117.7748, Accuracy = 52.14%
2025-07-29 16:13:19,613 - INFO - Epoch 121: Loss = 117.6561, Accuracy = 51.80%
2025-07-29 16:13:19,713 - INFO - Epoch 122: Loss = 116.7057, Accuracy = 51.92%
2025-07-29 16:13:19,812 - INFO - Epoch 123: Loss = 116.2850, Accuracy = 52.52%
2025-07-29 16:13:19,912 - INFO - Epoch 124: Loss = 115.1524, Accuracy = 53.45%
2025-07-29 16:13:20,012 - INFO - Epoch 125: Loss = 115.1009, Accuracy = 53.45%
2025-07-29 16:13:20,111 - INFO - Epoch 126: Loss = 114.2876, Accuracy = 53.11%
2025-07-29 16:13:20,211 - INFO - Epoch 127: Loss = 113.9185, Accuracy = 53.74%
2025-07-29 16:13:20,311 - INFO - Epoch 128: Loss = 113.2504, Accuracy = 54.55%
2025-07-29 16:13:20,410 - INFO - Epoch 129: Loss = 112.8949, Accuracy = 53.53%
2025-07-29 16:13:20,510 - INFO - Epoch 130: Loss = 111.5905, Accuracy = 53.78%
2025-07-29 16:13:20,610 - INFO - Epoch 131: Loss = 111.5211, Accuracy = 54.38%
2025-07-29 16:13:20,710 - INFO - Epoch 132: Loss = 110.7030, Accuracy = 54.93%
2025-07-29 16:13:20,810 - INFO - Epoch 133: Loss = 110.6265, Accuracy = 54.33%
2025-07-29 16:13:20,910 - INFO - Epoch 134: Loss = 110.2169, Accuracy = 55.26%
2025-07-29 16:13:21,010 - INFO - Epoch 135: Loss = 108.7429, Accuracy = 55.98%
2025-07-29 16:13:21,109 - INFO - Epoch 136: Loss = 107.9507, Accuracy = 55.94%
2025-07-29 16:13:21,209 - INFO - Epoch 137: Loss = 107.2605, Accuracy = 56.07%
2025-07-29 16:13:21,309 - INFO - Epoch 138: Loss = 107.2201, Accuracy = 55.86%
2025-07-29 16:13:21,409 - INFO - Epoch 139: Loss = 107.8977, Accuracy = 55.22%
2025-07-29 16:13:21,508 - INFO - Epoch 140: Loss = 106.2696, Accuracy = 56.15%
2025-07-29 16:13:21,608 - INFO - Epoch 141: Loss = 104.7708, Accuracy = 56.91%
2025-07-29 16:13:21,708 - INFO - Epoch 142: Loss = 105.1466, Accuracy = 57.59%
2025-07-29 16:13:21,808 - INFO - Epoch 143: Loss = 104.4190, Accuracy = 57.00%
2025-07-29 16:13:21,907 - INFO - Epoch 144: Loss = 105.2333, Accuracy = 56.62%
2025-07-29 16:13:22,007 - INFO - Epoch 145: Loss = 104.8278, Accuracy = 57.17%
2025-07-29 16:13:22,107 - INFO - Epoch 146: Loss = 103.4882, Accuracy = 57.21%
2025-07-29 16:13:22,207 - INFO - Epoch 147: Loss = 102.5735, Accuracy = 58.01%
2025-07-29 16:13:22,306 - INFO - Epoch 148: Loss = 102.7376, Accuracy = 58.22%
2025-07-29 16:13:22,406 - INFO - Epoch 149: Loss = 101.0130, Accuracy = 58.86%
2025-07-29 16:13:22,506 - INFO - Epoch 150: Loss = 100.9597, Accuracy = 59.11%
2025-07-29 16:13:22,606 - INFO - Epoch 151: Loss = 100.5955, Accuracy = 58.77%
2025-07-29 16:13:22,705 - INFO - Epoch 152: Loss = 100.2926, Accuracy = 58.94%
2025-07-29 16:13:22,805 - INFO - Epoch 153: Loss = 99.3385, Accuracy = 59.53%
2025-07-29 16:13:22,905 - INFO - Epoch 154: Loss = 98.8307, Accuracy = 59.96%
2025-07-29 16:13:23,005 - INFO - Epoch 155: Loss = 98.1294, Accuracy = 59.45%
2025-07-29 16:13:23,104 - INFO - Epoch 156: Loss = 99.7759, Accuracy = 58.99%
2025-07-29 16:13:23,204 - INFO - Epoch 157: Loss = 97.3405, Accuracy = 59.41%
2025-07-29 16:13:23,304 - INFO - Epoch 158: Loss = 96.7100, Accuracy = 60.97%
2025-07-29 16:13:23,403 - INFO - Epoch 159: Loss = 95.6886, Accuracy = 60.76%
2025-07-29 16:13:23,503 - INFO - Epoch 160: Loss = 97.0850, Accuracy = 59.83%
2025-07-29 16:13:23,603 - INFO - Epoch 161: Loss = 96.1161, Accuracy = 60.38%
2025-07-29 16:13:23,702 - INFO - Epoch 162: Loss = 94.6097, Accuracy = 61.44%
2025-07-29 16:13:23,802 - INFO - Epoch 163: Loss = 94.8405, Accuracy = 61.69%
2025-07-29 16:13:23,901 - INFO - Epoch 164: Loss = 94.7914, Accuracy = 61.78%
2025-07-29 16:13:24,001 - INFO - Epoch 165: Loss = 92.6135, Accuracy = 61.44%
2025-07-29 16:13:24,101 - INFO - Epoch 166: Loss = 92.1894, Accuracy = 62.88%
2025-07-29 16:13:24,201 - INFO - Epoch 167: Loss = 93.1309, Accuracy = 61.65%
2025-07-29 16:13:24,300 - INFO - Epoch 168: Loss = 92.3823, Accuracy = 63.04%
2025-07-29 16:13:24,401 - INFO - Epoch 169: Loss = 92.3520, Accuracy = 62.33%
2025-07-29 16:13:24,501 - INFO - Epoch 170: Loss = 91.3908, Accuracy = 62.20%
2025-07-29 16:13:24,601 - INFO - Epoch 171: Loss = 89.6276, Accuracy = 62.71%
2025-07-29 16:13:24,701 - INFO - Epoch 172: Loss = 89.1407, Accuracy = 62.58%
2025-07-29 16:13:24,801 - INFO - Epoch 173: Loss = 89.0437, Accuracy = 63.68%
2025-07-29 16:13:24,900 - INFO - Epoch 174: Loss = 88.9309, Accuracy = 63.47%
2025-07-29 16:13:25,000 - INFO - Epoch 175: Loss = 87.8677, Accuracy = 63.30%
2025-07-29 16:13:25,100 - INFO - Epoch 176: Loss = 87.9423, Accuracy = 64.14%
2025-07-29 16:13:25,200 - INFO - Epoch 177: Loss = 87.5170, Accuracy = 64.06%
2025-07-29 16:13:25,299 - INFO - Epoch 178: Loss = 86.7693, Accuracy = 65.12%
2025-07-29 16:13:25,399 - INFO - Epoch 179: Loss = 86.7187, Accuracy = 63.97%
2025-07-29 16:13:25,499 - INFO - Epoch 180: Loss = 87.3550, Accuracy = 63.59%
2025-07-29 16:13:25,598 - INFO - Epoch 181: Loss = 87.1072, Accuracy = 64.02%
2025-07-29 16:13:25,698 - INFO - Epoch 182: Loss = 86.0971, Accuracy = 64.86%
2025-07-29 16:13:25,797 - INFO - Epoch 183: Loss = 85.6620, Accuracy = 64.95%
2025-07-29 16:13:25,897 - INFO - Epoch 184: Loss = 84.4691, Accuracy = 65.20%
2025-07-29 16:13:25,997 - INFO - Epoch 185: Loss = 83.1514, Accuracy = 66.89%
2025-07-29 16:13:26,096 - INFO - Epoch 186: Loss = 82.9085, Accuracy = 65.84%
2025-07-29 16:13:26,196 - INFO - Epoch 187: Loss = 83.3346, Accuracy = 65.75%
2025-07-29 16:13:26,295 - INFO - Epoch 188: Loss = 82.1868, Accuracy = 66.60%
2025-07-29 16:13:26,395 - INFO - Epoch 189: Loss = 81.9220, Accuracy = 66.09%
2025-07-29 16:13:26,495 - INFO - Epoch 190: Loss = 82.6687, Accuracy = 66.09%
2025-07-29 16:13:26,594 - INFO - Epoch 191: Loss = 81.4794, Accuracy = 67.02%
2025-07-29 16:13:26,694 - INFO - Epoch 192: Loss = 80.1612, Accuracy = 66.98%
2025-07-29 16:13:26,794 - INFO - Epoch 193: Loss = 79.9884, Accuracy = 66.93%
2025-07-29 16:13:26,893 - INFO - Epoch 194: Loss = 79.1093, Accuracy = 67.19%
2025-07-29 16:13:26,993 - INFO - Epoch 195: Loss = 79.7187, Accuracy = 67.70%
2025-07-29 16:13:27,092 - INFO - Epoch 196: Loss = 78.4354, Accuracy = 68.25%
2025-07-29 16:13:27,192 - INFO - Epoch 197: Loss = 78.7695, Accuracy = 68.08%
2025-07-29 16:13:27,291 - INFO - Epoch 198: Loss = 78.8004, Accuracy = 67.95%
2025-07-29 16:13:27,391 - INFO - Epoch 199: Loss = 77.4033, Accuracy = 68.12%
2025-07-29 16:13:27,491 - INFO - Epoch 200: Loss = 77.4311, Accuracy = 69.34%
2025-07-29 16:13:27,591 - INFO - Epoch 201: Loss = 77.6590, Accuracy = 68.46%
2025-07-29 16:13:27,690 - INFO - Epoch 202: Loss = 75.1479, Accuracy = 68.84%
2025-07-29 16:13:27,790 - INFO - Epoch 203: Loss = 74.3317, Accuracy = 69.77%
2025-07-29 16:13:27,890 - INFO - Epoch 204: Loss = 74.8510, Accuracy = 69.34%
2025-07-29 16:13:27,990 - INFO - Epoch 205: Loss = 74.4949, Accuracy = 69.34%
2025-07-29 16:13:28,089 - INFO - Epoch 206: Loss = 75.5486, Accuracy = 69.22%
2025-07-29 16:13:28,189 - INFO - Epoch 207: Loss = 74.1503, Accuracy = 69.30%
2025-07-29 16:13:28,289 - INFO - Epoch 208: Loss = 72.7933, Accuracy = 70.23%
2025-07-29 16:13:28,389 - INFO - Epoch 209: Loss = 73.5898, Accuracy = 69.47%
2025-07-29 16:13:28,490 - INFO - Epoch 210: Loss = 71.4400, Accuracy = 70.53%
2025-07-29 16:13:28,589 - INFO - Epoch 211: Loss = 73.3587, Accuracy = 69.68%
2025-07-29 16:13:28,689 - INFO - Epoch 212: Loss = 70.7252, Accuracy = 71.50%
2025-07-29 16:13:28,789 - INFO - Epoch 213: Loss = 72.1906, Accuracy = 70.61%
2025-07-29 16:13:28,888 - INFO - Epoch 214: Loss = 71.2074, Accuracy = 71.12%
2025-07-29 16:13:28,988 - INFO - Epoch 215: Loss = 72.5687, Accuracy = 70.91%
2025-07-29 16:13:29,088 - INFO - Epoch 216: Loss = 70.5940, Accuracy = 72.14%
2025-07-29 16:13:29,187 - INFO - Epoch 217: Loss = 70.1218, Accuracy = 71.37%
2025-07-29 16:13:29,287 - INFO - Epoch 218: Loss = 68.8134, Accuracy = 71.25%
2025-07-29 16:13:29,387 - INFO - Epoch 219: Loss = 69.8359, Accuracy = 71.59%
2025-07-29 16:13:29,486 - INFO - Epoch 220: Loss = 67.6825, Accuracy = 72.90%
2025-07-29 16:13:29,586 - INFO - Epoch 221: Loss = 68.1013, Accuracy = 73.07%
2025-07-29 16:13:29,685 - INFO - Epoch 222: Loss = 68.0253, Accuracy = 72.73%
2025-07-29 16:13:29,785 - INFO - Epoch 223: Loss = 65.9762, Accuracy = 74.38%
2025-07-29 16:13:29,884 - INFO - Epoch 224: Loss = 66.9820, Accuracy = 73.11%
2025-07-29 16:13:29,984 - INFO - Epoch 225: Loss = 67.3416, Accuracy = 72.68%
2025-07-29 16:13:30,084 - INFO - Epoch 226: Loss = 65.7017, Accuracy = 73.70%
2025-07-29 16:13:30,184 - INFO - Epoch 227: Loss = 66.3493, Accuracy = 73.36%
2025-07-29 16:13:30,283 - INFO - Epoch 228: Loss = 65.3430, Accuracy = 73.57%
2025-07-29 16:13:30,383 - INFO - Epoch 229: Loss = 64.6560, Accuracy = 73.78%
2025-07-29 16:13:30,482 - INFO - Epoch 230: Loss = 64.1024, Accuracy = 74.00%
2025-07-29 16:13:30,582 - INFO - Epoch 231: Loss = 64.0244, Accuracy = 75.60%
2025-07-29 16:13:30,682 - INFO - Epoch 232: Loss = 63.0184, Accuracy = 74.38%
2025-07-29 16:13:30,781 - INFO - Epoch 233: Loss = 63.9172, Accuracy = 74.88%
2025-07-29 16:13:30,881 - INFO - Epoch 234: Loss = 64.3161, Accuracy = 74.08%
2025-07-29 16:13:30,981 - INFO - Epoch 235: Loss = 62.8855, Accuracy = 75.05%
2025-07-29 16:13:31,080 - INFO - Epoch 236: Loss = 62.1335, Accuracy = 75.18%
2025-07-29 16:13:31,180 - INFO - Epoch 237: Loss = 62.5586, Accuracy = 74.84%
2025-07-29 16:13:31,279 - INFO - Epoch 238: Loss = 62.3164, Accuracy = 75.60%
2025-07-29 16:13:31,379 - INFO - Epoch 239: Loss = 62.2780, Accuracy = 74.80%
2025-07-29 16:13:31,479 - INFO - Epoch 240: Loss = 62.7067, Accuracy = 74.12%
2025-07-29 16:13:31,579 - INFO - Epoch 241: Loss = 61.0640, Accuracy = 75.98%
2025-07-29 16:13:31,679 - INFO - Epoch 242: Loss = 59.7387, Accuracy = 76.32%
2025-07-29 16:13:31,778 - INFO - Epoch 243: Loss = 60.9580, Accuracy = 76.03%
2025-07-29 16:13:31,878 - INFO - Epoch 244: Loss = 58.8193, Accuracy = 77.25%
2025-07-29 16:13:31,978 - INFO - Epoch 245: Loss = 60.0780, Accuracy = 76.15%
2025-07-29 16:13:32,077 - INFO - Epoch 246: Loss = 60.3358, Accuracy = 76.36%
2025-07-29 16:13:32,177 - INFO - Epoch 247: Loss = 58.6119, Accuracy = 77.17%
2025-07-29 16:13:32,276 - INFO - Epoch 248: Loss = 61.2686, Accuracy = 74.80%
2025-07-29 16:13:32,376 - INFO - Epoch 249: Loss = 59.1048, Accuracy = 75.94%
2025-07-29 16:13:32,476 - INFO - Epoch 250: Loss = 58.5613, Accuracy = 76.36%
2025-07-29 16:13:32,575 - INFO - Epoch 251: Loss = 57.9562, Accuracy = 76.91%
2025-07-29 16:13:32,675 - INFO - Epoch 252: Loss = 58.8914, Accuracy = 76.79%
2025-07-29 16:13:32,775 - INFO - Epoch 253: Loss = 58.2598, Accuracy = 76.49%
2025-07-29 16:13:32,875 - INFO - Epoch 254: Loss = 58.5542, Accuracy = 76.49%
2025-07-29 16:13:32,974 - INFO - Epoch 255: Loss = 57.0360, Accuracy = 77.04%
2025-07-29 16:13:33,074 - INFO - Epoch 256: Loss = 55.8396, Accuracy = 78.05%
2025-07-29 16:13:33,075 - INFO - [Gradient Period 25 Run 3] Training time: 26.45s
2025-07-29 16:13:33,721 - INFO - ✅ Regular Evaluation Accuracy: 38.72%
2025-07-29 16:13:33,807 - INFO - ✅ Regular Evaluation Top-5 Accuracy: 76.38%
2025-07-29 16:13:33,842 - INFO - ✅ Regular Evaluation Accuracy: 27.69%
2025-07-29 16:13:33,867 - INFO - ✅ Regular Evaluation Top-5 Accuracy: 66.15%
2025-07-29 16:13:34,366 - INFO - ✅ Regular Evaluation Accuracy: 14.43%
2025-07-29 16:13:34,385 - INFO - ✅ Regular Evaluation Top-5 Accuracy: 46.39%
2025-07-29 16:13:34,385 - INFO - Nuts
2025-07-29 16:13:34,827 - INFO - ✅ Regular Evaluation Accuracy: 14.43%
2025-07-29 16:13:34,846 - INFO - ✅ Regular Evaluation Top-5 Accuracy: 46.39%
2025-07-29 16:13:34,846 - INFO - Spices
2025-07-29 16:13:35,277 - INFO - ✅ Regular Evaluation Accuracy: 14.43%
2025-07-29 16:13:35,296 - INFO - ✅ Regular Evaluation Top-5 Accuracy: 46.39%
2025-07-29 16:13:35,296 - INFO - Herbs
