2025-07-29 14:35:44,049 - INFO - ------------------------------------Gradient Period 25-------------------------------------------
2025-07-29 14:35:44,049 - INFO - [Gradient Period 25 Run 1] Starting
2025-07-29 14:35:46,373 - INFO - Training on device: cuda
2025-07-29 14:35:46,833 - INFO - Epoch 01: Loss = 289.0757, Accuracy = 3.34%
2025-07-29 14:35:46,935 - INFO - Epoch 02: Loss = 286.6287, Accuracy = 7.27%
2025-07-29 14:35:47,036 - INFO - Epoch 03: Loss = 282.2580, Accuracy = 8.03%
2025-07-29 14:35:47,141 - INFO - Epoch 04: Loss = 271.7445, Accuracy = 7.32%
2025-07-29 14:35:47,243 - INFO - Epoch 05: Loss = 258.4801, Accuracy = 8.84%
2025-07-29 14:35:47,344 - INFO - Epoch 06: Loss = 249.7874, Accuracy = 10.70%
2025-07-29 14:35:47,446 - INFO - Epoch 07: Loss = 242.1347, Accuracy = 12.39%
2025-07-29 14:35:47,548 - INFO - Epoch 08: Loss = 235.0633, Accuracy = 14.16%
2025-07-29 14:35:47,649 - INFO - Epoch 09: Loss = 228.3113, Accuracy = 15.81%
2025-07-29 14:35:47,751 - INFO - Epoch 10: Loss = 222.5784, Accuracy = 17.63%
2025-07-29 14:35:47,853 - INFO - Epoch 11: Loss = 217.9333, Accuracy = 19.37%
2025-07-29 14:35:47,956 - INFO - Epoch 12: Loss = 214.5353, Accuracy = 19.03%
2025-07-29 14:35:48,058 - INFO - Epoch 13: Loss = 210.8408, Accuracy = 20.51%
2025-07-29 14:35:48,159 - INFO - Epoch 14: Loss = 207.4192, Accuracy = 21.40%
2025-07-29 14:35:48,261 - INFO - Epoch 15: Loss = 204.7028, Accuracy = 22.58%
2025-07-29 14:35:48,362 - INFO - Epoch 16: Loss = 202.0309, Accuracy = 22.03%
2025-07-29 14:35:48,464 - INFO - Epoch 17: Loss = 199.3709, Accuracy = 23.04%
2025-07-29 14:35:48,565 - INFO - Epoch 18: Loss = 197.9682, Accuracy = 23.85%
2025-07-29 14:35:48,667 - INFO - Epoch 19: Loss = 195.3202, Accuracy = 24.14%
2025-07-29 14:35:48,768 - INFO - Epoch 20: Loss = 193.1388, Accuracy = 25.03%
2025-07-29 14:35:48,872 - INFO - Epoch 21: Loss = 191.0978, Accuracy = 24.19%
2025-07-29 14:35:48,974 - INFO - Epoch 22: Loss = 189.1785, Accuracy = 24.90%
2025-07-29 14:35:49,075 - INFO - Epoch 23: Loss = 187.5653, Accuracy = 25.45%
2025-07-29 14:35:49,176 - INFO - Epoch 24: Loss = 185.7447, Accuracy = 26.09%
2025-07-29 14:35:49,278 - INFO - Epoch 25: Loss = 184.1859, Accuracy = 26.60%
2025-07-29 14:35:49,379 - INFO - Epoch 26: Loss = 182.8064, Accuracy = 26.60%
2025-07-29 14:35:49,480 - INFO - Epoch 27: Loss = 181.1827, Accuracy = 27.10%
2025-07-29 14:35:49,581 - INFO - Epoch 28: Loss = 180.0439, Accuracy = 27.10%
2025-07-29 14:35:49,684 - INFO - Epoch 29: Loss = 178.6777, Accuracy = 27.10%
2025-07-29 14:35:49,785 - INFO - Epoch 30: Loss = 177.9611, Accuracy = 27.74%
2025-07-29 14:35:49,886 - INFO - Epoch 31: Loss = 176.1583, Accuracy = 28.79%
2025-07-29 14:35:49,987 - INFO - Epoch 32: Loss = 175.7260, Accuracy = 29.56%
2025-07-29 14:35:50,089 - INFO - Epoch 33: Loss = 174.3958, Accuracy = 29.43%
2025-07-29 14:35:50,190 - INFO - Epoch 34: Loss = 173.3721, Accuracy = 29.77%
2025-07-29 14:35:50,291 - INFO - Epoch 35: Loss = 172.6950, Accuracy = 30.19%
2025-07-29 14:35:50,393 - INFO - Epoch 36: Loss = 170.9286, Accuracy = 31.42%
2025-07-29 14:35:50,494 - INFO - Epoch 37: Loss = 170.1032, Accuracy = 31.42%
2025-07-29 14:35:50,595 - INFO - Epoch 38: Loss = 169.2716, Accuracy = 31.29%
2025-07-29 14:35:50,698 - INFO - Epoch 39: Loss = 168.2042, Accuracy = 32.09%
2025-07-29 14:35:50,799 - INFO - Epoch 40: Loss = 167.4537, Accuracy = 31.97%
2025-07-29 14:35:50,902 - INFO - Epoch 41: Loss = 166.7119, Accuracy = 32.05%
2025-07-29 14:35:51,004 - INFO - Epoch 42: Loss = 165.2626, Accuracy = 32.39%
2025-07-29 14:35:51,105 - INFO - Epoch 43: Loss = 165.2464, Accuracy = 32.22%
2025-07-29 14:35:51,207 - INFO - Epoch 44: Loss = 164.1426, Accuracy = 33.23%
2025-07-29 14:35:51,308 - INFO - Epoch 45: Loss = 163.0007, Accuracy = 34.04%
2025-07-29 14:35:51,410 - INFO - Epoch 46: Loss = 161.9297, Accuracy = 34.04%
2025-07-29 14:35:51,511 - INFO - Epoch 47: Loss = 161.5697, Accuracy = 33.70%
2025-07-29 14:35:51,612 - INFO - Epoch 48: Loss = 160.3430, Accuracy = 34.80%
2025-07-29 14:35:51,715 - INFO - Epoch 49: Loss = 160.8111, Accuracy = 34.71%
2025-07-29 14:35:51,817 - INFO - Epoch 50: Loss = 159.9461, Accuracy = 34.63%
2025-07-29 14:35:51,918 - INFO - Epoch 51: Loss = 158.1702, Accuracy = 34.88%
2025-07-29 14:35:52,019 - INFO - Epoch 52: Loss = 157.6547, Accuracy = 35.64%
2025-07-29 14:35:52,121 - INFO - Epoch 53: Loss = 156.8513, Accuracy = 36.41%
2025-07-29 14:35:52,222 - INFO - Epoch 54: Loss = 156.4772, Accuracy = 35.69%
2025-07-29 14:35:52,324 - INFO - Epoch 55: Loss = 155.9086, Accuracy = 35.48%
2025-07-29 14:35:52,425 - INFO - Epoch 56: Loss = 154.5857, Accuracy = 37.00%
2025-07-29 14:35:52,527 - INFO - Epoch 57: Loss = 153.8938, Accuracy = 36.74%
2025-07-29 14:35:52,628 - INFO - Epoch 58: Loss = 153.1257, Accuracy = 36.32%
2025-07-29 14:35:52,730 - INFO - Epoch 59: Loss = 153.0650, Accuracy = 36.70%
2025-07-29 14:35:52,832 - INFO - Epoch 60: Loss = 152.2465, Accuracy = 37.00%
2025-07-29 14:35:52,933 - INFO - Epoch 61: Loss = 151.5019, Accuracy = 37.93%
2025-07-29 14:35:53,035 - INFO - Epoch 62: Loss = 150.4290, Accuracy = 36.91%
2025-07-29 14:35:53,136 - INFO - Epoch 63: Loss = 151.0367, Accuracy = 37.08%
2025-07-29 14:35:53,238 - INFO - Epoch 64: Loss = 149.4695, Accuracy = 38.18%
2025-07-29 14:35:53,339 - INFO - Epoch 65: Loss = 148.6434, Accuracy = 37.97%
2025-07-29 14:35:53,440 - INFO - Epoch 66: Loss = 147.6695, Accuracy = 38.77%
2025-07-29 14:35:53,542 - INFO - Epoch 67: Loss = 147.8073, Accuracy = 39.45%
2025-07-29 14:35:53,643 - INFO - Epoch 68: Loss = 147.5893, Accuracy = 38.86%
2025-07-29 14:35:53,745 - INFO - Epoch 69: Loss = 147.0292, Accuracy = 39.49%
2025-07-29 14:35:53,846 - INFO - Epoch 70: Loss = 145.6405, Accuracy = 39.20%
2025-07-29 14:35:53,949 - INFO - Epoch 71: Loss = 145.6038, Accuracy = 39.20%
2025-07-29 14:35:54,051 - INFO - Epoch 72: Loss = 144.9143, Accuracy = 40.38%
2025-07-29 14:35:54,153 - INFO - Epoch 73: Loss = 145.1432, Accuracy = 39.45%
2025-07-29 14:35:54,254 - INFO - Epoch 74: Loss = 144.0622, Accuracy = 40.21%
2025-07-29 14:35:54,356 - INFO - Epoch 75: Loss = 143.7709, Accuracy = 40.00%
2025-07-29 14:35:54,457 - INFO - Epoch 76: Loss = 143.0452, Accuracy = 39.83%
2025-07-29 14:35:54,559 - INFO - Epoch 77: Loss = 142.2202, Accuracy = 39.96%
2025-07-29 14:35:54,660 - INFO - Epoch 78: Loss = 141.1771, Accuracy = 41.10%
2025-07-29 14:35:54,761 - INFO - Epoch 79: Loss = 140.8533, Accuracy = 41.61%
2025-07-29 14:35:54,863 - INFO - Epoch 80: Loss = 139.4141, Accuracy = 42.37%
2025-07-29 14:35:54,964 - INFO - Epoch 81: Loss = 139.7689, Accuracy = 41.44%
2025-07-29 14:35:55,065 - INFO - Epoch 82: Loss = 138.5944, Accuracy = 42.11%
2025-07-29 14:35:55,169 - INFO - Epoch 83: Loss = 138.7896, Accuracy = 41.78%
2025-07-29 14:35:55,270 - INFO - Epoch 84: Loss = 138.6540, Accuracy = 42.49%
2025-07-29 14:35:55,371 - INFO - Epoch 85: Loss = 137.9531, Accuracy = 41.95%
2025-07-29 14:35:55,472 - INFO - Epoch 86: Loss = 135.7759, Accuracy = 43.93%
2025-07-29 14:35:55,574 - INFO - Epoch 87: Loss = 135.8477, Accuracy = 43.17%
2025-07-29 14:35:55,675 - INFO - Epoch 88: Loss = 135.7741, Accuracy = 43.00%
2025-07-29 14:35:55,776 - INFO - Epoch 89: Loss = 135.3566, Accuracy = 43.97%
2025-07-29 14:35:55,878 - INFO - Epoch 90: Loss = 134.7762, Accuracy = 44.02%
2025-07-29 14:35:55,979 - INFO - Epoch 91: Loss = 133.8307, Accuracy = 44.06%
2025-07-29 14:35:56,080 - INFO - Epoch 92: Loss = 133.7983, Accuracy = 43.93%
2025-07-29 14:35:56,182 - INFO - Epoch 93: Loss = 132.5282, Accuracy = 44.86%
2025-07-29 14:35:56,284 - INFO - Epoch 94: Loss = 132.2904, Accuracy = 44.65%
2025-07-29 14:35:56,386 - INFO - Epoch 95: Loss = 131.5947, Accuracy = 44.86%
2025-07-29 14:35:56,487 - INFO - Epoch 96: Loss = 131.0408, Accuracy = 44.86%
2025-07-29 14:35:56,589 - INFO - Epoch 97: Loss = 130.0148, Accuracy = 46.22%
2025-07-29 14:35:56,690 - INFO - Epoch 98: Loss = 128.9416, Accuracy = 45.75%
2025-07-29 14:35:56,792 - INFO - Epoch 99: Loss = 129.2281, Accuracy = 45.12%
2025-07-29 14:35:56,894 - INFO - Epoch 100: Loss = 128.8586, Accuracy = 44.99%
2025-07-29 14:35:56,995 - INFO - Epoch 101: Loss = 129.3112, Accuracy = 45.41%
2025-07-29 14:35:57,097 - INFO - Epoch 102: Loss = 128.0076, Accuracy = 45.29%
2025-07-29 14:35:57,198 - INFO - Epoch 103: Loss = 127.3499, Accuracy = 46.30%
2025-07-29 14:35:57,300 - INFO - Epoch 104: Loss = 127.0990, Accuracy = 46.60%
2025-07-29 14:35:57,401 - INFO - Epoch 105: Loss = 125.6586, Accuracy = 48.67%
2025-07-29 14:35:57,502 - INFO - Epoch 106: Loss = 125.7348, Accuracy = 46.98%
2025-07-29 14:35:57,604 - INFO - Epoch 107: Loss = 125.7853, Accuracy = 47.32%
2025-07-29 14:35:57,705 - INFO - Epoch 108: Loss = 124.4926, Accuracy = 46.89%
2025-07-29 14:35:57,806 - INFO - Epoch 109: Loss = 123.3605, Accuracy = 47.95%
2025-07-29 14:35:57,908 - INFO - Epoch 110: Loss = 123.0234, Accuracy = 48.29%
2025-07-29 14:35:58,011 - INFO - Epoch 111: Loss = 123.0257, Accuracy = 48.58%
2025-07-29 14:35:58,112 - INFO - Epoch 112: Loss = 122.2105, Accuracy = 47.70%
2025-07-29 14:35:58,214 - INFO - Epoch 113: Loss = 120.7631, Accuracy = 48.54%
2025-07-29 14:35:58,316 - INFO - Epoch 114: Loss = 119.9275, Accuracy = 49.77%
2025-07-29 14:35:58,417 - INFO - Epoch 115: Loss = 120.1449, Accuracy = 49.13%
2025-07-29 14:35:58,519 - INFO - Epoch 116: Loss = 119.6489, Accuracy = 49.64%
2025-07-29 14:35:58,620 - INFO - Epoch 117: Loss = 118.8999, Accuracy = 49.94%
2025-07-29 14:35:58,722 - INFO - Epoch 118: Loss = 118.2854, Accuracy = 49.64%
2025-07-29 14:35:58,823 - INFO - Epoch 119: Loss = 119.4297, Accuracy = 48.88%
2025-07-29 14:35:58,925 - INFO - Epoch 120: Loss = 118.3841, Accuracy = 49.68%
2025-07-29 14:35:59,026 - INFO - Epoch 121: Loss = 117.4681, Accuracy = 49.30%
2025-07-29 14:35:59,127 - INFO - Epoch 122: Loss = 117.5298, Accuracy = 50.99%
2025-07-29 14:35:59,229 - INFO - Epoch 123: Loss = 116.6408, Accuracy = 50.53%
2025-07-29 14:35:59,330 - INFO - Epoch 124: Loss = 117.3067, Accuracy = 50.23%
2025-07-29 14:35:59,433 - INFO - Epoch 125: Loss = 115.9275, Accuracy = 51.37%
2025-07-29 14:35:59,535 - INFO - Epoch 126: Loss = 115.0821, Accuracy = 51.37%
2025-07-29 14:35:59,636 - INFO - Epoch 127: Loss = 113.8957, Accuracy = 51.54%
2025-07-29 14:35:59,738 - INFO - Epoch 128: Loss = 113.4713, Accuracy = 51.97%
2025-07-29 14:35:59,839 - INFO - Epoch 129: Loss = 112.8311, Accuracy = 53.02%
2025-07-29 14:35:59,940 - INFO - Epoch 130: Loss = 112.8375, Accuracy = 53.40%
2025-07-29 14:36:00,042 - INFO - Epoch 131: Loss = 112.0410, Accuracy = 52.77%
2025-07-29 14:36:00,143 - INFO - Epoch 132: Loss = 112.0706, Accuracy = 53.23%
2025-07-29 14:36:00,244 - INFO - Epoch 133: Loss = 111.3899, Accuracy = 52.85%
2025-07-29 14:36:00,346 - INFO - Epoch 134: Loss = 111.3424, Accuracy = 52.18%
2025-07-29 14:36:00,447 - INFO - Epoch 135: Loss = 111.2836, Accuracy = 52.56%
2025-07-29 14:36:00,548 - INFO - Epoch 136: Loss = 109.6496, Accuracy = 54.46%
2025-07-29 14:36:00,650 - INFO - Epoch 137: Loss = 110.2356, Accuracy = 53.57%
2025-07-29 14:36:00,751 - INFO - Epoch 138: Loss = 108.3619, Accuracy = 54.38%
2025-07-29 14:36:00,853 - INFO - Epoch 139: Loss = 108.5592, Accuracy = 53.62%
2025-07-29 14:36:00,955 - INFO - Epoch 140: Loss = 107.8608, Accuracy = 54.08%
2025-07-29 14:36:01,056 - INFO - Epoch 141: Loss = 107.6662, Accuracy = 54.04%
2025-07-29 14:36:01,157 - INFO - Epoch 142: Loss = 106.2516, Accuracy = 54.80%
2025-07-29 14:36:01,259 - INFO - Epoch 143: Loss = 108.4023, Accuracy = 54.88%
2025-07-29 14:36:01,360 - INFO - Epoch 144: Loss = 107.3576, Accuracy = 54.21%
2025-07-29 14:36:01,461 - INFO - Epoch 145: Loss = 106.5324, Accuracy = 54.38%
2025-07-29 14:36:01,563 - INFO - Epoch 146: Loss = 105.1474, Accuracy = 55.81%
2025-07-29 14:36:01,664 - INFO - Epoch 147: Loss = 105.1767, Accuracy = 55.10%
2025-07-29 14:36:01,765 - INFO - Epoch 148: Loss = 103.4061, Accuracy = 54.97%
2025-07-29 14:36:01,867 - INFO - Epoch 149: Loss = 103.8775, Accuracy = 55.31%
2025-07-29 14:36:01,968 - INFO - Epoch 150: Loss = 104.0554, Accuracy = 55.56%
2025-07-29 14:36:02,069 - INFO - Epoch 151: Loss = 103.0688, Accuracy = 56.28%
2025-07-29 14:36:02,171 - INFO - Epoch 152: Loss = 102.6841, Accuracy = 55.81%
2025-07-29 14:36:02,272 - INFO - Epoch 153: Loss = 101.4735, Accuracy = 56.62%
2025-07-29 14:36:02,374 - INFO - Epoch 154: Loss = 101.5882, Accuracy = 56.62%
2025-07-29 14:36:02,476 - INFO - Epoch 155: Loss = 101.3812, Accuracy = 55.98%
2025-07-29 14:36:02,578 - INFO - Epoch 156: Loss = 101.4968, Accuracy = 55.94%
2025-07-29 14:36:02,680 - INFO - Epoch 157: Loss = 101.1205, Accuracy = 56.79%
2025-07-29 14:36:02,782 - INFO - Epoch 158: Loss = 100.0268, Accuracy = 57.08%
2025-07-29 14:36:02,883 - INFO - Epoch 159: Loss = 99.8629, Accuracy = 57.00%
2025-07-29 14:36:02,985 - INFO - Epoch 160: Loss = 98.6106, Accuracy = 57.29%
2025-07-29 14:36:03,086 - INFO - Epoch 161: Loss = 99.0526, Accuracy = 56.74%
2025-07-29 14:36:03,188 - INFO - Epoch 162: Loss = 98.8122, Accuracy = 58.01%
2025-07-29 14:36:03,289 - INFO - Epoch 163: Loss = 97.8503, Accuracy = 57.89%
2025-07-29 14:36:03,391 - INFO - Epoch 164: Loss = 96.7621, Accuracy = 58.86%
2025-07-29 14:36:03,493 - INFO - Epoch 165: Loss = 97.8415, Accuracy = 58.77%
2025-07-29 14:36:03,594 - INFO - Epoch 166: Loss = 96.6276, Accuracy = 58.27%
2025-07-29 14:36:03,695 - INFO - Epoch 167: Loss = 96.4709, Accuracy = 59.75%
2025-07-29 14:36:03,797 - INFO - Epoch 168: Loss = 95.8071, Accuracy = 58.56%
2025-07-29 14:36:03,898 - INFO - Epoch 169: Loss = 96.4789, Accuracy = 59.79%
2025-07-29 14:36:04,000 - INFO - Epoch 170: Loss = 94.4947, Accuracy = 59.79%
2025-07-29 14:36:04,101 - INFO - Epoch 171: Loss = 94.4152, Accuracy = 59.53%
2025-07-29 14:36:04,203 - INFO - Epoch 172: Loss = 94.0762, Accuracy = 60.34%
2025-07-29 14:36:04,305 - INFO - Epoch 173: Loss = 93.4543, Accuracy = 59.83%
2025-07-29 14:36:04,407 - INFO - Epoch 174: Loss = 92.9165, Accuracy = 60.08%
2025-07-29 14:36:04,509 - INFO - Epoch 175: Loss = 93.0152, Accuracy = 60.47%
2025-07-29 14:36:04,610 - INFO - Epoch 176: Loss = 93.1684, Accuracy = 60.38%
2025-07-29 14:36:04,711 - INFO - Epoch 177: Loss = 93.9002, Accuracy = 60.00%
2025-07-29 14:36:04,813 - INFO - Epoch 178: Loss = 92.6491, Accuracy = 61.10%
2025-07-29 14:36:04,914 - INFO - Epoch 179: Loss = 92.5304, Accuracy = 60.59%
2025-07-29 14:36:05,015 - INFO - Epoch 180: Loss = 93.1084, Accuracy = 59.45%
2025-07-29 14:36:05,116 - INFO - Epoch 181: Loss = 93.1103, Accuracy = 59.62%
2025-07-29 14:36:05,218 - INFO - Epoch 182: Loss = 89.7990, Accuracy = 62.03%
2025-07-29 14:36:05,319 - INFO - Epoch 183: Loss = 90.3175, Accuracy = 61.48%
2025-07-29 14:36:05,420 - INFO - Epoch 184: Loss = 89.9281, Accuracy = 60.63%
2025-07-29 14:36:05,521 - INFO - Epoch 185: Loss = 89.0563, Accuracy = 61.99%
2025-07-29 14:36:05,623 - INFO - Epoch 186: Loss = 89.3088, Accuracy = 61.61%
2025-07-29 14:36:05,724 - INFO - Epoch 187: Loss = 88.1740, Accuracy = 61.82%
2025-07-29 14:36:05,825 - INFO - Epoch 188: Loss = 88.5833, Accuracy = 61.10%
2025-07-29 14:36:05,927 - INFO - Epoch 189: Loss = 87.2135, Accuracy = 63.38%
2025-07-29 14:36:06,029 - INFO - Epoch 190: Loss = 87.0778, Accuracy = 62.28%
2025-07-29 14:36:06,130 - INFO - Epoch 191: Loss = 87.3717, Accuracy = 62.83%
2025-07-29 14:36:06,231 - INFO - Epoch 192: Loss = 88.1721, Accuracy = 62.37%
2025-07-29 14:36:06,333 - INFO - Epoch 193: Loss = 86.9261, Accuracy = 61.95%
2025-07-29 14:36:06,434 - INFO - Epoch 194: Loss = 84.6041, Accuracy = 63.34%
2025-07-29 14:36:06,536 - INFO - Epoch 195: Loss = 85.2725, Accuracy = 64.10%
2025-07-29 14:36:06,637 - INFO - Epoch 196: Loss = 85.5412, Accuracy = 63.76%
2025-07-29 14:36:06,738 - INFO - Epoch 197: Loss = 84.8576, Accuracy = 64.02%
2025-07-29 14:36:06,839 - INFO - Epoch 198: Loss = 83.9179, Accuracy = 63.72%
2025-07-29 14:36:06,941 - INFO - Epoch 199: Loss = 82.5615, Accuracy = 63.76%
2025-07-29 14:36:07,042 - INFO - Epoch 200: Loss = 83.6750, Accuracy = 64.78%
2025-07-29 14:36:07,144 - INFO - Epoch 201: Loss = 82.8997, Accuracy = 64.02%
2025-07-29 14:36:07,245 - INFO - Epoch 202: Loss = 81.9068, Accuracy = 64.69%
2025-07-29 14:36:07,347 - INFO - Epoch 203: Loss = 85.0036, Accuracy = 63.93%
2025-07-29 14:36:07,448 - INFO - Epoch 204: Loss = 82.9059, Accuracy = 63.81%
2025-07-29 14:36:07,549 - INFO - Epoch 205: Loss = 83.4549, Accuracy = 64.02%
2025-07-29 14:36:07,651 - INFO - Epoch 206: Loss = 81.5367, Accuracy = 64.99%
2025-07-29 14:36:07,752 - INFO - Epoch 207: Loss = 81.4056, Accuracy = 64.40%
2025-07-29 14:36:07,853 - INFO - Epoch 208: Loss = 80.2834, Accuracy = 65.75%
2025-07-29 14:36:07,955 - INFO - Epoch 209: Loss = 79.6993, Accuracy = 66.13%
2025-07-29 14:36:08,056 - INFO - Epoch 210: Loss = 80.7145, Accuracy = 65.12%
2025-07-29 14:36:08,160 - INFO - Epoch 211: Loss = 80.7129, Accuracy = 65.67%
2025-07-29 14:36:08,262 - INFO - Epoch 212: Loss = 79.6218, Accuracy = 65.75%
2025-07-29 14:36:08,363 - INFO - Epoch 213: Loss = 80.2081, Accuracy = 65.62%
2025-07-29 14:36:08,465 - INFO - Epoch 214: Loss = 79.5205, Accuracy = 66.22%
2025-07-29 14:36:08,566 - INFO - Epoch 215: Loss = 80.2577, Accuracy = 65.79%
2025-07-29 14:36:08,668 - INFO - Epoch 216: Loss = 78.6901, Accuracy = 66.13%
2025-07-29 14:36:08,769 - INFO - Epoch 217: Loss = 79.2120, Accuracy = 65.92%
2025-07-29 14:36:08,871 - INFO - Epoch 218: Loss = 78.2369, Accuracy = 66.47%
2025-07-29 14:36:08,972 - INFO - Epoch 219: Loss = 77.0509, Accuracy = 66.85%
2025-07-29 14:36:09,074 - INFO - Epoch 220: Loss = 79.1763, Accuracy = 66.17%
2025-07-29 14:36:09,175 - INFO - Epoch 221: Loss = 78.5896, Accuracy = 66.55%
2025-07-29 14:36:09,277 - INFO - Epoch 222: Loss = 78.2084, Accuracy = 65.84%
2025-07-29 14:36:09,378 - INFO - Epoch 223: Loss = 74.5459, Accuracy = 67.61%
2025-07-29 14:36:09,480 - INFO - Epoch 224: Loss = 75.8116, Accuracy = 67.91%
2025-07-29 14:36:09,581 - INFO - Epoch 225: Loss = 74.9703, Accuracy = 66.93%
2025-07-29 14:36:09,683 - INFO - Epoch 226: Loss = 76.4012, Accuracy = 66.68%
2025-07-29 14:36:09,784 - INFO - Epoch 227: Loss = 75.2652, Accuracy = 67.40%
2025-07-29 14:36:09,885 - INFO - Epoch 228: Loss = 76.2259, Accuracy = 67.23%
2025-07-29 14:36:09,987 - INFO - Epoch 229: Loss = 73.6965, Accuracy = 68.20%
2025-07-29 14:36:10,088 - INFO - Epoch 230: Loss = 75.0264, Accuracy = 67.70%
2025-07-29 14:36:10,191 - INFO - Epoch 231: Loss = 75.0418, Accuracy = 66.98%
2025-07-29 14:36:10,293 - INFO - Epoch 232: Loss = 74.1251, Accuracy = 68.25%
2025-07-29 14:36:10,394 - INFO - Epoch 233: Loss = 73.8889, Accuracy = 68.29%
2025-07-29 14:36:10,496 - INFO - Epoch 234: Loss = 72.6359, Accuracy = 68.33%
2025-07-29 14:36:10,597 - INFO - Epoch 235: Loss = 71.8456, Accuracy = 69.22%
2025-07-29 14:36:10,699 - INFO - Epoch 236: Loss = 70.2133, Accuracy = 70.06%
2025-07-29 14:36:10,800 - INFO - Epoch 237: Loss = 71.6840, Accuracy = 69.09%
2025-07-29 14:36:10,901 - INFO - Epoch 238: Loss = 70.8904, Accuracy = 69.43%
2025-07-29 14:36:11,003 - INFO - Epoch 239: Loss = 72.1441, Accuracy = 70.27%
2025-07-29 14:36:11,104 - INFO - Epoch 240: Loss = 73.1086, Accuracy = 68.25%
2025-07-29 14:36:11,206 - INFO - Epoch 241: Loss = 70.0864, Accuracy = 70.36%
2025-07-29 14:36:11,307 - INFO - Epoch 242: Loss = 70.9988, Accuracy = 68.92%
2025-07-29 14:36:11,409 - INFO - Epoch 243: Loss = 70.8765, Accuracy = 70.06%
2025-07-29 14:36:11,510 - INFO - Epoch 244: Loss = 68.9248, Accuracy = 71.21%
2025-07-29 14:36:11,611 - INFO - Epoch 245: Loss = 69.4265, Accuracy = 70.40%
2025-07-29 14:36:11,713 - INFO - Epoch 246: Loss = 69.8522, Accuracy = 70.53%
2025-07-29 14:36:11,814 - INFO - Epoch 247: Loss = 68.5991, Accuracy = 71.37%
2025-07-29 14:36:11,916 - INFO - Epoch 248: Loss = 68.7817, Accuracy = 70.40%
2025-07-29 14:36:12,017 - INFO - Epoch 249: Loss = 67.1187, Accuracy = 72.05%
2025-07-29 14:36:12,118 - INFO - Epoch 250: Loss = 68.4880, Accuracy = 71.25%
2025-07-29 14:36:12,221 - INFO - Epoch 251: Loss = 67.3378, Accuracy = 71.04%
2025-07-29 14:36:12,322 - INFO - Epoch 252: Loss = 66.8549, Accuracy = 72.09%
2025-07-29 14:36:12,424 - INFO - Epoch 253: Loss = 66.1021, Accuracy = 72.56%
2025-07-29 14:36:12,525 - INFO - Epoch 254: Loss = 66.8506, Accuracy = 71.92%
2025-07-29 14:36:12,626 - INFO - Epoch 255: Loss = 66.6488, Accuracy = 71.59%
2025-07-29 14:36:12,728 - INFO - Epoch 256: Loss = 65.9232, Accuracy = 72.05%
2025-07-29 14:36:12,729 - INFO - [Gradient Period 25 Run 1] Training time: 28.68s
2025-07-29 14:36:13,446 - INFO - ✅ Regular Evaluation Accuracy: 34.89%
2025-07-29 14:36:13,549 - INFO - ✅ Regular Evaluation Top-5 Accuracy: 73.62%
2025-07-29 14:36:13,603 - INFO - ✅ Regular Evaluation Accuracy: 23.85%
2025-07-29 14:36:13,629 - INFO - ✅ Regular Evaluation Top-5 Accuracy: 63.85%
