2025-07-29 23:31:32,446 - INFO - ------------------------------------Gradient Period 25-------------------------------------------
2025-07-29 23:31:32,446 - INFO - [Gradient Period 25 Run 1] Starting
2025-07-29 23:31:35,501 - INFO - Training on device: cuda
2025-07-29 23:31:35,927 - INFO - Epoch 01: Loss = 296.8130, Accuracy = 1.28%
2025-07-29 23:31:36,104 - INFO - Epoch 02: Loss = 293.9890, Accuracy = 3.89%
2025-07-29 23:31:36,279 - INFO - Epoch 03: Loss = 288.8944, Accuracy = 8.40%
2025-07-29 23:31:36,452 - INFO - Epoch 04: Loss = 276.9943, Accuracy = 8.11%
2025-07-29 23:31:36,626 - INFO - Epoch 05: Loss = 263.1378, Accuracy = 9.31%
2025-07-29 23:31:36,800 - INFO - Epoch 06: Loss = 251.0056, Accuracy = 11.38%
2025-07-29 23:31:36,974 - INFO - Epoch 07: Loss = 240.0809, Accuracy = 13.33%
2025-07-29 23:31:37,147 - INFO - Epoch 08: Loss = 232.4746, Accuracy = 14.90%
2025-07-29 23:31:37,321 - INFO - Epoch 09: Loss = 225.9785, Accuracy = 16.89%
2025-07-29 23:31:37,494 - INFO - Epoch 10: Loss = 220.5663, Accuracy = 18.71%
2025-07-29 23:31:37,668 - INFO - Epoch 11: Loss = 215.3947, Accuracy = 19.99%
2025-07-29 23:31:37,843 - INFO - Epoch 12: Loss = 211.0899, Accuracy = 20.49%
2025-07-29 23:31:38,016 - INFO - Epoch 13: Loss = 206.7406, Accuracy = 22.64%
2025-07-29 23:31:38,190 - INFO - Epoch 14: Loss = 203.0770, Accuracy = 23.80%
2025-07-29 23:31:38,363 - INFO - Epoch 15: Loss = 199.9505, Accuracy = 24.25%
2025-07-29 23:31:38,537 - INFO - Epoch 16: Loss = 196.6288, Accuracy = 25.17%
2025-07-29 23:31:38,710 - INFO - Epoch 17: Loss = 193.3208, Accuracy = 26.74%
2025-07-29 23:31:38,885 - INFO - Epoch 18: Loss = 190.6272, Accuracy = 27.69%
2025-07-29 23:31:39,059 - INFO - Epoch 19: Loss = 188.0509, Accuracy = 28.64%
2025-07-29 23:31:39,232 - INFO - Epoch 20: Loss = 185.0918, Accuracy = 29.26%
2025-07-29 23:31:39,405 - INFO - Epoch 21: Loss = 182.7402, Accuracy = 29.72%
2025-07-29 23:31:39,578 - INFO - Epoch 22: Loss = 179.5818, Accuracy = 30.75%
2025-07-29 23:31:39,752 - INFO - Epoch 23: Loss = 177.1204, Accuracy = 31.62%
2025-07-29 23:31:39,927 - INFO - Epoch 24: Loss = 174.3387, Accuracy = 32.24%
2025-07-29 23:31:40,100 - INFO - Epoch 25: Loss = 171.9104, Accuracy = 32.33%
2025-07-29 23:31:40,273 - INFO - Epoch 26: Loss = 169.8688, Accuracy = 32.20%
2025-07-29 23:31:40,446 - INFO - Epoch 27: Loss = 167.5158, Accuracy = 33.49%
2025-07-29 23:31:40,619 - INFO - Epoch 28: Loss = 165.3563, Accuracy = 33.94%
2025-07-29 23:31:40,792 - INFO - Epoch 29: Loss = 163.4388, Accuracy = 34.15%
2025-07-29 23:31:40,965 - INFO - Epoch 30: Loss = 161.6521, Accuracy = 34.98%
2025-07-29 23:31:41,138 - INFO - Epoch 31: Loss = 159.6601, Accuracy = 35.64%
2025-07-29 23:31:41,311 - INFO - Epoch 32: Loss = 157.8452, Accuracy = 35.89%
2025-07-29 23:31:41,484 - INFO - Epoch 33: Loss = 156.1406, Accuracy = 36.55%
2025-07-29 23:31:41,657 - INFO - Epoch 34: Loss = 154.5361, Accuracy = 36.71%
2025-07-29 23:31:41,833 - INFO - Epoch 35: Loss = 153.3155, Accuracy = 36.92%
2025-07-29 23:31:42,006 - INFO - Epoch 36: Loss = 151.7128, Accuracy = 37.91%
2025-07-29 23:31:42,179 - INFO - Epoch 37: Loss = 150.1669, Accuracy = 39.03%
2025-07-29 23:31:42,352 - INFO - Epoch 38: Loss = 148.8582, Accuracy = 39.20%
2025-07-29 23:31:42,525 - INFO - Epoch 39: Loss = 147.4474, Accuracy = 39.03%
2025-07-29 23:31:42,698 - INFO - Epoch 40: Loss = 145.6667, Accuracy = 39.74%
2025-07-29 23:31:42,871 - INFO - Epoch 41: Loss = 144.4489, Accuracy = 40.85%
2025-07-29 23:31:43,044 - INFO - Epoch 42: Loss = 143.0146, Accuracy = 41.47%
2025-07-29 23:31:43,217 - INFO - Epoch 43: Loss = 142.0170, Accuracy = 40.69%
2025-07-29 23:31:43,390 - INFO - Epoch 44: Loss = 140.6923, Accuracy = 41.14%
2025-07-29 23:31:43,563 - INFO - Epoch 45: Loss = 139.5729, Accuracy = 41.64%
2025-07-29 23:31:43,736 - INFO - Epoch 46: Loss = 138.5455, Accuracy = 42.18%
2025-07-29 23:31:43,910 - INFO - Epoch 47: Loss = 136.8009, Accuracy = 42.96%
2025-07-29 23:31:44,083 - INFO - Epoch 48: Loss = 135.8289, Accuracy = 44.37%
2025-07-29 23:31:44,255 - INFO - Epoch 49: Loss = 134.9081, Accuracy = 43.46%
2025-07-29 23:31:44,428 - INFO - Epoch 50: Loss = 133.9249, Accuracy = 44.50%
2025-07-29 23:31:44,601 - INFO - Epoch 51: Loss = 133.0232, Accuracy = 44.87%
2025-07-29 23:31:44,774 - INFO - Epoch 52: Loss = 131.1856, Accuracy = 45.49%
2025-07-29 23:31:44,947 - INFO - Epoch 53: Loss = 130.3532, Accuracy = 46.81%
2025-07-29 23:31:45,120 - INFO - Epoch 54: Loss = 129.1719, Accuracy = 46.27%
2025-07-29 23:31:45,293 - INFO - Epoch 55: Loss = 128.2431, Accuracy = 46.98%
2025-07-29 23:31:45,466 - INFO - Epoch 56: Loss = 127.3839, Accuracy = 47.14%
2025-07-29 23:31:45,638 - INFO - Epoch 57: Loss = 127.1012, Accuracy = 47.52%
2025-07-29 23:31:45,813 - INFO - Epoch 58: Loss = 124.8199, Accuracy = 47.10%
2025-07-29 23:31:45,986 - INFO - Epoch 59: Loss = 124.0843, Accuracy = 47.85%
2025-07-29 23:31:46,159 - INFO - Epoch 60: Loss = 123.8711, Accuracy = 48.76%
2025-07-29 23:31:46,331 - INFO - Epoch 61: Loss = 122.5324, Accuracy = 48.88%
2025-07-29 23:31:46,505 - INFO - Epoch 62: Loss = 121.2731, Accuracy = 50.37%
2025-07-29 23:31:46,677 - INFO - Epoch 63: Loss = 120.6671, Accuracy = 49.38%
2025-07-29 23:31:46,851 - INFO - Epoch 64: Loss = 119.5948, Accuracy = 50.08%
2025-07-29 23:31:47,023 - INFO - Epoch 65: Loss = 118.8424, Accuracy = 50.83%
2025-07-29 23:31:47,196 - INFO - Epoch 66: Loss = 117.7540, Accuracy = 50.46%
2025-07-29 23:31:47,369 - INFO - Epoch 67: Loss = 116.7337, Accuracy = 52.24%
2025-07-29 23:31:47,542 - INFO - Epoch 68: Loss = 116.1295, Accuracy = 52.44%
2025-07-29 23:31:47,715 - INFO - Epoch 69: Loss = 114.8278, Accuracy = 51.99%
2025-07-29 23:31:47,889 - INFO - Epoch 70: Loss = 114.2984, Accuracy = 53.48%
2025-07-29 23:31:48,062 - INFO - Epoch 71: Loss = 113.3649, Accuracy = 53.56%
2025-07-29 23:31:48,235 - INFO - Epoch 72: Loss = 112.1506, Accuracy = 53.19%
2025-07-29 23:31:48,408 - INFO - Epoch 73: Loss = 112.0678, Accuracy = 54.64%
2025-07-29 23:31:48,581 - INFO - Epoch 74: Loss = 111.0460, Accuracy = 54.59%
2025-07-29 23:31:48,753 - INFO - Epoch 75: Loss = 110.3081, Accuracy = 54.22%
2025-07-29 23:31:48,926 - INFO - Epoch 76: Loss = 109.1848, Accuracy = 54.93%
2025-07-29 23:31:49,099 - INFO - Epoch 77: Loss = 107.9031, Accuracy = 55.50%
2025-07-29 23:31:49,272 - INFO - Epoch 78: Loss = 107.0957, Accuracy = 56.42%
2025-07-29 23:31:49,445 - INFO - Epoch 79: Loss = 106.5020, Accuracy = 57.16%
2025-07-29 23:31:49,618 - INFO - Epoch 80: Loss = 105.6287, Accuracy = 56.71%
2025-07-29 23:31:49,791 - INFO - Epoch 81: Loss = 104.5978, Accuracy = 57.24%
2025-07-29 23:31:49,965 - INFO - Epoch 82: Loss = 103.5062, Accuracy = 57.82%
2025-07-29 23:31:50,138 - INFO - Epoch 83: Loss = 104.3373, Accuracy = 57.16%
2025-07-29 23:31:50,311 - INFO - Epoch 84: Loss = 103.5796, Accuracy = 58.32%
2025-07-29 23:31:50,484 - INFO - Epoch 85: Loss = 102.2007, Accuracy = 58.28%
2025-07-29 23:31:50,657 - INFO - Epoch 86: Loss = 100.8258, Accuracy = 59.11%
2025-07-29 23:31:50,830 - INFO - Epoch 87: Loss = 98.6611, Accuracy = 60.06%
2025-07-29 23:31:51,003 - INFO - Epoch 88: Loss = 98.8013, Accuracy = 59.52%
2025-07-29 23:31:51,175 - INFO - Epoch 89: Loss = 97.7166, Accuracy = 59.44%
2025-07-29 23:31:51,348 - INFO - Epoch 90: Loss = 97.0703, Accuracy = 60.76%
2025-07-29 23:31:51,521 - INFO - Epoch 91: Loss = 96.1377, Accuracy = 60.60%
2025-07-29 23:31:51,694 - INFO - Epoch 92: Loss = 96.0406, Accuracy = 61.42%
2025-07-29 23:31:51,867 - INFO - Epoch 93: Loss = 94.3738, Accuracy = 61.75%
2025-07-29 23:31:52,041 - INFO - Epoch 94: Loss = 93.3935, Accuracy = 62.04%
2025-07-29 23:31:52,214 - INFO - Epoch 95: Loss = 92.5964, Accuracy = 62.21%
2025-07-29 23:31:52,387 - INFO - Epoch 96: Loss = 92.4377, Accuracy = 62.71%
2025-07-29 23:31:52,559 - INFO - Epoch 97: Loss = 91.2516, Accuracy = 62.75%
2025-07-29 23:31:52,732 - INFO - Epoch 98: Loss = 89.1309, Accuracy = 63.82%
2025-07-29 23:31:52,905 - INFO - Epoch 99: Loss = 88.4227, Accuracy = 63.04%
2025-07-29 23:31:53,078 - INFO - Epoch 100: Loss = 89.1168, Accuracy = 63.74%
2025-07-29 23:31:53,251 - INFO - Epoch 101: Loss = 88.5029, Accuracy = 63.82%
2025-07-29 23:31:53,424 - INFO - Epoch 102: Loss = 86.6303, Accuracy = 63.74%
2025-07-29 23:31:53,597 - INFO - Epoch 103: Loss = 86.4952, Accuracy = 64.82%
2025-07-29 23:31:53,771 - INFO - Epoch 104: Loss = 85.2642, Accuracy = 65.11%
2025-07-29 23:31:53,944 - INFO - Epoch 105: Loss = 84.4880, Accuracy = 66.35%
2025-07-29 23:31:54,117 - INFO - Epoch 106: Loss = 83.9738, Accuracy = 65.52%
2025-07-29 23:31:54,290 - INFO - Epoch 107: Loss = 83.8013, Accuracy = 66.10%
2025-07-29 23:31:54,463 - INFO - Epoch 108: Loss = 82.9932, Accuracy = 66.18%
2025-07-29 23:31:54,636 - INFO - Epoch 109: Loss = 82.0557, Accuracy = 66.60%
2025-07-29 23:31:54,809 - INFO - Epoch 110: Loss = 82.2254, Accuracy = 66.60%
2025-07-29 23:31:54,982 - INFO - Epoch 111: Loss = 81.5136, Accuracy = 66.35%
2025-07-29 23:31:55,155 - INFO - Epoch 112: Loss = 79.4198, Accuracy = 68.00%
2025-07-29 23:31:55,328 - INFO - Epoch 113: Loss = 78.0519, Accuracy = 68.71%
2025-07-29 23:31:55,502 - INFO - Epoch 114: Loss = 78.2130, Accuracy = 67.47%
2025-07-29 23:31:55,675 - INFO - Epoch 115: Loss = 77.2025, Accuracy = 68.54%
2025-07-29 23:31:55,848 - INFO - Epoch 116: Loss = 77.5053, Accuracy = 68.96%
2025-07-29 23:31:56,021 - INFO - Epoch 117: Loss = 75.7649, Accuracy = 69.66%
2025-07-29 23:31:56,194 - INFO - Epoch 118: Loss = 75.8730, Accuracy = 70.24%
2025-07-29 23:31:56,366 - INFO - Epoch 119: Loss = 75.0203, Accuracy = 70.24%
2025-07-29 23:31:56,539 - INFO - Epoch 120: Loss = 74.1999, Accuracy = 70.61%
2025-07-29 23:31:56,712 - INFO - Epoch 121: Loss = 72.8788, Accuracy = 70.94%
2025-07-29 23:31:56,885 - INFO - Epoch 122: Loss = 72.2058, Accuracy = 71.23%
2025-07-29 23:31:57,059 - INFO - Epoch 123: Loss = 72.9542, Accuracy = 70.74%
2025-07-29 23:31:57,233 - INFO - Epoch 124: Loss = 71.6380, Accuracy = 71.56%
2025-07-29 23:31:57,405 - INFO - Epoch 125: Loss = 71.3207, Accuracy = 71.69%
2025-07-29 23:31:57,578 - INFO - Epoch 126: Loss = 71.4048, Accuracy = 71.27%
2025-07-29 23:31:57,751 - INFO - Epoch 127: Loss = 70.2752, Accuracy = 71.81%
2025-07-29 23:31:57,924 - INFO - Epoch 128: Loss = 69.9416, Accuracy = 72.64%
2025-07-29 23:31:58,097 - INFO - Epoch 129: Loss = 70.3006, Accuracy = 72.43%
2025-07-29 23:31:58,270 - INFO - Epoch 130: Loss = 68.1241, Accuracy = 73.05%
2025-07-29 23:31:58,443 - INFO - Epoch 131: Loss = 67.4329, Accuracy = 73.55%
2025-07-29 23:31:58,615 - INFO - Epoch 132: Loss = 67.1224, Accuracy = 73.34%
2025-07-29 23:31:58,789 - INFO - Epoch 133: Loss = 67.1768, Accuracy = 73.88%
2025-07-29 23:31:58,962 - INFO - Epoch 134: Loss = 66.0693, Accuracy = 74.71%
2025-07-29 23:31:59,135 - INFO - Epoch 135: Loss = 66.2401, Accuracy = 73.97%
2025-07-29 23:31:59,308 - INFO - Epoch 136: Loss = 65.4830, Accuracy = 73.88%
2025-07-29 23:31:59,481 - INFO - Epoch 137: Loss = 64.7599, Accuracy = 74.54%
2025-07-29 23:31:59,653 - INFO - Epoch 138: Loss = 63.2641, Accuracy = 75.99%
2025-07-29 23:31:59,826 - INFO - Epoch 139: Loss = 62.6247, Accuracy = 75.91%
2025-07-29 23:31:59,999 - INFO - Epoch 140: Loss = 63.3627, Accuracy = 75.75%
2025-07-29 23:32:00,172 - INFO - Epoch 141: Loss = 63.6806, Accuracy = 75.95%
2025-07-29 23:32:00,345 - INFO - Epoch 142: Loss = 61.7607, Accuracy = 76.61%
2025-07-29 23:32:00,517 - INFO - Epoch 143: Loss = 61.7534, Accuracy = 76.49%
2025-07-29 23:32:00,690 - INFO - Epoch 144: Loss = 61.4925, Accuracy = 77.07%
2025-07-29 23:32:00,863 - INFO - Epoch 145: Loss = 60.3652, Accuracy = 77.11%
2025-07-29 23:32:01,037 - INFO - Epoch 146: Loss = 59.4736, Accuracy = 77.77%
2025-07-29 23:32:01,210 - INFO - Epoch 147: Loss = 59.5115, Accuracy = 77.90%
2025-07-29 23:32:01,383 - INFO - Epoch 148: Loss = 59.4257, Accuracy = 78.02%
2025-07-29 23:32:01,556 - INFO - Epoch 149: Loss = 58.3096, Accuracy = 77.94%
2025-07-29 23:32:01,729 - INFO - Epoch 150: Loss = 58.5805, Accuracy = 77.77%
2025-07-29 23:32:01,902 - INFO - Epoch 151: Loss = 56.9838, Accuracy = 79.14%
2025-07-29 23:32:02,075 - INFO - Epoch 152: Loss = 56.2578, Accuracy = 79.35%
2025-07-29 23:32:02,248 - INFO - Epoch 153: Loss = 55.6404, Accuracy = 79.10%
2025-07-29 23:32:02,421 - INFO - Epoch 154: Loss = 55.5423, Accuracy = 79.47%
2025-07-29 23:32:02,594 - INFO - Epoch 155: Loss = 55.3830, Accuracy = 79.43%
2025-07-29 23:32:02,767 - INFO - Epoch 156: Loss = 54.6177, Accuracy = 79.51%
2025-07-29 23:32:02,940 - INFO - Epoch 157: Loss = 54.6101, Accuracy = 79.80%
2025-07-29 23:32:03,113 - INFO - Epoch 158: Loss = 55.8218, Accuracy = 78.85%
2025-07-29 23:32:03,287 - INFO - Epoch 159: Loss = 53.1745, Accuracy = 79.47%
2025-07-29 23:32:03,460 - INFO - Epoch 160: Loss = 53.5687, Accuracy = 79.88%
2025-07-29 23:32:03,633 - INFO - Epoch 161: Loss = 53.5620, Accuracy = 79.59%
2025-07-29 23:32:03,806 - INFO - Epoch 162: Loss = 53.0963, Accuracy = 79.97%
2025-07-29 23:32:03,979 - INFO - Epoch 163: Loss = 52.5580, Accuracy = 79.76%
2025-07-29 23:32:04,151 - INFO - Epoch 164: Loss = 52.6121, Accuracy = 79.80%
2025-07-29 23:32:04,324 - INFO - Epoch 165: Loss = 51.3701, Accuracy = 80.75%
2025-07-29 23:32:04,497 - INFO - Epoch 166: Loss = 50.8355, Accuracy = 81.00%
2025-07-29 23:32:04,670 - INFO - Epoch 167: Loss = 49.7373, Accuracy = 81.08%
2025-07-29 23:32:04,843 - INFO - Epoch 168: Loss = 49.2748, Accuracy = 81.62%
2025-07-29 23:32:05,016 - INFO - Epoch 169: Loss = 48.2284, Accuracy = 81.66%
2025-07-29 23:32:05,188 - INFO - Epoch 170: Loss = 48.8142, Accuracy = 81.62%
2025-07-29 23:32:05,361 - INFO - Epoch 171: Loss = 48.1012, Accuracy = 82.49%
2025-07-29 23:32:05,535 - INFO - Epoch 172: Loss = 48.1662, Accuracy = 82.74%
2025-07-29 23:32:05,709 - INFO - Epoch 173: Loss = 47.6737, Accuracy = 81.79%
2025-07-29 23:32:05,881 - INFO - Epoch 174: Loss = 46.7738, Accuracy = 82.74%
2025-07-29 23:32:06,054 - INFO - Epoch 175: Loss = 48.3398, Accuracy = 81.25%
2025-07-29 23:32:06,227 - INFO - Epoch 176: Loss = 46.3839, Accuracy = 82.33%
2025-07-29 23:32:06,400 - INFO - Epoch 177: Loss = 46.0834, Accuracy = 83.15%
2025-07-29 23:32:06,572 - INFO - Epoch 178: Loss = 46.4482, Accuracy = 82.33%
2025-07-29 23:32:06,745 - INFO - Epoch 179: Loss = 45.0699, Accuracy = 82.24%
2025-07-29 23:32:06,918 - INFO - Epoch 180: Loss = 46.8399, Accuracy = 81.83%
2025-07-29 23:32:07,091 - INFO - Epoch 181: Loss = 44.6567, Accuracy = 83.49%
2025-07-29 23:32:07,264 - INFO - Epoch 182: Loss = 45.0471, Accuracy = 82.45%
2025-07-29 23:32:07,436 - INFO - Epoch 183: Loss = 45.3534, Accuracy = 82.99%
2025-07-29 23:32:07,609 - INFO - Epoch 184: Loss = 44.2741, Accuracy = 83.90%
2025-07-29 23:32:07,782 - INFO - Epoch 185: Loss = 43.5985, Accuracy = 82.99%
2025-07-29 23:32:07,955 - INFO - Epoch 186: Loss = 44.9629, Accuracy = 83.07%
2025-07-29 23:32:08,128 - INFO - Epoch 187: Loss = 43.6223, Accuracy = 84.06%
2025-07-29 23:32:08,301 - INFO - Epoch 188: Loss = 45.6074, Accuracy = 82.78%
2025-07-29 23:32:08,474 - INFO - Epoch 189: Loss = 43.2232, Accuracy = 83.69%
2025-07-29 23:32:08,646 - INFO - Epoch 190: Loss = 42.9953, Accuracy = 83.94%
2025-07-29 23:32:08,819 - INFO - Epoch 191: Loss = 41.6886, Accuracy = 84.48%
2025-07-29 23:32:08,992 - INFO - Epoch 192: Loss = 41.6181, Accuracy = 83.90%
2025-07-29 23:32:09,165 - INFO - Epoch 193: Loss = 41.6094, Accuracy = 83.32%
2025-07-29 23:32:09,337 - INFO - Epoch 194: Loss = 40.0824, Accuracy = 84.69%
2025-07-29 23:32:09,510 - INFO - Epoch 195: Loss = 41.0914, Accuracy = 84.35%
2025-07-29 23:32:09,683 - INFO - Epoch 196: Loss = 39.8840, Accuracy = 85.18%
2025-07-29 23:32:09,856 - INFO - Epoch 197: Loss = 39.7234, Accuracy = 84.98%
2025-07-29 23:32:10,029 - INFO - Epoch 198: Loss = 38.4752, Accuracy = 85.31%
2025-07-29 23:32:10,202 - INFO - Epoch 199: Loss = 40.2423, Accuracy = 84.85%
2025-07-29 23:32:10,374 - INFO - Epoch 200: Loss = 38.5261, Accuracy = 85.93%
2025-07-29 23:32:10,547 - INFO - Epoch 201: Loss = 39.6857, Accuracy = 86.09%
2025-07-29 23:32:10,720 - INFO - Epoch 202: Loss = 40.2159, Accuracy = 85.55%
2025-07-29 23:32:10,893 - INFO - Epoch 203: Loss = 38.6837, Accuracy = 85.39%
2025-07-29 23:32:11,066 - INFO - Epoch 204: Loss = 38.8411, Accuracy = 84.98%
2025-07-29 23:32:11,239 - INFO - Epoch 205: Loss = 37.1875, Accuracy = 86.80%
2025-07-29 23:32:11,412 - INFO - Epoch 206: Loss = 35.8540, Accuracy = 87.04%
2025-07-29 23:32:11,584 - INFO - Epoch 207: Loss = 36.6644, Accuracy = 86.55%
2025-07-29 23:32:11,757 - INFO - Epoch 208: Loss = 35.4315, Accuracy = 86.84%
2025-07-29 23:32:11,930 - INFO - Epoch 209: Loss = 36.7897, Accuracy = 86.13%
2025-07-29 23:32:12,103 - INFO - Epoch 210: Loss = 34.7496, Accuracy = 87.46%
2025-07-29 23:32:12,277 - INFO - Epoch 211: Loss = 34.0484, Accuracy = 87.83%
2025-07-29 23:32:12,450 - INFO - Epoch 212: Loss = 33.4131, Accuracy = 87.62%
2025-07-29 23:32:12,623 - INFO - Epoch 213: Loss = 34.7647, Accuracy = 87.71%
2025-07-29 23:32:12,795 - INFO - Epoch 214: Loss = 35.2468, Accuracy = 87.17%
2025-07-29 23:32:12,968 - INFO - Epoch 215: Loss = 33.4595, Accuracy = 88.04%
2025-07-29 23:32:13,141 - INFO - Epoch 216: Loss = 36.1054, Accuracy = 87.46%
2025-07-29 23:32:13,313 - INFO - Epoch 217: Loss = 33.5295, Accuracy = 88.25%
2025-07-29 23:32:13,486 - INFO - Epoch 218: Loss = 33.0704, Accuracy = 88.33%
2025-07-29 23:32:13,659 - INFO - Epoch 219: Loss = 34.7074, Accuracy = 87.46%
2025-07-29 23:32:13,831 - INFO - Epoch 220: Loss = 32.0852, Accuracy = 88.66%
2025-07-29 23:32:14,004 - INFO - Epoch 221: Loss = 31.1114, Accuracy = 89.53%
2025-07-29 23:32:14,177 - INFO - Epoch 222: Loss = 31.8102, Accuracy = 88.53%
2025-07-29 23:32:14,350 - INFO - Epoch 223: Loss = 32.0303, Accuracy = 88.62%
2025-07-29 23:32:14,522 - INFO - Epoch 224: Loss = 31.9303, Accuracy = 89.16%
2025-07-29 23:32:14,695 - INFO - Epoch 225: Loss = 30.1616, Accuracy = 89.74%
2025-07-29 23:32:14,868 - INFO - Epoch 226: Loss = 30.9777, Accuracy = 89.24%
2025-07-29 23:32:15,040 - INFO - Epoch 227: Loss = 30.4840, Accuracy = 89.61%
2025-07-29 23:32:15,213 - INFO - Epoch 228: Loss = 31.0776, Accuracy = 89.20%
2025-07-29 23:32:15,386 - INFO - Epoch 229: Loss = 29.6336, Accuracy = 90.07%
2025-07-29 23:32:15,558 - INFO - Epoch 230: Loss = 29.0843, Accuracy = 90.02%
2025-07-29 23:32:15,731 - INFO - Epoch 231: Loss = 29.8221, Accuracy = 89.94%
2025-07-29 23:32:15,904 - INFO - Epoch 232: Loss = 30.2210, Accuracy = 89.45%
2025-07-29 23:32:16,083 - INFO - Epoch 233: Loss = 30.1661, Accuracy = 90.02%
2025-07-29 23:32:16,264 - INFO - Epoch 234: Loss = 28.7011, Accuracy = 90.07%
2025-07-29 23:32:16,441 - INFO - Epoch 235: Loss = 31.6845, Accuracy = 88.37%
2025-07-29 23:32:16,619 - INFO - Epoch 236: Loss = 27.7656, Accuracy = 90.81%
2025-07-29 23:32:16,798 - INFO - Epoch 237: Loss = 26.9163, Accuracy = 90.40%
2025-07-29 23:32:16,974 - INFO - Epoch 238: Loss = 28.7324, Accuracy = 90.11%
2025-07-29 23:32:17,154 - INFO - Epoch 239: Loss = 30.2298, Accuracy = 89.11%
2025-07-29 23:32:17,335 - INFO - Epoch 240: Loss = 28.4644, Accuracy = 90.15%
2025-07-29 23:32:17,515 - INFO - Epoch 241: Loss = 26.9167, Accuracy = 91.23%
2025-07-29 23:32:17,695 - INFO - Epoch 242: Loss = 26.5764, Accuracy = 91.27%
2025-07-29 23:32:17,874 - INFO - Epoch 243: Loss = 27.3288, Accuracy = 90.85%
2025-07-29 23:32:18,052 - INFO - Epoch 244: Loss = 29.3837, Accuracy = 89.53%
2025-07-29 23:32:18,232 - INFO - Epoch 245: Loss = 27.7559, Accuracy = 91.06%
2025-07-29 23:32:18,412 - INFO - Epoch 246: Loss = 27.0446, Accuracy = 91.02%
2025-07-29 23:32:18,591 - INFO - Epoch 247: Loss = 26.6265, Accuracy = 90.85%
2025-07-29 23:32:18,771 - INFO - Epoch 248: Loss = 26.8361, Accuracy = 90.69%
2025-07-29 23:32:18,952 - INFO - Epoch 249: Loss = 26.8739, Accuracy = 90.77%
2025-07-29 23:32:19,133 - INFO - Epoch 250: Loss = 26.8738, Accuracy = 90.94%
2025-07-29 23:32:19,314 - INFO - Epoch 251: Loss = 25.9879, Accuracy = 91.14%
2025-07-29 23:32:19,495 - INFO - Epoch 252: Loss = 25.4123, Accuracy = 91.97%
2025-07-29 23:32:19,676 - INFO - Epoch 253: Loss = 25.8606, Accuracy = 90.69%
2025-07-29 23:32:19,857 - INFO - Epoch 254: Loss = 25.2172, Accuracy = 91.35%
2025-07-29 23:32:20,038 - INFO - Epoch 255: Loss = 27.5485, Accuracy = 91.18%
2025-07-29 23:32:20,218 - INFO - Epoch 256: Loss = 23.6633, Accuracy = 92.09%
2025-07-29 23:32:20,221 - INFO - [Gradient Period 25 Run 1] Training time: 47.78s
2025-07-29 23:32:20,910 - INFO - ✅ Regular Evaluation Accuracy: 44.70%
2025-07-29 23:32:20,985 - INFO - ✅ Regular Evaluation Top-5 Accuracy: 87.53%
2025-07-29 23:32:21,018 - INFO - ✅ Regular Evaluation Accuracy: 29.23%
2025-07-29 23:32:21,032 - INFO - ✅ Regular Evaluation Top-5 Accuracy: 74.62%
2025-07-29 23:32:21,529 - INFO - ✅ Regular Evaluation Accuracy: 0.98%
2025-07-29 23:32:21,540 - INFO - ✅ Regular Evaluation Top-5 Accuracy: 19.61%
2025-07-29 23:32:21,541 - INFO - Nuts
2025-07-29 23:32:21,981 - INFO - ✅ Regular Evaluation Accuracy: 41.75%
2025-07-29 23:32:21,993 - INFO - ✅ Regular Evaluation Top-5 Accuracy: 82.52%
2025-07-29 23:32:21,993 - INFO - Spices
2025-07-29 23:32:22,427 - INFO - ✅ Regular Evaluation Accuracy: 46.32%
2025-07-29 23:32:22,437 - INFO - ✅ Regular Evaluation Top-5 Accuracy: 84.21%
2025-07-29 23:32:22,437 - INFO - Herbs
2025-07-29 23:32:22,869 - INFO - ✅ Regular Evaluation Accuracy: 36.08%
2025-07-29 23:32:22,880 - INFO - ✅ Regular Evaluation Top-5 Accuracy: 86.60%
2025-07-29 23:32:22,880 - INFO - Fruits
2025-07-29 23:32:23,308 - INFO - ✅ Regular Evaluation Accuracy: 53.19%
2025-07-29 23:32:23,318 - INFO - ✅ Regular Evaluation Top-5 Accuracy: 90.43%
2025-07-29 23:32:23,318 - INFO - Vegetables
2025-07-29 23:32:23,750 - INFO - ✅ Regular Evaluation Accuracy: 46.74%
2025-07-29 23:32:23,760 - INFO - ✅ Regular Evaluation Top-5 Accuracy: 94.57%
2025-07-29 23:32:23,776 - INFO - Baseline performance (no ablation):
2025-07-29 23:32:23,783 - INFO - ✅ Regular Evaluation Accuracy: 46.74%
