2025-07-29 22:42:17,082 - INFO - ------------------------------------Gradient Period 25-------------------------------------------
2025-07-29 22:42:17,082 - INFO - [Gradient Period 25 Run 1] Starting
2025-07-29 22:42:24,149 - INFO - Training on device: cuda
2025-07-29 22:42:25,518 - INFO - Epoch 01: Loss = 335.9975, Accuracy = 1.20%
2025-07-29 22:42:25,666 - INFO - Epoch 02: Loss = 333.3244, Accuracy = 3.65%
2025-07-29 22:42:25,814 - INFO - Epoch 03: Loss = 328.7701, Accuracy = 5.22%
2025-07-29 22:42:25,961 - INFO - Epoch 04: Loss = 320.6063, Accuracy = 8.03%
2025-07-29 22:42:26,108 - INFO - Epoch 05: Loss = 309.3857, Accuracy = 9.34%
2025-07-29 22:42:26,259 - INFO - Epoch 06: Loss = 298.0518, Accuracy = 9.60%
2025-07-29 22:42:26,407 - INFO - Epoch 07: Loss = 290.7300, Accuracy = 10.18%
2025-07-29 22:42:26,554 - INFO - Epoch 08: Loss = 285.7644, Accuracy = 11.24%
2025-07-29 22:42:26,702 - INFO - Epoch 09: Loss = 281.9148, Accuracy = 11.79%
2025-07-29 22:42:26,849 - INFO - Epoch 10: Loss = 277.8463, Accuracy = 12.66%
2025-07-29 22:42:26,996 - INFO - Epoch 11: Loss = 274.3792, Accuracy = 13.03%
2025-07-29 22:42:27,144 - INFO - Epoch 12: Loss = 270.6628, Accuracy = 13.69%
2025-07-29 22:42:27,291 - INFO - Epoch 13: Loss = 267.1938, Accuracy = 14.31%
2025-07-29 22:42:27,438 - INFO - Epoch 14: Loss = 263.3399, Accuracy = 14.49%
2025-07-29 22:42:27,587 - INFO - Epoch 15: Loss = 259.9563, Accuracy = 15.58%
2025-07-29 22:42:27,734 - INFO - Epoch 16: Loss = 256.3124, Accuracy = 15.95%
2025-07-29 22:42:27,882 - INFO - Epoch 17: Loss = 252.9663, Accuracy = 16.68%
2025-07-29 22:42:28,029 - INFO - Epoch 18: Loss = 249.7699, Accuracy = 17.41%
2025-07-29 22:42:28,177 - INFO - Epoch 19: Loss = 246.9929, Accuracy = 18.50%
2025-07-29 22:42:28,324 - INFO - Epoch 20: Loss = 244.3853, Accuracy = 19.05%
2025-07-29 22:42:28,471 - INFO - Epoch 21: Loss = 242.0499, Accuracy = 19.20%
2025-07-29 22:42:28,618 - INFO - Epoch 22: Loss = 239.9409, Accuracy = 19.42%
2025-07-29 22:42:28,768 - INFO - Epoch 23: Loss = 238.0046, Accuracy = 19.67%
2025-07-29 22:42:28,915 - INFO - Epoch 24: Loss = 236.1217, Accuracy = 20.22%
2025-07-29 22:42:29,062 - INFO - Epoch 25: Loss = 234.4016, Accuracy = 20.77%
2025-07-29 22:42:29,209 - INFO - Epoch 26: Loss = 232.7046, Accuracy = 21.61%
2025-07-29 22:42:29,357 - INFO - Epoch 27: Loss = 231.0763, Accuracy = 21.75%
2025-07-29 22:42:29,504 - INFO - Epoch 28: Loss = 229.6375, Accuracy = 21.57%
2025-07-29 22:42:29,651 - INFO - Epoch 29: Loss = 227.7706, Accuracy = 22.08%
2025-07-29 22:42:29,800 - INFO - Epoch 30: Loss = 226.6125, Accuracy = 22.45%
2025-07-29 22:42:29,952 - INFO - Epoch 31: Loss = 225.0473, Accuracy = 23.14%
2025-07-29 22:42:30,099 - INFO - Epoch 32: Loss = 223.4798, Accuracy = 23.65%
2025-07-29 22:42:30,246 - INFO - Epoch 33: Loss = 222.4308, Accuracy = 24.20%
2025-07-29 22:42:30,394 - INFO - Epoch 34: Loss = 220.9165, Accuracy = 24.71%
2025-07-29 22:42:30,541 - INFO - Epoch 35: Loss = 219.4327, Accuracy = 25.33%
2025-07-29 22:42:30,688 - INFO - Epoch 36: Loss = 218.3529, Accuracy = 25.58%
2025-07-29 22:42:30,834 - INFO - Epoch 37: Loss = 217.4376, Accuracy = 25.80%
2025-07-29 22:42:30,982 - INFO - Epoch 38: Loss = 215.9166, Accuracy = 26.17%
2025-07-29 22:42:31,129 - INFO - Epoch 39: Loss = 214.6394, Accuracy = 26.61%
2025-07-29 22:42:31,277 - INFO - Epoch 40: Loss = 213.3196, Accuracy = 27.19%
2025-07-29 22:42:31,426 - INFO - Epoch 41: Loss = 211.7903, Accuracy = 27.08%
2025-07-29 22:42:31,574 - INFO - Epoch 42: Loss = 210.6677, Accuracy = 26.90%
2025-07-29 22:42:31,721 - INFO - Epoch 43: Loss = 209.6358, Accuracy = 27.59%
2025-07-29 22:42:31,868 - INFO - Epoch 44: Loss = 208.6417, Accuracy = 27.88%
2025-07-29 22:42:32,015 - INFO - Epoch 45: Loss = 207.1013, Accuracy = 28.25%
2025-07-29 22:42:32,162 - INFO - Epoch 46: Loss = 205.9834, Accuracy = 29.05%
2025-07-29 22:42:32,309 - INFO - Epoch 47: Loss = 204.7005, Accuracy = 29.64%
2025-07-29 22:42:32,456 - INFO - Epoch 48: Loss = 203.3787, Accuracy = 29.34%
2025-07-29 22:42:32,603 - INFO - Epoch 49: Loss = 202.5229, Accuracy = 29.96%
2025-07-29 22:42:32,750 - INFO - Epoch 50: Loss = 201.4159, Accuracy = 29.71%
2025-07-29 22:42:32,899 - INFO - Epoch 51: Loss = 200.0606, Accuracy = 29.85%
2025-07-29 22:42:33,046 - INFO - Epoch 52: Loss = 198.9977, Accuracy = 30.00%
2025-07-29 22:42:33,193 - INFO - Epoch 53: Loss = 198.2150, Accuracy = 30.58%
2025-07-29 22:42:33,339 - INFO - Epoch 54: Loss = 196.7333, Accuracy = 30.80%
2025-07-29 22:42:33,486 - INFO - Epoch 55: Loss = 195.6571, Accuracy = 31.06%
2025-07-29 22:42:33,633 - INFO - Epoch 56: Loss = 194.8553, Accuracy = 31.39%
2025-07-29 22:42:33,780 - INFO - Epoch 57: Loss = 193.8443, Accuracy = 31.35%
2025-07-29 22:42:33,927 - INFO - Epoch 58: Loss = 193.0378, Accuracy = 31.46%
2025-07-29 22:42:34,074 - INFO - Epoch 59: Loss = 191.6434, Accuracy = 32.63%
2025-07-29 22:42:34,222 - INFO - Epoch 60: Loss = 190.2640, Accuracy = 32.59%
2025-07-29 22:42:34,370 - INFO - Epoch 61: Loss = 189.7314, Accuracy = 32.74%
2025-07-29 22:42:34,517 - INFO - Epoch 62: Loss = 188.6122, Accuracy = 33.43%
2025-07-29 22:42:34,665 - INFO - Epoch 63: Loss = 187.6669, Accuracy = 33.07%
2025-07-29 22:42:34,812 - INFO - Epoch 64: Loss = 186.9466, Accuracy = 33.94%
2025-07-29 22:42:34,959 - INFO - Epoch 65: Loss = 186.0906, Accuracy = 34.12%
2025-07-29 22:42:35,105 - INFO - Epoch 66: Loss = 184.9879, Accuracy = 34.12%
2025-07-29 22:42:35,252 - INFO - Epoch 67: Loss = 184.4354, Accuracy = 34.23%
2025-07-29 22:42:35,399 - INFO - Epoch 68: Loss = 183.4672, Accuracy = 34.38%
2025-07-29 22:42:35,546 - INFO - Epoch 69: Loss = 182.5172, Accuracy = 34.67%
2025-07-29 22:42:35,693 - INFO - Epoch 70: Loss = 181.5458, Accuracy = 35.33%
2025-07-29 22:42:35,840 - INFO - Epoch 71: Loss = 180.8394, Accuracy = 35.04%
2025-07-29 22:42:35,988 - INFO - Epoch 72: Loss = 179.7794, Accuracy = 35.40%
2025-07-29 22:42:36,136 - INFO - Epoch 73: Loss = 179.0181, Accuracy = 36.24%
2025-07-29 22:42:36,282 - INFO - Epoch 74: Loss = 178.0005, Accuracy = 36.24%
2025-07-29 22:42:36,429 - INFO - Epoch 75: Loss = 177.4271, Accuracy = 36.39%
2025-07-29 22:42:36,576 - INFO - Epoch 76: Loss = 176.3826, Accuracy = 36.53%
2025-07-29 22:42:36,723 - INFO - Epoch 77: Loss = 175.8341, Accuracy = 37.26%
2025-07-29 22:42:36,870 - INFO - Epoch 78: Loss = 175.1623, Accuracy = 36.79%
2025-07-29 22:42:37,017 - INFO - Epoch 79: Loss = 174.0046, Accuracy = 37.63%
2025-07-29 22:42:37,164 - INFO - Epoch 80: Loss = 173.4130, Accuracy = 37.41%
2025-07-29 22:42:37,311 - INFO - Epoch 81: Loss = 172.5061, Accuracy = 38.03%
2025-07-29 22:42:37,458 - INFO - Epoch 82: Loss = 171.8841, Accuracy = 37.55%
2025-07-29 22:42:37,607 - INFO - Epoch 83: Loss = 171.4501, Accuracy = 38.25%
2025-07-29 22:42:37,755 - INFO - Epoch 84: Loss = 170.3524, Accuracy = 38.28%
2025-07-29 22:42:37,902 - INFO - Epoch 85: Loss = 169.8803, Accuracy = 37.96%
2025-07-29 22:42:38,049 - INFO - Epoch 86: Loss = 168.9007, Accuracy = 38.87%
2025-07-29 22:42:38,196 - INFO - Epoch 87: Loss = 168.1353, Accuracy = 39.01%
2025-07-29 22:42:38,343 - INFO - Epoch 88: Loss = 167.0583, Accuracy = 38.83%
2025-07-29 22:42:38,490 - INFO - Epoch 89: Loss = 166.4686, Accuracy = 39.42%
2025-07-29 22:42:38,637 - INFO - Epoch 90: Loss = 165.9588, Accuracy = 40.33%
2025-07-29 22:42:38,783 - INFO - Epoch 91: Loss = 165.1428, Accuracy = 39.82%
2025-07-29 22:42:38,930 - INFO - Epoch 92: Loss = 164.1371, Accuracy = 40.11%
2025-07-29 22:42:39,077 - INFO - Epoch 93: Loss = 163.6060, Accuracy = 39.89%
2025-07-29 22:42:39,224 - INFO - Epoch 94: Loss = 163.1347, Accuracy = 41.09%
2025-07-29 22:42:39,372 - INFO - Epoch 95: Loss = 162.3906, Accuracy = 40.40%
2025-07-29 22:42:39,519 - INFO - Epoch 96: Loss = 161.5472, Accuracy = 41.57%
2025-07-29 22:42:39,666 - INFO - Epoch 97: Loss = 160.8571, Accuracy = 42.04%
2025-07-29 22:42:39,813 - INFO - Epoch 98: Loss = 160.3875, Accuracy = 40.84%
2025-07-29 22:42:39,960 - INFO - Epoch 99: Loss = 159.3679, Accuracy = 41.97%
2025-07-29 22:42:40,106 - INFO - Epoch 100: Loss = 158.8075, Accuracy = 42.04%
2025-07-29 22:42:40,253 - INFO - Epoch 101: Loss = 158.0534, Accuracy = 42.01%
2025-07-29 22:42:40,400 - INFO - Epoch 102: Loss = 157.6356, Accuracy = 42.26%
2025-07-29 22:42:40,547 - INFO - Epoch 103: Loss = 156.5494, Accuracy = 43.21%
2025-07-29 22:42:40,694 - INFO - Epoch 104: Loss = 156.2794, Accuracy = 42.59%
2025-07-29 22:42:40,841 - INFO - Epoch 105: Loss = 155.3349, Accuracy = 43.32%
2025-07-29 22:42:40,988 - INFO - Epoch 106: Loss = 154.8080, Accuracy = 43.50%
2025-07-29 22:42:41,135 - INFO - Epoch 107: Loss = 154.1084, Accuracy = 43.83%
2025-07-29 22:42:41,282 - INFO - Epoch 108: Loss = 153.4329, Accuracy = 43.87%
2025-07-29 22:42:41,431 - INFO - Epoch 109: Loss = 152.9404, Accuracy = 44.49%
2025-07-29 22:42:41,578 - INFO - Epoch 110: Loss = 152.2062, Accuracy = 44.60%
2025-07-29 22:42:41,725 - INFO - Epoch 111: Loss = 151.7399, Accuracy = 44.53%
2025-07-29 22:42:41,872 - INFO - Epoch 112: Loss = 150.8160, Accuracy = 44.42%
2025-07-29 22:42:42,019 - INFO - Epoch 113: Loss = 150.5841, Accuracy = 45.51%
2025-07-29 22:42:42,166 - INFO - Epoch 114: Loss = 149.1724, Accuracy = 45.36%
2025-07-29 22:42:42,313 - INFO - Epoch 115: Loss = 148.8208, Accuracy = 46.17%
2025-07-29 22:42:42,459 - INFO - Epoch 116: Loss = 148.1070, Accuracy = 45.73%
2025-07-29 22:42:42,606 - INFO - Epoch 117: Loss = 147.7640, Accuracy = 45.84%
2025-07-29 22:42:42,753 - INFO - Epoch 118: Loss = 146.8174, Accuracy = 46.61%
2025-07-29 22:42:42,900 - INFO - Epoch 119: Loss = 146.3466, Accuracy = 46.20%
2025-07-29 22:42:43,048 - INFO - Epoch 120: Loss = 145.1338, Accuracy = 47.45%
2025-07-29 22:42:43,195 - INFO - Epoch 121: Loss = 145.2999, Accuracy = 47.01%
2025-07-29 22:42:43,343 - INFO - Epoch 122: Loss = 144.8787, Accuracy = 47.04%
2025-07-29 22:42:43,490 - INFO - Epoch 123: Loss = 143.5468, Accuracy = 47.55%
2025-07-29 22:42:43,637 - INFO - Epoch 124: Loss = 142.6047, Accuracy = 47.66%
2025-07-29 22:42:43,784 - INFO - Epoch 125: Loss = 142.2953, Accuracy = 47.70%
2025-07-29 22:42:43,931 - INFO - Epoch 126: Loss = 142.1159, Accuracy = 48.36%
2025-07-29 22:42:44,078 - INFO - Epoch 127: Loss = 141.2266, Accuracy = 48.03%
2025-07-29 22:42:44,225 - INFO - Epoch 128: Loss = 140.0937, Accuracy = 47.99%
2025-07-29 22:42:44,372 - INFO - Epoch 129: Loss = 140.1525, Accuracy = 48.65%
2025-07-29 22:42:44,518 - INFO - Epoch 130: Loss = 139.3538, Accuracy = 48.87%
2025-07-29 22:42:44,665 - INFO - Epoch 131: Loss = 138.9104, Accuracy = 48.76%
2025-07-29 22:42:44,812 - INFO - Epoch 132: Loss = 138.1937, Accuracy = 49.34%
2025-07-29 22:42:44,959 - INFO - Epoch 133: Loss = 137.7002, Accuracy = 49.49%
2025-07-29 22:42:45,105 - INFO - Epoch 134: Loss = 136.6726, Accuracy = 49.85%
2025-07-29 22:42:45,252 - INFO - Epoch 135: Loss = 136.2295, Accuracy = 49.49%
2025-07-29 22:42:45,401 - INFO - Epoch 136: Loss = 135.6842, Accuracy = 49.89%
2025-07-29 22:42:45,548 - INFO - Epoch 137: Loss = 135.3769, Accuracy = 50.11%
2025-07-29 22:42:45,695 - INFO - Epoch 138: Loss = 134.5453, Accuracy = 50.88%
2025-07-29 22:42:45,842 - INFO - Epoch 139: Loss = 133.4712, Accuracy = 50.62%
2025-07-29 22:42:45,989 - INFO - Epoch 140: Loss = 133.1754, Accuracy = 51.06%
2025-07-29 22:42:46,135 - INFO - Epoch 141: Loss = 132.4923, Accuracy = 51.53%
2025-07-29 22:42:46,282 - INFO - Epoch 142: Loss = 131.6219, Accuracy = 51.57%
2025-07-29 22:42:46,429 - INFO - Epoch 143: Loss = 131.4829, Accuracy = 52.12%
2025-07-29 22:42:46,576 - INFO - Epoch 144: Loss = 130.6754, Accuracy = 51.68%
2025-07-29 22:42:46,722 - INFO - Epoch 145: Loss = 130.1950, Accuracy = 52.30%
2025-07-29 22:42:46,869 - INFO - Epoch 146: Loss = 129.6334, Accuracy = 52.15%
2025-07-29 22:42:47,015 - INFO - Epoch 147: Loss = 128.7472, Accuracy = 53.18%
2025-07-29 22:42:47,163 - INFO - Epoch 148: Loss = 128.2873, Accuracy = 52.77%
2025-07-29 22:42:47,310 - INFO - Epoch 149: Loss = 127.8532, Accuracy = 53.36%
2025-07-29 22:42:47,457 - INFO - Epoch 150: Loss = 127.1491, Accuracy = 53.80%
2025-07-29 22:42:47,604 - INFO - Epoch 151: Loss = 127.1267, Accuracy = 52.59%
2025-07-29 22:42:47,750 - INFO - Epoch 152: Loss = 126.5594, Accuracy = 53.28%
2025-07-29 22:42:47,899 - INFO - Epoch 153: Loss = 125.3303, Accuracy = 53.72%
2025-07-29 22:42:48,046 - INFO - Epoch 154: Loss = 124.5896, Accuracy = 54.56%
2025-07-29 22:42:48,193 - INFO - Epoch 155: Loss = 124.0539, Accuracy = 55.18%
2025-07-29 22:42:48,340 - INFO - Epoch 156: Loss = 123.7098, Accuracy = 54.67%
2025-07-29 22:42:48,487 - INFO - Epoch 157: Loss = 123.0587, Accuracy = 54.71%
2025-07-29 22:42:48,635 - INFO - Epoch 158: Loss = 122.4914, Accuracy = 55.55%
2025-07-29 22:42:48,784 - INFO - Epoch 159: Loss = 122.3471, Accuracy = 54.71%
2025-07-29 22:42:48,933 - INFO - Epoch 160: Loss = 120.7993, Accuracy = 56.24%
2025-07-29 22:42:49,080 - INFO - Epoch 161: Loss = 120.5469, Accuracy = 56.75%
2025-07-29 22:42:49,227 - INFO - Epoch 162: Loss = 120.1917, Accuracy = 55.36%
2025-07-29 22:42:49,374 - INFO - Epoch 163: Loss = 119.6967, Accuracy = 55.99%
2025-07-29 22:42:49,521 - INFO - Epoch 164: Loss = 118.8640, Accuracy = 56.42%
2025-07-29 22:42:49,668 - INFO - Epoch 165: Loss = 118.2818, Accuracy = 56.75%
2025-07-29 22:42:49,814 - INFO - Epoch 166: Loss = 117.5384, Accuracy = 56.82%
2025-07-29 22:42:49,961 - INFO - Epoch 167: Loss = 117.6261, Accuracy = 56.86%
2025-07-29 22:42:50,108 - INFO - Epoch 168: Loss = 116.6540, Accuracy = 57.30%
2025-07-29 22:42:50,256 - INFO - Epoch 169: Loss = 116.5283, Accuracy = 57.63%
2025-07-29 22:42:50,405 - INFO - Epoch 170: Loss = 115.3442, Accuracy = 57.77%
2025-07-29 22:42:50,552 - INFO - Epoch 171: Loss = 115.3306, Accuracy = 57.26%
2025-07-29 22:42:50,699 - INFO - Epoch 172: Loss = 114.8834, Accuracy = 58.83%
2025-07-29 22:42:50,846 - INFO - Epoch 173: Loss = 114.1723, Accuracy = 58.50%
2025-07-29 22:42:50,993 - INFO - Epoch 174: Loss = 113.2880, Accuracy = 58.61%
2025-07-29 22:42:51,139 - INFO - Epoch 175: Loss = 112.9017, Accuracy = 58.50%
2025-07-29 22:42:51,286 - INFO - Epoch 176: Loss = 112.0229, Accuracy = 59.78%
2025-07-29 22:42:51,433 - INFO - Epoch 177: Loss = 111.4195, Accuracy = 59.64%
2025-07-29 22:42:51,580 - INFO - Epoch 178: Loss = 110.6512, Accuracy = 60.11%
2025-07-29 22:42:51,727 - INFO - Epoch 179: Loss = 110.6715, Accuracy = 60.18%
2025-07-29 22:42:51,873 - INFO - Epoch 180: Loss = 109.6119, Accuracy = 60.26%
2025-07-29 22:42:52,020 - INFO - Epoch 181: Loss = 108.9895, Accuracy = 60.55%
2025-07-29 22:42:52,167 - INFO - Epoch 182: Loss = 108.8032, Accuracy = 60.95%
2025-07-29 22:42:52,314 - INFO - Epoch 183: Loss = 109.0628, Accuracy = 61.17%
2025-07-29 22:42:52,461 - INFO - Epoch 184: Loss = 108.0281, Accuracy = 61.93%
2025-07-29 22:42:52,607 - INFO - Epoch 185: Loss = 106.9635, Accuracy = 61.39%
2025-07-29 22:42:52,756 - INFO - Epoch 186: Loss = 106.2550, Accuracy = 61.39%
2025-07-29 22:42:52,903 - INFO - Epoch 187: Loss = 105.6619, Accuracy = 62.19%
2025-07-29 22:42:53,049 - INFO - Epoch 188: Loss = 105.4640, Accuracy = 62.34%
2025-07-29 22:42:53,196 - INFO - Epoch 189: Loss = 104.3611, Accuracy = 62.45%
2025-07-29 22:42:53,343 - INFO - Epoch 190: Loss = 104.1530, Accuracy = 62.77%
2025-07-29 22:42:53,490 - INFO - Epoch 191: Loss = 103.3839, Accuracy = 62.66%
2025-07-29 22:42:53,637 - INFO - Epoch 192: Loss = 103.0168, Accuracy = 63.07%
2025-07-29 22:42:53,784 - INFO - Epoch 193: Loss = 102.7400, Accuracy = 63.32%
2025-07-29 22:42:53,931 - INFO - Epoch 194: Loss = 101.6610, Accuracy = 63.76%
2025-07-29 22:42:54,078 - INFO - Epoch 195: Loss = 101.4815, Accuracy = 63.43%
2025-07-29 22:42:54,225 - INFO - Epoch 196: Loss = 101.1936, Accuracy = 63.98%
2025-07-29 22:42:54,371 - INFO - Epoch 197: Loss = 100.6209, Accuracy = 64.31%
2025-07-29 22:42:54,518 - INFO - Epoch 198: Loss = 99.8541, Accuracy = 64.49%
2025-07-29 22:42:54,665 - INFO - Epoch 199: Loss = 99.4249, Accuracy = 64.16%
2025-07-29 22:42:54,811 - INFO - Epoch 200: Loss = 99.1613, Accuracy = 64.60%
2025-07-29 22:42:54,958 - INFO - Epoch 201: Loss = 99.1609, Accuracy = 64.38%
2025-07-29 22:42:55,105 - INFO - Epoch 202: Loss = 97.9142, Accuracy = 65.95%
2025-07-29 22:42:55,251 - INFO - Epoch 203: Loss = 97.0714, Accuracy = 65.69%
2025-07-29 22:42:55,398 - INFO - Epoch 204: Loss = 96.4143, Accuracy = 65.84%
2025-07-29 22:42:55,545 - INFO - Epoch 205: Loss = 96.0688, Accuracy = 65.95%
2025-07-29 22:42:55,693 - INFO - Epoch 206: Loss = 95.3629, Accuracy = 66.20%
2025-07-29 22:42:55,840 - INFO - Epoch 207: Loss = 95.2001, Accuracy = 66.50%
2025-07-29 22:42:55,987 - INFO - Epoch 208: Loss = 94.8767, Accuracy = 66.28%
2025-07-29 22:42:56,134 - INFO - Epoch 209: Loss = 93.8964, Accuracy = 66.97%
2025-07-29 22:42:56,281 - INFO - Epoch 210: Loss = 93.1210, Accuracy = 67.26%
2025-07-29 22:42:56,428 - INFO - Epoch 211: Loss = 93.1182, Accuracy = 67.41%
2025-07-29 22:42:56,574 - INFO - Epoch 212: Loss = 92.6052, Accuracy = 67.81%
2025-07-29 22:42:56,721 - INFO - Epoch 213: Loss = 91.5808, Accuracy = 67.92%
2025-07-29 22:42:56,869 - INFO - Epoch 214: Loss = 91.5012, Accuracy = 67.48%
2025-07-29 22:42:57,016 - INFO - Epoch 215: Loss = 90.2231, Accuracy = 67.63%
2025-07-29 22:42:57,164 - INFO - Epoch 216: Loss = 91.6657, Accuracy = 67.77%
2025-07-29 22:42:57,311 - INFO - Epoch 217: Loss = 90.5716, Accuracy = 68.43%
2025-07-29 22:42:57,458 - INFO - Epoch 218: Loss = 89.5372, Accuracy = 68.80%
2025-07-29 22:42:57,604 - INFO - Epoch 219: Loss = 89.5656, Accuracy = 68.76%
2025-07-29 22:42:57,751 - INFO - Epoch 220: Loss = 87.9974, Accuracy = 69.12%
2025-07-29 22:42:57,898 - INFO - Epoch 221: Loss = 88.3926, Accuracy = 69.74%
2025-07-29 22:42:58,044 - INFO - Epoch 222: Loss = 86.7666, Accuracy = 70.40%
2025-07-29 22:42:58,191 - INFO - Epoch 223: Loss = 86.4145, Accuracy = 69.78%
2025-07-29 22:42:58,338 - INFO - Epoch 224: Loss = 86.0359, Accuracy = 69.64%
2025-07-29 22:42:58,485 - INFO - Epoch 225: Loss = 85.6165, Accuracy = 70.77%
2025-07-29 22:42:58,633 - INFO - Epoch 226: Loss = 84.8390, Accuracy = 69.96%
2025-07-29 22:42:58,780 - INFO - Epoch 227: Loss = 84.3451, Accuracy = 71.31%
2025-07-29 22:42:58,926 - INFO - Epoch 228: Loss = 83.1038, Accuracy = 71.28%
2025-07-29 22:42:59,073 - INFO - Epoch 229: Loss = 83.8040, Accuracy = 70.88%
2025-07-29 22:42:59,220 - INFO - Epoch 230: Loss = 82.8640, Accuracy = 71.61%
2025-07-29 22:42:59,366 - INFO - Epoch 231: Loss = 83.6608, Accuracy = 70.84%
2025-07-29 22:42:59,513 - INFO - Epoch 232: Loss = 82.6492, Accuracy = 71.61%
2025-07-29 22:42:59,660 - INFO - Epoch 233: Loss = 81.0281, Accuracy = 71.82%
2025-07-29 22:42:59,807 - INFO - Epoch 234: Loss = 80.9444, Accuracy = 72.04%
2025-07-29 22:42:59,954 - INFO - Epoch 235: Loss = 80.4707, Accuracy = 71.86%
2025-07-29 22:43:00,100 - INFO - Epoch 236: Loss = 79.5509, Accuracy = 72.34%
2025-07-29 22:43:00,247 - INFO - Epoch 237: Loss = 79.7196, Accuracy = 72.01%
2025-07-29 22:43:00,394 - INFO - Epoch 238: Loss = 79.3731, Accuracy = 72.30%
2025-07-29 22:43:00,541 - INFO - Epoch 239: Loss = 78.2824, Accuracy = 73.69%
2025-07-29 22:43:00,688 - INFO - Epoch 240: Loss = 78.0358, Accuracy = 73.21%
2025-07-29 22:43:00,836 - INFO - Epoch 241: Loss = 77.5660, Accuracy = 73.14%
2025-07-29 22:43:00,983 - INFO - Epoch 242: Loss = 76.7573, Accuracy = 74.34%
2025-07-29 22:43:01,130 - INFO - Epoch 243: Loss = 76.5772, Accuracy = 74.23%
2025-07-29 22:43:01,277 - INFO - Epoch 244: Loss = 76.4064, Accuracy = 73.94%
2025-07-29 22:43:01,424 - INFO - Epoch 245: Loss = 75.8380, Accuracy = 74.01%
2025-07-29 22:43:01,572 - INFO - Epoch 246: Loss = 75.2818, Accuracy = 74.12%
2025-07-29 22:43:01,719 - INFO - Epoch 247: Loss = 74.5320, Accuracy = 75.33%
2025-07-29 22:43:01,866 - INFO - Epoch 248: Loss = 74.1871, Accuracy = 75.22%
2025-07-29 22:43:02,013 - INFO - Epoch 249: Loss = 73.3882, Accuracy = 75.22%
2025-07-29 22:43:02,160 - INFO - Epoch 250: Loss = 72.5814, Accuracy = 74.93%
2025-07-29 22:43:02,307 - INFO - Epoch 251: Loss = 72.7461, Accuracy = 74.93%
2025-07-29 22:43:02,454 - INFO - Epoch 252: Loss = 71.6145, Accuracy = 75.99%
2025-07-29 22:43:02,600 - INFO - Epoch 253: Loss = 71.7581, Accuracy = 75.40%
2025-07-29 22:43:02,747 - INFO - Epoch 254: Loss = 71.9239, Accuracy = 75.26%
2025-07-29 22:43:02,894 - INFO - Epoch 255: Loss = 71.3233, Accuracy = 75.95%
2025-07-29 22:43:03,040 - INFO - Epoch 256: Loss = 70.0436, Accuracy = 76.46%
2025-07-29 22:43:03,043 - INFO - [Gradient Period 25 Run 1] Training time: 45.96s
2025-07-29 22:43:03,845 - INFO - ✅ Regular Evaluation Accuracy: 28.39%
2025-07-29 22:43:03,999 - INFO - ✅ Regular Evaluation Top-5 Accuracy: 65.93%
2025-07-29 22:43:04,010 - INFO - ✅ Regular Evaluation Accuracy: 21.92%
2025-07-29 22:43:04,020 - INFO - ✅ Regular Evaluation Top-5 Accuracy: 67.12%
2025-07-29 22:43:04,611 - INFO - ✅ Regular Evaluation Accuracy: 10.62%
2025-07-29 22:43:04,620 - INFO - ✅ Regular Evaluation Top-5 Accuracy: 35.40%
2025-07-29 22:43:04,620 - INFO - Nuts
2025-07-29 22:43:05,117 - INFO - ✅ Regular Evaluation Accuracy: 10.62%
2025-07-29 22:43:05,126 - INFO - ✅ Regular Evaluation Top-5 Accuracy: 35.40%
2025-07-29 22:43:05,126 - INFO - Spices
2025-07-29 22:43:05,616 - INFO - ✅ Regular Evaluation Accuracy: 10.62%
2025-07-29 22:43:05,625 - INFO - ✅ Regular Evaluation Top-5 Accuracy: 35.40%
2025-07-29 22:43:05,625 - INFO - Herbs
2025-07-29 22:43:06,122 - INFO - ✅ Regular Evaluation Accuracy: 10.62%
2025-07-29 22:43:06,131 - INFO - ✅ Regular Evaluation Top-5 Accuracy: 35.40%
2025-07-29 22:43:06,131 - INFO - Fruits
2025-07-29 22:43:06,618 - INFO - ✅ Regular Evaluation Accuracy: 10.62%
2025-07-29 22:43:06,626 - INFO - ✅ Regular Evaluation Top-5 Accuracy: 35.40%
2025-07-29 22:43:06,626 - INFO - Vegetables
2025-07-29 22:43:07,116 - INFO - ✅ Regular Evaluation Accuracy: 10.62%
2025-07-29 22:43:07,125 - INFO - ✅ Regular Evaluation Top-5 Accuracy: 35.40%
2025-07-29 22:43:07,125 - INFO - [Gradient Period 25 Run 2] Starting
2025-07-29 22:43:08,031 - INFO - Training on device: cuda
2025-07-29 22:43:08,181 - INFO - Epoch 01: Loss = 336.2112, Accuracy = 2.12%
2025-07-29 22:43:08,329 - INFO - Epoch 02: Loss = 333.8333, Accuracy = 2.55%
2025-07-29 22:43:08,479 - INFO - Epoch 03: Loss = 329.9440, Accuracy = 3.32%
2025-07-29 22:43:08,626 - INFO - Epoch 04: Loss = 322.0562, Accuracy = 5.36%
2025-07-29 22:43:08,773 - INFO - Epoch 05: Loss = 311.4821, Accuracy = 7.41%
2025-07-29 22:43:08,921 - INFO - Epoch 06: Loss = 300.6796, Accuracy = 8.61%
2025-07-29 22:43:09,068 - INFO - Epoch 07: Loss = 291.9484, Accuracy = 10.22%
2025-07-29 22:43:09,216 - INFO - Epoch 08: Loss = 285.7323, Accuracy = 11.09%
2025-07-29 22:43:09,363 - INFO - Epoch 09: Loss = 280.6711, Accuracy = 12.48%
2025-07-29 22:43:09,510 - INFO - Epoch 10: Loss = 275.8291, Accuracy = 13.39%
2025-07-29 22:43:09,658 - INFO - Epoch 11: Loss = 271.7879, Accuracy = 14.12%
2025-07-29 22:43:09,805 - INFO - Epoch 12: Loss = 268.0383, Accuracy = 15.44%
2025-07-29 22:43:09,952 - INFO - Epoch 13: Loss = 264.5202, Accuracy = 15.22%
2025-07-29 22:43:10,100 - INFO - Epoch 14: Loss = 261.2334, Accuracy = 16.35%
2025-07-29 22:43:10,247 - INFO - Epoch 15: Loss = 258.1542, Accuracy = 15.99%
2025-07-29 22:43:10,394 - INFO - Epoch 16: Loss = 255.1144, Accuracy = 16.90%
2025-07-29 22:43:10,542 - INFO - Epoch 17: Loss = 252.3176, Accuracy = 17.59%
2025-07-29 22:43:10,690 - INFO - Epoch 18: Loss = 249.7716, Accuracy = 17.59%
2025-07-29 22:43:10,837 - INFO - Epoch 19: Loss = 247.4894, Accuracy = 18.76%
2025-07-29 22:43:10,985 - INFO - Epoch 20: Loss = 245.2091, Accuracy = 18.98%
2025-07-29 22:43:11,132 - INFO - Epoch 21: Loss = 243.2810, Accuracy = 19.12%
2025-07-29 22:43:11,280 - INFO - Epoch 22: Loss = 241.1159, Accuracy = 20.15%
2025-07-29 22:43:11,427 - INFO - Epoch 23: Loss = 239.3124, Accuracy = 20.69%
2025-07-29 22:43:11,575 - INFO - Epoch 24: Loss = 237.3877, Accuracy = 20.47%
2025-07-29 22:43:11,722 - INFO - Epoch 25: Loss = 235.3856, Accuracy = 21.42%
2025-07-29 22:43:11,870 - INFO - Epoch 26: Loss = 233.9012, Accuracy = 21.86%
2025-07-29 22:43:12,017 - INFO - Epoch 27: Loss = 232.0032, Accuracy = 22.41%
2025-07-29 22:43:12,165 - INFO - Epoch 28: Loss = 230.3511, Accuracy = 22.96%
2025-07-29 22:43:12,312 - INFO - Epoch 29: Loss = 228.8383, Accuracy = 23.39%
2025-07-29 22:43:12,460 - INFO - Epoch 30: Loss = 227.3272, Accuracy = 23.87%
2025-07-29 22:43:12,607 - INFO - Epoch 31: Loss = 225.9148, Accuracy = 24.20%
2025-07-29 22:43:12,755 - INFO - Epoch 32: Loss = 224.5985, Accuracy = 24.74%
2025-07-29 22:43:12,906 - INFO - Epoch 33: Loss = 223.3765, Accuracy = 25.07%
2025-07-29 22:43:13,054 - INFO - Epoch 34: Loss = 221.5331, Accuracy = 25.80%
2025-07-29 22:43:13,202 - INFO - Epoch 35: Loss = 220.2033, Accuracy = 25.91%
2025-07-29 22:43:13,350 - INFO - Epoch 36: Loss = 218.9748, Accuracy = 26.17%
2025-07-29 22:43:13,499 - INFO - Epoch 37: Loss = 217.4269, Accuracy = 26.06%
2025-07-29 22:43:13,646 - INFO - Epoch 38: Loss = 216.2519, Accuracy = 26.90%
2025-07-29 22:43:13,794 - INFO - Epoch 39: Loss = 214.9444, Accuracy = 27.23%
2025-07-29 22:43:13,942 - INFO - Epoch 40: Loss = 213.7315, Accuracy = 27.52%
2025-07-29 22:43:14,090 - INFO - Epoch 41: Loss = 212.4470, Accuracy = 28.14%
2025-07-29 22:43:14,237 - INFO - Epoch 42: Loss = 211.0437, Accuracy = 27.99%
2025-07-29 22:43:14,384 - INFO - Epoch 43: Loss = 210.0955, Accuracy = 28.83%
2025-07-29 22:43:14,532 - INFO - Epoch 44: Loss = 208.6126, Accuracy = 28.10%
2025-07-29 22:43:14,678 - INFO - Epoch 45: Loss = 207.5060, Accuracy = 29.56%
2025-07-29 22:43:14,825 - INFO - Epoch 46: Loss = 206.5260, Accuracy = 29.45%
2025-07-29 22:43:14,972 - INFO - Epoch 47: Loss = 205.2921, Accuracy = 30.15%
2025-07-29 22:43:15,119 - INFO - Epoch 48: Loss = 203.8236, Accuracy = 30.58%
2025-07-29 22:43:15,266 - INFO - Epoch 49: Loss = 202.6254, Accuracy = 30.73%
2025-07-29 22:43:15,413 - INFO - Epoch 50: Loss = 201.5205, Accuracy = 30.77%
2025-07-29 22:43:15,562 - INFO - Epoch 51: Loss = 200.8035, Accuracy = 31.39%
2025-07-29 22:43:15,711 - INFO - Epoch 52: Loss = 199.5882, Accuracy = 32.30%
2025-07-29 22:43:15,859 - INFO - Epoch 53: Loss = 198.2215, Accuracy = 31.93%
2025-07-29 22:43:16,007 - INFO - Epoch 54: Loss = 197.0338, Accuracy = 32.26%
2025-07-29 22:43:16,155 - INFO - Epoch 55: Loss = 196.2364, Accuracy = 32.37%
2025-07-29 22:43:16,303 - INFO - Epoch 56: Loss = 195.1106, Accuracy = 32.08%
2025-07-29 22:43:16,452 - INFO - Epoch 57: Loss = 193.6555, Accuracy = 33.50%
2025-07-29 22:43:16,600 - INFO - Epoch 58: Loss = 193.3852, Accuracy = 33.83%
2025-07-29 22:43:16,748 - INFO - Epoch 59: Loss = 191.5328, Accuracy = 33.98%
2025-07-29 22:43:16,896 - INFO - Epoch 60: Loss = 190.6693, Accuracy = 34.42%
2025-07-29 22:43:17,044 - INFO - Epoch 61: Loss = 189.7597, Accuracy = 34.71%
2025-07-29 22:43:17,191 - INFO - Epoch 62: Loss = 188.7040, Accuracy = 35.29%
2025-07-29 22:43:17,339 - INFO - Epoch 63: Loss = 187.7642, Accuracy = 35.36%
2025-07-29 22:43:17,487 - INFO - Epoch 64: Loss = 186.9645, Accuracy = 36.09%
2025-07-29 22:43:17,634 - INFO - Epoch 65: Loss = 185.8057, Accuracy = 36.57%
2025-07-29 22:43:17,782 - INFO - Epoch 66: Loss = 184.8073, Accuracy = 36.90%
2025-07-29 22:43:17,929 - INFO - Epoch 67: Loss = 184.0312, Accuracy = 36.46%
2025-07-29 22:43:18,076 - INFO - Epoch 68: Loss = 183.5736, Accuracy = 36.68%
2025-07-29 22:43:18,224 - INFO - Epoch 69: Loss = 182.1875, Accuracy = 36.86%
2025-07-29 22:43:18,371 - INFO - Epoch 70: Loss = 180.9966, Accuracy = 37.59%
2025-07-29 22:43:18,519 - INFO - Epoch 71: Loss = 180.2601, Accuracy = 38.39%
2025-07-29 22:43:18,667 - INFO - Epoch 72: Loss = 179.2354, Accuracy = 38.25%
2025-07-29 22:43:18,815 - INFO - Epoch 73: Loss = 178.6337, Accuracy = 37.81%
2025-07-29 22:43:18,964 - INFO - Epoch 74: Loss = 177.6468, Accuracy = 38.03%
2025-07-29 22:43:19,113 - INFO - Epoch 75: Loss = 176.9976, Accuracy = 38.14%
2025-07-29 22:43:19,261 - INFO - Epoch 76: Loss = 175.4460, Accuracy = 38.87%
2025-07-29 22:43:19,409 - INFO - Epoch 77: Loss = 174.8146, Accuracy = 39.31%
2025-07-29 22:43:19,558 - INFO - Epoch 78: Loss = 174.2985, Accuracy = 39.82%
2025-07-29 22:43:19,705 - INFO - Epoch 79: Loss = 173.3105, Accuracy = 39.60%
2025-07-29 22:43:19,853 - INFO - Epoch 80: Loss = 172.5791, Accuracy = 40.07%
2025-07-29 22:43:20,001 - INFO - Epoch 81: Loss = 171.5742, Accuracy = 40.44%
2025-07-29 22:43:20,148 - INFO - Epoch 82: Loss = 170.7431, Accuracy = 40.47%
2025-07-29 22:43:20,296 - INFO - Epoch 83: Loss = 170.1165, Accuracy = 40.58%
2025-07-29 22:43:20,443 - INFO - Epoch 84: Loss = 169.2690, Accuracy = 40.62%
2025-07-29 22:43:20,590 - INFO - Epoch 85: Loss = 168.8321, Accuracy = 40.62%
2025-07-29 22:43:20,738 - INFO - Epoch 86: Loss = 167.6494, Accuracy = 40.95%
2025-07-29 22:43:20,885 - INFO - Epoch 87: Loss = 166.7221, Accuracy = 41.31%
2025-07-29 22:43:21,033 - INFO - Epoch 88: Loss = 166.4252, Accuracy = 41.64%
2025-07-29 22:43:21,181 - INFO - Epoch 89: Loss = 165.2958, Accuracy = 41.24%
2025-07-29 22:43:21,329 - INFO - Epoch 90: Loss = 164.7274, Accuracy = 41.57%
2025-07-29 22:43:21,478 - INFO - Epoch 91: Loss = 163.7145, Accuracy = 42.26%
2025-07-29 22:43:21,626 - INFO - Epoch 92: Loss = 163.2259, Accuracy = 42.55%
2025-07-29 22:43:21,774 - INFO - Epoch 93: Loss = 162.6586, Accuracy = 42.45%
2025-07-29 22:43:21,922 - INFO - Epoch 94: Loss = 162.4312, Accuracy = 42.34%
2025-07-29 22:43:22,071 - INFO - Epoch 95: Loss = 161.0871, Accuracy = 42.74%
2025-07-29 22:43:22,219 - INFO - Epoch 96: Loss = 160.3634, Accuracy = 43.18%
2025-07-29 22:43:22,367 - INFO - Epoch 97: Loss = 159.8195, Accuracy = 43.32%
2025-07-29 22:43:22,514 - INFO - Epoch 98: Loss = 158.7005, Accuracy = 43.69%
2025-07-29 22:43:22,662 - INFO - Epoch 99: Loss = 158.2845, Accuracy = 44.74%
2025-07-29 22:43:22,809 - INFO - Epoch 100: Loss = 157.8856, Accuracy = 43.61%
2025-07-29 22:43:22,957 - INFO - Epoch 101: Loss = 156.5472, Accuracy = 44.67%
2025-07-29 22:43:23,104 - INFO - Epoch 102: Loss = 155.9709, Accuracy = 45.00%
2025-07-29 22:43:23,254 - INFO - Epoch 103: Loss = 155.4457, Accuracy = 44.85%
2025-07-29 22:43:23,402 - INFO - Epoch 104: Loss = 154.3305, Accuracy = 44.05%
2025-07-29 22:43:23,550 - INFO - Epoch 105: Loss = 153.9582, Accuracy = 44.78%
2025-07-29 22:43:23,697 - INFO - Epoch 106: Loss = 153.3590, Accuracy = 45.47%
2025-07-29 22:43:23,845 - INFO - Epoch 107: Loss = 152.2141, Accuracy = 45.26%
2025-07-29 22:43:23,993 - INFO - Epoch 108: Loss = 151.8097, Accuracy = 45.88%
2025-07-29 22:43:24,141 - INFO - Epoch 109: Loss = 150.8920, Accuracy = 46.09%
2025-07-29 22:43:24,289 - INFO - Epoch 110: Loss = 150.2726, Accuracy = 46.06%
2025-07-29 22:43:24,438 - INFO - Epoch 111: Loss = 149.3674, Accuracy = 46.61%
2025-07-29 22:43:24,586 - INFO - Epoch 112: Loss = 148.8828, Accuracy = 47.04%
2025-07-29 22:43:24,734 - INFO - Epoch 113: Loss = 147.8123, Accuracy = 47.12%
2025-07-29 22:43:24,882 - INFO - Epoch 114: Loss = 147.5509, Accuracy = 47.52%
2025-07-29 22:43:25,031 - INFO - Epoch 115: Loss = 146.4351, Accuracy = 47.48%
2025-07-29 22:43:25,179 - INFO - Epoch 116: Loss = 145.7919, Accuracy = 47.23%
2025-07-29 22:43:25,327 - INFO - Epoch 117: Loss = 145.0380, Accuracy = 47.66%
2025-07-29 22:43:25,475 - INFO - Epoch 118: Loss = 144.9007, Accuracy = 48.10%
2025-07-29 22:43:25,622 - INFO - Epoch 119: Loss = 143.7915, Accuracy = 48.61%
2025-07-29 22:43:25,770 - INFO - Epoch 120: Loss = 143.3653, Accuracy = 48.58%
2025-07-29 22:43:25,917 - INFO - Epoch 121: Loss = 142.8310, Accuracy = 48.98%
2025-07-29 22:43:26,064 - INFO - Epoch 122: Loss = 142.0152, Accuracy = 49.12%
2025-07-29 22:43:26,212 - INFO - Epoch 123: Loss = 141.6179, Accuracy = 48.98%
2025-07-29 22:43:26,359 - INFO - Epoch 124: Loss = 141.1873, Accuracy = 49.60%
2025-07-29 22:43:26,507 - INFO - Epoch 125: Loss = 140.3103, Accuracy = 49.38%
2025-07-29 22:43:26,655 - INFO - Epoch 126: Loss = 139.5560, Accuracy = 49.49%
2025-07-29 22:43:26,803 - INFO - Epoch 127: Loss = 138.9077, Accuracy = 49.96%
2025-07-29 22:43:26,952 - INFO - Epoch 128: Loss = 138.5512, Accuracy = 49.89%
2025-07-29 22:43:27,104 - INFO - Epoch 129: Loss = 137.3269, Accuracy = 49.96%
2025-07-29 22:43:27,252 - INFO - Epoch 130: Loss = 137.2600, Accuracy = 50.40%
2025-07-29 22:43:27,400 - INFO - Epoch 131: Loss = 135.9061, Accuracy = 51.09%
2025-07-29 22:43:27,548 - INFO - Epoch 132: Loss = 135.2824, Accuracy = 50.95%
2025-07-29 22:43:27,695 - INFO - Epoch 133: Loss = 134.9479, Accuracy = 51.39%
2025-07-29 22:43:27,843 - INFO - Epoch 134: Loss = 134.4222, Accuracy = 51.28%
2025-07-29 22:43:27,990 - INFO - Epoch 135: Loss = 134.0904, Accuracy = 51.46%
2025-07-29 22:43:28,138 - INFO - Epoch 136: Loss = 133.0152, Accuracy = 51.79%
2025-07-29 22:43:28,286 - INFO - Epoch 137: Loss = 132.5208, Accuracy = 52.26%
2025-07-29 22:43:28,434 - INFO - Epoch 138: Loss = 131.8638, Accuracy = 52.99%
2025-07-29 22:43:28,582 - INFO - Epoch 139: Loss = 131.5467, Accuracy = 52.30%
2025-07-29 22:43:28,730 - INFO - Epoch 140: Loss = 130.6367, Accuracy = 52.34%
2025-07-29 22:43:28,878 - INFO - Epoch 141: Loss = 131.0496, Accuracy = 52.04%
2025-07-29 22:43:29,026 - INFO - Epoch 142: Loss = 129.7903, Accuracy = 53.25%
2025-07-29 22:43:29,173 - INFO - Epoch 143: Loss = 129.0860, Accuracy = 54.09%
2025-07-29 22:43:29,321 - INFO - Epoch 144: Loss = 128.5585, Accuracy = 53.18%
2025-07-29 22:43:29,468 - INFO - Epoch 145: Loss = 127.4643, Accuracy = 54.09%
2025-07-29 22:43:29,616 - INFO - Epoch 146: Loss = 127.1536, Accuracy = 54.67%
2025-07-29 22:43:29,763 - INFO - Epoch 147: Loss = 126.8426, Accuracy = 54.09%
2025-07-29 22:43:29,911 - INFO - Epoch 148: Loss = 125.9722, Accuracy = 54.53%
2025-07-29 22:43:30,058 - INFO - Epoch 149: Loss = 125.5862, Accuracy = 54.49%
2025-07-29 22:43:30,206 - INFO - Epoch 150: Loss = 125.1543, Accuracy = 54.31%
2025-07-29 22:43:30,354 - INFO - Epoch 151: Loss = 124.0280, Accuracy = 55.18%
2025-07-29 22:43:30,501 - INFO - Epoch 152: Loss = 123.8297, Accuracy = 55.22%
2025-07-29 22:43:30,649 - INFO - Epoch 153: Loss = 122.9694, Accuracy = 55.66%
2025-07-29 22:43:30,796 - INFO - Epoch 154: Loss = 122.5343, Accuracy = 55.73%
2025-07-29 22:43:30,944 - INFO - Epoch 155: Loss = 122.0819, Accuracy = 56.20%
2025-07-29 22:43:31,092 - INFO - Epoch 156: Loss = 121.6836, Accuracy = 56.46%
2025-07-29 22:43:31,239 - INFO - Epoch 157: Loss = 120.7282, Accuracy = 56.53%
2025-07-29 22:43:31,387 - INFO - Epoch 158: Loss = 120.0320, Accuracy = 57.04%
2025-07-29 22:43:31,535 - INFO - Epoch 159: Loss = 119.5199, Accuracy = 56.79%
2025-07-29 22:43:31,685 - INFO - Epoch 160: Loss = 118.9822, Accuracy = 57.88%
2025-07-29 22:43:31,833 - INFO - Epoch 161: Loss = 118.2754, Accuracy = 58.39%
2025-07-29 22:43:31,980 - INFO - Epoch 162: Loss = 117.9997, Accuracy = 58.18%
2025-07-29 22:43:32,128 - INFO - Epoch 163: Loss = 117.2533, Accuracy = 57.66%
2025-07-29 22:43:32,276 - INFO - Epoch 164: Loss = 116.8510, Accuracy = 58.10%
2025-07-29 22:43:32,423 - INFO - Epoch 165: Loss = 115.7658, Accuracy = 58.87%
2025-07-29 22:43:32,571 - INFO - Epoch 166: Loss = 115.5513, Accuracy = 58.58%
2025-07-29 22:43:32,718 - INFO - Epoch 167: Loss = 115.4853, Accuracy = 58.61%
2025-07-29 22:43:32,866 - INFO - Epoch 168: Loss = 114.9407, Accuracy = 58.83%
2025-07-29 22:43:33,013 - INFO - Epoch 169: Loss = 114.3827, Accuracy = 59.31%
2025-07-29 22:43:33,161 - INFO - Epoch 170: Loss = 114.0924, Accuracy = 58.80%
2025-07-29 22:43:33,308 - INFO - Epoch 171: Loss = 113.0874, Accuracy = 59.74%
2025-07-29 22:43:33,456 - INFO - Epoch 172: Loss = 112.2228, Accuracy = 59.49%
2025-07-29 22:43:33,603 - INFO - Epoch 173: Loss = 111.8482, Accuracy = 59.71%
2025-07-29 22:43:33,751 - INFO - Epoch 174: Loss = 111.3194, Accuracy = 60.18%
2025-07-29 22:43:33,898 - INFO - Epoch 175: Loss = 111.0775, Accuracy = 60.47%
2025-07-29 22:43:34,046 - INFO - Epoch 176: Loss = 110.4904, Accuracy = 61.13%
2025-07-29 22:43:34,193 - INFO - Epoch 177: Loss = 109.4501, Accuracy = 61.20%
2025-07-29 22:43:34,341 - INFO - Epoch 178: Loss = 109.4027, Accuracy = 61.02%
2025-07-29 22:43:34,489 - INFO - Epoch 179: Loss = 108.4802, Accuracy = 61.75%
2025-07-29 22:43:34,636 - INFO - Epoch 180: Loss = 108.4206, Accuracy = 60.99%
2025-07-29 22:43:34,784 - INFO - Epoch 181: Loss = 107.8906, Accuracy = 61.86%
2025-07-29 22:43:34,933 - INFO - Epoch 182: Loss = 107.1805, Accuracy = 62.04%
2025-07-29 22:43:35,081 - INFO - Epoch 183: Loss = 106.5117, Accuracy = 61.90%
2025-07-29 22:43:35,229 - INFO - Epoch 184: Loss = 105.7646, Accuracy = 62.92%
2025-07-29 22:43:35,376 - INFO - Epoch 185: Loss = 105.6441, Accuracy = 62.12%
2025-07-29 22:43:35,524 - INFO - Epoch 186: Loss = 104.7714, Accuracy = 62.77%
2025-07-29 22:43:35,671 - INFO - Epoch 187: Loss = 104.3601, Accuracy = 63.61%
2025-07-29 22:43:35,819 - INFO - Epoch 188: Loss = 103.5708, Accuracy = 63.65%
2025-07-29 22:43:35,967 - INFO - Epoch 189: Loss = 103.4394, Accuracy = 63.03%
2025-07-29 22:43:36,115 - INFO - Epoch 190: Loss = 103.0644, Accuracy = 63.32%
2025-07-29 22:43:36,262 - INFO - Epoch 191: Loss = 102.1839, Accuracy = 64.09%
2025-07-29 22:43:36,410 - INFO - Epoch 192: Loss = 102.2381, Accuracy = 63.28%
2025-07-29 22:43:36,557 - INFO - Epoch 193: Loss = 101.0277, Accuracy = 64.27%
2025-07-29 22:43:36,705 - INFO - Epoch 194: Loss = 100.5894, Accuracy = 64.53%
2025-07-29 22:43:36,852 - INFO - Epoch 195: Loss = 99.8671, Accuracy = 64.96%
2025-07-29 22:43:36,999 - INFO - Epoch 196: Loss = 99.3538, Accuracy = 64.23%
2025-07-29 22:43:37,147 - INFO - Epoch 197: Loss = 98.6252, Accuracy = 64.82%
2025-07-29 22:43:37,294 - INFO - Epoch 198: Loss = 98.5557, Accuracy = 65.26%
2025-07-29 22:43:37,442 - INFO - Epoch 199: Loss = 98.6073, Accuracy = 65.00%
2025-07-29 22:43:37,589 - INFO - Epoch 200: Loss = 97.4105, Accuracy = 65.51%
2025-07-29 22:43:37,737 - INFO - Epoch 201: Loss = 97.0778, Accuracy = 65.51%
2025-07-29 22:43:37,885 - INFO - Epoch 202: Loss = 96.5152, Accuracy = 66.68%
2025-07-29 22:43:38,033 - INFO - Epoch 203: Loss = 96.1572, Accuracy = 65.77%
2025-07-29 22:43:38,181 - INFO - Epoch 204: Loss = 95.1902, Accuracy = 66.82%
2025-07-29 22:43:38,328 - INFO - Epoch 205: Loss = 94.8519, Accuracy = 66.93%
2025-07-29 22:43:38,476 - INFO - Epoch 206: Loss = 94.7159, Accuracy = 66.42%
2025-07-29 22:43:38,624 - INFO - Epoch 207: Loss = 94.4692, Accuracy = 66.42%
2025-07-29 22:43:38,771 - INFO - Epoch 208: Loss = 93.5876, Accuracy = 66.82%
2025-07-29 22:43:38,919 - INFO - Epoch 209: Loss = 92.7222, Accuracy = 67.77%
2025-07-29 22:43:39,066 - INFO - Epoch 210: Loss = 92.3297, Accuracy = 67.81%
2025-07-29 22:43:39,213 - INFO - Epoch 211: Loss = 91.8929, Accuracy = 67.85%
2025-07-29 22:43:39,361 - INFO - Epoch 212: Loss = 91.2452, Accuracy = 67.92%
2025-07-29 22:43:39,508 - INFO - Epoch 213: Loss = 90.7516, Accuracy = 68.50%
2025-07-29 22:43:39,656 - INFO - Epoch 214: Loss = 90.5442, Accuracy = 68.61%
2025-07-29 22:43:39,803 - INFO - Epoch 215: Loss = 89.5364, Accuracy = 68.61%
2025-07-29 22:43:39,951 - INFO - Epoch 216: Loss = 89.1025, Accuracy = 68.76%
2025-07-29 22:43:40,098 - INFO - Epoch 217: Loss = 88.9442, Accuracy = 69.34%
2025-07-29 22:43:40,246 - INFO - Epoch 218: Loss = 88.2860, Accuracy = 69.53%
2025-07-29 22:43:40,393 - INFO - Epoch 219: Loss = 87.3580, Accuracy = 69.96%
2025-07-29 22:43:40,541 - INFO - Epoch 220: Loss = 86.9115, Accuracy = 70.26%
2025-07-29 22:43:40,688 - INFO - Epoch 221: Loss = 86.8629, Accuracy = 70.22%
2025-07-29 22:43:40,836 - INFO - Epoch 222: Loss = 86.7709, Accuracy = 70.40%
2025-07-29 22:43:40,985 - INFO - Epoch 223: Loss = 85.7020, Accuracy = 70.26%
2025-07-29 22:43:41,134 - INFO - Epoch 224: Loss = 85.2737, Accuracy = 70.11%
2025-07-29 22:43:41,282 - INFO - Epoch 225: Loss = 84.4088, Accuracy = 70.66%
2025-07-29 22:43:41,431 - INFO - Epoch 226: Loss = 83.9577, Accuracy = 71.39%
2025-07-29 22:43:41,578 - INFO - Epoch 227: Loss = 83.3414, Accuracy = 71.53%
2025-07-29 22:43:41,726 - INFO - Epoch 228: Loss = 83.5530, Accuracy = 71.64%
2025-07-29 22:43:41,874 - INFO - Epoch 229: Loss = 82.3716, Accuracy = 71.64%
2025-07-29 22:43:42,021 - INFO - Epoch 230: Loss = 82.0929, Accuracy = 72.12%
2025-07-29 22:43:42,169 - INFO - Epoch 231: Loss = 81.6646, Accuracy = 71.75%
2025-07-29 22:43:42,317 - INFO - Epoch 232: Loss = 81.3219, Accuracy = 72.08%
2025-07-29 22:43:42,464 - INFO - Epoch 233: Loss = 80.8798, Accuracy = 73.03%
2025-07-29 22:43:42,612 - INFO - Epoch 234: Loss = 80.1877, Accuracy = 73.18%
2025-07-29 22:43:42,760 - INFO - Epoch 235: Loss = 80.4009, Accuracy = 72.19%
2025-07-29 22:43:42,907 - INFO - Epoch 236: Loss = 79.5921, Accuracy = 73.25%
2025-07-29 22:43:43,055 - INFO - Epoch 237: Loss = 78.9391, Accuracy = 73.14%
2025-07-29 22:43:43,202 - INFO - Epoch 238: Loss = 78.7627, Accuracy = 73.07%
2025-07-29 22:43:43,351 - INFO - Epoch 239: Loss = 77.7426, Accuracy = 73.69%
2025-07-29 22:43:43,500 - INFO - Epoch 240: Loss = 77.0887, Accuracy = 74.09%
2025-07-29 22:43:43,648 - INFO - Epoch 241: Loss = 77.7482, Accuracy = 73.54%
2025-07-29 22:43:43,796 - INFO - Epoch 242: Loss = 76.4335, Accuracy = 73.87%
2025-07-29 22:43:43,943 - INFO - Epoch 243: Loss = 75.5618, Accuracy = 74.82%
2025-07-29 22:43:44,091 - INFO - Epoch 244: Loss = 75.0399, Accuracy = 75.07%
2025-07-29 22:43:44,239 - INFO - Epoch 245: Loss = 75.0747, Accuracy = 74.56%
2025-07-29 22:43:44,386 - INFO - Epoch 246: Loss = 74.2598, Accuracy = 75.40%
2025-07-29 22:43:44,534 - INFO - Epoch 247: Loss = 74.0452, Accuracy = 74.96%
2025-07-29 22:43:44,682 - INFO - Epoch 248: Loss = 73.1941, Accuracy = 75.77%
2025-07-29 22:43:44,830 - INFO - Epoch 249: Loss = 72.9138, Accuracy = 75.80%
2025-07-29 22:43:44,977 - INFO - Epoch 250: Loss = 72.8541, Accuracy = 75.22%
2025-07-29 22:43:45,125 - INFO - Epoch 251: Loss = 72.0515, Accuracy = 76.46%
2025-07-29 22:43:45,272 - INFO - Epoch 252: Loss = 72.3266, Accuracy = 75.80%
2025-07-29 22:43:45,420 - INFO - Epoch 253: Loss = 71.1786, Accuracy = 77.15%
2025-07-29 22:43:45,567 - INFO - Epoch 254: Loss = 70.6169, Accuracy = 76.68%
2025-07-29 22:43:45,714 - INFO - Epoch 255: Loss = 70.5096, Accuracy = 76.86%
2025-07-29 22:43:45,862 - INFO - Epoch 256: Loss = 70.3662, Accuracy = 76.61%
2025-07-29 22:43:45,864 - INFO - [Gradient Period 25 Run 2] Training time: 38.74s
2025-07-29 22:43:46,530 - INFO - ✅ Regular Evaluation Accuracy: 30.95%
2025-07-29 22:43:46,566 - INFO - ✅ Regular Evaluation Top-5 Accuracy: 68.50%
2025-07-29 22:43:46,577 - INFO - ✅ Regular Evaluation Accuracy: 19.86%
2025-07-29 22:43:46,587 - INFO - ✅ Regular Evaluation Top-5 Accuracy: 63.01%
2025-07-29 22:43:47,162 - INFO - ✅ Regular Evaluation Accuracy: 9.73%
2025-07-29 22:43:47,171 - INFO - ✅ Regular Evaluation Top-5 Accuracy: 30.97%
2025-07-29 22:43:47,171 - INFO - Nuts
2025-07-29 22:43:47,673 - INFO - ✅ Regular Evaluation Accuracy: 9.73%
2025-07-29 22:43:47,682 - INFO - ✅ Regular Evaluation Top-5 Accuracy: 30.97%
2025-07-29 22:43:47,682 - INFO - Spices
2025-07-29 22:43:48,173 - INFO - ✅ Regular Evaluation Accuracy: 9.73%
2025-07-29 22:43:48,182 - INFO - ✅ Regular Evaluation Top-5 Accuracy: 30.97%
2025-07-29 22:43:48,182 - INFO - Herbs
2025-07-29 22:43:48,694 - INFO - ✅ Regular Evaluation Accuracy: 9.73%
2025-07-29 22:43:48,703 - INFO - ✅ Regular Evaluation Top-5 Accuracy: 30.97%
2025-07-29 22:43:48,703 - INFO - Fruits
2025-07-29 22:43:49,199 - INFO - ✅ Regular Evaluation Accuracy: 9.73%
2025-07-29 22:43:49,207 - INFO - ✅ Regular Evaluation Top-5 Accuracy: 30.97%
2025-07-29 22:43:49,207 - INFO - Vegetables
2025-07-29 22:43:49,824 - INFO - ✅ Regular Evaluation Accuracy: 9.73%
2025-07-29 22:43:49,832 - INFO - ✅ Regular Evaluation Top-5 Accuracy: 30.97%
2025-07-29 22:43:49,833 - INFO - [Gradient Period 25 Run 3] Starting
2025-07-29 22:43:50,742 - INFO - Training on device: cuda
2025-07-29 22:43:50,894 - INFO - Epoch 01: Loss = 335.8726, Accuracy = 2.52%
2025-07-29 22:43:51,044 - INFO - Epoch 02: Loss = 333.4587, Accuracy = 4.74%
2025-07-29 22:43:51,194 - INFO - Epoch 03: Loss = 328.7913, Accuracy = 7.04%
2025-07-29 22:43:51,343 - INFO - Epoch 04: Loss = 318.1678, Accuracy = 8.28%
2025-07-29 22:43:51,493 - INFO - Epoch 05: Loss = 305.9414, Accuracy = 8.69%
2025-07-29 22:43:51,642 - INFO - Epoch 06: Loss = 296.9311, Accuracy = 8.87%
2025-07-29 22:43:51,791 - INFO - Epoch 07: Loss = 290.3379, Accuracy = 9.60%
2025-07-29 22:43:51,941 - INFO - Epoch 08: Loss = 285.1317, Accuracy = 10.55%
2025-07-29 22:43:52,090 - INFO - Epoch 09: Loss = 280.6490, Accuracy = 11.53%
2025-07-29 22:43:52,240 - INFO - Epoch 10: Loss = 276.3778, Accuracy = 12.55%
2025-07-29 22:43:52,389 - INFO - Epoch 11: Loss = 272.6749, Accuracy = 13.03%
2025-07-29 22:43:52,538 - INFO - Epoch 12: Loss = 268.9288, Accuracy = 13.61%
2025-07-29 22:43:52,688 - INFO - Epoch 13: Loss = 265.2223, Accuracy = 15.15%
2025-07-29 22:43:52,837 - INFO - Epoch 14: Loss = 261.3998, Accuracy = 15.66%
2025-07-29 22:43:52,986 - INFO - Epoch 15: Loss = 257.6020, Accuracy = 16.61%
2025-07-29 22:43:53,136 - INFO - Epoch 16: Loss = 254.2243, Accuracy = 17.74%
2025-07-29 22:43:53,285 - INFO - Epoch 17: Loss = 251.2193, Accuracy = 18.18%
2025-07-29 22:43:53,434 - INFO - Epoch 18: Loss = 248.6822, Accuracy = 18.83%
2025-07-29 22:43:53,584 - INFO - Epoch 19: Loss = 246.3669, Accuracy = 19.34%
2025-07-29 22:43:53,734 - INFO - Epoch 20: Loss = 244.2020, Accuracy = 19.82%
2025-07-29 22:43:53,883 - INFO - Epoch 21: Loss = 241.9116, Accuracy = 20.07%
2025-07-29 22:43:54,032 - INFO - Epoch 22: Loss = 239.8205, Accuracy = 20.99%
2025-07-29 22:43:54,182 - INFO - Epoch 23: Loss = 238.0749, Accuracy = 21.39%
2025-07-29 22:43:54,331 - INFO - Epoch 24: Loss = 236.0332, Accuracy = 21.72%
2025-07-29 22:43:54,480 - INFO - Epoch 25: Loss = 234.4216, Accuracy = 21.86%
2025-07-29 22:43:54,630 - INFO - Epoch 26: Loss = 232.8362, Accuracy = 22.63%
2025-07-29 22:43:54,779 - INFO - Epoch 27: Loss = 231.1684, Accuracy = 22.74%
2025-07-29 22:43:54,929 - INFO - Epoch 28: Loss = 229.6273, Accuracy = 23.18%
2025-07-29 22:43:55,078 - INFO - Epoch 29: Loss = 228.1472, Accuracy = 23.14%
2025-07-29 22:43:55,227 - INFO - Epoch 30: Loss = 227.0989, Accuracy = 24.05%
2025-07-29 22:43:55,377 - INFO - Epoch 31: Loss = 225.5023, Accuracy = 24.05%
2025-07-29 22:43:55,526 - INFO - Epoch 32: Loss = 224.2912, Accuracy = 23.76%
2025-07-29 22:43:55,675 - INFO - Epoch 33: Loss = 222.9046, Accuracy = 25.00%
2025-07-29 22:43:55,825 - INFO - Epoch 34: Loss = 222.0614, Accuracy = 24.78%
2025-07-29 22:43:55,975 - INFO - Epoch 35: Loss = 220.7135, Accuracy = 25.55%
2025-07-29 22:43:56,125 - INFO - Epoch 36: Loss = 219.6967, Accuracy = 25.26%
2025-07-29 22:43:56,274 - INFO - Epoch 37: Loss = 218.4291, Accuracy = 26.09%
2025-07-29 22:43:56,425 - INFO - Epoch 38: Loss = 217.2091, Accuracy = 25.80%
2025-07-29 22:43:56,577 - INFO - Epoch 39: Loss = 215.9622, Accuracy = 26.79%
2025-07-29 22:43:56,727 - INFO - Epoch 40: Loss = 214.6191, Accuracy = 26.79%
2025-07-29 22:43:56,877 - INFO - Epoch 41: Loss = 213.5727, Accuracy = 26.46%
2025-07-29 22:43:57,026 - INFO - Epoch 42: Loss = 212.8001, Accuracy = 26.90%
2025-07-29 22:43:57,176 - INFO - Epoch 43: Loss = 211.4707, Accuracy = 26.97%
2025-07-29 22:43:57,325 - INFO - Epoch 44: Loss = 210.3198, Accuracy = 27.37%
2025-07-29 22:43:57,475 - INFO - Epoch 45: Loss = 209.3289, Accuracy = 27.74%
2025-07-29 22:43:57,624 - INFO - Epoch 46: Loss = 208.1196, Accuracy = 27.55%
2025-07-29 22:43:57,773 - INFO - Epoch 47: Loss = 207.0503, Accuracy = 28.61%
2025-07-29 22:43:57,924 - INFO - Epoch 48: Loss = 206.1812, Accuracy = 28.61%
2025-07-29 22:43:58,073 - INFO - Epoch 49: Loss = 204.8768, Accuracy = 29.01%
2025-07-29 22:43:58,223 - INFO - Epoch 50: Loss = 203.8035, Accuracy = 29.34%
2025-07-29 22:43:58,372 - INFO - Epoch 51: Loss = 203.0464, Accuracy = 29.45%
2025-07-29 22:43:58,522 - INFO - Epoch 52: Loss = 202.2357, Accuracy = 29.96%
2025-07-29 22:43:58,671 - INFO - Epoch 53: Loss = 201.0833, Accuracy = 30.15%
2025-07-29 22:43:58,820 - INFO - Epoch 54: Loss = 200.0458, Accuracy = 31.17%
2025-07-29 22:43:58,970 - INFO - Epoch 55: Loss = 199.6262, Accuracy = 30.91%
2025-07-29 22:43:59,119 - INFO - Epoch 56: Loss = 198.5139, Accuracy = 31.13%
2025-07-29 22:43:59,268 - INFO - Epoch 57: Loss = 197.4235, Accuracy = 30.91%
2025-07-29 22:43:59,417 - INFO - Epoch 58: Loss = 196.4669, Accuracy = 31.68%
2025-07-29 22:43:59,567 - INFO - Epoch 59: Loss = 195.6674, Accuracy = 31.64%
2025-07-29 22:43:59,716 - INFO - Epoch 60: Loss = 194.6052, Accuracy = 31.24%
2025-07-29 22:43:59,866 - INFO - Epoch 61: Loss = 194.0068, Accuracy = 32.08%
2025-07-29 22:44:00,015 - INFO - Epoch 62: Loss = 193.1135, Accuracy = 31.86%
2025-07-29 22:44:00,164 - INFO - Epoch 63: Loss = 192.1233, Accuracy = 32.55%
2025-07-29 22:44:00,314 - INFO - Epoch 64: Loss = 190.9924, Accuracy = 32.59%
2025-07-29 22:44:00,463 - INFO - Epoch 65: Loss = 190.4284, Accuracy = 33.10%
2025-07-29 22:44:00,612 - INFO - Epoch 66: Loss = 189.4650, Accuracy = 33.36%
2025-07-29 22:44:00,762 - INFO - Epoch 67: Loss = 188.8063, Accuracy = 32.96%
2025-07-29 22:44:00,911 - INFO - Epoch 68: Loss = 187.9025, Accuracy = 33.47%
2025-07-29 22:44:01,061 - INFO - Epoch 69: Loss = 187.3824, Accuracy = 33.32%
2025-07-29 22:44:01,211 - INFO - Epoch 70: Loss = 186.3132, Accuracy = 34.56%
2025-07-29 22:44:01,360 - INFO - Epoch 71: Loss = 185.4991, Accuracy = 34.67%
2025-07-29 22:44:01,510 - INFO - Epoch 72: Loss = 184.4380, Accuracy = 34.93%
2025-07-29 22:44:01,659 - INFO - Epoch 73: Loss = 183.5425, Accuracy = 35.69%
2025-07-29 22:44:01,809 - INFO - Epoch 74: Loss = 182.8088, Accuracy = 35.22%
2025-07-29 22:44:01,961 - INFO - Epoch 75: Loss = 182.4897, Accuracy = 35.22%
2025-07-29 22:44:02,111 - INFO - Epoch 76: Loss = 181.2544, Accuracy = 35.33%
2025-07-29 22:44:02,260 - INFO - Epoch 77: Loss = 180.3519, Accuracy = 35.91%
2025-07-29 22:44:02,409 - INFO - Epoch 78: Loss = 180.0089, Accuracy = 35.73%
2025-07-29 22:44:02,559 - INFO - Epoch 79: Loss = 178.8972, Accuracy = 36.28%
2025-07-29 22:44:02,708 - INFO - Epoch 80: Loss = 178.0380, Accuracy = 36.46%
2025-07-29 22:44:02,857 - INFO - Epoch 81: Loss = 177.0223, Accuracy = 37.04%
2025-07-29 22:44:03,007 - INFO - Epoch 82: Loss = 176.2099, Accuracy = 36.72%
2025-07-29 22:44:03,156 - INFO - Epoch 83: Loss = 175.4687, Accuracy = 37.01%
2025-07-29 22:44:03,305 - INFO - Epoch 84: Loss = 175.0089, Accuracy = 37.66%
2025-07-29 22:44:03,455 - INFO - Epoch 85: Loss = 173.7972, Accuracy = 37.66%
2025-07-29 22:44:03,604 - INFO - Epoch 86: Loss = 173.3684, Accuracy = 38.25%
2025-07-29 22:44:03,754 - INFO - Epoch 87: Loss = 172.5241, Accuracy = 38.21%
2025-07-29 22:44:03,903 - INFO - Epoch 88: Loss = 171.7183, Accuracy = 37.81%
2025-07-29 22:44:04,052 - INFO - Epoch 89: Loss = 171.2039, Accuracy = 38.50%
2025-07-29 22:44:04,202 - INFO - Epoch 90: Loss = 170.1477, Accuracy = 38.87%
2025-07-29 22:44:04,351 - INFO - Epoch 91: Loss = 169.3876, Accuracy = 39.31%
2025-07-29 22:44:04,501 - INFO - Epoch 92: Loss = 168.6589, Accuracy = 38.80%
2025-07-29 22:44:04,651 - INFO - Epoch 93: Loss = 168.1380, Accuracy = 39.67%
2025-07-29 22:44:04,801 - INFO - Epoch 94: Loss = 167.5843, Accuracy = 39.23%
2025-07-29 22:44:04,950 - INFO - Epoch 95: Loss = 166.3604, Accuracy = 40.18%
2025-07-29 22:44:05,100 - INFO - Epoch 96: Loss = 165.6848, Accuracy = 40.29%
2025-07-29 22:44:05,249 - INFO - Epoch 97: Loss = 164.8423, Accuracy = 40.26%
2025-07-29 22:44:05,399 - INFO - Epoch 98: Loss = 163.7118, Accuracy = 41.42%
2025-07-29 22:44:05,548 - INFO - Epoch 99: Loss = 163.5504, Accuracy = 40.91%
2025-07-29 22:44:05,698 - INFO - Epoch 100: Loss = 162.2626, Accuracy = 41.39%
2025-07-29 22:44:05,847 - INFO - Epoch 101: Loss = 161.7156, Accuracy = 41.39%
2025-07-29 22:44:05,996 - INFO - Epoch 102: Loss = 160.9399, Accuracy = 42.04%
2025-07-29 22:44:06,146 - INFO - Epoch 103: Loss = 160.1845, Accuracy = 41.86%
2025-07-29 22:44:06,295 - INFO - Epoch 104: Loss = 159.7332, Accuracy = 42.59%
2025-07-29 22:44:06,444 - INFO - Epoch 105: Loss = 158.6344, Accuracy = 42.99%
2025-07-29 22:44:06,594 - INFO - Epoch 106: Loss = 157.8541, Accuracy = 43.65%
2025-07-29 22:44:06,743 - INFO - Epoch 107: Loss = 157.1455, Accuracy = 43.39%
2025-07-29 22:44:06,893 - INFO - Epoch 108: Loss = 156.2108, Accuracy = 43.69%
2025-07-29 22:44:07,043 - INFO - Epoch 109: Loss = 155.3341, Accuracy = 44.09%
2025-07-29 22:44:07,192 - INFO - Epoch 110: Loss = 154.7585, Accuracy = 43.87%
2025-07-29 22:44:07,342 - INFO - Epoch 111: Loss = 154.0680, Accuracy = 44.34%
2025-07-29 22:44:07,491 - INFO - Epoch 112: Loss = 153.3148, Accuracy = 44.38%
2025-07-29 22:44:07,641 - INFO - Epoch 113: Loss = 152.7648, Accuracy = 44.85%
2025-07-29 22:44:07,791 - INFO - Epoch 114: Loss = 151.8225, Accuracy = 45.11%
2025-07-29 22:44:07,942 - INFO - Epoch 115: Loss = 151.6213, Accuracy = 45.62%
2025-07-29 22:44:08,092 - INFO - Epoch 116: Loss = 150.4336, Accuracy = 46.24%
2025-07-29 22:44:08,242 - INFO - Epoch 117: Loss = 150.2891, Accuracy = 45.80%
2025-07-29 22:44:08,391 - INFO - Epoch 118: Loss = 148.9780, Accuracy = 46.24%
2025-07-29 22:44:08,540 - INFO - Epoch 119: Loss = 148.6056, Accuracy = 46.42%
2025-07-29 22:44:08,690 - INFO - Epoch 120: Loss = 147.8146, Accuracy = 46.39%
2025-07-29 22:44:08,839 - INFO - Epoch 121: Loss = 147.0183, Accuracy = 47.48%
2025-07-29 22:44:08,989 - INFO - Epoch 122: Loss = 146.3587, Accuracy = 46.97%
2025-07-29 22:44:09,138 - INFO - Epoch 123: Loss = 145.5242, Accuracy = 47.37%
2025-07-29 22:44:09,287 - INFO - Epoch 124: Loss = 145.0722, Accuracy = 48.21%
2025-07-29 22:44:09,437 - INFO - Epoch 125: Loss = 144.5403, Accuracy = 48.36%
2025-07-29 22:44:09,586 - INFO - Epoch 126: Loss = 144.1786, Accuracy = 47.88%
2025-07-29 22:44:09,736 - INFO - Epoch 127: Loss = 142.9108, Accuracy = 48.58%
2025-07-29 22:44:09,886 - INFO - Epoch 128: Loss = 142.3214, Accuracy = 48.03%
2025-07-29 22:44:10,037 - INFO - Epoch 129: Loss = 141.5404, Accuracy = 49.56%
2025-07-29 22:44:10,187 - INFO - Epoch 130: Loss = 140.9000, Accuracy = 48.39%
2025-07-29 22:44:10,336 - INFO - Epoch 131: Loss = 140.5709, Accuracy = 48.98%
2025-07-29 22:44:10,486 - INFO - Epoch 132: Loss = 139.9302, Accuracy = 49.71%
2025-07-29 22:44:10,636 - INFO - Epoch 133: Loss = 139.2345, Accuracy = 49.93%
2025-07-29 22:44:10,786 - INFO - Epoch 134: Loss = 138.4948, Accuracy = 50.00%
2025-07-29 22:44:10,935 - INFO - Epoch 135: Loss = 137.9805, Accuracy = 49.78%
2025-07-29 22:44:11,085 - INFO - Epoch 136: Loss = 136.9789, Accuracy = 50.33%
2025-07-29 22:44:11,234 - INFO - Epoch 137: Loss = 136.5187, Accuracy = 50.62%
2025-07-29 22:44:11,384 - INFO - Epoch 138: Loss = 136.1047, Accuracy = 50.88%
2025-07-29 22:44:11,533 - INFO - Epoch 139: Loss = 135.2201, Accuracy = 51.31%
2025-07-29 22:44:11,683 - INFO - Epoch 140: Loss = 134.6647, Accuracy = 51.06%
2025-07-29 22:44:11,832 - INFO - Epoch 141: Loss = 134.2444, Accuracy = 51.31%
2025-07-29 22:44:11,981 - INFO - Epoch 142: Loss = 133.2107, Accuracy = 51.93%
2025-07-29 22:44:12,131 - INFO - Epoch 143: Loss = 132.8681, Accuracy = 51.46%
2025-07-29 22:44:12,281 - INFO - Epoch 144: Loss = 132.0704, Accuracy = 51.82%
2025-07-29 22:44:12,430 - INFO - Epoch 145: Loss = 131.4691, Accuracy = 52.41%
2025-07-29 22:44:12,580 - INFO - Epoch 146: Loss = 131.1902, Accuracy = 52.77%
2025-07-29 22:44:12,729 - INFO - Epoch 147: Loss = 130.6184, Accuracy = 52.99%
2025-07-29 22:44:12,879 - INFO - Epoch 148: Loss = 129.9179, Accuracy = 53.07%
2025-07-29 22:44:13,028 - INFO - Epoch 149: Loss = 128.8901, Accuracy = 53.28%
2025-07-29 22:44:13,177 - INFO - Epoch 150: Loss = 128.1545, Accuracy = 53.43%
2025-07-29 22:44:13,326 - INFO - Epoch 151: Loss = 127.8098, Accuracy = 53.21%
2025-07-29 22:44:13,475 - INFO - Epoch 152: Loss = 127.1362, Accuracy = 53.61%
2025-07-29 22:44:13,625 - INFO - Epoch 153: Loss = 126.7262, Accuracy = 54.67%
2025-07-29 22:44:13,774 - INFO - Epoch 154: Loss = 125.7414, Accuracy = 54.53%
2025-07-29 22:44:13,924 - INFO - Epoch 155: Loss = 125.6711, Accuracy = 54.09%
2025-07-29 22:44:14,075 - INFO - Epoch 156: Loss = 124.8153, Accuracy = 54.82%
2025-07-29 22:44:14,225 - INFO - Epoch 157: Loss = 124.4857, Accuracy = 54.60%
2025-07-29 22:44:14,374 - INFO - Epoch 158: Loss = 123.4446, Accuracy = 55.22%
2025-07-29 22:44:14,524 - INFO - Epoch 159: Loss = 122.8296, Accuracy = 54.96%
2025-07-29 22:44:14,673 - INFO - Epoch 160: Loss = 122.1633, Accuracy = 55.47%
2025-07-29 22:44:14,822 - INFO - Epoch 161: Loss = 121.7457, Accuracy = 55.33%
2025-07-29 22:44:14,971 - INFO - Epoch 162: Loss = 121.8534, Accuracy = 55.99%
2025-07-29 22:44:15,121 - INFO - Epoch 163: Loss = 120.1902, Accuracy = 55.95%
2025-07-29 22:44:15,270 - INFO - Epoch 164: Loss = 120.4934, Accuracy = 55.95%
2025-07-29 22:44:15,420 - INFO - Epoch 165: Loss = 119.5116, Accuracy = 56.31%
2025-07-29 22:44:15,569 - INFO - Epoch 166: Loss = 118.5795, Accuracy = 57.52%
2025-07-29 22:44:15,719 - INFO - Epoch 167: Loss = 118.3412, Accuracy = 57.26%
2025-07-29 22:44:15,868 - INFO - Epoch 168: Loss = 117.2826, Accuracy = 57.81%
2025-07-29 22:44:16,018 - INFO - Epoch 169: Loss = 116.9202, Accuracy = 57.23%
2025-07-29 22:44:16,168 - INFO - Epoch 170: Loss = 116.5896, Accuracy = 57.99%
2025-07-29 22:44:16,317 - INFO - Epoch 171: Loss = 115.6503, Accuracy = 57.81%
2025-07-29 22:44:16,466 - INFO - Epoch 172: Loss = 114.8768, Accuracy = 58.28%
2025-07-29 22:44:16,616 - INFO - Epoch 173: Loss = 114.3875, Accuracy = 58.25%
2025-07-29 22:44:16,765 - INFO - Epoch 174: Loss = 113.9812, Accuracy = 58.83%
2025-07-29 22:44:16,914 - INFO - Epoch 175: Loss = 113.6112, Accuracy = 59.12%
2025-07-29 22:44:17,063 - INFO - Epoch 176: Loss = 112.0628, Accuracy = 59.42%
2025-07-29 22:44:17,213 - INFO - Epoch 177: Loss = 112.3774, Accuracy = 59.78%
2025-07-29 22:44:17,363 - INFO - Epoch 178: Loss = 111.1661, Accuracy = 60.77%
2025-07-29 22:44:17,512 - INFO - Epoch 179: Loss = 110.8312, Accuracy = 60.58%
2025-07-29 22:44:17,661 - INFO - Epoch 180: Loss = 110.4394, Accuracy = 60.22%
2025-07-29 22:44:17,811 - INFO - Epoch 181: Loss = 110.1372, Accuracy = 60.15%
2025-07-29 22:44:17,960 - INFO - Epoch 182: Loss = 109.7058, Accuracy = 60.47%
2025-07-29 22:44:18,109 - INFO - Epoch 183: Loss = 108.8632, Accuracy = 60.36%
2025-07-29 22:44:18,259 - INFO - Epoch 184: Loss = 108.3706, Accuracy = 60.18%
2025-07-29 22:44:18,408 - INFO - Epoch 185: Loss = 107.5757, Accuracy = 60.33%
2025-07-29 22:44:18,557 - INFO - Epoch 186: Loss = 107.0523, Accuracy = 61.31%
2025-07-29 22:44:18,707 - INFO - Epoch 187: Loss = 106.2018, Accuracy = 61.72%
2025-07-29 22:44:18,857 - INFO - Epoch 188: Loss = 105.5182, Accuracy = 61.82%
2025-07-29 22:44:19,007 - INFO - Epoch 189: Loss = 105.1538, Accuracy = 61.86%
2025-07-29 22:44:19,156 - INFO - Epoch 190: Loss = 104.5143, Accuracy = 62.88%
2025-07-29 22:44:19,306 - INFO - Epoch 191: Loss = 104.7188, Accuracy = 62.34%
2025-07-29 22:44:19,455 - INFO - Epoch 192: Loss = 103.2183, Accuracy = 63.03%
2025-07-29 22:44:19,605 - INFO - Epoch 193: Loss = 103.0170, Accuracy = 63.25%
2025-07-29 22:44:19,754 - INFO - Epoch 194: Loss = 102.5407, Accuracy = 63.03%
2025-07-29 22:44:19,903 - INFO - Epoch 195: Loss = 101.7253, Accuracy = 63.47%
2025-07-29 22:44:20,053 - INFO - Epoch 196: Loss = 101.3927, Accuracy = 63.47%
2025-07-29 22:44:20,205 - INFO - Epoch 197: Loss = 101.1006, Accuracy = 63.83%
2025-07-29 22:44:20,355 - INFO - Epoch 198: Loss = 100.2173, Accuracy = 64.34%
2025-07-29 22:44:20,504 - INFO - Epoch 199: Loss = 99.5520, Accuracy = 64.27%
2025-07-29 22:44:20,654 - INFO - Epoch 200: Loss = 99.1072, Accuracy = 64.27%
2025-07-29 22:44:20,803 - INFO - Epoch 201: Loss = 97.8715, Accuracy = 66.06%
2025-07-29 22:44:20,953 - INFO - Epoch 202: Loss = 98.1252, Accuracy = 64.67%
2025-07-29 22:44:21,103 - INFO - Epoch 203: Loss = 97.2493, Accuracy = 65.22%
2025-07-29 22:44:21,253 - INFO - Epoch 204: Loss = 96.6287, Accuracy = 65.62%
2025-07-29 22:44:21,402 - INFO - Epoch 205: Loss = 96.3081, Accuracy = 64.93%
2025-07-29 22:44:21,551 - INFO - Epoch 206: Loss = 95.6393, Accuracy = 65.80%
2025-07-29 22:44:21,700 - INFO - Epoch 207: Loss = 95.0714, Accuracy = 65.84%
2025-07-29 22:44:21,850 - INFO - Epoch 208: Loss = 94.3360, Accuracy = 67.04%
2025-07-29 22:44:21,999 - INFO - Epoch 209: Loss = 93.5466, Accuracy = 66.57%
2025-07-29 22:44:22,149 - INFO - Epoch 210: Loss = 93.3675, Accuracy = 66.17%
2025-07-29 22:44:22,298 - INFO - Epoch 211: Loss = 92.3678, Accuracy = 67.26%
2025-07-29 22:44:22,448 - INFO - Epoch 212: Loss = 92.1175, Accuracy = 67.48%
2025-07-29 22:44:22,597 - INFO - Epoch 213: Loss = 91.0645, Accuracy = 67.15%
2025-07-29 22:44:22,747 - INFO - Epoch 214: Loss = 90.6713, Accuracy = 67.85%
2025-07-29 22:44:22,897 - INFO - Epoch 215: Loss = 91.4194, Accuracy = 67.48%
2025-07-29 22:44:23,046 - INFO - Epoch 216: Loss = 90.3499, Accuracy = 67.96%
2025-07-29 22:44:23,195 - INFO - Epoch 217: Loss = 89.2437, Accuracy = 68.14%
2025-07-29 22:44:23,345 - INFO - Epoch 218: Loss = 88.7852, Accuracy = 67.92%
2025-07-29 22:44:23,494 - INFO - Epoch 219: Loss = 87.9651, Accuracy = 68.50%
2025-07-29 22:44:23,643 - INFO - Epoch 220: Loss = 88.3181, Accuracy = 68.69%
2025-07-29 22:44:23,793 - INFO - Epoch 221: Loss = 87.2627, Accuracy = 68.61%
2025-07-29 22:44:23,943 - INFO - Epoch 222: Loss = 86.9146, Accuracy = 68.72%
2025-07-29 22:44:24,092 - INFO - Epoch 223: Loss = 86.2929, Accuracy = 69.20%
2025-07-29 22:44:24,242 - INFO - Epoch 224: Loss = 86.4467, Accuracy = 68.80%
2025-07-29 22:44:24,392 - INFO - Epoch 225: Loss = 85.5878, Accuracy = 69.34%
2025-07-29 22:44:24,542 - INFO - Epoch 226: Loss = 84.8132, Accuracy = 70.00%
2025-07-29 22:44:24,691 - INFO - Epoch 227: Loss = 84.5426, Accuracy = 69.89%
2025-07-29 22:44:24,841 - INFO - Epoch 228: Loss = 83.8242, Accuracy = 69.93%
2025-07-29 22:44:24,990 - INFO - Epoch 229: Loss = 83.6255, Accuracy = 69.67%
2025-07-29 22:44:25,140 - INFO - Epoch 230: Loss = 82.8049, Accuracy = 70.58%
2025-07-29 22:44:25,289 - INFO - Epoch 231: Loss = 82.1319, Accuracy = 71.46%
2025-07-29 22:44:25,439 - INFO - Epoch 232: Loss = 81.5192, Accuracy = 71.35%
2025-07-29 22:44:25,588 - INFO - Epoch 233: Loss = 81.3910, Accuracy = 71.24%
2025-07-29 22:44:25,737 - INFO - Epoch 234: Loss = 80.2659, Accuracy = 72.19%
2025-07-29 22:44:25,887 - INFO - Epoch 235: Loss = 79.8238, Accuracy = 71.24%
2025-07-29 22:44:26,036 - INFO - Epoch 236: Loss = 79.5582, Accuracy = 72.26%
2025-07-29 22:44:26,186 - INFO - Epoch 237: Loss = 78.5478, Accuracy = 72.70%
2025-07-29 22:44:26,336 - INFO - Epoch 238: Loss = 78.2780, Accuracy = 72.52%
2025-07-29 22:44:26,485 - INFO - Epoch 239: Loss = 78.0736, Accuracy = 72.59%
2025-07-29 22:44:26,635 - INFO - Epoch 240: Loss = 77.5814, Accuracy = 72.59%
2025-07-29 22:44:26,785 - INFO - Epoch 241: Loss = 76.8724, Accuracy = 72.45%
2025-07-29 22:44:26,934 - INFO - Epoch 242: Loss = 76.3825, Accuracy = 73.83%
2025-07-29 22:44:27,083 - INFO - Epoch 243: Loss = 76.2383, Accuracy = 73.25%
2025-07-29 22:44:27,233 - INFO - Epoch 244: Loss = 75.5854, Accuracy = 74.01%
2025-07-29 22:44:27,384 - INFO - Epoch 245: Loss = 74.9057, Accuracy = 74.20%
2025-07-29 22:44:27,533 - INFO - Epoch 246: Loss = 74.4454, Accuracy = 73.50%
2025-07-29 22:44:27,683 - INFO - Epoch 247: Loss = 73.4814, Accuracy = 75.04%
2025-07-29 22:44:27,833 - INFO - Epoch 248: Loss = 74.2433, Accuracy = 74.31%
2025-07-29 22:44:27,982 - INFO - Epoch 249: Loss = 72.8378, Accuracy = 74.74%
2025-07-29 22:44:28,132 - INFO - Epoch 250: Loss = 72.3218, Accuracy = 75.58%
2025-07-29 22:44:28,281 - INFO - Epoch 251: Loss = 72.1474, Accuracy = 74.93%
2025-07-29 22:44:28,431 - INFO - Epoch 252: Loss = 71.3628, Accuracy = 75.62%
2025-07-29 22:44:28,581 - INFO - Epoch 253: Loss = 70.9122, Accuracy = 75.29%
2025-07-29 22:44:28,730 - INFO - Epoch 254: Loss = 70.3652, Accuracy = 76.28%
2025-07-29 22:44:28,880 - INFO - Epoch 255: Loss = 70.1546, Accuracy = 76.28%
2025-07-29 22:44:29,029 - INFO - Epoch 256: Loss = 69.6322, Accuracy = 75.91%
2025-07-29 22:44:29,031 - INFO - [Gradient Period 25 Run 3] Training time: 39.20s
2025-07-29 22:44:29,687 - INFO - ✅ Regular Evaluation Accuracy: 27.66%
2025-07-29 22:44:29,723 - INFO - ✅ Regular Evaluation Top-5 Accuracy: 68.86%
2025-07-29 22:44:29,733 - INFO - ✅ Regular Evaluation Accuracy: 20.55%
2025-07-29 22:44:29,744 - INFO - ✅ Regular Evaluation Top-5 Accuracy: 66.44%
2025-07-29 22:44:30,320 - INFO - ✅ Regular Evaluation Accuracy: 7.08%
2025-07-29 22:44:30,329 - INFO - ✅ Regular Evaluation Top-5 Accuracy: 30.97%
2025-07-29 22:44:30,329 - INFO - Nuts
2025-07-29 22:44:30,832 - INFO - ✅ Regular Evaluation Accuracy: 7.08%
2025-07-29 22:44:30,841 - INFO - ✅ Regular Evaluation Top-5 Accuracy: 30.97%
2025-07-29 22:44:30,841 - INFO - Spices
2025-07-29 22:44:31,334 - INFO - ✅ Regular Evaluation Accuracy: 7.08%
2025-07-29 22:44:31,342 - INFO - ✅ Regular Evaluation Top-5 Accuracy: 30.97%
2025-07-29 22:44:31,342 - INFO - Herbs
2025-07-29 22:44:31,844 - INFO - ✅ Regular Evaluation Accuracy: 7.08%
2025-07-29 22:44:31,852 - INFO - ✅ Regular Evaluation Top-5 Accuracy: 30.97%
2025-07-29 22:44:31,852 - INFO - Fruits
2025-07-29 22:44:32,344 - INFO - ✅ Regular Evaluation Accuracy: 7.08%
2025-07-29 22:44:32,353 - INFO - ✅ Regular Evaluation Top-5 Accuracy: 30.97%
2025-07-29 22:44:32,353 - INFO - Vegetables
2025-07-29 22:44:32,848 - INFO - ✅ Regular Evaluation Accuracy: 7.08%
2025-07-29 22:44:32,857 - INFO - ✅ Regular Evaluation Top-5 Accuracy: 30.97%
2025-07-29 22:44:32,858 - INFO - [Gradient Period 25 Run 4] Starting
2025-07-29 22:44:33,777 - INFO - Training on device: cuda
2025-07-29 22:44:33,928 - INFO - Epoch 01: Loss = 336.0154, Accuracy = 1.17%
2025-07-29 22:44:34,078 - INFO - Epoch 02: Loss = 333.2555, Accuracy = 2.96%
2025-07-29 22:44:34,227 - INFO - Epoch 03: Loss = 328.3174, Accuracy = 4.93%
2025-07-29 22:44:34,378 - INFO - Epoch 04: Loss = 319.0542, Accuracy = 6.61%
2025-07-29 22:44:34,527 - INFO - Epoch 05: Loss = 308.2984, Accuracy = 6.53%
2025-07-29 22:44:34,677 - INFO - Epoch 06: Loss = 299.1997, Accuracy = 8.76%
2025-07-29 22:44:34,826 - INFO - Epoch 07: Loss = 291.9382, Accuracy = 9.64%
2025-07-29 22:44:34,975 - INFO - Epoch 08: Loss = 286.2152, Accuracy = 9.67%
2025-07-29 22:44:35,124 - INFO - Epoch 09: Loss = 281.6171, Accuracy = 10.33%
2025-07-29 22:44:35,273 - INFO - Epoch 10: Loss = 277.5201, Accuracy = 12.26%
2025-07-29 22:44:35,422 - INFO - Epoch 11: Loss = 273.3100, Accuracy = 13.61%
2025-07-29 22:44:35,570 - INFO - Epoch 12: Loss = 269.1763, Accuracy = 14.27%
2025-07-29 22:44:35,719 - INFO - Epoch 13: Loss = 264.7928, Accuracy = 15.00%
2025-07-29 22:44:35,868 - INFO - Epoch 14: Loss = 260.5617, Accuracy = 15.73%
2025-07-29 22:44:36,016 - INFO - Epoch 15: Loss = 256.5283, Accuracy = 16.31%
2025-07-29 22:44:36,165 - INFO - Epoch 16: Loss = 253.1218, Accuracy = 17.45%
2025-07-29 22:44:36,314 - INFO - Epoch 17: Loss = 250.0719, Accuracy = 18.10%
2025-07-29 22:44:36,463 - INFO - Epoch 18: Loss = 247.4468, Accuracy = 18.94%
2025-07-29 22:44:36,613 - INFO - Epoch 19: Loss = 245.2453, Accuracy = 19.85%
2025-07-29 22:44:36,761 - INFO - Epoch 20: Loss = 243.0196, Accuracy = 20.47%
2025-07-29 22:44:36,911 - INFO - Epoch 21: Loss = 241.3716, Accuracy = 20.80%
2025-07-29 22:44:37,060 - INFO - Epoch 22: Loss = 239.4519, Accuracy = 20.99%
2025-07-29 22:44:37,210 - INFO - Epoch 23: Loss = 237.9159, Accuracy = 20.69%
2025-07-29 22:44:37,359 - INFO - Epoch 24: Loss = 236.4568, Accuracy = 21.90%
2025-07-29 22:44:37,508 - INFO - Epoch 25: Loss = 234.9091, Accuracy = 21.50%
2025-07-29 22:44:37,657 - INFO - Epoch 26: Loss = 233.4743, Accuracy = 22.34%
2025-07-29 22:44:37,805 - INFO - Epoch 27: Loss = 232.2680, Accuracy = 22.52%
2025-07-29 22:44:37,954 - INFO - Epoch 28: Loss = 230.6496, Accuracy = 23.25%
2025-07-29 22:44:38,103 - INFO - Epoch 29: Loss = 229.7786, Accuracy = 23.03%
2025-07-29 22:44:38,252 - INFO - Epoch 30: Loss = 228.3664, Accuracy = 23.21%
2025-07-29 22:44:38,400 - INFO - Epoch 31: Loss = 227.0823, Accuracy = 23.80%
2025-07-29 22:44:38,549 - INFO - Epoch 32: Loss = 226.1075, Accuracy = 24.27%
2025-07-29 22:44:38,700 - INFO - Epoch 33: Loss = 224.9778, Accuracy = 24.71%
2025-07-29 22:44:38,850 - INFO - Epoch 34: Loss = 224.0333, Accuracy = 24.45%
2025-07-29 22:44:38,999 - INFO - Epoch 35: Loss = 223.5094, Accuracy = 24.45%
2025-07-29 22:44:39,148 - INFO - Epoch 36: Loss = 221.9693, Accuracy = 25.26%
2025-07-29 22:44:39,298 - INFO - Epoch 37: Loss = 220.8040, Accuracy = 25.77%
2025-07-29 22:44:39,447 - INFO - Epoch 38: Loss = 220.0524, Accuracy = 26.35%
2025-07-29 22:44:39,596 - INFO - Epoch 39: Loss = 219.0763, Accuracy = 25.84%
2025-07-29 22:44:39,746 - INFO - Epoch 40: Loss = 217.8117, Accuracy = 26.28%
2025-07-29 22:44:39,895 - INFO - Epoch 41: Loss = 217.2778, Accuracy = 26.02%
2025-07-29 22:44:40,045 - INFO - Epoch 42: Loss = 216.0522, Accuracy = 26.97%
2025-07-29 22:44:40,194 - INFO - Epoch 43: Loss = 215.3853, Accuracy = 26.93%
2025-07-29 22:44:40,343 - INFO - Epoch 44: Loss = 214.4350, Accuracy = 27.23%
2025-07-29 22:44:40,492 - INFO - Epoch 45: Loss = 213.7166, Accuracy = 27.63%
2025-07-29 22:44:40,642 - INFO - Epoch 46: Loss = 213.0133, Accuracy = 27.55%
2025-07-29 22:44:40,791 - INFO - Epoch 47: Loss = 211.8050, Accuracy = 27.77%
2025-07-29 22:44:40,940 - INFO - Epoch 48: Loss = 211.0108, Accuracy = 28.18%
2025-07-29 22:44:41,090 - INFO - Epoch 49: Loss = 210.3875, Accuracy = 28.69%
2025-07-29 22:44:41,239 - INFO - Epoch 50: Loss = 209.2521, Accuracy = 28.80%
2025-07-29 22:44:41,389 - INFO - Epoch 51: Loss = 208.5781, Accuracy = 28.39%
2025-07-29 22:44:41,540 - INFO - Epoch 52: Loss = 207.4484, Accuracy = 29.01%
2025-07-29 22:44:41,690 - INFO - Epoch 53: Loss = 206.6775, Accuracy = 29.12%
2025-07-29 22:44:41,839 - INFO - Epoch 54: Loss = 206.0183, Accuracy = 29.45%
2025-07-29 22:44:41,988 - INFO - Epoch 55: Loss = 204.7379, Accuracy = 29.64%
2025-07-29 22:44:42,135 - INFO - Epoch 56: Loss = 204.1694, Accuracy = 29.42%
2025-07-29 22:44:42,282 - INFO - Epoch 57: Loss = 203.2488, Accuracy = 30.04%
2025-07-29 22:44:42,428 - INFO - Epoch 58: Loss = 202.3303, Accuracy = 30.15%
2025-07-29 22:44:42,575 - INFO - Epoch 59: Loss = 201.5149, Accuracy = 30.69%
2025-07-29 22:44:42,722 - INFO - Epoch 60: Loss = 200.7329, Accuracy = 30.88%
2025-07-29 22:44:42,869 - INFO - Epoch 61: Loss = 199.9312, Accuracy = 31.13%
2025-07-29 22:44:43,017 - INFO - Epoch 62: Loss = 199.4040, Accuracy = 31.02%
2025-07-29 22:44:43,165 - INFO - Epoch 63: Loss = 198.1639, Accuracy = 31.57%
2025-07-29 22:44:43,312 - INFO - Epoch 64: Loss = 197.2916, Accuracy = 31.75%
2025-07-29 22:44:43,460 - INFO - Epoch 65: Loss = 196.7080, Accuracy = 31.79%
2025-07-29 22:44:43,607 - INFO - Epoch 66: Loss = 195.8059, Accuracy = 32.85%
2025-07-29 22:44:43,754 - INFO - Epoch 67: Loss = 194.8056, Accuracy = 33.47%
2025-07-29 22:44:43,901 - INFO - Epoch 68: Loss = 194.0028, Accuracy = 33.76%
2025-07-29 22:44:44,048 - INFO - Epoch 69: Loss = 193.0508, Accuracy = 33.28%
2025-07-29 22:44:44,195 - INFO - Epoch 70: Loss = 192.0043, Accuracy = 34.05%
2025-07-29 22:44:44,342 - INFO - Epoch 71: Loss = 191.3745, Accuracy = 34.31%
2025-07-29 22:44:44,490 - INFO - Epoch 72: Loss = 190.2467, Accuracy = 34.27%
2025-07-29 22:44:44,637 - INFO - Epoch 73: Loss = 189.4086, Accuracy = 34.56%
2025-07-29 22:44:44,784 - INFO - Epoch 74: Loss = 188.4857, Accuracy = 34.34%
2025-07-29 22:44:44,931 - INFO - Epoch 75: Loss = 187.7884, Accuracy = 34.01%
2025-07-29 22:44:45,078 - INFO - Epoch 76: Loss = 187.1426, Accuracy = 35.04%
2025-07-29 22:44:45,225 - INFO - Epoch 77: Loss = 186.3784, Accuracy = 35.15%
2025-07-29 22:44:45,372 - INFO - Epoch 78: Loss = 185.2754, Accuracy = 35.77%
2025-07-29 22:44:45,519 - INFO - Epoch 79: Loss = 184.5505, Accuracy = 35.88%
2025-07-29 22:44:45,666 - INFO - Epoch 80: Loss = 183.5265, Accuracy = 35.77%
2025-07-29 22:44:45,814 - INFO - Epoch 81: Loss = 182.6714, Accuracy = 36.97%
2025-07-29 22:44:45,961 - INFO - Epoch 82: Loss = 181.6976, Accuracy = 36.57%
2025-07-29 22:44:46,108 - INFO - Epoch 83: Loss = 181.1018, Accuracy = 36.86%
2025-07-29 22:44:46,255 - INFO - Epoch 84: Loss = 179.6967, Accuracy = 37.26%
2025-07-29 22:44:46,402 - INFO - Epoch 85: Loss = 178.8000, Accuracy = 37.52%
2025-07-29 22:44:46,549 - INFO - Epoch 86: Loss = 177.9861, Accuracy = 38.25%
2025-07-29 22:44:46,698 - INFO - Epoch 87: Loss = 177.2982, Accuracy = 38.03%
2025-07-29 22:44:46,845 - INFO - Epoch 88: Loss = 176.5935, Accuracy = 38.32%
2025-07-29 22:44:46,993 - INFO - Epoch 89: Loss = 175.5098, Accuracy = 38.58%
2025-07-29 22:44:47,140 - INFO - Epoch 90: Loss = 174.6654, Accuracy = 39.01%
2025-07-29 22:44:47,287 - INFO - Epoch 91: Loss = 173.9032, Accuracy = 38.80%
2025-07-29 22:44:47,434 - INFO - Epoch 92: Loss = 173.1750, Accuracy = 40.07%
2025-07-29 22:44:47,582 - INFO - Epoch 93: Loss = 172.0690, Accuracy = 40.07%
2025-07-29 22:44:47,729 - INFO - Epoch 94: Loss = 171.0058, Accuracy = 40.26%
2025-07-29 22:44:47,876 - INFO - Epoch 95: Loss = 170.2563, Accuracy = 40.44%
2025-07-29 22:44:48,022 - INFO - Epoch 96: Loss = 169.3169, Accuracy = 40.95%
2025-07-29 22:44:48,169 - INFO - Epoch 97: Loss = 168.3382, Accuracy = 41.02%
2025-07-29 22:44:48,316 - INFO - Epoch 98: Loss = 167.7794, Accuracy = 41.02%
2025-07-29 22:44:48,463 - INFO - Epoch 99: Loss = 167.6780, Accuracy = 40.80%
2025-07-29 22:44:48,610 - INFO - Epoch 100: Loss = 166.1515, Accuracy = 41.64%
2025-07-29 22:44:48,757 - INFO - Epoch 101: Loss = 165.3456, Accuracy = 41.68%
2025-07-29 22:44:48,905 - INFO - Epoch 102: Loss = 164.3757, Accuracy = 42.30%
2025-07-29 22:44:49,053 - INFO - Epoch 103: Loss = 163.8225, Accuracy = 42.15%
2025-07-29 22:44:49,200 - INFO - Epoch 104: Loss = 162.8337, Accuracy = 42.15%
2025-07-29 22:44:49,347 - INFO - Epoch 105: Loss = 162.1555, Accuracy = 42.23%
2025-07-29 22:44:49,495 - INFO - Epoch 106: Loss = 161.6217, Accuracy = 42.34%
2025-07-29 22:44:49,642 - INFO - Epoch 107: Loss = 160.4042, Accuracy = 42.99%
2025-07-29 22:44:49,789 - INFO - Epoch 108: Loss = 160.1637, Accuracy = 42.96%
2025-07-29 22:44:49,936 - INFO - Epoch 109: Loss = 158.9503, Accuracy = 43.76%
2025-07-29 22:44:50,084 - INFO - Epoch 110: Loss = 158.6224, Accuracy = 43.72%
2025-07-29 22:44:50,231 - INFO - Epoch 111: Loss = 157.9416, Accuracy = 43.58%
2025-07-29 22:44:50,381 - INFO - Epoch 112: Loss = 157.1062, Accuracy = 43.72%
2025-07-29 22:44:50,529 - INFO - Epoch 113: Loss = 156.1932, Accuracy = 44.64%
2025-07-29 22:44:50,677 - INFO - Epoch 114: Loss = 156.0047, Accuracy = 43.76%
2025-07-29 22:44:50,824 - INFO - Epoch 115: Loss = 155.0702, Accuracy = 45.73%
2025-07-29 22:44:50,971 - INFO - Epoch 116: Loss = 154.4782, Accuracy = 44.85%
2025-07-29 22:44:51,118 - INFO - Epoch 117: Loss = 153.0147, Accuracy = 44.89%
2025-07-29 22:44:51,266 - INFO - Epoch 118: Loss = 153.0210, Accuracy = 45.36%
2025-07-29 22:44:51,413 - INFO - Epoch 119: Loss = 152.0411, Accuracy = 45.00%
2025-07-29 22:44:51,561 - INFO - Epoch 120: Loss = 151.0734, Accuracy = 45.47%
2025-07-29 22:44:51,709 - INFO - Epoch 121: Loss = 150.6316, Accuracy = 45.95%
2025-07-29 22:44:51,857 - INFO - Epoch 122: Loss = 149.8584, Accuracy = 45.77%
2025-07-29 22:44:52,004 - INFO - Epoch 123: Loss = 149.3893, Accuracy = 45.99%
2025-07-29 22:44:52,152 - INFO - Epoch 124: Loss = 148.2600, Accuracy = 46.31%
2025-07-29 22:44:52,299 - INFO - Epoch 125: Loss = 147.6861, Accuracy = 47.04%
2025-07-29 22:44:52,446 - INFO - Epoch 126: Loss = 147.4894, Accuracy = 46.93%
2025-07-29 22:44:52,593 - INFO - Epoch 127: Loss = 146.2150, Accuracy = 47.12%
2025-07-29 22:44:52,741 - INFO - Epoch 128: Loss = 146.0652, Accuracy = 47.08%
2025-07-29 22:44:52,888 - INFO - Epoch 129: Loss = 144.9046, Accuracy = 47.74%
2025-07-29 22:44:53,035 - INFO - Epoch 130: Loss = 144.4727, Accuracy = 48.36%
2025-07-29 22:44:53,182 - INFO - Epoch 131: Loss = 144.2177, Accuracy = 47.77%
2025-07-29 22:44:53,330 - INFO - Epoch 132: Loss = 143.3754, Accuracy = 47.19%
2025-07-29 22:44:53,477 - INFO - Epoch 133: Loss = 142.2649, Accuracy = 48.10%
2025-07-29 22:44:53,624 - INFO - Epoch 134: Loss = 142.2975, Accuracy = 48.76%
2025-07-29 22:44:53,771 - INFO - Epoch 135: Loss = 141.4703, Accuracy = 48.72%
2025-07-29 22:44:53,919 - INFO - Epoch 136: Loss = 140.3093, Accuracy = 49.82%
2025-07-29 22:44:54,066 - INFO - Epoch 137: Loss = 140.1243, Accuracy = 49.12%
2025-07-29 22:44:54,213 - INFO - Epoch 138: Loss = 139.2475, Accuracy = 49.49%
2025-07-29 22:44:54,360 - INFO - Epoch 139: Loss = 138.6833, Accuracy = 50.44%
2025-07-29 22:44:54,508 - INFO - Epoch 140: Loss = 138.1422, Accuracy = 49.89%
2025-07-29 22:44:54,656 - INFO - Epoch 141: Loss = 137.2044, Accuracy = 50.58%
2025-07-29 22:44:54,804 - INFO - Epoch 142: Loss = 137.1008, Accuracy = 50.69%
2025-07-29 22:44:54,952 - INFO - Epoch 143: Loss = 135.8379, Accuracy = 51.53%
2025-07-29 22:44:55,099 - INFO - Epoch 144: Loss = 135.9943, Accuracy = 50.62%
2025-07-29 22:44:55,246 - INFO - Epoch 145: Loss = 134.7036, Accuracy = 51.93%
2025-07-29 22:44:55,394 - INFO - Epoch 146: Loss = 134.4730, Accuracy = 51.46%
2025-07-29 22:44:55,541 - INFO - Epoch 147: Loss = 133.6776, Accuracy = 51.68%
2025-07-29 22:44:55,688 - INFO - Epoch 148: Loss = 133.1058, Accuracy = 52.04%
2025-07-29 22:44:55,835 - INFO - Epoch 149: Loss = 132.7069, Accuracy = 52.12%
2025-07-29 22:44:55,983 - INFO - Epoch 150: Loss = 131.8501, Accuracy = 52.74%
2025-07-29 22:44:56,130 - INFO - Epoch 151: Loss = 131.4257, Accuracy = 52.66%
2025-07-29 22:44:56,277 - INFO - Epoch 152: Loss = 130.8430, Accuracy = 53.25%
2025-07-29 22:44:56,424 - INFO - Epoch 153: Loss = 130.0748, Accuracy = 53.07%
2025-07-29 22:44:56,571 - INFO - Epoch 154: Loss = 129.4898, Accuracy = 53.58%
2025-07-29 22:44:56,719 - INFO - Epoch 155: Loss = 128.6663, Accuracy = 52.77%
2025-07-29 22:44:56,866 - INFO - Epoch 156: Loss = 128.4307, Accuracy = 53.98%
2025-07-29 22:44:57,013 - INFO - Epoch 157: Loss = 127.9360, Accuracy = 54.53%
2025-07-29 22:44:57,161 - INFO - Epoch 158: Loss = 127.4078, Accuracy = 53.91%
2025-07-29 22:44:57,308 - INFO - Epoch 159: Loss = 126.4937, Accuracy = 54.60%
2025-07-29 22:44:57,458 - INFO - Epoch 160: Loss = 126.1100, Accuracy = 53.94%
2025-07-29 22:44:57,607 - INFO - Epoch 161: Loss = 125.0311, Accuracy = 55.33%
2025-07-29 22:44:57,755 - INFO - Epoch 162: Loss = 125.1256, Accuracy = 54.67%
2025-07-29 22:44:57,903 - INFO - Epoch 163: Loss = 124.2566, Accuracy = 54.42%
2025-07-29 22:44:58,050 - INFO - Epoch 164: Loss = 123.2163, Accuracy = 55.18%
2025-07-29 22:44:58,198 - INFO - Epoch 165: Loss = 123.0067, Accuracy = 55.33%
2025-07-29 22:44:58,346 - INFO - Epoch 166: Loss = 122.4924, Accuracy = 55.40%
2025-07-29 22:44:58,493 - INFO - Epoch 167: Loss = 122.1176, Accuracy = 55.47%
2025-07-29 22:44:58,641 - INFO - Epoch 168: Loss = 121.8522, Accuracy = 55.91%
2025-07-29 22:44:58,788 - INFO - Epoch 169: Loss = 120.3994, Accuracy = 55.33%
2025-07-29 22:44:58,936 - INFO - Epoch 170: Loss = 120.4871, Accuracy = 55.73%
2025-07-29 22:44:59,084 - INFO - Epoch 171: Loss = 119.6251, Accuracy = 56.57%
2025-07-29 22:44:59,231 - INFO - Epoch 172: Loss = 119.1394, Accuracy = 56.93%
2025-07-29 22:44:59,379 - INFO - Epoch 173: Loss = 118.8132, Accuracy = 56.28%
2025-07-29 22:44:59,526 - INFO - Epoch 174: Loss = 118.0594, Accuracy = 57.45%
2025-07-29 22:44:59,676 - INFO - Epoch 175: Loss = 118.4271, Accuracy = 56.09%
2025-07-29 22:44:59,826 - INFO - Epoch 176: Loss = 117.2053, Accuracy = 57.26%
2025-07-29 22:44:59,973 - INFO - Epoch 177: Loss = 116.0221, Accuracy = 58.10%
2025-07-29 22:45:00,121 - INFO - Epoch 178: Loss = 116.1712, Accuracy = 57.37%
2025-07-29 22:45:00,269 - INFO - Epoch 179: Loss = 115.7612, Accuracy = 57.41%
2025-07-29 22:45:00,416 - INFO - Epoch 180: Loss = 114.7117, Accuracy = 58.87%
2025-07-29 22:45:00,564 - INFO - Epoch 181: Loss = 113.8911, Accuracy = 58.72%
2025-07-29 22:45:00,711 - INFO - Epoch 182: Loss = 113.1780, Accuracy = 58.94%
2025-07-29 22:45:00,859 - INFO - Epoch 183: Loss = 113.1931, Accuracy = 59.12%
2025-07-29 22:45:01,007 - INFO - Epoch 184: Loss = 111.9724, Accuracy = 59.09%
2025-07-29 22:45:01,155 - INFO - Epoch 185: Loss = 111.7987, Accuracy = 58.83%
2025-07-29 22:45:01,303 - INFO - Epoch 186: Loss = 111.2804, Accuracy = 59.71%
2025-07-29 22:45:01,451 - INFO - Epoch 187: Loss = 111.0059, Accuracy = 59.42%
2025-07-29 22:45:01,598 - INFO - Epoch 188: Loss = 110.2226, Accuracy = 59.71%
2025-07-29 22:45:01,746 - INFO - Epoch 189: Loss = 109.3546, Accuracy = 60.15%
2025-07-29 22:45:01,893 - INFO - Epoch 190: Loss = 108.6952, Accuracy = 60.15%
2025-07-29 22:45:02,041 - INFO - Epoch 191: Loss = 109.3462, Accuracy = 59.74%
2025-07-29 22:45:02,188 - INFO - Epoch 192: Loss = 108.4382, Accuracy = 61.02%
2025-07-29 22:45:02,336 - INFO - Epoch 193: Loss = 107.4249, Accuracy = 60.80%
2025-07-29 22:45:02,483 - INFO - Epoch 194: Loss = 107.1991, Accuracy = 61.64%
2025-07-29 22:45:02,630 - INFO - Epoch 195: Loss = 106.8685, Accuracy = 61.09%
2025-07-29 22:45:02,778 - INFO - Epoch 196: Loss = 105.6324, Accuracy = 61.42%
2025-07-29 22:45:02,925 - INFO - Epoch 197: Loss = 104.9478, Accuracy = 61.68%
2025-07-29 22:45:03,072 - INFO - Epoch 198: Loss = 104.3751, Accuracy = 62.04%
2025-07-29 22:45:03,219 - INFO - Epoch 199: Loss = 103.8570, Accuracy = 61.68%
2025-07-29 22:45:03,367 - INFO - Epoch 200: Loss = 103.7962, Accuracy = 61.53%
2025-07-29 22:45:03,514 - INFO - Epoch 201: Loss = 102.9896, Accuracy = 62.59%
2025-07-29 22:45:03,662 - INFO - Epoch 202: Loss = 102.8610, Accuracy = 62.88%
2025-07-29 22:45:03,809 - INFO - Epoch 203: Loss = 101.9218, Accuracy = 63.87%
2025-07-29 22:45:03,956 - INFO - Epoch 204: Loss = 101.2693, Accuracy = 63.25%
2025-07-29 22:45:04,104 - INFO - Epoch 205: Loss = 101.1853, Accuracy = 63.18%
2025-07-29 22:45:04,252 - INFO - Epoch 206: Loss = 99.9944, Accuracy = 63.98%
2025-07-29 22:45:04,400 - INFO - Epoch 207: Loss = 99.8124, Accuracy = 63.47%
2025-07-29 22:45:04,548 - INFO - Epoch 208: Loss = 99.4932, Accuracy = 63.94%
2025-07-29 22:45:04,695 - INFO - Epoch 209: Loss = 98.3144, Accuracy = 64.85%
2025-07-29 22:45:04,843 - INFO - Epoch 210: Loss = 98.4108, Accuracy = 64.53%
2025-07-29 22:45:04,991 - INFO - Epoch 211: Loss = 97.2616, Accuracy = 64.93%
2025-07-29 22:45:05,138 - INFO - Epoch 212: Loss = 96.8485, Accuracy = 65.58%
2025-07-29 22:45:05,286 - INFO - Epoch 213: Loss = 96.5507, Accuracy = 65.51%
2025-07-29 22:45:05,434 - INFO - Epoch 214: Loss = 95.6703, Accuracy = 66.06%
2025-07-29 22:45:05,581 - INFO - Epoch 215: Loss = 95.4643, Accuracy = 66.35%
2025-07-29 22:45:05,729 - INFO - Epoch 216: Loss = 94.7112, Accuracy = 66.31%
2025-07-29 22:45:05,876 - INFO - Epoch 217: Loss = 94.3277, Accuracy = 66.39%
2025-07-29 22:45:06,023 - INFO - Epoch 218: Loss = 94.3223, Accuracy = 66.24%
2025-07-29 22:45:06,171 - INFO - Epoch 219: Loss = 92.9614, Accuracy = 67.01%
2025-07-29 22:45:06,318 - INFO - Epoch 220: Loss = 92.2458, Accuracy = 67.70%
2025-07-29 22:45:06,467 - INFO - Epoch 221: Loss = 91.5656, Accuracy = 67.52%
2025-07-29 22:45:06,615 - INFO - Epoch 222: Loss = 91.5778, Accuracy = 67.37%
2025-07-29 22:45:06,762 - INFO - Epoch 223: Loss = 91.5399, Accuracy = 67.34%
2025-07-29 22:45:06,910 - INFO - Epoch 224: Loss = 90.1853, Accuracy = 68.54%
2025-07-29 22:45:07,057 - INFO - Epoch 225: Loss = 90.5777, Accuracy = 67.88%
2025-07-29 22:45:07,205 - INFO - Epoch 226: Loss = 89.6480, Accuracy = 67.96%
2025-07-29 22:45:07,353 - INFO - Epoch 227: Loss = 89.4795, Accuracy = 67.96%
2025-07-29 22:45:07,501 - INFO - Epoch 228: Loss = 89.3037, Accuracy = 68.25%
2025-07-29 22:45:07,649 - INFO - Epoch 229: Loss = 88.2740, Accuracy = 69.12%
2025-07-29 22:45:07,797 - INFO - Epoch 230: Loss = 87.0977, Accuracy = 69.78%
2025-07-29 22:45:07,944 - INFO - Epoch 231: Loss = 87.0475, Accuracy = 69.01%
2025-07-29 22:45:08,091 - INFO - Epoch 232: Loss = 86.6364, Accuracy = 69.38%
2025-07-29 22:45:08,239 - INFO - Epoch 233: Loss = 86.3822, Accuracy = 69.42%
2025-07-29 22:45:08,386 - INFO - Epoch 234: Loss = 85.6456, Accuracy = 69.85%
2025-07-29 22:45:08,533 - INFO - Epoch 235: Loss = 84.6891, Accuracy = 70.22%
2025-07-29 22:45:08,681 - INFO - Epoch 236: Loss = 84.6868, Accuracy = 70.22%
2025-07-29 22:45:08,828 - INFO - Epoch 237: Loss = 84.1965, Accuracy = 70.58%
2025-07-29 22:45:08,975 - INFO - Epoch 238: Loss = 83.6217, Accuracy = 70.91%
2025-07-29 22:45:09,123 - INFO - Epoch 239: Loss = 83.4519, Accuracy = 70.69%
2025-07-29 22:45:09,271 - INFO - Epoch 240: Loss = 83.0390, Accuracy = 71.13%
2025-07-29 22:45:09,419 - INFO - Epoch 241: Loss = 82.2731, Accuracy = 71.17%
2025-07-29 22:45:09,567 - INFO - Epoch 242: Loss = 81.5389, Accuracy = 72.23%
2025-07-29 22:45:09,714 - INFO - Epoch 243: Loss = 81.7765, Accuracy = 71.39%
2025-07-29 22:45:09,862 - INFO - Epoch 244: Loss = 80.9611, Accuracy = 71.68%
2025-07-29 22:45:10,010 - INFO - Epoch 245: Loss = 80.5439, Accuracy = 72.26%
2025-07-29 22:45:10,157 - INFO - Epoch 246: Loss = 79.7164, Accuracy = 72.66%
2025-07-29 22:45:10,305 - INFO - Epoch 247: Loss = 79.1866, Accuracy = 72.88%
2025-07-29 22:45:10,452 - INFO - Epoch 248: Loss = 79.1377, Accuracy = 72.45%
2025-07-29 22:45:10,600 - INFO - Epoch 249: Loss = 78.3513, Accuracy = 73.61%
2025-07-29 22:45:10,747 - INFO - Epoch 250: Loss = 77.8250, Accuracy = 73.54%
2025-07-29 22:45:10,895 - INFO - Epoch 251: Loss = 77.2862, Accuracy = 73.07%
2025-07-29 22:45:11,042 - INFO - Epoch 252: Loss = 77.2793, Accuracy = 73.28%
2025-07-29 22:45:11,190 - INFO - Epoch 253: Loss = 76.4395, Accuracy = 74.34%
2025-07-29 22:45:11,337 - INFO - Epoch 254: Loss = 76.1548, Accuracy = 73.65%
2025-07-29 22:45:11,484 - INFO - Epoch 255: Loss = 75.4387, Accuracy = 74.23%
2025-07-29 22:45:11,632 - INFO - Epoch 256: Loss = 74.7557, Accuracy = 74.82%
2025-07-29 22:45:11,634 - INFO - [Gradient Period 25 Run 4] Training time: 38.78s
2025-07-29 22:45:12,306 - INFO - ✅ Regular Evaluation Accuracy: 27.29%
2025-07-29 22:45:12,343 - INFO - ✅ Regular Evaluation Top-5 Accuracy: 69.05%
2025-07-29 22:45:12,353 - INFO - ✅ Regular Evaluation Accuracy: 17.81%
2025-07-29 22:45:12,363 - INFO - ✅ Regular Evaluation Top-5 Accuracy: 62.33%
2025-07-29 22:45:12,931 - INFO - ✅ Regular Evaluation Accuracy: 9.73%
2025-07-29 22:45:12,940 - INFO - ✅ Regular Evaluation Top-5 Accuracy: 30.97%
2025-07-29 22:45:12,940 - INFO - Nuts
2025-07-29 22:45:13,435 - INFO - ✅ Regular Evaluation Accuracy: 9.73%
2025-07-29 22:45:13,443 - INFO - ✅ Regular Evaluation Top-5 Accuracy: 30.97%
2025-07-29 22:45:13,443 - INFO - Spices
2025-07-29 22:45:13,937 - INFO - ✅ Regular Evaluation Accuracy: 9.73%
2025-07-29 22:45:13,946 - INFO - ✅ Regular Evaluation Top-5 Accuracy: 30.97%
2025-07-29 22:45:13,946 - INFO - Herbs
2025-07-29 22:45:14,445 - INFO - ✅ Regular Evaluation Accuracy: 9.73%
2025-07-29 22:45:14,454 - INFO - ✅ Regular Evaluation Top-5 Accuracy: 30.97%
2025-07-29 22:45:14,454 - INFO - Fruits
2025-07-29 22:45:14,942 - INFO - ✅ Regular Evaluation Accuracy: 9.73%
2025-07-29 22:45:14,951 - INFO - ✅ Regular Evaluation Top-5 Accuracy: 30.97%
2025-07-29 22:45:14,951 - INFO - Vegetables
2025-07-29 22:45:15,444 - INFO - ✅ Regular Evaluation Accuracy: 9.73%
2025-07-29 22:45:15,452 - INFO - ✅ Regular Evaluation Top-5 Accuracy: 30.97%
2025-07-29 22:45:15,453 - INFO - [Gradient Period 25 Run 5] Starting
2025-07-29 22:45:16,365 - INFO - Training on device: cuda
2025-07-29 22:45:16,516 - INFO - Epoch 01: Loss = 335.6654, Accuracy = 2.88%
2025-07-29 22:45:16,665 - INFO - Epoch 02: Loss = 333.2590, Accuracy = 5.11%
2025-07-29 22:45:16,813 - INFO - Epoch 03: Loss = 328.9203, Accuracy = 7.08%
2025-07-29 22:45:16,963 - INFO - Epoch 04: Loss = 319.4859, Accuracy = 8.65%
2025-07-29 22:45:17,111 - INFO - Epoch 05: Loss = 306.7115, Accuracy = 8.54%
2025-07-29 22:45:17,260 - INFO - Epoch 06: Loss = 295.3020, Accuracy = 9.27%
2025-07-29 22:45:17,408 - INFO - Epoch 07: Loss = 287.5559, Accuracy = 10.88%
2025-07-29 22:45:17,557 - INFO - Epoch 08: Loss = 282.2966, Accuracy = 10.91%
2025-07-29 22:45:17,705 - INFO - Epoch 09: Loss = 278.0421, Accuracy = 12.04%
2025-07-29 22:45:17,853 - INFO - Epoch 10: Loss = 274.2698, Accuracy = 12.85%
2025-07-29 22:45:18,002 - INFO - Epoch 11: Loss = 270.7044, Accuracy = 13.39%
2025-07-29 22:45:18,150 - INFO - Epoch 12: Loss = 267.0159, Accuracy = 15.07%
2025-07-29 22:45:18,298 - INFO - Epoch 13: Loss = 263.1953, Accuracy = 15.36%
2025-07-29 22:45:18,446 - INFO - Epoch 14: Loss = 259.7510, Accuracy = 16.24%
2025-07-29 22:45:18,594 - INFO - Epoch 15: Loss = 256.3051, Accuracy = 16.93%
2025-07-29 22:45:18,742 - INFO - Epoch 16: Loss = 252.8200, Accuracy = 17.19%
2025-07-29 22:45:18,890 - INFO - Epoch 17: Loss = 249.9547, Accuracy = 17.99%
2025-07-29 22:45:19,039 - INFO - Epoch 18: Loss = 247.4564, Accuracy = 18.54%
2025-07-29 22:45:19,187 - INFO - Epoch 19: Loss = 244.8980, Accuracy = 18.72%
2025-07-29 22:45:19,336 - INFO - Epoch 20: Loss = 242.6182, Accuracy = 19.60%
2025-07-29 22:45:19,484 - INFO - Epoch 21: Loss = 240.6876, Accuracy = 20.15%
